******************************************************************************
                  TI ARM Linker PC v18.1.1                     
******************************************************************************
>> Linked Tue Apr 16 11:50:22 2019

OUTPUT FILE NAME:   <Tiva_Project.out>
ENTRY POINT SYMBOL: "_c_int00_noinit_noargs"  address: 00000a31


MEMORY CONFIGURATION

         name            origin    length      used     unused   attr    fill
----------------------  --------  ---------  --------  --------  ----  --------
  FLASH                 00000000   00040000  00000c0e  0003f3f2  R  X
  SRAM                  20000000   00008000  00000200  00007e00  RW X


SEGMENT ALLOCATION MAP

run origin  load origin   length   init length attrs members
----------  ----------- ---------- ----------- ----- -------
00000000    00000000    00000c10   00000c10    r-x
  00000000    00000000    0000026c   0000026c    r-- .intvecs
  0000026c    0000026c    000008a6   000008a6    r-x .text
  00000b14    00000b14    000000fc   000000fc    r-- .const
20000000    20000000    00000200   00000000    rw-
  20000000    20000000    00000200   00000000    rw- .stack


SECTION ALLOCATION MAP

 output                                  attributes/
section   page    origin      length       input sections
--------  ----  ----------  ----------   ----------------
.intvecs   0    00000000    0000026c     
                  00000000    0000026c     tm4c123gh6pm_startup_ccs.obj (.intvecs)

.text      0    0000026c    000008a6     
                  0000026c    00000208     external_eeprom.obj (.text)
                  00000474    00000132     driverlib.lib : gpio.obj (.text:GPIOPadConfigSet)
                  000005a6    00000002     --HOLE-- [fill = 0]
                  000005a8    00000110                   : sysctl.obj (.text:SysCtlClockGet)
                  000006b8    0000010c     i2c.obj (.text)
                  000007c4    000000f4     driverlib.lib : sysctl.obj (.text:SysCtlClockSet)
                  000008b8    0000007a     rtsv7M4_T_le_v4SPD16_eabi.lib : memset_t2.asm.obj (.text)
                  00000932    00000002     --HOLE-- [fill = 0]
                  00000934    0000004c     driverlib.lib : i2c.obj (.text:I2CMasterInitExpClk)
                  00000980    00000048                   : gpio.obj (.text:GPIOPinConfigure)
                  000009c8    00000034                   : sysctl.obj (.text:SysCtlPeripheralEnable)
                  000009fc    00000032     main.obj (.text)
                  00000a2e    00000002     --HOLE-- [fill = 0]
                  00000a30    00000030     rtsv7M4_T_le_v4SPD16_eabi.lib : boot_cortex_m.c.obj (.text:_c_int00_noinit_noargs:_c_int00_noinit_noargs)
                  00000a60    0000002a     driverlib.lib : gpio.obj (.text:GPIODirModeSet)
                  00000a8a    00000012                   : gpio.obj (.text:GPIOPinTypeI2C)
                  00000a9c    00000012                   : gpio.obj (.text:GPIOPinTypeI2CSCL)
                  00000aae    00000010                   : i2c.obj (.text:I2CSlaveEnable)
                  00000abe    0000000e                   : i2c.obj (.text:I2CSlaveInit)
                  00000acc    0000000c     tm4c123gh6pm_startup_ccs.obj (.text)
                  00000ad8    0000000a     driverlib.lib : i2c.obj (.text:I2CMasterEnable)
                  00000ae2    00000008                   : i2c.obj (.text:I2CMasterBusy)
                  00000aea    00000008                   : i2c.obj (.text:I2CMasterSlaveAddrSet)
                  00000af2    00000006                   : i2c.obj (.text:I2CSlaveDataGet)
                  00000af8    00000006                   : sysctl.obj (.text:SysCtlDelay)
                  00000afe    00000004                   : i2c.obj (.text:I2CMasterControl)
                  00000b02    00000004                   : i2c.obj (.text:I2CMasterDataGet)
                  00000b06    00000004                   : i2c.obj (.text:I2CMasterDataPut)
                  00000b0a    00000004     rtsv7M4_T_le_v4SPD16_eabi.lib : pre_init.c.obj (.text:_system_pre_init)
                  00000b0e    00000004                                   : exit.c.obj (.text:abort:abort)

.const     0    00000b14    000000fc     
                  00000b14    00000090     driverlib.lib : gpio.obj (.const:g_pui32GPIOBaseAddrs)
                  00000ba4    0000006c                   : sysctl.obj (.const:g_pui32Xtals)

.cinit     0    00000000    00000000     UNINITIALIZED

.init_array 
*          0    00000000    00000000     UNINITIALIZED

.stack     0    20000000    00000200     UNINITIALIZED
                  20000000    00000004     rtsv7M4_T_le_v4SPD16_eabi.lib : boot_cortex_m.c.obj (.stack)
                  20000004    000001fc     --HOLE--

MODULE SUMMARY

       Module                         code   ro data   rw data
       ------                         ----   -------   -------
    .\
       tm4c123gh6pm_startup_ccs.obj   12     620       0      
       external_eeprom.obj            520    0         0      
       i2c.obj                        268    0         0      
       main.obj                       50     0         0      
    +--+------------------------------+------+---------+---------+
       Total:                         850    620       0      
                                                              
    C:/ti/TivaWare_C_Series-2.1.4.178/driverlib/ccs/Debug/driverlib.lib
       sysctl.obj                     574    108       0      
       gpio.obj                       456    144       0      
       i2c.obj                        150    0         0      
    +--+------------------------------+------+---------+---------+
       Total:                         1180   252       0      
                                                              
    C:\ti\ccsv8\tools\compiler\ti-cgt-arm_18.1.1.LTS\lib\rtsv7M4_T_le_v4SPD16_eabi.lib
       memset_t2.asm.obj              122    0         0      
       boot_cortex_m.c.obj            48     0         0      
       exit.c.obj                     4      0         0      
       pre_init.c.obj                 4      0         0      
    +--+------------------------------+------+---------+---------+
       Total:                         178    0         0      
                                                              
       Stack:                         0      0         512    
    +--+------------------------------+------+---------+---------+
       Grand Total:                   2208   872       512    


GLOBAL SYMBOLS: SORTED ALPHABETICALLY BY Name 

address   name                  
-------   ----                  
00000b0f  C$$EXIT               
0000035f  Eeprom_Ext_Read       
00000279  Eeprom_Ext_Write      
0000026d  Eeprom_Ext_init       
00000a61  GPIODirModeSet        
00000475  GPIOPadConfigSet      
00000981  GPIOPinConfigure      
00000a8b  GPIOPinTypeI2C        
00000a9d  GPIOPinTypeI2CSCL     
00000ae3  I2CMasterBusy         
00000aff  I2CMasterControl      
00000b03  I2CMasterDataGet      
00000b07  I2CMasterDataPut      
00000ad9  I2CMasterEnable       
00000935  I2CMasterInitExpClk   
00000aeb  I2CMasterSlaveAddrSet 
00000af3  I2CSlaveDataGet       
00000aaf  I2CSlaveEnable        
00000abf  I2CSlaveInit          
00000753  I2c_Read_Slave        
00000765  I2c_master_Write      
0000078b  I2c_master_read       
00000acd  ResetISR              
000005a9  SysCtlClockGet        
000007c5  SysCtlClockSet        
00000af9  SysCtlDelay           
000009c9  SysCtlPeripheralEnable
20000200  __STACK_END           
00000200  __STACK_SIZE          
20000200  __STACK_TOP           
ffffffff  __TI_pprof_out_hndl   
ffffffff  __TI_prof_data_size   
ffffffff  __TI_prof_data_start  
00000000  __TI_static_base__    
000008b9  __aeabi_memclr        
000008b9  __aeabi_memclr4       
000008b9  __aeabi_memclr8       
000008bb  __aeabi_memset        
000008bb  __aeabi_memset4       
000008bb  __aeabi_memset8       
ffffffff  __binit__             
ffffffff  __c_args__            
UNDEFED   __mpu_init            
20000000  __stack               
00000a31  _c_int00_noinit_noargs
00000b0b  _system_pre_init      
00000b0f  abort                 
ffffffff  binit                 
00000000  g_pfnVectors          
000006b9  i2c_init              
00000719  init_master           
00000701  init_slave_i2c        
000009fd  main                  
000008c1  memset                
00000723  mode                  


GLOBAL SYMBOLS: SORTED BY Symbol Address 

address   name                  
-------   ----                  
00000000  __TI_static_base__    
00000000  g_pfnVectors          
00000200  __STACK_SIZE          
0000026d  Eeprom_Ext_init       
00000279  Eeprom_Ext_Write      
0000035f  Eeprom_Ext_Read       
00000475  GPIOPadConfigSet      
000005a9  SysCtlClockGet        
000006b9  i2c_init              
00000701  init_slave_i2c        
00000719  init_master           
00000723  mode                  
00000753  I2c_Read_Slave        
00000765  I2c_master_Write      
0000078b  I2c_master_read       
000007c5  SysCtlClockSet        
000008b9  __aeabi_memclr        
000008b9  __aeabi_memclr4       
000008b9  __aeabi_memclr8       
000008bb  __aeabi_memset        
000008bb  __aeabi_memset4       
000008bb  __aeabi_memset8       
000008c1  memset                
00000935  I2CMasterInitExpClk   
00000981  GPIOPinConfigure      
000009c9  SysCtlPeripheralEnable
000009fd  main                  
00000a31  _c_int00_noinit_noargs
00000a61  GPIODirModeSet        
00000a8b  GPIOPinTypeI2C        
00000a9d  GPIOPinTypeI2CSCL     
00000aaf  I2CSlaveEnable        
00000abf  I2CSlaveInit          
00000acd  ResetISR              
00000ad9  I2CMasterEnable       
00000ae3  I2CMasterBusy         
00000aeb  I2CMasterSlaveAddrSet 
00000af3  I2CSlaveDataGet       
00000af9  SysCtlDelay           
00000aff  I2CMasterControl      
00000b03  I2CMasterDataGet      
00000b07  I2CMasterDataPut      
00000b0b  _system_pre_init      
00000b0f  C$$EXIT               
00000b0f  abort                 
20000000  __stack               
20000200  __STACK_END           
20000200  __STACK_TOP           
ffffffff  __TI_pprof_out_hndl   
ffffffff  __TI_prof_data_size   
ffffffff  __TI_prof_data_start  
ffffffff  __binit__             
ffffffff  __c_args__            
ffffffff  binit                 
UNDEFED   __mpu_init            

[55 symbols]
