******************************************************************************
                  TI ARM Linker PC v18.1.1                     
******************************************************************************
>> Linked Thu Apr  4 23:52:15 2019

OUTPUT FILE NAME:   <Free_RTOS_Porting.out>
ENTRY POINT SYMBOL: "_c_int00_noargs"  address: 00003299


MEMORY CONFIGURATION

         name            origin    length      used     unused   attr    fill
----------------------  --------  ---------  --------  --------  ----  --------
  FLASH                 00000000   00040000  0000369e  0003c962  R  X
  SRAM                  20000000   00008000  00007934  000006cc  RW X


SEGMENT ALLOCATION MAP

run origin  load origin   length   init length attrs members
----------  ----------- ---------- ----------- ----- -------
00000000    00000000    000036a0   000036a0    r-x
  00000000    00000000    0000026c   0000026c    r-- .intvecs
  0000026c    0000026c    00003242   00003242    r-x .text
  000034b0    000034b0    000001c0   000001c0    r-- .const
  00003670    00003670    00000030   00000030    r-- .cinit
20000000    20000000    00007938   00000000    rw-
  20000000    20000000    000076dc   00000000    rw- .bss
  200076e0    200076e0    00000200   00000000    rw- .stack
  200078e0    200078e0    00000058   00000000    rw- .data


SECTION ALLOCATION MAP

 output                                  attributes/
section   page    origin      length       input sections
--------  ----  ----------  ----------   ----------------
.intvecs   0    00000000    0000026c     
                  00000000    0000026c     tm4c123gh6pm_startup_ccs.obj (.intvecs)

.text      0    0000026c    00003242     
                  0000026c    0000180c     tasks.obj (.text)
                  00001a78    0000049c     uartstdio.obj (.text)
                  00001f14    00000464     CAN.obj (.text)
                  00002378    0000013c     port.obj (.text)
                  000024b4    00000136     driverlib.lib : can.obj (.text:CANMessageSet)
                  000025ea    00000132                   : gpio.obj (.text:GPIOPadConfigSet)
                  0000271c    0000012a     list.obj (.text)
                  00002846    00000002     rtsv7M4_T_le_v4SPD16_eabi.lib : div0.asm.obj (.text)
                  00002848    00000110     driverlib.lib : sysctl.obj (.text:SysCtlClockGet)
                  00002958    0000010e                   : can.obj (.text:CANMessageGet)
                  00002a66    00000002     --HOLE-- [fill = 0]
                  00002a68    000000f4                   : sysctl.obj (.text:SysCtlClockSet)
                  00002b5c    000000da     portasm.obj (.text)
                  00002c36    00000002     --HOLE-- [fill = 0]
                  00002c38    000000a8     main.obj (.text)
                  00002ce0    0000009c     heap_1.obj (.text)
                  00002d7c    0000009c     rtsv7M4_T_le_v4SPD16_eabi.lib : memcpy_t2.asm.obj (.text)
                  00002e18    00000084     BTN.obj (.text)
                  00002e9c    0000007a     rtsv7M4_T_le_v4SPD16_eabi.lib : memset_t2.asm.obj (.text)
                  00002f16    00000002     --HOLE-- [fill = 0]
                  00002f18    0000006c     driverlib.lib : can.obj (.text:CANBitRateSet)
                  00002f84    00000068                   : interrupt.obj (.text:IntEnable)
                  00002fec    00000068     rtsv7M4_T_le_v4SPD16_eabi.lib : copy_decompress_lzss.c.obj (.text:decompress:lzss:__TI_decompress_lzss)
                  00003054    00000048     driverlib.lib : gpio.obj (.text:GPIOPinConfigure)
                  0000309c    00000046                   : uart.obj (.text:UARTConfigSetExpClk)
                  000030e2    00000002     --HOLE-- [fill = 0]
                  000030e4    00000044     LED.obj (.text)
                  00003128    00000044     rtsv7M4_T_le_v4SPD16_eabi.lib : autoinit.c.obj (.text:__TI_auto_init_nobinit_nopinit:__TI_auto_init_nobinit_nopinit)
                  0000316c    00000040     driverlib.lib : can.obj (.text:CANStatusGet)
                  000031ac    00000040     rtsv7M4_T_le_v4SPD16_eabi.lib : u_divt2.asm.obj (.text)
                  000031ec    0000003a     driverlib.lib : can.obj (.text:CANInit)
                  00003226    00000002     --HOLE-- [fill = 0]
                  00003228    00000038                   : sysctl.obj (.text:SysCtlPeripheralPresent)
                  00003260    00000038                   : sysctl.obj (.text:SysCtlPeripheralReady)
                  00003298    00000038     rtsv7M4_T_le_v4SPD16_eabi.lib : boot_cortex_m.c.obj (.text:_c_int00_noargs:_c_int00_noargs)
                  000032d0    00000034     driverlib.lib : sysctl.obj (.text:SysCtlPeripheralEnable)
                  00003304    0000002a                   : gpio.obj (.text:GPIODirModeSet)
                  0000332e    0000002a                   : can.obj (.text:_CANDataRegRead)
                  00003358    00000024                   : can.obj (.text:_CANDataRegWrite)
                  0000337c    00000022                   : can.obj (.text:CANIntClear)
                  0000339e    00000020                   : can.obj (.text:CANIntStatus)
                  000033be    00000002     --HOLE-- [fill = 0]
                  000033c0    00000020                   : uart.obj (.text:UARTDisable)
                  000033e0    00000018                   : gpio.obj (.text:GPIOPinTypeGPIOOutput)
                  000033f8    00000014                   : uart.obj (.text:UARTEnable)
                  0000340c    00000012                   : gpio.obj (.text:GPIOPinTypeCAN)
                  0000341e    00000012                   : gpio.obj (.text:GPIOPinTypeGPIOInput)
                  00003430    00000012                   : gpio.obj (.text:GPIOPinTypeUART)
                  00003442    0000000e     rtsv7M4_T_le_v4SPD16_eabi.lib : copy_decompress_none.c.obj (.text:decompress:none:__TI_decompress_none)
                  00003450    0000000c                                   : copy_zero_init.c.obj (.text:decompress:ZI:__TI_zero_init)
                  0000345c    0000000c     tm4c123gh6pm_startup_ccs.obj (.text)
                  00003468    0000000a     driverlib.lib : can.obj (.text:CANEnable)
                  00003472    0000000a                   : uart.obj (.text:UARTCharGet)
                  0000347c    0000000a                   : uart.obj (.text:UARTCharPut)
                  00003486    00000008                   : can.obj (.text:CANIntEnable)
                  0000348e    00000006                   : gpio.obj (.text:GPIOPinRead)
                  00003494    00000006                   : gpio.obj (.text:GPIOPinWrite)
                  0000349a    00000006                   : sysctl.obj (.text:SysCtlDelay)
                  000034a0    00000006                   : uart.obj (.text:UARTClockSourceSet)
                  000034a6    00000004     rtsv7M4_T_le_v4SPD16_eabi.lib : pre_init.c.obj (.text:_system_pre_init)
                  000034aa    00000004                                   : exit.c.obj (.text:abort:abort)

.const     0    000034b0    000001c0     
                  000034b0    00000090     driverlib.lib : gpio.obj (.const:g_pui32GPIOBaseAddrs)
                  00003540    00000070                   : interrupt.obj (.const)
                  000035b0    0000006c                   : sysctl.obj (.const:g_pui32Xtals)
                  0000361c    00000020                   : can.obj (.const)
                  0000363c    00000012     uartstdio.obj (.const:.string)
                  0000364e    00000002     --HOLE-- [fill = 0]
                  00003650    0000000c     uartstdio.obj (.const:g_ui32UARTBase)
                  0000365c    0000000c     uartstdio.obj (.const:g_ui32UARTPeriph)
                  00003668    00000004     port.obj (.const)
                  0000366c    00000004     uartstdio.obj (.const)

.cinit     0    00003670    00000030     
                  00003670    0000000c     (__TI_handler_table)
                  0000367c    0000000b     (.cinit..data.load) [load image, compression = lzss]
                  00003687    00000001     --HOLE-- [fill = 0]
                  00003688    00000008     (.cinit..bss.load) [load image, compression = zero_init]
                  00003690    00000010     (__TI_cinit_table)

.init_array 
*          0    00000000    00000000     UNINITIALIZED

.bss       0    20000000    000076dc     UNINITIALIZED
                  20000000    00007530     heap_1.obj (.bss:ucHeap)
                  20007530    00000140     tasks.obj (.bss:pxReadyTasksLists)
                  20007670    00000014     tasks.obj (.bss:xDelayedTaskList1)
                  20007684    00000014     tasks.obj (.bss:xDelayedTaskList2)
                  20007698    00000014     tasks.obj (.bss:xPendingReadyList)
                  200076ac    00000014     tasks.obj (.bss:xSuspendedTaskList)
                  200076c0    00000014     tasks.obj (.bss:xTasksWaitingTermination)
                  200076d4    00000008     tasks.obj (.bss)

.data      0    200078e0    00000058     UNINITIALIZED
                  200078e0    00000034     tasks.obj (.data)
                  20007914    0000000d     CAN.obj (.data)
                  20007921    00000003     --HOLE--
                  20007924    00000008     heap_1.obj (.data)
                  2000792c    00000005     uartstdio.obj (.data)
                  20007931    00000003     --HOLE--
                  20007934    00000004     port.obj (.data)

.stack     0    200076e0    00000200     UNINITIALIZED
                  200076e0    00000004     rtsv7M4_T_le_v4SPD16_eabi.lib : boot_cortex_m.c.obj (.stack)
                  200076e4    000001fc     --HOLE--

MODULE SUMMARY

       Module                         code    ro data   rw data
       ------                         ----    -------   -------
    .\
       tasks.obj                      6156    0         480    
       uartstdio.obj                  1180    46        5      
       CAN.obj                        1124    0         13     
       tm4c123gh6pm_startup_ccs.obj   12      620       0      
       list.obj                       298     0         0      
       main.obj                       168     0         0      
       BTN.obj                        132     0         0      
       LED.obj                        68      0         0      
    +--+------------------------------+-------+---------+---------+
       Total:                         9138    666       498    
                                                               
    .\ARM_CM4F\
       port.obj                       316     4         4      
       portasm.obj                    218     0         0      
    +--+------------------------------+-------+---------+---------+
       Total:                         534     4         4      
                                                               
    .\MemMang\
       heap_1.obj                     156     0         30008  
    +--+------------------------------+-------+---------+---------+
       Total:                         156     0         30008  
                                                               
    C:/ti/TivaWare_C_Series-2.1.4.178/driverlib/ccs/Debug/driverlib.lib
       can.obj                        972     32        0      
       sysctl.obj                     686     108       0      
       gpio.obj                       510     144       0      
       interrupt.obj                  104     112       0      
       uart.obj                       148     0         0      
    +--+------------------------------+-------+---------+---------+
       Total:                         2420    396       0      
                                                               
    C:\ti\ccsv8\tools\compiler\ti-cgt-arm_18.1.1.LTS\lib\rtsv7M4_T_le_v4SPD16_eabi.lib
       memcpy_t2.asm.obj              156     0         0      
       memset_t2.asm.obj              122     0         0      
       copy_decompress_lzss.c.obj     104     0         0      
       autoinit.c.obj                 68      0         0      
       u_divt2.asm.obj                64      0         0      
       boot_cortex_m.c.obj            56      0         0      
       copy_decompress_none.c.obj     14      0         0      
       copy_zero_init.c.obj           12      0         0      
       exit.c.obj                     4       0         0      
       pre_init.c.obj                 4       0         0      
       div0.asm.obj                   2       0         0      
    +--+------------------------------+-------+---------+---------+
       Total:                         606     0         0      
                                                               
       Stack:                         0       0         512    
       Linker Generated:              0       47        0      
    +--+------------------------------+-------+---------+---------+
       Grand Total:                   12854   1113      31022  


LINKER GENERATED COPY TABLES

__TI_cinit_table @ 00003690 records: 2, size/record: 8, table size: 16
	.data: load addr=0000367c, load size=0000000b bytes, run addr=200078e0, run size=00000058 bytes, compression=lzss
	.bss: load addr=00003688, load size=00000008 bytes, run addr=20000000, run size=000076dc bytes, compression=zero_init


LINKER GENERATED HANDLER TABLE

__TI_handler_table @ 00003670 records: 3, size/record: 4, table size: 12
	index: 0, handler: __TI_decompress_lzss
	index: 1, handler: __TI_decompress_none
	index: 2, handler: __TI_zero_init


GLOBAL SYMBOLS: SORTED ALPHABETICALLY BY Name 

address   name                               
-------   ----                               
00002e49  Btn1_Read                          
00002e6f  Btn2_Read                          
00002e19  Btns_Init                          
000034ab  C$$EXIT                            
00002f19  CANBitRateSet                      
00003469  CANEnable                          
000031ed  CANInit                            
0000337d  CANIntClear                        
00003487  CANIntEnable                       
00001fb9  CANIntHandler                      
0000339f  CANIntStatus                       
00002959  CANMessageGet                      
000024b5  CANMessageSet                      
0000316d  CANStatusGet                       
20007917  FLAG_ONE_RX                        
20007915  FLAG_ONE_TX                        
20007916  FLAG_ZERO_RX                       
20007914  FLAG_ZERO_TX                       
00003305  GPIODirModeSet                     
000025eb  GPIOPadConfigSet                   
00003055  GPIOPinConfigure                   
0000348f  GPIOPinRead                        
0000340d  GPIOPinTypeCAN                     
0000341f  GPIOPinTypeGPIOInput               
000033e1  GPIOPinTypeGPIOOutput              
00003431  GPIOPinTypeUART                    
00003495  GPIOPinWrite                       
00002f85  IntEnable                          
000030e5  LEDTaskInit                        
00003111  OFF_LED1                           
00003103  ON_LED1                            
0000345d  ResetISR                           
00001faf  SimpleDelay                        
00002849  SysCtlClockGet                     
00002a69  SysCtlClockSet                     
0000349b  SysCtlDelay                        
000032d1  SysCtlPeripheralEnable             
00003229  SysCtlPeripheralPresent            
00003261  SysCtlPeripheralReady              
00003473  UARTCharGet                        
0000347d  UARTCharPut                        
000034a1  UARTClockSourceSet                 
0000309d  UARTConfigSetExpClk                
000033c1  UARTDisable                        
000033f9  UARTEnable                         
00001a79  UARTStdioConfig                    
00001bbf  UARTgetc                           
00001b05  UARTgets                           
00001edf  UARTprintf                         
00001be5  UARTvprintf                        
00001abf  UARTwrite                          
200078e0  __STACK_END                        
00000200  __STACK_SIZE                       
200078e0  __STACK_TOP                        
00003690  __TI_CINIT_Base                    
000036a0  __TI_CINIT_Limit                   
00003670  __TI_Handler_Table_Base            
0000367c  __TI_Handler_Table_Limit           
00003129  __TI_auto_init_nobinit_nopinit     
00002fed  __TI_decompress_lzss               
00003443  __TI_decompress_none               
ffffffff  __TI_pprof_out_hndl                
ffffffff  __TI_prof_data_size                
ffffffff  __TI_prof_data_start               
00000000  __TI_static_base__                 
00003451  __TI_zero_init                     
00002847  __aeabi_idiv0                      
00002847  __aeabi_ldiv0                      
00002e9d  __aeabi_memclr                     
00002e9d  __aeabi_memclr4                    
00002e9d  __aeabi_memclr8                    
00002d7d  __aeabi_memcpy                     
00002d7d  __aeabi_memcpy4                    
00002d7d  __aeabi_memcpy8                    
00002e9f  __aeabi_memset                     
00002e9f  __aeabi_memset4                    
00002e9f  __aeabi_memset8                    
000031ad  __aeabi_uidiv                      
000031ad  __aeabi_uidivmod                   
ffffffff  __binit__                          
ffffffff  __c_args__                         
UNDEFED   __mpu_init                         
200076e0  __stack                            
00003299  _c_int00_noargs                    
UNDEFED   _system_post_cinit                 
000034a7  _system_pre_init                   
000034ab  abort                              
ffffffff  binit                              
000005dd  eTaskGetState                      
20007920  g_bErrFlag                         
2000791c  g_bRXFlag                          
2000791d  g_bRXFlag1                         
2000791e  g_bRXFlag2                         
2000791f  g_bRXFlag3                         
00000000  g_pfnVectors                       
20007918  g_ui32MsgCount                     
00002c39  main                               
00002d7d  memcpy                             
00002ea5  memset                             
00000b99  pcTaskGetName                      
00002ce1  pvPortMalloc                       
000015ab  pvTaskIncrementMutexHeldCount      
200078e0  pxCurrentTCB                       
00002379  pxPortInitialiseStack              
00003668  ulMaxSyscallInterruptPriority      
00002b6d  ulPortGetIPSR                      
000015c9  ulTaskNotifyTake                   
000027ff  uxListRemove                       
00000b8d  uxTaskGetNumberOfTasks             
00001285  uxTaskGetStackHighWaterMark        
00000bbd  uxTaskGetSystemState               
00000ffb  uxTaskGetTaskNumber                
0000068d  uxTaskPriorityGet                  
000006b9  uxTaskPriorityGetFromISR           
00001589  uxTaskResetEventItemValue          
0000271d  vListInitialise                    
0000274d  vListInitialiseItem                
00002799  vListInsert                        
0000275d  vListInsertEnd                     
00002c29  vPortEnableVFP                     
00002419  vPortEndScheduler                  
0000241b  vPortEnterCritical                 
0000243b  vPortExitCritical                  
00002d51  vPortFree                          
00002d5b  vPortInitialiseBlocks              
00002be5  vPortSVCHandler                    
00002477  vPortSetupTimerInterrupt           
00002c05  vPortStartFirstTask                
00001f15  vTaskCode3                         
00002245  vTaskCode_NODE_ONE_RX              
00002123  vTaskCode_NODE_ONE_TX              
000021a1  vTaskCode_NODE_ZERO_RX             
000022c9  vTaskCode_NODE_ZERO_START          
000020d3  vTaskCode_NODE_ZERO_TX             
0000204d  vTaskCode_startup                  
000005a3  vTaskDelay                         
00000513  vTaskDelayUntil                    
00000465  vTaskDelete                        
00000a65  vTaskEndScheduler                  
000010f9  vTaskGetInfo                       
00000f4f  vTaskInternalSetTimeOutState       
00000ff3  vTaskMissedYield                   
000018d1  vTaskNotifyGiveFromISR             
00000df9  vTaskPlaceOnEventList              
00000e15  vTaskPlaceOnUnorderedEventList     
000014b3  vTaskPriorityDisinheritAfterTimeout
00000705  vTaskPrioritySet                   
00000ec9  vTaskRemoveFromUnorderedEventList  
00000925  vTaskResume                        
0000101b  vTaskSetTaskNumber                 
00000f31  vTaskSetTimeOutState               
00000a15  vTaskStartScheduler                
00000811  vTaskSuspend                       
00000a81  vTaskSuspendAll                    
00000d91  vTaskSwitchContext                 
00002d63  xPortGetFreeHeapSize               
00002b85  xPortPendSVHandler                 
000023e3  xPortStartScheduler                
00002451  xPortSysTickHandler                
00000f75  xTaskCheckForTimeOut               
0000026d  xTaskCreate                        
000016eb  xTaskGenericNotify                 
000017c5  xTaskGenericNotifyFromISR          
00001301  xTaskGetCurrentTaskHandle          
00000b69  xTaskGetTickCount                  
00000b79  xTaskGetTickCountFromISR           
00000ca5  xTaskIncrementTick                 
0000197d  xTaskNotifyStateClear              
00001649  xTaskNotifyWait                    
00001415  xTaskPriorityDisinherit            
00001335  xTaskPriorityInherit               
00000e45  xTaskRemoveFromEventList           
00000a99  xTaskResumeAll                     
0000098b  xTaskResumeFromISR                 


GLOBAL SYMBOLS: SORTED BY Symbol Address 

address   name                               
-------   ----                               
00000000  __TI_static_base__                 
00000000  g_pfnVectors                       
00000200  __STACK_SIZE                       
0000026d  xTaskCreate                        
00000465  vTaskDelete                        
00000513  vTaskDelayUntil                    
000005a3  vTaskDelay                         
000005dd  eTaskGetState                      
0000068d  uxTaskPriorityGet                  
000006b9  uxTaskPriorityGetFromISR           
00000705  vTaskPrioritySet                   
00000811  vTaskSuspend                       
00000925  vTaskResume                        
0000098b  xTaskResumeFromISR                 
00000a15  vTaskStartScheduler                
00000a65  vTaskEndScheduler                  
00000a81  vTaskSuspendAll                    
00000a99  xTaskResumeAll                     
00000b69  xTaskGetTickCount                  
00000b79  xTaskGetTickCountFromISR           
00000b8d  uxTaskGetNumberOfTasks             
00000b99  pcTaskGetName                      
00000bbd  uxTaskGetSystemState               
00000ca5  xTaskIncrementTick                 
00000d91  vTaskSwitchContext                 
00000df9  vTaskPlaceOnEventList              
00000e15  vTaskPlaceOnUnorderedEventList     
00000e45  xTaskRemoveFromEventList           
00000ec9  vTaskRemoveFromUnorderedEventList  
00000f31  vTaskSetTimeOutState               
00000f4f  vTaskInternalSetTimeOutState       
00000f75  xTaskCheckForTimeOut               
00000ff3  vTaskMissedYield                   
00000ffb  uxTaskGetTaskNumber                
0000101b  vTaskSetTaskNumber                 
000010f9  vTaskGetInfo                       
00001285  uxTaskGetStackHighWaterMark        
00001301  xTaskGetCurrentTaskHandle          
00001335  xTaskPriorityInherit               
00001415  xTaskPriorityDisinherit            
000014b3  vTaskPriorityDisinheritAfterTimeout
00001589  uxTaskResetEventItemValue          
000015ab  pvTaskIncrementMutexHeldCount      
000015c9  ulTaskNotifyTake                   
00001649  xTaskNotifyWait                    
000016eb  xTaskGenericNotify                 
000017c5  xTaskGenericNotifyFromISR          
000018d1  vTaskNotifyGiveFromISR             
0000197d  xTaskNotifyStateClear              
00001a79  UARTStdioConfig                    
00001abf  UARTwrite                          
00001b05  UARTgets                           
00001bbf  UARTgetc                           
00001be5  UARTvprintf                        
00001edf  UARTprintf                         
00001f15  vTaskCode3                         
00001faf  SimpleDelay                        
00001fb9  CANIntHandler                      
0000204d  vTaskCode_startup                  
000020d3  vTaskCode_NODE_ZERO_TX             
00002123  vTaskCode_NODE_ONE_TX              
000021a1  vTaskCode_NODE_ZERO_RX             
00002245  vTaskCode_NODE_ONE_RX              
000022c9  vTaskCode_NODE_ZERO_START          
00002379  pxPortInitialiseStack              
000023e3  xPortStartScheduler                
00002419  vPortEndScheduler                  
0000241b  vPortEnterCritical                 
0000243b  vPortExitCritical                  
00002451  xPortSysTickHandler                
00002477  vPortSetupTimerInterrupt           
000024b5  CANMessageSet                      
000025eb  GPIOPadConfigSet                   
0000271d  vListInitialise                    
0000274d  vListInitialiseItem                
0000275d  vListInsertEnd                     
00002799  vListInsert                        
000027ff  uxListRemove                       
00002847  __aeabi_idiv0                      
00002847  __aeabi_ldiv0                      
00002849  SysCtlClockGet                     
00002959  CANMessageGet                      
00002a69  SysCtlClockSet                     
00002b6d  ulPortGetIPSR                      
00002b85  xPortPendSVHandler                 
00002be5  vPortSVCHandler                    
00002c05  vPortStartFirstTask                
00002c29  vPortEnableVFP                     
00002c39  main                               
00002ce1  pvPortMalloc                       
00002d51  vPortFree                          
00002d5b  vPortInitialiseBlocks              
00002d63  xPortGetFreeHeapSize               
00002d7d  __aeabi_memcpy                     
00002d7d  __aeabi_memcpy4                    
00002d7d  __aeabi_memcpy8                    
00002d7d  memcpy                             
00002e19  Btns_Init                          
00002e49  Btn1_Read                          
00002e6f  Btn2_Read                          
00002e9d  __aeabi_memclr                     
00002e9d  __aeabi_memclr4                    
00002e9d  __aeabi_memclr8                    
00002e9f  __aeabi_memset                     
00002e9f  __aeabi_memset4                    
00002e9f  __aeabi_memset8                    
00002ea5  memset                             
00002f19  CANBitRateSet                      
00002f85  IntEnable                          
00002fed  __TI_decompress_lzss               
00003055  GPIOPinConfigure                   
0000309d  UARTConfigSetExpClk                
000030e5  LEDTaskInit                        
00003103  ON_LED1                            
00003111  OFF_LED1                           
00003129  __TI_auto_init_nobinit_nopinit     
0000316d  CANStatusGet                       
000031ad  __aeabi_uidiv                      
000031ad  __aeabi_uidivmod                   
000031ed  CANInit                            
00003229  SysCtlPeripheralPresent            
00003261  SysCtlPeripheralReady              
00003299  _c_int00_noargs                    
000032d1  SysCtlPeripheralEnable             
00003305  GPIODirModeSet                     
0000337d  CANIntClear                        
0000339f  CANIntStatus                       
000033c1  UARTDisable                        
000033e1  GPIOPinTypeGPIOOutput              
000033f9  UARTEnable                         
0000340d  GPIOPinTypeCAN                     
0000341f  GPIOPinTypeGPIOInput               
00003431  GPIOPinTypeUART                    
00003443  __TI_decompress_none               
00003451  __TI_zero_init                     
0000345d  ResetISR                           
00003469  CANEnable                          
00003473  UARTCharGet                        
0000347d  UARTCharPut                        
00003487  CANIntEnable                       
0000348f  GPIOPinRead                        
00003495  GPIOPinWrite                       
0000349b  SysCtlDelay                        
000034a1  UARTClockSourceSet                 
000034a7  _system_pre_init                   
000034ab  C$$EXIT                            
000034ab  abort                              
00003668  ulMaxSyscallInterruptPriority      
00003670  __TI_Handler_Table_Base            
0000367c  __TI_Handler_Table_Limit           
00003690  __TI_CINIT_Base                    
000036a0  __TI_CINIT_Limit                   
200076e0  __stack                            
200078e0  __STACK_END                        
200078e0  __STACK_TOP                        
200078e0  pxCurrentTCB                       
20007914  FLAG_ZERO_TX                       
20007915  FLAG_ONE_TX                        
20007916  FLAG_ZERO_RX                       
20007917  FLAG_ONE_RX                        
20007918  g_ui32MsgCount                     
2000791c  g_bRXFlag                          
2000791d  g_bRXFlag1                         
2000791e  g_bRXFlag2                         
2000791f  g_bRXFlag3                         
20007920  g_bErrFlag                         
ffffffff  __TI_pprof_out_hndl                
ffffffff  __TI_prof_data_size                
ffffffff  __TI_prof_data_start               
ffffffff  __binit__                          
ffffffff  __c_args__                         
ffffffff  binit                              
UNDEFED   __mpu_init                         
UNDEFED   _system_post_cinit                 

[174 symbols]
