Archive member included to satisfy reference by file (symbol)

c:/program files (x86)/atmel/studio/7.0/toolchain/avr8/avr8-gnu-toolchain/bin/../lib/gcc/avr/5.4.0/avr5\libgcc.a(_exit.o)
                              C:/Program Files (x86)/Atmel/Studio/7.0/Packs/atmel/ATmega_DFP/1.2.209/gcc/dev/atmega32/avr5/crtatmega32.o (exit)
c:/program files (x86)/atmel/studio/7.0/toolchain/avr8/avr8-gnu-toolchain/bin/../lib/gcc/avr/5.4.0/avr5\libgcc.a(_copy_data.o)
                              Free_RTOS/tasks.o (__do_copy_data)
c:/program files (x86)/atmel/studio/7.0/toolchain/avr8/avr8-gnu-toolchain/bin/../lib/gcc/avr/5.4.0/avr5\libgcc.a(_clear_bss.o)
                              Free_RTOS/croutine.o (__do_clear_bss)
c:/program files (x86)/atmel/studio/7.0/toolchain/avr8/avr8-gnu-toolchain/bin/../lib/gcc/avr/5.4.0/../../../../avr/lib/avr5\libc.a(memcpy.o)
                              Free_RTOS/queue.o (memcpy)
c:/program files (x86)/atmel/studio/7.0/toolchain/avr8/avr8-gnu-toolchain/bin/../lib/gcc/avr/5.4.0/../../../../avr/lib/avr5\libc.a(memset.o)
                              Free_RTOS/tasks.o (memset)
c:/program files (x86)/atmel/studio/7.0/toolchain/avr8/avr8-gnu-toolchain/bin/../lib/gcc/avr/5.4.0/../../../../avr/lib/avr5\libc.a(strncpy.o)
                              Free_RTOS/tasks.o (strncpy)

Discarded input sections

 .data          0x00000000        0x0 C:/Program Files (x86)/Atmel/Studio/7.0/Packs/atmel/ATmega_DFP/1.2.209/gcc/dev/atmega32/avr5/crtatmega32.o
 .bss           0x00000000        0x0 C:/Program Files (x86)/Atmel/Studio/7.0/Packs/atmel/ATmega_DFP/1.2.209/gcc/dev/atmega32/avr5/crtatmega32.o
 .text          0x00000000        0x0 DIO/DIO.o
 .data          0x00000000        0x0 DIO/DIO.o
 .bss           0x00000000        0x0 DIO/DIO.o
 .text.DIO_WritePin
                0x00000000      0x1b0 DIO/DIO.o
 .text          0x00000000        0x0 Free_RTOS/croutine.o
 .data          0x00000000        0x0 Free_RTOS/croutine.o
 .bss           0x00000000        0x0 Free_RTOS/croutine.o
 .bss.pxReadyCoRoutineLists
                0x00000000       0x12 Free_RTOS/croutine.o
 .bss.xDelayedCoRoutineList1
                0x00000000        0x9 Free_RTOS/croutine.o
 .bss.xDelayedCoRoutineList2
                0x00000000        0x9 Free_RTOS/croutine.o
 .bss.pxDelayedCoRoutineList
                0x00000000        0x2 Free_RTOS/croutine.o
 .bss.pxOverflowDelayedCoRoutineList
                0x00000000        0x2 Free_RTOS/croutine.o
 .bss.xPendingReadyCoRoutineList
                0x00000000        0x9 Free_RTOS/croutine.o
 .bss.pxCurrentCoRoutine
                0x00000000        0x2 Free_RTOS/croutine.o
 .bss.uxTopCoRoutineReadyPriority
                0x00000000        0x1 Free_RTOS/croutine.o
 .bss.xCoRoutineTickCount
                0x00000000        0x2 Free_RTOS/croutine.o
 .bss.xLastTickCount
                0x00000000        0x2 Free_RTOS/croutine.o
 .bss.xPassedTicks
                0x00000000        0x2 Free_RTOS/croutine.o
 .text.xCoRoutineCreate
                0x00000000      0x138 Free_RTOS/croutine.o
 .text.vCoRoutineAddToDelayedList
                0x00000000       0xca Free_RTOS/croutine.o
 .text.prvCheckPendingReadyList
                0x00000000       0x9a Free_RTOS/croutine.o
 .text.prvCheckDelayedList
                0x00000000      0x16e Free_RTOS/croutine.o
 .text.vCoRoutineSchedule
                0x00000000      0x10a Free_RTOS/croutine.o
 .text.prvInitialiseCoRoutineLists
                0x00000000       0x74 Free_RTOS/croutine.o
 .text.xCoRoutineRemoveFromEventList
                0x00000000       0x72 Free_RTOS/croutine.o
 .debug_info    0x00000000      0x4d0 Free_RTOS/croutine.o
 .debug_abbrev  0x00000000      0x189 Free_RTOS/croutine.o
 .debug_loc     0x00000000      0x1f7 Free_RTOS/croutine.o
 .debug_aranges
                0x00000000       0x50 Free_RTOS/croutine.o
 .debug_ranges  0x00000000       0x40 Free_RTOS/croutine.o
 .debug_line    0x00000000      0x361 Free_RTOS/croutine.o
 .debug_str     0x00000000      0x4c4 Free_RTOS/croutine.o
 .comment       0x00000000       0x31 Free_RTOS/croutine.o
 .debug_frame   0x00000000       0xf4 Free_RTOS/croutine.o
 .text          0x00000000        0x0 Free_RTOS/heap_1.o
 .data          0x00000000        0x0 Free_RTOS/heap_1.o
 .bss           0x00000000        0x0 Free_RTOS/heap_1.o
 .bss.xHeap     0x00000000      0x258 Free_RTOS/heap_1.o
 .bss.xNextFreeByte
                0x00000000        0x2 Free_RTOS/heap_1.o
 .text.pvPortMalloc
                0x00000000       0x8a Free_RTOS/heap_1.o
 .text.vPortFree
                0x00000000       0x1a Free_RTOS/heap_1.o
 .text.vPortInitialiseBlocks
                0x00000000       0x18 Free_RTOS/heap_1.o
 .text.xPortGetFreeHeapSize
                0x00000000       0x22 Free_RTOS/heap_1.o
 .debug_info    0x00000000      0x173 Free_RTOS/heap_1.o
 .debug_abbrev  0x00000000      0x10a Free_RTOS/heap_1.o
 .debug_loc     0x00000000      0x106 Free_RTOS/heap_1.o
 .debug_aranges
                0x00000000       0x38 Free_RTOS/heap_1.o
 .debug_ranges  0x00000000       0x28 Free_RTOS/heap_1.o
 .debug_line    0x00000000      0x149 Free_RTOS/heap_1.o
 .debug_str     0x00000000      0x210 Free_RTOS/heap_1.o
 .comment       0x00000000       0x31 Free_RTOS/heap_1.o
 .debug_frame   0x00000000       0x94 Free_RTOS/heap_1.o
 .text          0x00000000        0x0 Free_RTOS/list.o
 .data          0x00000000        0x0 Free_RTOS/list.o
 .bss           0x00000000        0x0 Free_RTOS/list.o
 .text.vListInitialise
                0x00000000       0x6c Free_RTOS/list.o
 .text.vListInitialiseItem
                0x00000000       0x24 Free_RTOS/list.o
 .text.vListInsert
                0x00000000       0xf0 Free_RTOS/list.o
 .text          0x00000000        0x0 Free_RTOS/port.o
 .data          0x00000000        0x0 Free_RTOS/port.o
 .bss           0x00000000        0x0 Free_RTOS/port.o
 .text.pxPortInitialiseStack
                0x00000000      0x352 Free_RTOS/port.o
 .text.xPortStartScheduler
                0x00000000       0x6a Free_RTOS/port.o
 .text.vPortEndScheduler
                0x00000000       0x10 Free_RTOS/port.o
 .text.vPortYield
                0x00000000       0xb4 Free_RTOS/port.o
 .text.prvSetupTimerInterrupt
                0x00000000       0xc4 Free_RTOS/port.o
 .text          0x00000000        0x0 Free_RTOS/queue.o
 .data          0x00000000        0x0 Free_RTOS/queue.o
 .bss           0x00000000        0x0 Free_RTOS/queue.o
 .text.xQueueCreate
                0x00000000      0x16e Free_RTOS/queue.o
 .text.xQueueGenericSend
                0x00000000      0x146 Free_RTOS/queue.o
 .text.xQueueGenericSendFromISR
                0x00000000       0xaa Free_RTOS/queue.o
 .text.xQueueGenericReceive
                0x00000000      0x194 Free_RTOS/queue.o
 .text.xQueueReceiveFromISR
                0x00000000       0xb2 Free_RTOS/queue.o
 .text.uxQueueMessagesWaiting
                0x00000000       0x32 Free_RTOS/queue.o
 .text.uxQueueMessagesWaitingFromISR
                0x00000000       0x28 Free_RTOS/queue.o
 .text.vQueueDelete
                0x00000000       0x30 Free_RTOS/queue.o
 .text.prvCopyDataToQueue
                0x00000000      0x156 Free_RTOS/queue.o
 .text.prvCopyDataFromQueue
                0x00000000       0xa4 Free_RTOS/queue.o
 .text.prvUnlockQueue
                0x00000000       0xca Free_RTOS/queue.o
 .text.prvIsQueueEmpty
                0x00000000       0x3a Free_RTOS/queue.o
 .text.xQueueIsQueueEmptyFromISR
                0x00000000       0x30 Free_RTOS/queue.o
 .text.prvIsQueueFull
                0x00000000       0x42 Free_RTOS/queue.o
 .text.xQueueIsQueueFullFromISR
                0x00000000       0x38 Free_RTOS/queue.o
 .debug_info    0x00000000      0x73a Free_RTOS/queue.o
 .debug_abbrev  0x00000000      0x170 Free_RTOS/queue.o
 .debug_loc     0x00000000      0x433 Free_RTOS/queue.o
 .debug_aranges
                0x00000000       0x90 Free_RTOS/queue.o
 .debug_ranges  0x00000000       0x80 Free_RTOS/queue.o
 .debug_line    0x00000000      0x65a Free_RTOS/queue.o
 .debug_str     0x00000000      0x52b Free_RTOS/queue.o
 .comment       0x00000000       0x31 Free_RTOS/queue.o
 .debug_frame   0x00000000      0x1f4 Free_RTOS/queue.o
 .text          0x00000000        0x0 Free_RTOS/tasks.o
 .data          0x00000000        0x0 Free_RTOS/tasks.o
 .bss           0x00000000        0x0 Free_RTOS/tasks.o
 .bss.xDelayedTaskList1
                0x00000000        0x9 Free_RTOS/tasks.o
 .bss.xDelayedTaskList2
                0x00000000        0x9 Free_RTOS/tasks.o
 .bss.xPendingReadyList
                0x00000000        0x9 Free_RTOS/tasks.o
 .bss.xTasksWaitingTermination
                0x00000000        0x9 Free_RTOS/tasks.o
 .bss.uxTasksDeleted
                0x00000000        0x1 Free_RTOS/tasks.o
 .bss.uxCurrentNumberOfTasks
                0x00000000        0x1 Free_RTOS/tasks.o
 .bss.uxTopUsedPriority
                0x00000000        0x1 Free_RTOS/tasks.o
 .bss.xSchedulerRunning
                0x00000000        0x1 Free_RTOS/tasks.o
 .bss.uxTaskNumber
                0x00000000        0x1 Free_RTOS/tasks.o
 .text.xTaskGenericCreate
                0x00000000      0x1e8 Free_RTOS/tasks.o
 .text.vTaskDelete
                0x00000000       0xb4 Free_RTOS/tasks.o
 .text.vTaskDelayUntil
                0x00000000       0xf4 Free_RTOS/tasks.o
 .text.vTaskDelay
                0x00000000       0x6c Free_RTOS/tasks.o
 .rodata        0x00000000        0x5 Free_RTOS/tasks.o
 .text.vTaskStartScheduler
                0x00000000       0x6e Free_RTOS/tasks.o
 .text.vTaskEndScheduler
                0x00000000       0x1a Free_RTOS/tasks.o
 .text.vTaskSuspendAll
                0x00000000       0x1a Free_RTOS/tasks.o
 .text.xTaskResumeAll
                0x00000000      0x106 Free_RTOS/tasks.o
 .text.xTaskGetTickCount
                0x00000000       0x2e Free_RTOS/tasks.o
 .text.xTaskGetTickCountFromISR
                0x00000000       0x2a Free_RTOS/tasks.o
 .text.uxTaskGetNumberOfTasks
                0x00000000       0x12 Free_RTOS/tasks.o
 .text.vTaskPlaceOnEventList
                0x00000000       0x6c Free_RTOS/tasks.o
 .text.xTaskRemoveFromEventList
                0x00000000       0xd4 Free_RTOS/tasks.o
 .text.vTaskSetTimeOutState
                0x00000000       0x38 Free_RTOS/tasks.o
 .text.xTaskCheckForTimeOut
                0x00000000       0xc8 Free_RTOS/tasks.o
 .text.vTaskMissedYield
                0x00000000       0x16 Free_RTOS/tasks.o
 .text.prvIdleTask
                0x00000000       0x14 Free_RTOS/tasks.o
 .text.prvInitialiseTCBVariables
                0x00000000       0xba Free_RTOS/tasks.o
 .text.prvInitialiseTaskLists
                0x00000000       0x7c Free_RTOS/tasks.o
 .text.prvCheckTasksWaitingTermination
                0x00000000       0x80 Free_RTOS/tasks.o
 .text.prvAddCurrentTaskToDelayedList
                0x00000000       0x96 Free_RTOS/tasks.o
 .text.prvAllocateTCBAndStack
                0x00000000       0x94 Free_RTOS/tasks.o
 .text.prvDeleteTCB
                0x00000000       0x30 Free_RTOS/tasks.o
 .text          0x00000000        0x0 Free_RTOS/timers.o
 .data          0x00000000        0x0 Free_RTOS/timers.o
 .bss           0x00000000        0x0 Free_RTOS/timers.o
 .debug_info    0x00000000       0x6b Free_RTOS/timers.o
 .debug_abbrev  0x00000000       0x26 Free_RTOS/timers.o
 .debug_aranges
                0x00000000       0x18 Free_RTOS/timers.o
 .debug_line    0x00000000       0x1a Free_RTOS/timers.o
 .debug_str     0x00000000      0x184 Free_RTOS/timers.o
 .comment       0x00000000       0x31 Free_RTOS/timers.o
 .text          0x00000000        0x0 main.o
 .data          0x00000000        0x0 main.o
 .bss           0x00000000        0x0 main.o
 .text          0x00000000        0x0 My_Tasks/Task.o
 .data          0x00000000        0x0 My_Tasks/Task.o
 .bss           0x00000000        0x0 My_Tasks/Task.o
 .debug_line    0x00000000        0x0 My_Tasks/Task.o
 .debug_str     0x00000000       0xf9 My_Tasks/Task.o
 .comment       0x00000000       0x31 My_Tasks/Task.o
 .text          0x00000000        0x0 spi/spi.o
 .data          0x00000000        0x0 spi/spi.o
 .bss           0x00000000        0x0 spi/spi.o
 .text.SPI_initSlave
                0x00000000       0x3a spi/spi.o
 .text.SPI_recieveByte
                0x00000000       0x24 spi/spi.o
 .text          0x00000000        0x0 UART/uart.o
 .data          0x00000000        0x0 UART/uart.o
 .bss           0x00000000        0x0 UART/uart.o
 .rodata        0x00000000        0x8 UART/uart.o
 .text.UART_Inti
                0x00000000       0x90 UART/uart.o
 .text.UART_Transmit
                0x00000000       0x36 UART/uart.o
 .text.UART_Reseive
                0x00000000       0x24 UART/uart.o
 .debug_info    0x00000000      0x14f UART/uart.o
 .debug_abbrev  0x00000000       0xa5 UART/uart.o
 .debug_loc     0x00000000       0xca UART/uart.o
 .debug_aranges
                0x00000000       0x30 UART/uart.o
 .debug_ranges  0x00000000       0x20 UART/uart.o
 .debug_line    0x00000000      0x107 UART/uart.o
 .debug_str     0x00000000      0x20b UART/uart.o
 .comment       0x00000000       0x31 UART/uart.o
 .debug_frame   0x00000000       0x74 UART/uart.o
 .text          0x00000000        0x0 c:/program files (x86)/atmel/studio/7.0/toolchain/avr8/avr8-gnu-toolchain/bin/../lib/gcc/avr/5.4.0/avr5\libgcc.a(_exit.o)
 .data          0x00000000        0x0 c:/program files (x86)/atmel/studio/7.0/toolchain/avr8/avr8-gnu-toolchain/bin/../lib/gcc/avr/5.4.0/avr5\libgcc.a(_exit.o)
 .bss           0x00000000        0x0 c:/program files (x86)/atmel/studio/7.0/toolchain/avr8/avr8-gnu-toolchain/bin/../lib/gcc/avr/5.4.0/avr5\libgcc.a(_exit.o)
 .text.libgcc.mul
                0x00000000        0x0 c:/program files (x86)/atmel/studio/7.0/toolchain/avr8/avr8-gnu-toolchain/bin/../lib/gcc/avr/5.4.0/avr5\libgcc.a(_exit.o)
 .text.libgcc.div
                0x00000000        0x0 c:/program files (x86)/atmel/studio/7.0/toolchain/avr8/avr8-gnu-toolchain/bin/../lib/gcc/avr/5.4.0/avr5\libgcc.a(_exit.o)
 .text.libgcc   0x00000000        0x0 c:/program files (x86)/atmel/studio/7.0/toolchain/avr8/avr8-gnu-toolchain/bin/../lib/gcc/avr/5.4.0/avr5\libgcc.a(_exit.o)
 .text.libgcc.prologue
                0x00000000        0x0 c:/program files (x86)/atmel/studio/7.0/toolchain/avr8/avr8-gnu-toolchain/bin/../lib/gcc/avr/5.4.0/avr5\libgcc.a(_exit.o)
 .text.libgcc.builtins
                0x00000000        0x0 c:/program files (x86)/atmel/studio/7.0/toolchain/avr8/avr8-gnu-toolchain/bin/../lib/gcc/avr/5.4.0/avr5\libgcc.a(_exit.o)
 .text.libgcc.fmul
                0x00000000        0x0 c:/program files (x86)/atmel/studio/7.0/toolchain/avr8/avr8-gnu-toolchain/bin/../lib/gcc/avr/5.4.0/avr5\libgcc.a(_exit.o)
 .text.libgcc.fixed
                0x00000000        0x0 c:/program files (x86)/atmel/studio/7.0/toolchain/avr8/avr8-gnu-toolchain/bin/../lib/gcc/avr/5.4.0/avr5\libgcc.a(_exit.o)
 .text          0x00000000        0x0 c:/program files (x86)/atmel/studio/7.0/toolchain/avr8/avr8-gnu-toolchain/bin/../lib/gcc/avr/5.4.0/avr5\libgcc.a(_copy_data.o)
 .data          0x00000000        0x0 c:/program files (x86)/atmel/studio/7.0/toolchain/avr8/avr8-gnu-toolchain/bin/../lib/gcc/avr/5.4.0/avr5\libgcc.a(_copy_data.o)
 .bss           0x00000000        0x0 c:/program files (x86)/atmel/studio/7.0/toolchain/avr8/avr8-gnu-toolchain/bin/../lib/gcc/avr/5.4.0/avr5\libgcc.a(_copy_data.o)
 .text.libgcc.mul
                0x00000000        0x0 c:/program files (x86)/atmel/studio/7.0/toolchain/avr8/avr8-gnu-toolchain/bin/../lib/gcc/avr/5.4.0/avr5\libgcc.a(_copy_data.o)
 .text.libgcc.div
                0x00000000        0x0 c:/program files (x86)/atmel/studio/7.0/toolchain/avr8/avr8-gnu-toolchain/bin/../lib/gcc/avr/5.4.0/avr5\libgcc.a(_copy_data.o)
 .text.libgcc   0x00000000        0x0 c:/program files (x86)/atmel/studio/7.0/toolchain/avr8/avr8-gnu-toolchain/bin/../lib/gcc/avr/5.4.0/avr5\libgcc.a(_copy_data.o)
 .text.libgcc.prologue
                0x00000000        0x0 c:/program files (x86)/atmel/studio/7.0/toolchain/avr8/avr8-gnu-toolchain/bin/../lib/gcc/avr/5.4.0/avr5\libgcc.a(_copy_data.o)
 .text.libgcc.builtins
                0x00000000        0x0 c:/program files (x86)/atmel/studio/7.0/toolchain/avr8/avr8-gnu-toolchain/bin/../lib/gcc/avr/5.4.0/avr5\libgcc.a(_copy_data.o)
 .text.libgcc.fmul
                0x00000000        0x0 c:/program files (x86)/atmel/studio/7.0/toolchain/avr8/avr8-gnu-toolchain/bin/../lib/gcc/avr/5.4.0/avr5\libgcc.a(_copy_data.o)
 .text.libgcc.fixed
                0x00000000        0x0 c:/program files (x86)/atmel/studio/7.0/toolchain/avr8/avr8-gnu-toolchain/bin/../lib/gcc/avr/5.4.0/avr5\libgcc.a(_copy_data.o)
 .text          0x00000000        0x0 c:/program files (x86)/atmel/studio/7.0/toolchain/avr8/avr8-gnu-toolchain/bin/../lib/gcc/avr/5.4.0/avr5\libgcc.a(_clear_bss.o)
 .data          0x00000000        0x0 c:/program files (x86)/atmel/studio/7.0/toolchain/avr8/avr8-gnu-toolchain/bin/../lib/gcc/avr/5.4.0/avr5\libgcc.a(_clear_bss.o)
 .bss           0x00000000        0x0 c:/program files (x86)/atmel/studio/7.0/toolchain/avr8/avr8-gnu-toolchain/bin/../lib/gcc/avr/5.4.0/avr5\libgcc.a(_clear_bss.o)
 .text.libgcc.mul
                0x00000000        0x0 c:/program files (x86)/atmel/studio/7.0/toolchain/avr8/avr8-gnu-toolchain/bin/../lib/gcc/avr/5.4.0/avr5\libgcc.a(_clear_bss.o)
 .text.libgcc.div
                0x00000000        0x0 c:/program files (x86)/atmel/studio/7.0/toolchain/avr8/avr8-gnu-toolchain/bin/../lib/gcc/avr/5.4.0/avr5\libgcc.a(_clear_bss.o)
 .text.libgcc   0x00000000        0x0 c:/program files (x86)/atmel/studio/7.0/toolchain/avr8/avr8-gnu-toolchain/bin/../lib/gcc/avr/5.4.0/avr5\libgcc.a(_clear_bss.o)
 .text.libgcc.prologue
                0x00000000        0x0 c:/program files (x86)/atmel/studio/7.0/toolchain/avr8/avr8-gnu-toolchain/bin/../lib/gcc/avr/5.4.0/avr5\libgcc.a(_clear_bss.o)
 .text.libgcc.builtins
                0x00000000        0x0 c:/program files (x86)/atmel/studio/7.0/toolchain/avr8/avr8-gnu-toolchain/bin/../lib/gcc/avr/5.4.0/avr5\libgcc.a(_clear_bss.o)
 .text.libgcc.fmul
                0x00000000        0x0 c:/program files (x86)/atmel/studio/7.0/toolchain/avr8/avr8-gnu-toolchain/bin/../lib/gcc/avr/5.4.0/avr5\libgcc.a(_clear_bss.o)
 .text.libgcc.fixed
                0x00000000        0x0 c:/program files (x86)/atmel/studio/7.0/toolchain/avr8/avr8-gnu-toolchain/bin/../lib/gcc/avr/5.4.0/avr5\libgcc.a(_clear_bss.o)
 .text          0x00000000        0x0 c:/program files (x86)/atmel/studio/7.0/toolchain/avr8/avr8-gnu-toolchain/bin/../lib/gcc/avr/5.4.0/../../../../avr/lib/avr5\libc.a(memcpy.o)
 .data          0x00000000        0x0 c:/program files (x86)/atmel/studio/7.0/toolchain/avr8/avr8-gnu-toolchain/bin/../lib/gcc/avr/5.4.0/../../../../avr/lib/avr5\libc.a(memcpy.o)
 .bss           0x00000000        0x0 c:/program files (x86)/atmel/studio/7.0/toolchain/avr8/avr8-gnu-toolchain/bin/../lib/gcc/avr/5.4.0/../../../../avr/lib/avr5\libc.a(memcpy.o)
 .text.avr-libc
                0x00000000       0x12 c:/program files (x86)/atmel/studio/7.0/toolchain/avr8/avr8-gnu-toolchain/bin/../lib/gcc/avr/5.4.0/../../../../avr/lib/avr5\libc.a(memcpy.o)
 .text          0x00000000        0x0 c:/program files (x86)/atmel/studio/7.0/toolchain/avr8/avr8-gnu-toolchain/bin/../lib/gcc/avr/5.4.0/../../../../avr/lib/avr5\libc.a(memset.o)
 .data          0x00000000        0x0 c:/program files (x86)/atmel/studio/7.0/toolchain/avr8/avr8-gnu-toolchain/bin/../lib/gcc/avr/5.4.0/../../../../avr/lib/avr5\libc.a(memset.o)
 .bss           0x00000000        0x0 c:/program files (x86)/atmel/studio/7.0/toolchain/avr8/avr8-gnu-toolchain/bin/../lib/gcc/avr/5.4.0/../../../../avr/lib/avr5\libc.a(memset.o)
 .text.avr-libc
                0x00000000        0xe c:/program files (x86)/atmel/studio/7.0/toolchain/avr8/avr8-gnu-toolchain/bin/../lib/gcc/avr/5.4.0/../../../../avr/lib/avr5\libc.a(memset.o)
 .text          0x00000000        0x0 c:/program files (x86)/atmel/studio/7.0/toolchain/avr8/avr8-gnu-toolchain/bin/../lib/gcc/avr/5.4.0/../../../../avr/lib/avr5\libc.a(strncpy.o)
 .data          0x00000000        0x0 c:/program files (x86)/atmel/studio/7.0/toolchain/avr8/avr8-gnu-toolchain/bin/../lib/gcc/avr/5.4.0/../../../../avr/lib/avr5\libc.a(strncpy.o)
 .bss           0x00000000        0x0 c:/program files (x86)/atmel/studio/7.0/toolchain/avr8/avr8-gnu-toolchain/bin/../lib/gcc/avr/5.4.0/../../../../avr/lib/avr5\libc.a(strncpy.o)
 .text.avr-libc
                0x00000000       0x1e c:/program files (x86)/atmel/studio/7.0/toolchain/avr8/avr8-gnu-toolchain/bin/../lib/gcc/avr/5.4.0/../../../../avr/lib/avr5\libc.a(strncpy.o)

Memory Configuration

Name             Origin             Length             Attributes
text             0x00000000         0x00020000         xr
data             0x00800060         0x0000ffa0         rw !x
eeprom           0x00810000         0x00010000         rw !x
fuse             0x00820000         0x00000002         rw !x
lock             0x00830000         0x00000400         rw !x
signature        0x00840000         0x00000400         rw !x
user_signatures  0x00850000         0x00000400         rw !x
*default*        0x00000000         0xffffffff

Linker script and memory map

LOAD C:/Program Files (x86)/Atmel/Studio/7.0/Packs/atmel/ATmega_DFP/1.2.209/gcc/dev/atmega32/avr5/crtatmega32.o
LOAD DIO/DIO.o
LOAD Free_RTOS/croutine.o
LOAD Free_RTOS/heap_1.o
LOAD Free_RTOS/list.o
LOAD Free_RTOS/port.o
LOAD Free_RTOS/queue.o
LOAD Free_RTOS/tasks.o
LOAD Free_RTOS/timers.o
LOAD main.o
LOAD My_Tasks/Task.o
LOAD spi/spi.o
LOAD UART/uart.o
START GROUP
LOAD c:/program files (x86)/atmel/studio/7.0/toolchain/avr8/avr8-gnu-toolchain/bin/../lib/gcc/avr/5.4.0/../../../../avr/lib/avr5\libm.a
END GROUP
START GROUP
LOAD c:/program files (x86)/atmel/studio/7.0/toolchain/avr8/avr8-gnu-toolchain/bin/../lib/gcc/avr/5.4.0/avr5\libgcc.a
LOAD c:/program files (x86)/atmel/studio/7.0/toolchain/avr8/avr8-gnu-toolchain/bin/../lib/gcc/avr/5.4.0/../../../../avr/lib/avr5\libm.a
LOAD c:/program files (x86)/atmel/studio/7.0/toolchain/avr8/avr8-gnu-toolchain/bin/../lib/gcc/avr/5.4.0/../../../../avr/lib/avr5\libc.a
LOAD C:/Program Files (x86)/Atmel/Studio/7.0/Packs/atmel/ATmega_DFP/1.2.209/gcc/dev/atmega32/avr5\libatmega32.a
END GROUP
                0x00020000                __TEXT_REGION_LENGTH__ = DEFINED (__TEXT_REGION_LENGTH__)?__TEXT_REGION_LENGTH__:0x20000
                0x0000ffa0                __DATA_REGION_LENGTH__ = DEFINED (__DATA_REGION_LENGTH__)?__DATA_REGION_LENGTH__:0xffa0
                0x00010000                __EEPROM_REGION_LENGTH__ = DEFINED (__EEPROM_REGION_LENGTH__)?__EEPROM_REGION_LENGTH__:0x10000
                [0x00000002]                __FUSE_REGION_LENGTH__ = DEFINED (__FUSE_REGION_LENGTH__)?__FUSE_REGION_LENGTH__:0x400
                0x00000400                __LOCK_REGION_LENGTH__ = DEFINED (__LOCK_REGION_LENGTH__)?__LOCK_REGION_LENGTH__:0x400
                0x00000400                __SIGNATURE_REGION_LENGTH__ = DEFINED (__SIGNATURE_REGION_LENGTH__)?__SIGNATURE_REGION_LENGTH__:0x400
                0x00000400                __USER_SIGNATURE_REGION_LENGTH__ = DEFINED (__USER_SIGNATURE_REGION_LENGTH__)?__USER_SIGNATURE_REGION_LENGTH__:0x400

.hash
 *(.hash)

.dynsym
 *(.dynsym)

.dynstr
 *(.dynstr)

.gnu.version
 *(.gnu.version)

.gnu.version_d
 *(.gnu.version_d)

.gnu.version_r
 *(.gnu.version_r)

.rel.init
 *(.rel.init)

.rela.init
 *(.rela.init)

.rel.text
 *(.rel.text)
 *(.rel.text.*)
 *(.rel.gnu.linkonce.t*)

.rela.text
 *(.rela.text)
 *(.rela.text.*)
 *(.rela.gnu.linkonce.t*)

.rel.fini
 *(.rel.fini)

.rela.fini
 *(.rela.fini)

.rel.rodata
 *(.rel.rodata)
 *(.rel.rodata.*)
 *(.rel.gnu.linkonce.r*)

.rela.rodata
 *(.rela.rodata)
 *(.rela.rodata.*)
 *(.rela.gnu.linkonce.r*)

.rel.data
 *(.rel.data)
 *(.rel.data.*)
 *(.rel.gnu.linkonce.d*)

.rela.data
 *(.rela.data)
 *(.rela.data.*)
 *(.rela.gnu.linkonce.d*)

.rel.ctors
 *(.rel.ctors)

.rela.ctors
 *(.rela.ctors)

.rel.dtors
 *(.rel.dtors)

.rela.dtors
 *(.rela.dtors)

.rel.got
 *(.rel.got)

.rela.got
 *(.rela.got)

.rel.bss
 *(.rel.bss)

.rela.bss
 *(.rela.bss)

.rel.plt
 *(.rel.plt)

.rela.plt
 *(.rela.plt)

.text           0x00000000      0x878
 *(.vectors)
 .vectors       0x00000000       0x54 C:/Program Files (x86)/Atmel/Studio/7.0/Packs/atmel/ATmega_DFP/1.2.209/gcc/dev/atmega32/avr5/crtatmega32.o
                0x00000000                __vector_default
                0x00000000                __vectors
 *(.vectors)
 *(.progmem.gcc*)
                0x00000054                . = ALIGN (0x2)
                0x00000054                __trampolines_start = .
 *(.trampolines)
 .trampolines   0x00000054        0x0 linker stubs
 *(.trampolines*)
                0x00000054                __trampolines_end = .
 *libprintf_flt.a:*(.progmem.data)
 *libc.a:*(.progmem.data)
 *(.progmem*)
                0x00000054                . = ALIGN (0x2)
 *(.jumptables)
 *(.jumptables*)
 *(.lowtext)
 *(.lowtext*)
                0x00000054                __ctors_start = .
 *(.ctors)
                0x00000054                __ctors_end = .
                0x00000054                __dtors_start = .
 *(.dtors)
                0x00000054                __dtors_end = .
 SORT(*)(.ctors)
 SORT(*)(.dtors)
 *(.init0)
 .init0         0x00000054        0x0 C:/Program Files (x86)/Atmel/Studio/7.0/Packs/atmel/ATmega_DFP/1.2.209/gcc/dev/atmega32/avr5/crtatmega32.o
                0x00000054                __init
 *(.init0)
 *(.init1)
 *(.init1)
 *(.init2)
 .init2         0x00000054        0xc C:/Program Files (x86)/Atmel/Studio/7.0/Packs/atmel/ATmega_DFP/1.2.209/gcc/dev/atmega32/avr5/crtatmega32.o
 *(.init2)
 *(.init3)
 *(.init3)
 *(.init4)
 .init4         0x00000060       0x16 c:/program files (x86)/atmel/studio/7.0/toolchain/avr8/avr8-gnu-toolchain/bin/../lib/gcc/avr/5.4.0/avr5\libgcc.a(_copy_data.o)
                0x00000060                __do_copy_data
 .init4         0x00000076       0x10 c:/program files (x86)/atmel/studio/7.0/toolchain/avr8/avr8-gnu-toolchain/bin/../lib/gcc/avr/5.4.0/avr5\libgcc.a(_clear_bss.o)
                0x00000076                __do_clear_bss
 *(.init4)
 *(.init5)
 *(.init5)
 *(.init6)
 *(.init6)
 *(.init7)
 *(.init7)
 *(.init8)
 *(.init8)
 *(.init9)
 .init9         0x00000086        0x8 C:/Program Files (x86)/Atmel/Studio/7.0/Packs/atmel/ATmega_DFP/1.2.209/gcc/dev/atmega32/avr5/crtatmega32.o
 *(.init9)
 *(.text)
 .text          0x0000008e        0x4 C:/Program Files (x86)/Atmel/Studio/7.0/Packs/atmel/ATmega_DFP/1.2.209/gcc/dev/atmega32/avr5/crtatmega32.o
                0x0000008e                __vector_1
                0x0000008e                __vector_12
                0x0000008e                __bad_interrupt
                0x0000008e                __vector_6
                0x0000008e                __vector_3
                0x0000008e                __vector_11
                0x0000008e                __vector_13
                0x0000008e                __vector_17
                0x0000008e                __vector_19
                0x0000008e                __vector_5
                0x0000008e                __vector_4
                0x0000008e                __vector_9
                0x0000008e                __vector_2
                0x0000008e                __vector_15
                0x0000008e                __vector_8
                0x0000008e                __vector_14
                0x0000008e                __vector_10
                0x0000008e                __vector_16
                0x0000008e                __vector_18
                0x0000008e                __vector_20
                0x00000092                . = ALIGN (0x2)
 *(.text.*)
 .text.DIO_ReadPin
                0x00000092       0xd8 DIO/DIO.o
                0x00000092                DIO_ReadPin
 .text.DIO_SetPinDirection
                0x0000016a      0x1b0 DIO/DIO.o
                0x0000016a                DIO_SetPinDirection
 .text.vListInsertEnd
                0x0000031a       0xb2 Free_RTOS/list.o
                0x0000031a                vListInsertEnd
 .text.vListRemove
                0x000003cc       0xa8 Free_RTOS/list.o
                0x000003cc                vListRemove
 .text.vPortYieldFromTick
                0x00000474       0xb8 Free_RTOS/port.o
                0x00000474                vPortYieldFromTick
 .text.__vector_7
                0x0000052c        0x8 Free_RTOS/port.o
                0x0000052c                __vector_7
 .text.vTaskIncrementTick
                0x00000534      0x1be Free_RTOS/tasks.o
                0x00000534                vTaskIncrementTick
 .text.vTaskSwitchContext
                0x000006f2       0xda Free_RTOS/tasks.o
                0x000006f2                vTaskSwitchContext
 .text.main     0x000007cc       0x40 main.o
                0x000007cc                main
 .text.SPI_initMaster
                0x0000080c       0x3a spi/spi.o
                0x0000080c                SPI_initMaster
 .text.SPI_sendByte
                0x00000846       0x2e spi/spi.o
                0x00000846                SPI_sendByte
                0x00000874                . = ALIGN (0x2)
 *(.fini9)
 .fini9         0x00000874        0x0 c:/program files (x86)/atmel/studio/7.0/toolchain/avr8/avr8-gnu-toolchain/bin/../lib/gcc/avr/5.4.0/avr5\libgcc.a(_exit.o)
                0x00000874                _exit
                0x00000874                exit
 *(.fini9)
 *(.fini8)
 *(.fini8)
 *(.fini7)
 *(.fini7)
 *(.fini6)
 *(.fini6)
 *(.fini5)
 *(.fini5)
 *(.fini4)
 *(.fini4)
 *(.fini3)
 *(.fini3)
 *(.fini2)
 *(.fini2)
 *(.fini1)
 *(.fini1)
 *(.fini0)
 .fini0         0x00000874        0x4 c:/program files (x86)/atmel/studio/7.0/toolchain/avr8/avr8-gnu-toolchain/bin/../lib/gcc/avr/5.4.0/avr5\libgcc.a(_exit.o)
 *(.fini0)
                0x00000878                _etext = .

.data           0x00800060        0x2 load address 0x00000878
                0x00800060                PROVIDE (__data_start, .)
 *(.data)
 *(.data*)
 .data.xNextTaskUnblockTime
                0x00800060        0x2 Free_RTOS/tasks.o
 *(.gnu.linkonce.d*)
 *(.rodata)
 *(.rodata*)
 *(.gnu.linkonce.r*)
                0x00800062                . = ALIGN (0x2)
                0x00800062                _edata = .
                0x00800062                PROVIDE (__data_end, .)

.bss            0x00800062       0x28
                0x00800062                PROVIDE (__bss_start, .)
 *(.bss)
 *(.bss*)
 .bss.pxCurrentTCB
                0x00800062        0x2 Free_RTOS/tasks.o
                0x00800062                pxCurrentTCB
 .bss.pxReadyTasksLists
                0x00800064       0x1b Free_RTOS/tasks.o
 .bss.pxDelayedTaskList
                0x0080007f        0x2 Free_RTOS/tasks.o
 .bss.pxOverflowDelayedTaskList
                0x00800081        0x2 Free_RTOS/tasks.o
 .bss.xTickCount
                0x00800083        0x2 Free_RTOS/tasks.o
 .bss.uxTopReadyPriority
                0x00800085        0x1 Free_RTOS/tasks.o
 .bss.uxSchedulerSuspended
                0x00800086        0x1 Free_RTOS/tasks.o
 .bss.uxMissedTicks
                0x00800087        0x1 Free_RTOS/tasks.o
 .bss.xMissedYield
                0x00800088        0x1 Free_RTOS/tasks.o
 .bss.xNumOfOverflows
                0x00800089        0x1 Free_RTOS/tasks.o
 *(COMMON)
                0x0080008a                PROVIDE (__bss_end, .)
                0x00000878                __data_load_start = LOADADDR (.data)
                0x0000087a                __data_load_end = (__data_load_start + SIZEOF (.data))

.noinit         0x0080008a        0x0
                [!provide]                PROVIDE (__noinit_start, .)
 *(.noinit*)
                [!provide]                PROVIDE (__noinit_end, .)
                0x0080008a                _end = .
                [!provide]                PROVIDE (__heap_start, .)

.eeprom         0x00810000        0x0
 *(.eeprom*)
                0x00810000                __eeprom_end = .

.fuse
 *(.fuse)
 *(.lfuse)
 *(.hfuse)
 *(.efuse)

.lock
 *(.lock*)

.signature
 *(.signature*)

.user_signatures
 *(.user_signatures*)

.stab
 *(.stab)

.stabstr
 *(.stabstr)

.stab.excl
 *(.stab.excl)

.stab.exclstr
 *(.stab.exclstr)

.stab.index
 *(.stab.index)

.stab.indexstr
 *(.stab.indexstr)

.comment        0x00000000       0x30
 *(.comment)
 .comment       0x00000000       0x30 DIO/DIO.o
                                 0x31 (size before relaxing)
 .comment       0x00000030       0x31 Free_RTOS/list.o
 .comment       0x00000030       0x31 Free_RTOS/port.o
 .comment       0x00000030       0x31 Free_RTOS/tasks.o
 .comment       0x00000030       0x31 main.o
 .comment       0x00000030       0x31 spi/spi.o

.note.gnu.avr.deviceinfo
                0x00000000       0x3c
 .note.gnu.avr.deviceinfo
                0x00000000       0x3c C:/Program Files (x86)/Atmel/Studio/7.0/Packs/atmel/ATmega_DFP/1.2.209/gcc/dev/atmega32/avr5/crtatmega32.o

.note.gnu.build-id
 *(.note.gnu.build-id)

.debug
 *(.debug)

.line
 *(.line)

.debug_srcinfo
 *(.debug_srcinfo)

.debug_sfnames
 *(.debug_sfnames)

.debug_aranges  0x00000000      0x1f8
 *(.debug_aranges)
 .debug_aranges
                0x00000000       0x30 DIO/DIO.o
 .debug_aranges
                0x00000030       0x40 Free_RTOS/list.o
 .debug_aranges
                0x00000070       0x50 Free_RTOS/port.o
 .debug_aranges
                0x000000c0       0xe0 Free_RTOS/tasks.o
 .debug_aranges
                0x000001a0       0x20 main.o
 .debug_aranges
                0x000001c0       0x38 spi/spi.o

.debug_pubnames
 *(.debug_pubnames)

.debug_info     0x00000000     0x16c2
 *(.debug_info .gnu.linkonce.wi.*)
 .debug_info    0x00000000      0x4e6 C:/Program Files (x86)/Atmel/Studio/7.0/Packs/atmel/ATmega_DFP/1.2.209/gcc/dev/atmega32/avr5/crtatmega32.o
 .debug_info    0x000004e6      0x104 DIO/DIO.o
 .debug_info    0x000005ea      0x2a1 Free_RTOS/list.o
 .debug_info    0x0000088b      0x1c8 Free_RTOS/port.o
 .debug_info    0x00000a53      0xae9 Free_RTOS/tasks.o
 .debug_info    0x0000153c       0x97 main.o
 .debug_info    0x000015d3       0xef spi/spi.o

.debug_abbrev   0x00000000      0x9a0
 *(.debug_abbrev)
 .debug_abbrev  0x00000000      0x4a3 C:/Program Files (x86)/Atmel/Studio/7.0/Packs/atmel/ATmega_DFP/1.2.209/gcc/dev/atmega32/avr5/crtatmega32.o
 .debug_abbrev  0x000004a3       0x8b DIO/DIO.o
 .debug_abbrev  0x0000052e       0xbe Free_RTOS/list.o
 .debug_abbrev  0x000005ec      0x104 Free_RTOS/port.o
 .debug_abbrev  0x000006f0      0x1d1 Free_RTOS/tasks.o
 .debug_abbrev  0x000008c1       0x44 main.o
 .debug_abbrev  0x00000905       0x9b spi/spi.o

.debug_line     0x00000000     0x135f
 *(.debug_line .debug_line.* .debug_line_end)
 .debug_line    0x00000000      0x115 C:/Program Files (x86)/Atmel/Studio/7.0/Packs/atmel/ATmega_DFP/1.2.209/gcc/dev/atmega32/avr5/crtatmega32.o
 .debug_line    0x00000115      0x23b DIO/DIO.o
 .debug_line    0x00000350      0x18c Free_RTOS/list.o
 .debug_line    0x000004dc      0x3df Free_RTOS/port.o
 .debug_line    0x000008bb      0x938 Free_RTOS/tasks.o
 .debug_line    0x000011f3       0x69 main.o
 .debug_line    0x0000125c      0x103 spi/spi.o

.debug_frame    0x00000000      0x64c
 *(.debug_frame)
 .debug_frame   0x00000000       0x74 DIO/DIO.o
 .debug_frame   0x00000074       0xb4 Free_RTOS/list.o
 .debug_frame   0x00000128       0xc4 Free_RTOS/port.o
 .debug_frame   0x000001ec      0x398 Free_RTOS/tasks.o
 .debug_frame   0x00000584       0x34 main.o
 .debug_frame   0x000005b8       0x94 spi/spi.o

.debug_str      0x00000000      0xb9a
 *(.debug_str)
 .debug_str     0x00000000      0x196 C:/Program Files (x86)/Atmel/Studio/7.0/Packs/atmel/ATmega_DFP/1.2.209/gcc/dev/atmega32/avr5/crtatmega32.o
 .debug_str     0x00000196      0x186 DIO/DIO.o
                                0x1ba (size before relaxing)
 .debug_str     0x0000031c      0x13f Free_RTOS/list.o
                                0x297 (size before relaxing)
 .debug_str     0x0000045b       0xfc Free_RTOS/port.o
                                0x26e (size before relaxing)
 .debug_str     0x00000557      0x598 Free_RTOS/tasks.o
                                0x7d7 (size before relaxing)
 .debug_str     0x00000aef       0x5f main.o
                                0x19c (size before relaxing)
 .debug_str     0x00000b4e       0x4c spi/spi.o
                                0x1cf (size before relaxing)

.debug_loc      0x00000000      0xc40
 *(.debug_loc)
 .debug_loc     0x00000000       0xd8 DIO/DIO.o
 .debug_loc     0x000000d8      0x167 Free_RTOS/list.o
 .debug_loc     0x0000023f      0x105 Free_RTOS/port.o
 .debug_loc     0x00000344      0x7c8 Free_RTOS/tasks.o
 .debug_loc     0x00000b0c       0x3b main.o
 .debug_loc     0x00000b47       0xf9 spi/spi.o

.debug_macinfo
 *(.debug_macinfo)

.debug_weaknames
 *(.debug_weaknames)

.debug_funcnames
 *(.debug_funcnames)

.debug_typenames
 *(.debug_typenames)

.debug_varnames
 *(.debug_varnames)

.debug_pubtypes
 *(.debug_pubtypes)

.debug_ranges   0x00000000      0x198
 *(.debug_ranges)
 .debug_ranges  0x00000000       0x20 DIO/DIO.o
 .debug_ranges  0x00000020       0x30 Free_RTOS/list.o
 .debug_ranges  0x00000050       0x40 Free_RTOS/port.o
 .debug_ranges  0x00000090       0xd0 Free_RTOS/tasks.o
 .debug_ranges  0x00000160       0x10 main.o
 .debug_ranges  0x00000170       0x28 spi/spi.o

.debug_macro
 *(.debug_macro)
OUTPUT(User_Story_1.elf elf32-avr)
LOAD linker stubs
