Archive member included to satisfy reference by file (symbol)

c:/program files (x86)/atmel/studio/7.0/toolchain/avr8/avr8-gnu-toolchain/bin/../lib/gcc/avr/5.4.0/../../../../avr/lib/avr5\libm.a(cmpsf2.o)
                              LCD/LCD.o (__ltsf2)
c:/program files (x86)/atmel/studio/7.0/toolchain/avr8/avr8-gnu-toolchain/bin/../lib/gcc/avr/5.4.0/../../../../avr/lib/avr5\libm.a(fixunssfsi.o)
                              LCD/LCD.o (__fixunssfsi)
c:/program files (x86)/atmel/studio/7.0/toolchain/avr8/avr8-gnu-toolchain/bin/../lib/gcc/avr/5.4.0/../../../../avr/lib/avr5\libm.a(floatsisf.o)
                              Manager.o (__floatsisf)
c:/program files (x86)/atmel/studio/7.0/toolchain/avr8/avr8-gnu-toolchain/bin/../lib/gcc/avr/5.4.0/../../../../avr/lib/avr5\libm.a(fp_cmp.o)
                              c:/program files (x86)/atmel/studio/7.0/toolchain/avr8/avr8-gnu-toolchain/bin/../lib/gcc/avr/5.4.0/../../../../avr/lib/avr5\libm.a(cmpsf2.o) (__fp_cmp)
c:/program files (x86)/atmel/studio/7.0/toolchain/avr8/avr8-gnu-toolchain/bin/../lib/gcc/avr/5.4.0/../../../../avr/lib/avr5\libm.a(fp_split3.o)
                              c:/program files (x86)/atmel/studio/7.0/toolchain/avr8/avr8-gnu-toolchain/bin/../lib/gcc/avr/5.4.0/../../../../avr/lib/avr5\libm.a(fixunssfsi.o) (__fp_splitA)
c:/program files (x86)/atmel/studio/7.0/toolchain/avr8/avr8-gnu-toolchain/bin/../lib/gcc/avr/5.4.0/../../../../avr/lib/avr5\libm.a(fp_zero.o)
                              c:/program files (x86)/atmel/studio/7.0/toolchain/avr8/avr8-gnu-toolchain/bin/../lib/gcc/avr/5.4.0/../../../../avr/lib/avr5\libm.a(fixunssfsi.o) (__fp_zero)
c:/program files (x86)/atmel/studio/7.0/toolchain/avr8/avr8-gnu-toolchain/bin/../lib/gcc/avr/5.4.0/../../../../avr/lib/avr5\libm.a(gesf2.o)
                              LCD/LCD.o (__gtsf2)
c:/program files (x86)/atmel/studio/7.0/toolchain/avr8/avr8-gnu-toolchain/bin/../lib/gcc/avr/5.4.0/../../../../avr/lib/avr5\libm.a(mulsf3.o)
                              LCD/LCD.o (__mulsf3)
c:/program files (x86)/atmel/studio/7.0/toolchain/avr8/avr8-gnu-toolchain/bin/../lib/gcc/avr/5.4.0/../../../../avr/lib/avr5\libm.a(mulsf3x.o)
                              c:/program files (x86)/atmel/studio/7.0/toolchain/avr8/avr8-gnu-toolchain/bin/../lib/gcc/avr/5.4.0/../../../../avr/lib/avr5\libm.a(mulsf3.o) (__mulsf3x)
c:/program files (x86)/atmel/studio/7.0/toolchain/avr8/avr8-gnu-toolchain/bin/../lib/gcc/avr/5.4.0/../../../../avr/lib/avr5\libm.a(fp_inf.o)
                              c:/program files (x86)/atmel/studio/7.0/toolchain/avr8/avr8-gnu-toolchain/bin/../lib/gcc/avr/5.4.0/../../../../avr/lib/avr5\libm.a(mulsf3x.o) (__fp_inf)
c:/program files (x86)/atmel/studio/7.0/toolchain/avr8/avr8-gnu-toolchain/bin/../lib/gcc/avr/5.4.0/../../../../avr/lib/avr5\libm.a(fp_nan.o)
                              c:/program files (x86)/atmel/studio/7.0/toolchain/avr8/avr8-gnu-toolchain/bin/../lib/gcc/avr/5.4.0/../../../../avr/lib/avr5\libm.a(mulsf3x.o) (__fp_nan)
c:/program files (x86)/atmel/studio/7.0/toolchain/avr8/avr8-gnu-toolchain/bin/../lib/gcc/avr/5.4.0/../../../../avr/lib/avr5\libm.a(fp_pscA.o)
                              c:/program files (x86)/atmel/studio/7.0/toolchain/avr8/avr8-gnu-toolchain/bin/../lib/gcc/avr/5.4.0/../../../../avr/lib/avr5\libm.a(mulsf3x.o) (__fp_pscA)
c:/program files (x86)/atmel/studio/7.0/toolchain/avr8/avr8-gnu-toolchain/bin/../lib/gcc/avr/5.4.0/../../../../avr/lib/avr5\libm.a(fp_pscB.o)
                              c:/program files (x86)/atmel/studio/7.0/toolchain/avr8/avr8-gnu-toolchain/bin/../lib/gcc/avr/5.4.0/../../../../avr/lib/avr5\libm.a(mulsf3x.o) (__fp_pscB)
c:/program files (x86)/atmel/studio/7.0/toolchain/avr8/avr8-gnu-toolchain/bin/../lib/gcc/avr/5.4.0/../../../../avr/lib/avr5\libm.a(fp_round.o)
                              c:/program files (x86)/atmel/studio/7.0/toolchain/avr8/avr8-gnu-toolchain/bin/../lib/gcc/avr/5.4.0/../../../../avr/lib/avr5\libm.a(mulsf3.o) (__fp_round)
c:/program files (x86)/atmel/studio/7.0/toolchain/avr8/avr8-gnu-toolchain/bin/../lib/gcc/avr/5.4.0/avr5\libgcc.a(_exit.o)
                              C:/Program Files (x86)/Atmel/Studio/7.0/Packs/atmel/ATmega_DFP/1.2.209/gcc/dev/atmega32/avr5/crtatmega32.o (exit)
c:/program files (x86)/atmel/studio/7.0/toolchain/avr8/avr8-gnu-toolchain/bin/../lib/gcc/avr/5.4.0/avr5\libgcc.a(_copy_data.o)
                              Free_RTOS/tasks.o (__do_copy_data)
c:/program files (x86)/atmel/studio/7.0/toolchain/avr8/avr8-gnu-toolchain/bin/../lib/gcc/avr/5.4.0/avr5\libgcc.a(_clear_bss.o)
                              Free_RTOS/croutine.o (__do_clear_bss)
c:/program files (x86)/atmel/studio/7.0/toolchain/avr8/avr8-gnu-toolchain/bin/../lib/gcc/avr/5.4.0/../../../../avr/lib/avr5\libc.a(memcpy.o)
                              Free_RTOS/queue.o (memcpy)
c:/program files (x86)/atmel/studio/7.0/toolchain/avr8/avr8-gnu-toolchain/bin/../lib/gcc/avr/5.4.0/../../../../avr/lib/avr5\libc.a(memset.o)
                              Free_RTOS/stream_buffer.o (memset)

Discarded input sections

 .data          0x00000000        0x0 C:/Program Files (x86)/Atmel/Studio/7.0/Packs/atmel/ATmega_DFP/1.2.209/gcc/dev/atmega32/avr5/crtatmega32.o
 .bss           0x00000000        0x0 C:/Program Files (x86)/Atmel/Studio/7.0/Packs/atmel/ATmega_DFP/1.2.209/gcc/dev/atmega32/avr5/crtatmega32.o
 .text          0x00000000        0x0 allignment.o
 .data          0x00000000        0x0 allignment.o
 .bss           0x00000000        0x0 allignment.o
 .text          0x00000000        0x0 DIO/DIO.o
 .data          0x00000000        0x0 DIO/DIO.o
 .bss           0x00000000        0x0 DIO/DIO.o
 .text.DIO_WritePin
                0x00000000      0x1b0 DIO/DIO.o
 .text          0x00000000        0x0 Free_RTOS/croutine.o
 .data          0x00000000        0x0 Free_RTOS/croutine.o
 .bss           0x00000000        0x0 Free_RTOS/croutine.o
 .bss.pxReadyCoRoutineLists
                0x00000000       0x12 Free_RTOS/croutine.o
 .bss.xDelayedCoRoutineList1
                0x00000000        0x9 Free_RTOS/croutine.o
 .bss.xDelayedCoRoutineList2
                0x00000000        0x9 Free_RTOS/croutine.o
 .bss.pxDelayedCoRoutineList
                0x00000000        0x2 Free_RTOS/croutine.o
 .bss.pxOverflowDelayedCoRoutineList
                0x00000000        0x2 Free_RTOS/croutine.o
 .bss.xPendingReadyCoRoutineList
                0x00000000        0x9 Free_RTOS/croutine.o
 .bss.pxCurrentCoRoutine
                0x00000000        0x2 Free_RTOS/croutine.o
 .bss.uxTopCoRoutineReadyPriority
                0x00000000        0x1 Free_RTOS/croutine.o
 .bss.xCoRoutineTickCount
                0x00000000        0x2 Free_RTOS/croutine.o
 .bss.xLastTickCount
                0x00000000        0x2 Free_RTOS/croutine.o
 .bss.xPassedTicks
                0x00000000        0x2 Free_RTOS/croutine.o
 .text.xCoRoutineCreate
                0x00000000      0x138 Free_RTOS/croutine.o
 .text.vCoRoutineAddToDelayedList
                0x00000000       0xca Free_RTOS/croutine.o
 .text.prvCheckPendingReadyList
                0x00000000       0x9a Free_RTOS/croutine.o
 .text.prvCheckDelayedList
                0x00000000      0x16e Free_RTOS/croutine.o
 .text.vCoRoutineSchedule
                0x00000000      0x10a Free_RTOS/croutine.o
 .text.prvInitialiseCoRoutineLists
                0x00000000       0x74 Free_RTOS/croutine.o
 .text.xCoRoutineRemoveFromEventList
                0x00000000       0x72 Free_RTOS/croutine.o
 .debug_info    0x00000000      0x4e0 Free_RTOS/croutine.o
 .debug_abbrev  0x00000000      0x189 Free_RTOS/croutine.o
 .debug_loc     0x00000000      0x1f7 Free_RTOS/croutine.o
 .debug_aranges
                0x00000000       0x50 Free_RTOS/croutine.o
 .debug_ranges  0x00000000       0x40 Free_RTOS/croutine.o
 .debug_line    0x00000000      0x3c3 Free_RTOS/croutine.o
 .debug_str     0x00000000      0x4db Free_RTOS/croutine.o
 .comment       0x00000000       0x31 Free_RTOS/croutine.o
 .debug_frame   0x00000000       0xf4 Free_RTOS/croutine.o
 .text          0x00000000        0x0 Free_RTOS/event_groups.o
 .data          0x00000000        0x0 Free_RTOS/event_groups.o
 .bss           0x00000000        0x0 Free_RTOS/event_groups.o
 .text.xEventGroupCreate
                0x00000000       0x40 Free_RTOS/event_groups.o
 .text.xEventGroupSync
                0x00000000      0x17a Free_RTOS/event_groups.o
 .text.xEventGroupWaitBits
                0x00000000      0x192 Free_RTOS/event_groups.o
 .text.xEventGroupClearBits
                0x00000000       0x72 Free_RTOS/event_groups.o
 .text.xEventGroupGetBitsFromISR
                0x00000000       0x46 Free_RTOS/event_groups.o
 .text.xEventGroupSetBits
                0x00000000      0x17a Free_RTOS/event_groups.o
 .text.vEventGroupDelete
                0x00000000       0x68 Free_RTOS/event_groups.o
 .text.vEventGroupSetBitsCallback
                0x00000000       0x3c Free_RTOS/event_groups.o
 .text.vEventGroupClearBitsCallback
                0x00000000       0x3c Free_RTOS/event_groups.o
 .text.prvTestWaitCondition
                0x00000000       0x64 Free_RTOS/event_groups.o
 .debug_info    0x00000000      0x666 Free_RTOS/event_groups.o
 .debug_abbrev  0x00000000      0x140 Free_RTOS/event_groups.o
 .debug_loc     0x00000000      0x2e5 Free_RTOS/event_groups.o
 .debug_aranges
                0x00000000       0x68 Free_RTOS/event_groups.o
 .debug_ranges  0x00000000       0x58 Free_RTOS/event_groups.o
 .debug_line    0x00000000      0x48e Free_RTOS/event_groups.o
 .debug_str     0x00000000      0x4e4 Free_RTOS/event_groups.o
 .comment       0x00000000       0x31 Free_RTOS/event_groups.o
 .debug_frame   0x00000000      0x160 Free_RTOS/event_groups.o
 .text          0x00000000        0x0 Free_RTOS/heap_1.o
 .data          0x00000000        0x0 Free_RTOS/heap_1.o
 .bss           0x00000000        0x0 Free_RTOS/heap_1.o
 .bss.ucHeap    0x00000000      0x3e8 Free_RTOS/heap_1.o
 .bss.xNextFreeByte
                0x00000000        0x2 Free_RTOS/heap_1.o
 .text.pvPortMalloc
                0x00000000       0xaa Free_RTOS/heap_1.o
 .text.vPortFree
                0x00000000       0x1a Free_RTOS/heap_1.o
 .text.vPortInitialiseBlocks
                0x00000000       0x18 Free_RTOS/heap_1.o
 .text.xPortGetFreeHeapSize
                0x00000000       0x22 Free_RTOS/heap_1.o
 .bss.pucAlignedHeap.2085
                0x00000000        0x2 Free_RTOS/heap_1.o
 .debug_info    0x00000000      0x170 Free_RTOS/heap_1.o
 .debug_abbrev  0x00000000       0xf0 Free_RTOS/heap_1.o
 .debug_loc     0x00000000      0x106 Free_RTOS/heap_1.o
 .debug_aranges
                0x00000000       0x38 Free_RTOS/heap_1.o
 .debug_ranges  0x00000000       0x28 Free_RTOS/heap_1.o
 .debug_line    0x00000000      0x1b7 Free_RTOS/heap_1.o
 .debug_str     0x00000000      0x20d Free_RTOS/heap_1.o
 .comment       0x00000000       0x31 Free_RTOS/heap_1.o
 .debug_frame   0x00000000       0x94 Free_RTOS/heap_1.o
 .text          0x00000000        0x0 Free_RTOS/list.o
 .data          0x00000000        0x0 Free_RTOS/list.o
 .bss           0x00000000        0x0 Free_RTOS/list.o
 .text.vListInitialise
                0x00000000       0x6c Free_RTOS/list.o
 .text.vListInitialiseItem
                0x00000000       0x24 Free_RTOS/list.o
 .text.vListInsert
                0x00000000       0xf0 Free_RTOS/list.o
 .text          0x00000000        0x0 Free_RTOS/main.o
 .data          0x00000000        0x0 Free_RTOS/main.o
 .bss           0x00000000        0x0 Free_RTOS/main.o
 .text          0x00000000        0x0 Free_RTOS/port.o
 .data          0x00000000        0x0 Free_RTOS/port.o
 .bss           0x00000000        0x0 Free_RTOS/port.o
 .text.pxPortInitialiseStack
                0x00000000      0x352 Free_RTOS/port.o
 .text.xPortStartScheduler
                0x00000000       0x6a Free_RTOS/port.o
 .text.vPortEndScheduler
                0x00000000       0x10 Free_RTOS/port.o
 .text.vPortYield
                0x00000000       0xb4 Free_RTOS/port.o
 .text.prvSetupTimerInterrupt
                0x00000000       0xc4 Free_RTOS/port.o
 .text          0x00000000        0x0 Free_RTOS/queue.o
 .data          0x00000000        0x0 Free_RTOS/queue.o
 .bss           0x00000000        0x0 Free_RTOS/queue.o
 .text.xQueueGenericReset
                0x00000000      0x126 Free_RTOS/queue.o
 .text.xQueueGenericCreate
                0x00000000       0xa0 Free_RTOS/queue.o
 .text.prvInitialiseNewQueue
                0x00000000       0x80 Free_RTOS/queue.o
 .text.xQueueCreateCountingSemaphore
                0x00000000       0x42 Free_RTOS/queue.o
 .text.xQueueGenericSend
                0x00000000      0x162 Free_RTOS/queue.o
 .text.xQueueGenericSendFromISR
                0x00000000       0xbe Free_RTOS/queue.o
 .text.xQueueGiveFromISR
                0x00000000       0xb4 Free_RTOS/queue.o
 .text.xQueueReceive
                0x00000000      0x162 Free_RTOS/queue.o
 .text.xQueueSemaphoreTake
                0x00000000      0x150 Free_RTOS/queue.o
 .text.xQueuePeek
                0x00000000      0x170 Free_RTOS/queue.o
 .text.xQueueReceiveFromISR
                0x00000000       0xbe Free_RTOS/queue.o
 .text.xQueuePeekFromISR
                0x00000000       0x78 Free_RTOS/queue.o
 .text.uxQueueMessagesWaiting
                0x00000000       0x32 Free_RTOS/queue.o
 .text.uxQueueSpacesAvailable
                0x00000000       0x4e Free_RTOS/queue.o
 .text.uxQueueMessagesWaitingFromISR
                0x00000000       0x36 Free_RTOS/queue.o
 .text.vQueueDelete
                0x00000000       0x30 Free_RTOS/queue.o
 .text.prvCopyDataToQueue
                0x00000000      0x176 Free_RTOS/queue.o
 .text.prvCopyDataFromQueue
                0x00000000       0xa2 Free_RTOS/queue.o
 .text.prvUnlockQueue
                0x00000000       0xbc Free_RTOS/queue.o
 .text.prvIsQueueEmpty
                0x00000000       0x3c Free_RTOS/queue.o
 .text.xQueueIsQueueEmptyFromISR
                0x00000000       0x40 Free_RTOS/queue.o
 .text.prvIsQueueFull
                0x00000000       0x44 Free_RTOS/queue.o
 .text.xQueueIsQueueFullFromISR
                0x00000000       0x48 Free_RTOS/queue.o
 .text.xQueueCRSend
                0x00000000       0xc2 Free_RTOS/queue.o
 .text.xQueueCRReceive
                0x00000000      0x132 Free_RTOS/queue.o
 .text.xQueueCRSendFromISR
                0x00000000       0x82 Free_RTOS/queue.o
 .text.xQueueCRReceiveFromISR
                0x00000000      0x108 Free_RTOS/queue.o
 .debug_info    0x00000000      0xe93 Free_RTOS/queue.o
 .debug_abbrev  0x00000000      0x1c1 Free_RTOS/queue.o
 .debug_loc     0x00000000      0x7bd Free_RTOS/queue.o
 .debug_aranges
                0x00000000       0xf0 Free_RTOS/queue.o
 .debug_ranges  0x00000000       0xe0 Free_RTOS/queue.o
 .debug_line    0x00000000      0xd1d Free_RTOS/queue.o
 .debug_str     0x00000000      0x74b Free_RTOS/queue.o
 .comment       0x00000000       0x31 Free_RTOS/queue.o
 .debug_frame   0x00000000      0x38c Free_RTOS/queue.o
 .text          0x00000000        0x0 Free_RTOS/stream_buffer.o
 .data          0x00000000        0x0 Free_RTOS/stream_buffer.o
 .bss           0x00000000        0x0 Free_RTOS/stream_buffer.o
 .text.xStreamBufferGenericCreate
                0x00000000       0x92 Free_RTOS/stream_buffer.o
 .text.vStreamBufferDelete
                0x00000000       0x56 Free_RTOS/stream_buffer.o
 .text.xStreamBufferReset
                0x00000000       0x9e Free_RTOS/stream_buffer.o
 .text.xStreamBufferSetTriggerLevel
                0x00000000       0x72 Free_RTOS/stream_buffer.o
 .text.xStreamBufferSpacesAvailable
                0x00000000       0x9e Free_RTOS/stream_buffer.o
 .text.xStreamBufferBytesAvailable
                0x00000000       0x3c Free_RTOS/stream_buffer.o
 .text.xStreamBufferSend
                0x00000000      0x19a Free_RTOS/stream_buffer.o
 .text.xStreamBufferSendFromISR
                0x00000000       0xfe Free_RTOS/stream_buffer.o
 .text.prvWriteMessageToBuffer
                0x00000000       0xcc Free_RTOS/stream_buffer.o
 .text.xStreamBufferReceive
                0x00000000      0x178 Free_RTOS/stream_buffer.o
 .text.xStreamBufferNextMessageLengthBytes
                0x00000000       0xa4 Free_RTOS/stream_buffer.o
 .text.xStreamBufferReceiveFromISR
                0x00000000       0xf2 Free_RTOS/stream_buffer.o
 .text.prvReadMessageFromBuffer
                0x00000000       0xd0 Free_RTOS/stream_buffer.o
 .text.xStreamBufferIsEmpty
                0x00000000       0x5e Free_RTOS/stream_buffer.o
 .text.xStreamBufferIsFull
                0x00000000       0x72 Free_RTOS/stream_buffer.o
 .text.xStreamBufferSendCompletedFromISR
                0x00000000       0x8a Free_RTOS/stream_buffer.o
 .text.xStreamBufferReceiveCompletedFromISR
                0x00000000       0x8a Free_RTOS/stream_buffer.o
 .text.prvWriteBytesToBuffer
                0x00000000      0x10e Free_RTOS/stream_buffer.o
 .text.prvReadBytesFromBuffer
                0x00000000      0x12e Free_RTOS/stream_buffer.o
 .text.prvBytesInBuffer
                0x00000000       0x86 Free_RTOS/stream_buffer.o
 .text.prvInitialiseNewStreamBuffer
                0x00000000       0x82 Free_RTOS/stream_buffer.o
 .debug_info    0x00000000      0xb69 Free_RTOS/stream_buffer.o
 .debug_abbrev  0x00000000      0x19a Free_RTOS/stream_buffer.o
 .debug_loc     0x00000000      0x76b Free_RTOS/stream_buffer.o
 .debug_aranges
                0x00000000       0xc0 Free_RTOS/stream_buffer.o
 .debug_ranges  0x00000000       0xb0 Free_RTOS/stream_buffer.o
 .debug_line    0x00000000      0x839 Free_RTOS/stream_buffer.o
 .debug_str     0x00000000      0x6d4 Free_RTOS/stream_buffer.o
 .comment       0x00000000       0x31 Free_RTOS/stream_buffer.o
 .debug_frame   0x00000000      0x35c Free_RTOS/stream_buffer.o
 .text          0x00000000        0x0 Free_RTOS/tasks.o
 .data          0x00000000        0x0 Free_RTOS/tasks.o
 .bss           0x00000000        0x0 Free_RTOS/tasks.o
 .bss.xDelayedTaskList1
                0x00000000        0x9 Free_RTOS/tasks.o
 .bss.xDelayedTaskList2
                0x00000000        0x9 Free_RTOS/tasks.o
 .bss.xPendingReadyList
                0x00000000        0x9 Free_RTOS/tasks.o
 .bss.xTasksWaitingTermination
                0x00000000        0x9 Free_RTOS/tasks.o
 .bss.uxDeletedTasksWaitingCleanUp
                0x00000000        0x1 Free_RTOS/tasks.o
 .bss.xSuspendedTaskList
                0x00000000        0x9 Free_RTOS/tasks.o
 .bss.uxCurrentNumberOfTasks
                0x00000000        0x1 Free_RTOS/tasks.o
 .bss.xSchedulerRunning
                0x00000000        0x1 Free_RTOS/tasks.o
 .bss.uxTaskNumber
                0x00000000        0x1 Free_RTOS/tasks.o
 .bss.xIdleTaskHandle
                0x00000000        0x2 Free_RTOS/tasks.o
 .text.xTaskCreate
                0x00000000       0xfa Free_RTOS/tasks.o
 .text.prvInitialiseNewTask
                0x00000000      0x196 Free_RTOS/tasks.o
 .text.prvAddNewTaskToReadyList
                0x00000000       0xfc Free_RTOS/tasks.o
 .text.vTaskDelete
                0x00000000       0xd2 Free_RTOS/tasks.o
 .text.vTaskDelayUntil
                0x00000000       0xf4 Free_RTOS/tasks.o
 .text.vTaskDelay
                0x00000000       0x46 Free_RTOS/tasks.o
 .text.vTaskPrioritySet
                0x00000000      0x182 Free_RTOS/tasks.o
 .text.vTaskSuspend
                0x00000000       0xda Free_RTOS/tasks.o
 .text.prvTaskIsTaskSuspended
                0x00000000       0x60 Free_RTOS/tasks.o
 .text.vTaskResume
                0x00000000       0xd0 Free_RTOS/tasks.o
 .text.xTaskResumeFromISR
                0x00000000       0xce Free_RTOS/tasks.o
 .rodata        0x00000000        0x5 Free_RTOS/tasks.o
 .text.vTaskStartScheduler
                0x00000000       0x6a Free_RTOS/tasks.o
 .text.vTaskEndScheduler
                0x00000000       0x1a Free_RTOS/tasks.o
 .text.vTaskSuspendAll
                0x00000000       0x1a Free_RTOS/tasks.o
 .text.xTaskResumeAll
                0x00000000      0x12e Free_RTOS/tasks.o
 .text.xTaskGetTickCount
                0x00000000       0x2e Free_RTOS/tasks.o
 .text.xTaskGetTickCountFromISR
                0x00000000       0x2a Free_RTOS/tasks.o
 .text.uxTaskGetNumberOfTasks
                0x00000000       0x12 Free_RTOS/tasks.o
 .text.pcTaskGetName
                0x00000000       0x3e Free_RTOS/tasks.o
 .text.vTaskPlaceOnEventList
                0x00000000       0x46 Free_RTOS/tasks.o
 .text.vTaskPlaceOnUnorderedEventList
                0x00000000       0x64 Free_RTOS/tasks.o
 .text.xTaskRemoveFromEventList
                0x00000000       0xda Free_RTOS/tasks.o
 .text.vTaskRemoveFromUnorderedEventList
                0x00000000       0xc8 Free_RTOS/tasks.o
 .text.vTaskSetTimeOutState
                0x00000000       0x42 Free_RTOS/tasks.o
 .text.vTaskInternalSetTimeOutState
                0x00000000       0x38 Free_RTOS/tasks.o
 .text.xTaskCheckForTimeOut
                0x00000000       0xe6 Free_RTOS/tasks.o
 .text.vTaskMissedYield
                0x00000000       0x16 Free_RTOS/tasks.o
 .text.prvIdleTask
                0x00000000       0x20 Free_RTOS/tasks.o
 .text.prvInitialiseTaskLists
                0x00000000       0x84 Free_RTOS/tasks.o
 .text.prvCheckTasksWaitingTermination
                0x00000000       0x62 Free_RTOS/tasks.o
 .text.prvDeleteTCB
                0x00000000       0x30 Free_RTOS/tasks.o
 .text.uxTaskResetEventItemValue
                0x00000000       0x54 Free_RTOS/tasks.o
 .text.ulTaskNotifyTake
                0x00000000       0xfa Free_RTOS/tasks.o
 .text.xTaskNotifyWait
                0x00000000      0x14c Free_RTOS/tasks.o
 .text.xTaskGenericNotify
                0x00000000      0x1c2 Free_RTOS/tasks.o
 .text.xTaskGenericNotifyFromISR
                0x00000000      0x1f6 Free_RTOS/tasks.o
 .text.vTaskNotifyGiveFromISR
                0x00000000      0x11a Free_RTOS/tasks.o
 .text.xTaskNotifyStateClear
                0x00000000       0x64 Free_RTOS/tasks.o
 .text.prvAddCurrentTaskToDelayedList
                0x00000000       0xf4 Free_RTOS/tasks.o
 .text          0x00000000        0x0 Free_RTOS/timers.o
 .data          0x00000000        0x0 Free_RTOS/timers.o
 .bss           0x00000000        0x0 Free_RTOS/timers.o
 .debug_info    0x00000000       0x64 Free_RTOS/timers.o
 .debug_abbrev  0x00000000       0x26 Free_RTOS/timers.o
 .debug_aranges
                0x00000000       0x18 Free_RTOS/timers.o
 .debug_line    0x00000000       0x1a Free_RTOS/timers.o
 .debug_str     0x00000000      0x17a Free_RTOS/timers.o
 .comment       0x00000000       0x31 Free_RTOS/timers.o
 .text          0x00000000        0x0 FSM.o
 .data          0x00000000        0x0 FSM.o
 .bss           0x00000000        0x0 FSM.o
 .text          0x00000000        0x0 LCD/LCD.o
 .data          0x00000000        0x0 LCD/LCD.o
 .bss           0x00000000        0x0 LCD/LCD.o
 .text.LCD_init
                0x00000000       0x58 LCD/LCD.o
 .text.LCD_sendCommand
                0x00000000      0x5f6 LCD/LCD.o
 .text.LCD_displayCharacter
                0x00000000      0x5f6 LCD/LCD.o
 .text.LCD_displayString
                0x00000000       0x54 LCD/LCD.o
 .text.LCD_clearScreen
                0x00000000       0x16 LCD/LCD.o
 .text.LCD_goToRowColumn
                0x00000000       0x44 LCD/LCD.o
 .text.LCD_displayStringRowColumn
                0x00000000       0x34 LCD/LCD.o
 .debug_info    0x00000000      0x63c LCD/LCD.o
 .debug_abbrev  0x00000000      0x14b LCD/LCD.o
 .debug_loc     0x00000000      0x212 LCD/LCD.o
 .debug_aranges
                0x00000000       0x50 LCD/LCD.o
 .debug_ranges  0x00000000       0x70 LCD/LCD.o
 .debug_line    0x00000000      0x5ab LCD/LCD.o
 .debug_str     0x00000000      0x260 LCD/LCD.o
 .comment       0x00000000       0x31 LCD/LCD.o
 .debug_frame   0x00000000      0x10c LCD/LCD.o
 .text          0x00000000        0x0 Manager.o
 .data          0x00000000        0x0 Manager.o
 .bss           0x00000000        0x0 Manager.o
 .text          0x00000000        0x0 My_Tasks/Task.o
 .data          0x00000000        0x0 My_Tasks/Task.o
 .bss           0x00000000        0x0 My_Tasks/Task.o
 .debug_line    0x00000000        0x0 My_Tasks/Task.o
 .debug_str     0x00000000      0x102 My_Tasks/Task.o
 .comment       0x00000000       0x31 My_Tasks/Task.o
 .text          0x00000000        0x0 spi/spi.o
 .data          0x00000000        0x0 spi/spi.o
 .bss           0x00000000        0x0 spi/spi.o
 .text.SPI_initSlave
                0x00000000       0x3a spi/spi.o
 .text.SPI_recieveByte
                0x00000000       0x24 spi/spi.o
 .text          0x00000000        0x0 UART/uart.o
 .data          0x00000000        0x0 UART/uart.o
 .bss           0x00000000        0x0 UART/uart.o
 .text.UART_Send_String
                0x00000000       0x4a UART/uart.o
 .text          0x00000000        0x0 c:/program files (x86)/atmel/studio/7.0/toolchain/avr8/avr8-gnu-toolchain/bin/../lib/gcc/avr/5.4.0/../../../../avr/lib/avr5\libm.a(cmpsf2.o)
 .data          0x00000000        0x0 c:/program files (x86)/atmel/studio/7.0/toolchain/avr8/avr8-gnu-toolchain/bin/../lib/gcc/avr/5.4.0/../../../../avr/lib/avr5\libm.a(cmpsf2.o)
 .bss           0x00000000        0x0 c:/program files (x86)/atmel/studio/7.0/toolchain/avr8/avr8-gnu-toolchain/bin/../lib/gcc/avr/5.4.0/../../../../avr/lib/avr5\libm.a(cmpsf2.o)
 .text.avr-libc.fplib
                0x00000000        0xa c:/program files (x86)/atmel/studio/7.0/toolchain/avr8/avr8-gnu-toolchain/bin/../lib/gcc/avr/5.4.0/../../../../avr/lib/avr5\libm.a(cmpsf2.o)
 .text          0x00000000        0x0 c:/program files (x86)/atmel/studio/7.0/toolchain/avr8/avr8-gnu-toolchain/bin/../lib/gcc/avr/5.4.0/../../../../avr/lib/avr5\libm.a(fixunssfsi.o)
 .data          0x00000000        0x0 c:/program files (x86)/atmel/studio/7.0/toolchain/avr8/avr8-gnu-toolchain/bin/../lib/gcc/avr/5.4.0/../../../../avr/lib/avr5\libm.a(fixunssfsi.o)
 .bss           0x00000000        0x0 c:/program files (x86)/atmel/studio/7.0/toolchain/avr8/avr8-gnu-toolchain/bin/../lib/gcc/avr/5.4.0/../../../../avr/lib/avr5\libm.a(fixunssfsi.o)
 .text          0x00000000        0x0 c:/program files (x86)/atmel/studio/7.0/toolchain/avr8/avr8-gnu-toolchain/bin/../lib/gcc/avr/5.4.0/../../../../avr/lib/avr5\libm.a(floatsisf.o)
 .data          0x00000000        0x0 c:/program files (x86)/atmel/studio/7.0/toolchain/avr8/avr8-gnu-toolchain/bin/../lib/gcc/avr/5.4.0/../../../../avr/lib/avr5\libm.a(floatsisf.o)
 .bss           0x00000000        0x0 c:/program files (x86)/atmel/studio/7.0/toolchain/avr8/avr8-gnu-toolchain/bin/../lib/gcc/avr/5.4.0/../../../../avr/lib/avr5\libm.a(floatsisf.o)
 .text          0x00000000        0x0 c:/program files (x86)/atmel/studio/7.0/toolchain/avr8/avr8-gnu-toolchain/bin/../lib/gcc/avr/5.4.0/../../../../avr/lib/avr5\libm.a(fp_cmp.o)
 .data          0x00000000        0x0 c:/program files (x86)/atmel/studio/7.0/toolchain/avr8/avr8-gnu-toolchain/bin/../lib/gcc/avr/5.4.0/../../../../avr/lib/avr5\libm.a(fp_cmp.o)
 .bss           0x00000000        0x0 c:/program files (x86)/atmel/studio/7.0/toolchain/avr8/avr8-gnu-toolchain/bin/../lib/gcc/avr/5.4.0/../../../../avr/lib/avr5\libm.a(fp_cmp.o)
 .text.avr-libc.fplib
                0x00000000       0x48 c:/program files (x86)/atmel/studio/7.0/toolchain/avr8/avr8-gnu-toolchain/bin/../lib/gcc/avr/5.4.0/../../../../avr/lib/avr5\libm.a(fp_cmp.o)
 .text          0x00000000        0x0 c:/program files (x86)/atmel/studio/7.0/toolchain/avr8/avr8-gnu-toolchain/bin/../lib/gcc/avr/5.4.0/../../../../avr/lib/avr5\libm.a(fp_split3.o)
 .data          0x00000000        0x0 c:/program files (x86)/atmel/studio/7.0/toolchain/avr8/avr8-gnu-toolchain/bin/../lib/gcc/avr/5.4.0/../../../../avr/lib/avr5\libm.a(fp_split3.o)
 .bss           0x00000000        0x0 c:/program files (x86)/atmel/studio/7.0/toolchain/avr8/avr8-gnu-toolchain/bin/../lib/gcc/avr/5.4.0/../../../../avr/lib/avr5\libm.a(fp_split3.o)
 .text          0x00000000        0x0 c:/program files (x86)/atmel/studio/7.0/toolchain/avr8/avr8-gnu-toolchain/bin/../lib/gcc/avr/5.4.0/../../../../avr/lib/avr5\libm.a(fp_zero.o)
 .data          0x00000000        0x0 c:/program files (x86)/atmel/studio/7.0/toolchain/avr8/avr8-gnu-toolchain/bin/../lib/gcc/avr/5.4.0/../../../../avr/lib/avr5\libm.a(fp_zero.o)
 .bss           0x00000000        0x0 c:/program files (x86)/atmel/studio/7.0/toolchain/avr8/avr8-gnu-toolchain/bin/../lib/gcc/avr/5.4.0/../../../../avr/lib/avr5\libm.a(fp_zero.o)
 .text          0x00000000        0x0 c:/program files (x86)/atmel/studio/7.0/toolchain/avr8/avr8-gnu-toolchain/bin/../lib/gcc/avr/5.4.0/../../../../avr/lib/avr5\libm.a(gesf2.o)
 .data          0x00000000        0x0 c:/program files (x86)/atmel/studio/7.0/toolchain/avr8/avr8-gnu-toolchain/bin/../lib/gcc/avr/5.4.0/../../../../avr/lib/avr5\libm.a(gesf2.o)
 .bss           0x00000000        0x0 c:/program files (x86)/atmel/studio/7.0/toolchain/avr8/avr8-gnu-toolchain/bin/../lib/gcc/avr/5.4.0/../../../../avr/lib/avr5\libm.a(gesf2.o)
 .text.avr-libc.fplib
                0x00000000        0xa c:/program files (x86)/atmel/studio/7.0/toolchain/avr8/avr8-gnu-toolchain/bin/../lib/gcc/avr/5.4.0/../../../../avr/lib/avr5\libm.a(gesf2.o)
 .text          0x00000000        0x0 c:/program files (x86)/atmel/studio/7.0/toolchain/avr8/avr8-gnu-toolchain/bin/../lib/gcc/avr/5.4.0/../../../../avr/lib/avr5\libm.a(mulsf3.o)
 .data          0x00000000        0x0 c:/program files (x86)/atmel/studio/7.0/toolchain/avr8/avr8-gnu-toolchain/bin/../lib/gcc/avr/5.4.0/../../../../avr/lib/avr5\libm.a(mulsf3.o)
 .bss           0x00000000        0x0 c:/program files (x86)/atmel/studio/7.0/toolchain/avr8/avr8-gnu-toolchain/bin/../lib/gcc/avr/5.4.0/../../../../avr/lib/avr5\libm.a(mulsf3.o)
 .text          0x00000000        0x0 c:/program files (x86)/atmel/studio/7.0/toolchain/avr8/avr8-gnu-toolchain/bin/../lib/gcc/avr/5.4.0/../../../../avr/lib/avr5\libm.a(mulsf3x.o)
 .data          0x00000000        0x0 c:/program files (x86)/atmel/studio/7.0/toolchain/avr8/avr8-gnu-toolchain/bin/../lib/gcc/avr/5.4.0/../../../../avr/lib/avr5\libm.a(mulsf3x.o)
 .bss           0x00000000        0x0 c:/program files (x86)/atmel/studio/7.0/toolchain/avr8/avr8-gnu-toolchain/bin/../lib/gcc/avr/5.4.0/../../../../avr/lib/avr5\libm.a(mulsf3x.o)
 .text          0x00000000        0x0 c:/program files (x86)/atmel/studio/7.0/toolchain/avr8/avr8-gnu-toolchain/bin/../lib/gcc/avr/5.4.0/../../../../avr/lib/avr5\libm.a(fp_inf.o)
 .data          0x00000000        0x0 c:/program files (x86)/atmel/studio/7.0/toolchain/avr8/avr8-gnu-toolchain/bin/../lib/gcc/avr/5.4.0/../../../../avr/lib/avr5\libm.a(fp_inf.o)
 .bss           0x00000000        0x0 c:/program files (x86)/atmel/studio/7.0/toolchain/avr8/avr8-gnu-toolchain/bin/../lib/gcc/avr/5.4.0/../../../../avr/lib/avr5\libm.a(fp_inf.o)
 .text          0x00000000        0x0 c:/program files (x86)/atmel/studio/7.0/toolchain/avr8/avr8-gnu-toolchain/bin/../lib/gcc/avr/5.4.0/../../../../avr/lib/avr5\libm.a(fp_nan.o)
 .data          0x00000000        0x0 c:/program files (x86)/atmel/studio/7.0/toolchain/avr8/avr8-gnu-toolchain/bin/../lib/gcc/avr/5.4.0/../../../../avr/lib/avr5\libm.a(fp_nan.o)
 .bss           0x00000000        0x0 c:/program files (x86)/atmel/studio/7.0/toolchain/avr8/avr8-gnu-toolchain/bin/../lib/gcc/avr/5.4.0/../../../../avr/lib/avr5\libm.a(fp_nan.o)
 .text          0x00000000        0x0 c:/program files (x86)/atmel/studio/7.0/toolchain/avr8/avr8-gnu-toolchain/bin/../lib/gcc/avr/5.4.0/../../../../avr/lib/avr5\libm.a(fp_pscA.o)
 .data          0x00000000        0x0 c:/program files (x86)/atmel/studio/7.0/toolchain/avr8/avr8-gnu-toolchain/bin/../lib/gcc/avr/5.4.0/../../../../avr/lib/avr5\libm.a(fp_pscA.o)
 .bss           0x00000000        0x0 c:/program files (x86)/atmel/studio/7.0/toolchain/avr8/avr8-gnu-toolchain/bin/../lib/gcc/avr/5.4.0/../../../../avr/lib/avr5\libm.a(fp_pscA.o)
 .text          0x00000000        0x0 c:/program files (x86)/atmel/studio/7.0/toolchain/avr8/avr8-gnu-toolchain/bin/../lib/gcc/avr/5.4.0/../../../../avr/lib/avr5\libm.a(fp_pscB.o)
 .data          0x00000000        0x0 c:/program files (x86)/atmel/studio/7.0/toolchain/avr8/avr8-gnu-toolchain/bin/../lib/gcc/avr/5.4.0/../../../../avr/lib/avr5\libm.a(fp_pscB.o)
 .bss           0x00000000        0x0 c:/program files (x86)/atmel/studio/7.0/toolchain/avr8/avr8-gnu-toolchain/bin/../lib/gcc/avr/5.4.0/../../../../avr/lib/avr5\libm.a(fp_pscB.o)
 .text          0x00000000        0x0 c:/program files (x86)/atmel/studio/7.0/toolchain/avr8/avr8-gnu-toolchain/bin/../lib/gcc/avr/5.4.0/../../../../avr/lib/avr5\libm.a(fp_round.o)
 .data          0x00000000        0x0 c:/program files (x86)/atmel/studio/7.0/toolchain/avr8/avr8-gnu-toolchain/bin/../lib/gcc/avr/5.4.0/../../../../avr/lib/avr5\libm.a(fp_round.o)
 .bss           0x00000000        0x0 c:/program files (x86)/atmel/studio/7.0/toolchain/avr8/avr8-gnu-toolchain/bin/../lib/gcc/avr/5.4.0/../../../../avr/lib/avr5\libm.a(fp_round.o)
 .text          0x00000000        0x0 c:/program files (x86)/atmel/studio/7.0/toolchain/avr8/avr8-gnu-toolchain/bin/../lib/gcc/avr/5.4.0/avr5\libgcc.a(_exit.o)
 .data          0x00000000        0x0 c:/program files (x86)/atmel/studio/7.0/toolchain/avr8/avr8-gnu-toolchain/bin/../lib/gcc/avr/5.4.0/avr5\libgcc.a(_exit.o)
 .bss           0x00000000        0x0 c:/program files (x86)/atmel/studio/7.0/toolchain/avr8/avr8-gnu-toolchain/bin/../lib/gcc/avr/5.4.0/avr5\libgcc.a(_exit.o)
 .text.libgcc.mul
                0x00000000        0x0 c:/program files (x86)/atmel/studio/7.0/toolchain/avr8/avr8-gnu-toolchain/bin/../lib/gcc/avr/5.4.0/avr5\libgcc.a(_exit.o)
 .text.libgcc.div
                0x00000000        0x0 c:/program files (x86)/atmel/studio/7.0/toolchain/avr8/avr8-gnu-toolchain/bin/../lib/gcc/avr/5.4.0/avr5\libgcc.a(_exit.o)
 .text.libgcc   0x00000000        0x0 c:/program files (x86)/atmel/studio/7.0/toolchain/avr8/avr8-gnu-toolchain/bin/../lib/gcc/avr/5.4.0/avr5\libgcc.a(_exit.o)
 .text.libgcc.prologue
                0x00000000        0x0 c:/program files (x86)/atmel/studio/7.0/toolchain/avr8/avr8-gnu-toolchain/bin/../lib/gcc/avr/5.4.0/avr5\libgcc.a(_exit.o)
 .text.libgcc.builtins
                0x00000000        0x0 c:/program files (x86)/atmel/studio/7.0/toolchain/avr8/avr8-gnu-toolchain/bin/../lib/gcc/avr/5.4.0/avr5\libgcc.a(_exit.o)
 .text.libgcc.fmul
                0x00000000        0x0 c:/program files (x86)/atmel/studio/7.0/toolchain/avr8/avr8-gnu-toolchain/bin/../lib/gcc/avr/5.4.0/avr5\libgcc.a(_exit.o)
 .text.libgcc.fixed
                0x00000000        0x0 c:/program files (x86)/atmel/studio/7.0/toolchain/avr8/avr8-gnu-toolchain/bin/../lib/gcc/avr/5.4.0/avr5\libgcc.a(_exit.o)
 .text          0x00000000        0x0 c:/program files (x86)/atmel/studio/7.0/toolchain/avr8/avr8-gnu-toolchain/bin/../lib/gcc/avr/5.4.0/avr5\libgcc.a(_copy_data.o)
 .data          0x00000000        0x0 c:/program files (x86)/atmel/studio/7.0/toolchain/avr8/avr8-gnu-toolchain/bin/../lib/gcc/avr/5.4.0/avr5\libgcc.a(_copy_data.o)
 .bss           0x00000000        0x0 c:/program files (x86)/atmel/studio/7.0/toolchain/avr8/avr8-gnu-toolchain/bin/../lib/gcc/avr/5.4.0/avr5\libgcc.a(_copy_data.o)
 .text.libgcc.mul
                0x00000000        0x0 c:/program files (x86)/atmel/studio/7.0/toolchain/avr8/avr8-gnu-toolchain/bin/../lib/gcc/avr/5.4.0/avr5\libgcc.a(_copy_data.o)
 .text.libgcc.div
                0x00000000        0x0 c:/program files (x86)/atmel/studio/7.0/toolchain/avr8/avr8-gnu-toolchain/bin/../lib/gcc/avr/5.4.0/avr5\libgcc.a(_copy_data.o)
 .text.libgcc   0x00000000        0x0 c:/program files (x86)/atmel/studio/7.0/toolchain/avr8/avr8-gnu-toolchain/bin/../lib/gcc/avr/5.4.0/avr5\libgcc.a(_copy_data.o)
 .text.libgcc.prologue
                0x00000000        0x0 c:/program files (x86)/atmel/studio/7.0/toolchain/avr8/avr8-gnu-toolchain/bin/../lib/gcc/avr/5.4.0/avr5\libgcc.a(_copy_data.o)
 .text.libgcc.builtins
                0x00000000        0x0 c:/program files (x86)/atmel/studio/7.0/toolchain/avr8/avr8-gnu-toolchain/bin/../lib/gcc/avr/5.4.0/avr5\libgcc.a(_copy_data.o)
 .text.libgcc.fmul
                0x00000000        0x0 c:/program files (x86)/atmel/studio/7.0/toolchain/avr8/avr8-gnu-toolchain/bin/../lib/gcc/avr/5.4.0/avr5\libgcc.a(_copy_data.o)
 .text.libgcc.fixed
                0x00000000        0x0 c:/program files (x86)/atmel/studio/7.0/toolchain/avr8/avr8-gnu-toolchain/bin/../lib/gcc/avr/5.4.0/avr5\libgcc.a(_copy_data.o)
 .text          0x00000000        0x0 c:/program files (x86)/atmel/studio/7.0/toolchain/avr8/avr8-gnu-toolchain/bin/../lib/gcc/avr/5.4.0/avr5\libgcc.a(_clear_bss.o)
 .data          0x00000000        0x0 c:/program files (x86)/atmel/studio/7.0/toolchain/avr8/avr8-gnu-toolchain/bin/../lib/gcc/avr/5.4.0/avr5\libgcc.a(_clear_bss.o)
 .bss           0x00000000        0x0 c:/program files (x86)/atmel/studio/7.0/toolchain/avr8/avr8-gnu-toolchain/bin/../lib/gcc/avr/5.4.0/avr5\libgcc.a(_clear_bss.o)
 .text.libgcc.mul
                0x00000000        0x0 c:/program files (x86)/atmel/studio/7.0/toolchain/avr8/avr8-gnu-toolchain/bin/../lib/gcc/avr/5.4.0/avr5\libgcc.a(_clear_bss.o)
 .text.libgcc.div
                0x00000000        0x0 c:/program files (x86)/atmel/studio/7.0/toolchain/avr8/avr8-gnu-toolchain/bin/../lib/gcc/avr/5.4.0/avr5\libgcc.a(_clear_bss.o)
 .text.libgcc   0x00000000        0x0 c:/program files (x86)/atmel/studio/7.0/toolchain/avr8/avr8-gnu-toolchain/bin/../lib/gcc/avr/5.4.0/avr5\libgcc.a(_clear_bss.o)
 .text.libgcc.prologue
                0x00000000        0x0 c:/program files (x86)/atmel/studio/7.0/toolchain/avr8/avr8-gnu-toolchain/bin/../lib/gcc/avr/5.4.0/avr5\libgcc.a(_clear_bss.o)
 .text.libgcc.builtins
                0x00000000        0x0 c:/program files (x86)/atmel/studio/7.0/toolchain/avr8/avr8-gnu-toolchain/bin/../lib/gcc/avr/5.4.0/avr5\libgcc.a(_clear_bss.o)
 .text.libgcc.fmul
                0x00000000        0x0 c:/program files (x86)/atmel/studio/7.0/toolchain/avr8/avr8-gnu-toolchain/bin/../lib/gcc/avr/5.4.0/avr5\libgcc.a(_clear_bss.o)
 .text.libgcc.fixed
                0x00000000        0x0 c:/program files (x86)/atmel/studio/7.0/toolchain/avr8/avr8-gnu-toolchain/bin/../lib/gcc/avr/5.4.0/avr5\libgcc.a(_clear_bss.o)
 .text          0x00000000        0x0 c:/program files (x86)/atmel/studio/7.0/toolchain/avr8/avr8-gnu-toolchain/bin/../lib/gcc/avr/5.4.0/../../../../avr/lib/avr5\libc.a(memcpy.o)
 .data          0x00000000        0x0 c:/program files (x86)/atmel/studio/7.0/toolchain/avr8/avr8-gnu-toolchain/bin/../lib/gcc/avr/5.4.0/../../../../avr/lib/avr5\libc.a(memcpy.o)
 .bss           0x00000000        0x0 c:/program files (x86)/atmel/studio/7.0/toolchain/avr8/avr8-gnu-toolchain/bin/../lib/gcc/avr/5.4.0/../../../../avr/lib/avr5\libc.a(memcpy.o)
 .text.avr-libc
                0x00000000       0x12 c:/program files (x86)/atmel/studio/7.0/toolchain/avr8/avr8-gnu-toolchain/bin/../lib/gcc/avr/5.4.0/../../../../avr/lib/avr5\libc.a(memcpy.o)
 .text          0x00000000        0x0 c:/program files (x86)/atmel/studio/7.0/toolchain/avr8/avr8-gnu-toolchain/bin/../lib/gcc/avr/5.4.0/../../../../avr/lib/avr5\libc.a(memset.o)
 .data          0x00000000        0x0 c:/program files (x86)/atmel/studio/7.0/toolchain/avr8/avr8-gnu-toolchain/bin/../lib/gcc/avr/5.4.0/../../../../avr/lib/avr5\libc.a(memset.o)
 .bss           0x00000000        0x0 c:/program files (x86)/atmel/studio/7.0/toolchain/avr8/avr8-gnu-toolchain/bin/../lib/gcc/avr/5.4.0/../../../../avr/lib/avr5\libc.a(memset.o)
 .text.avr-libc
                0x00000000        0xe c:/program files (x86)/atmel/studio/7.0/toolchain/avr8/avr8-gnu-toolchain/bin/../lib/gcc/avr/5.4.0/../../../../avr/lib/avr5\libc.a(memset.o)

Memory Configuration

Name             Origin             Length             Attributes
text             0x00000000         0x00020000         xr
data             0x00800060         0x0000ffa0         rw !x
eeprom           0x00810000         0x00010000         rw !x
fuse             0x00820000         0x00000002         rw !x
lock             0x00830000         0x00000400         rw !x
signature        0x00840000         0x00000400         rw !x
user_signatures  0x00850000         0x00000400         rw !x
*default*        0x00000000         0xffffffff

Linker script and memory map

LOAD C:/Program Files (x86)/Atmel/Studio/7.0/Packs/atmel/ATmega_DFP/1.2.209/gcc/dev/atmega32/avr5/crtatmega32.o
LOAD allignment.o
LOAD DIO/DIO.o
LOAD Free_RTOS/croutine.o
LOAD Free_RTOS/event_groups.o
LOAD Free_RTOS/heap_1.o
LOAD Free_RTOS/list.o
LOAD Free_RTOS/main.o
LOAD Free_RTOS/port.o
LOAD Free_RTOS/queue.o
LOAD Free_RTOS/stream_buffer.o
LOAD Free_RTOS/tasks.o
LOAD Free_RTOS/timers.o
LOAD FSM.o
LOAD LCD/LCD.o
LOAD Manager.o
LOAD My_Tasks/Task.o
LOAD spi/spi.o
LOAD UART/uart.o
START GROUP
LOAD c:/program files (x86)/atmel/studio/7.0/toolchain/avr8/avr8-gnu-toolchain/bin/../lib/gcc/avr/5.4.0/../../../../avr/lib/avr5\libm.a
END GROUP
START GROUP
LOAD c:/program files (x86)/atmel/studio/7.0/toolchain/avr8/avr8-gnu-toolchain/bin/../lib/gcc/avr/5.4.0/avr5\libgcc.a
LOAD c:/program files (x86)/atmel/studio/7.0/toolchain/avr8/avr8-gnu-toolchain/bin/../lib/gcc/avr/5.4.0/../../../../avr/lib/avr5\libm.a
LOAD c:/program files (x86)/atmel/studio/7.0/toolchain/avr8/avr8-gnu-toolchain/bin/../lib/gcc/avr/5.4.0/../../../../avr/lib/avr5\libc.a
LOAD C:/Program Files (x86)/Atmel/Studio/7.0/Packs/atmel/ATmega_DFP/1.2.209/gcc/dev/atmega32/avr5\libatmega32.a
END GROUP
                0x00020000                __TEXT_REGION_LENGTH__ = DEFINED (__TEXT_REGION_LENGTH__)?__TEXT_REGION_LENGTH__:0x20000
                0x0000ffa0                __DATA_REGION_LENGTH__ = DEFINED (__DATA_REGION_LENGTH__)?__DATA_REGION_LENGTH__:0xffa0
                0x00010000                __EEPROM_REGION_LENGTH__ = DEFINED (__EEPROM_REGION_LENGTH__)?__EEPROM_REGION_LENGTH__:0x10000
                [0x00000002]                __FUSE_REGION_LENGTH__ = DEFINED (__FUSE_REGION_LENGTH__)?__FUSE_REGION_LENGTH__:0x400
                0x00000400                __LOCK_REGION_LENGTH__ = DEFINED (__LOCK_REGION_LENGTH__)?__LOCK_REGION_LENGTH__:0x400
                0x00000400                __SIGNATURE_REGION_LENGTH__ = DEFINED (__SIGNATURE_REGION_LENGTH__)?__SIGNATURE_REGION_LENGTH__:0x400
                0x00000400                __USER_SIGNATURE_REGION_LENGTH__ = DEFINED (__USER_SIGNATURE_REGION_LENGTH__)?__USER_SIGNATURE_REGION_LENGTH__:0x400

.hash
 *(.hash)

.dynsym
 *(.dynsym)

.dynstr
 *(.dynstr)

.gnu.version
 *(.gnu.version)

.gnu.version_d
 *(.gnu.version_d)

.gnu.version_r
 *(.gnu.version_r)

.rel.init
 *(.rel.init)

.rela.init
 *(.rela.init)

.rel.text
 *(.rel.text)
 *(.rel.text.*)
 *(.rel.gnu.linkonce.t*)

.rela.text
 *(.rela.text)
 *(.rela.text.*)
 *(.rela.gnu.linkonce.t*)

.rel.fini
 *(.rel.fini)

.rela.fini
 *(.rela.fini)

.rel.rodata
 *(.rel.rodata)
 *(.rel.rodata.*)
 *(.rel.gnu.linkonce.r*)

.rela.rodata
 *(.rela.rodata)
 *(.rela.rodata.*)
 *(.rela.gnu.linkonce.r*)

.rel.data
 *(.rel.data)
 *(.rel.data.*)
 *(.rel.gnu.linkonce.d*)

.rela.data
 *(.rela.data)
 *(.rela.data.*)
 *(.rela.gnu.linkonce.d*)

.rel.ctors
 *(.rel.ctors)

.rela.ctors
 *(.rela.ctors)

.rel.dtors
 *(.rel.dtors)

.rela.dtors
 *(.rela.dtors)

.rel.got
 *(.rel.got)

.rela.got
 *(.rela.got)

.rel.bss
 *(.rel.bss)

.rela.bss
 *(.rela.bss)

.rel.plt
 *(.rel.plt)

.rela.plt
 *(.rela.plt)

.text           0x00000000      0xdba
 *(.vectors)
 .vectors       0x00000000       0x54 C:/Program Files (x86)/Atmel/Studio/7.0/Packs/atmel/ATmega_DFP/1.2.209/gcc/dev/atmega32/avr5/crtatmega32.o
                0x00000000                __vector_default
                0x00000000                __vectors
 *(.vectors)
 *(.progmem.gcc*)
                0x00000054                . = ALIGN (0x2)
                0x00000054                __trampolines_start = .
 *(.trampolines)
 .trampolines   0x00000054        0x0 linker stubs
 *(.trampolines*)
                0x00000054                __trampolines_end = .
 *libprintf_flt.a:*(.progmem.data)
 *libc.a:*(.progmem.data)
 *(.progmem*)
                0x00000054                . = ALIGN (0x2)
 *(.jumptables)
 *(.jumptables*)
 *(.lowtext)
 *(.lowtext*)
                0x00000054                __ctors_start = .
 *(.ctors)
                0x00000054                __ctors_end = .
                0x00000054                __dtors_start = .
 *(.dtors)
                0x00000054                __dtors_end = .
 SORT(*)(.ctors)
 SORT(*)(.dtors)
 *(.init0)
 .init0         0x00000054        0x0 C:/Program Files (x86)/Atmel/Studio/7.0/Packs/atmel/ATmega_DFP/1.2.209/gcc/dev/atmega32/avr5/crtatmega32.o
                0x00000054                __init
 *(.init0)
 *(.init1)
 *(.init1)
 *(.init2)
 .init2         0x00000054        0xc C:/Program Files (x86)/Atmel/Studio/7.0/Packs/atmel/ATmega_DFP/1.2.209/gcc/dev/atmega32/avr5/crtatmega32.o
 *(.init2)
 *(.init3)
 *(.init3)
 *(.init4)
 .init4         0x00000060       0x16 c:/program files (x86)/atmel/studio/7.0/toolchain/avr8/avr8-gnu-toolchain/bin/../lib/gcc/avr/5.4.0/avr5\libgcc.a(_copy_data.o)
                0x00000060                __do_copy_data
 .init4         0x00000076       0x10 c:/program files (x86)/atmel/studio/7.0/toolchain/avr8/avr8-gnu-toolchain/bin/../lib/gcc/avr/5.4.0/avr5\libgcc.a(_clear_bss.o)
                0x00000076                __do_clear_bss
 *(.init4)
 *(.init5)
 *(.init5)
 *(.init6)
 *(.init6)
 *(.init7)
 *(.init7)
 *(.init8)
 *(.init8)
 *(.init9)
 .init9         0x00000086        0x8 C:/Program Files (x86)/Atmel/Studio/7.0/Packs/atmel/ATmega_DFP/1.2.209/gcc/dev/atmega32/avr5/crtatmega32.o
 *(.init9)
 *(.text)
 .text          0x0000008e        0x4 C:/Program Files (x86)/Atmel/Studio/7.0/Packs/atmel/ATmega_DFP/1.2.209/gcc/dev/atmega32/avr5/crtatmega32.o
                0x0000008e                __vector_1
                0x0000008e                __vector_12
                0x0000008e                __bad_interrupt
                0x0000008e                __vector_6
                0x0000008e                __vector_3
                0x0000008e                __vector_11
                0x0000008e                __vector_13
                0x0000008e                __vector_17
                0x0000008e                __vector_19
                0x0000008e                __vector_5
                0x0000008e                __vector_4
                0x0000008e                __vector_9
                0x0000008e                __vector_2
                0x0000008e                __vector_15
                0x0000008e                __vector_8
                0x0000008e                __vector_14
                0x0000008e                __vector_10
                0x0000008e                __vector_16
                0x0000008e                __vector_18
                0x0000008e                __vector_20
                0x00000092                . = ALIGN (0x2)
 *(.text.*)
 .text.Allignment_Task
                0x00000092       0xde allignment.o
                0x00000092                Allignment_Task
 .text.DIO_ReadPin
                0x00000170       0xc4 DIO/DIO.o
                0x00000170                DIO_ReadPin
 .text.DIO_SetPinDirection
                0x00000234      0x1b0 DIO/DIO.o
                0x00000234                DIO_SetPinDirection
 .text.vListInsertEnd
                0x000003e4       0x9e Free_RTOS/list.o
                0x000003e4                vListInsertEnd
 .text.uxListRemove
                0x00000482       0xae Free_RTOS/list.o
                0x00000482                uxListRemove
 .text.main     0x00000530       0x26 Free_RTOS/main.o
                0x00000530                main
 .text.vPortYieldFromTick
                0x00000556       0xb8 Free_RTOS/port.o
                0x00000556                vPortYieldFromTick
 .text.__vector_7
                0x0000060e        0x8 Free_RTOS/port.o
                0x0000060e                __vector_7
 .text.xTaskIncrementTick
                0x00000616      0x1da Free_RTOS/tasks.o
                0x00000616                xTaskIncrementTick
 .text.vTaskSwitchContext
                0x000007f0       0xe8 Free_RTOS/tasks.o
                0x000007f0                vTaskSwitchContext
 .text.prvResetNextTaskUnblockTime
                0x000008d8       0x5e Free_RTOS/tasks.o
 .text.FSM      0x00000936       0x6c FSM.o
                0x00000936                FSM
 .text.Get_Distance
                0x000009a2       0x5a Manager.o
                0x000009a2                Get_Distance
 .text.SPI_initMaster
                0x000009fc       0x3a spi/spi.o
                0x000009fc                SPI_initMaster
 .text.SPI_sendByte
                0x00000a36       0x2e spi/spi.o
                0x00000a36                SPI_sendByte
 .text.UART_Inti
                0x00000a64       0x90 UART/uart.o
                0x00000a64                UART_Inti
 .text.UART_Transmit
                0x00000af4       0x3c UART/uart.o
                0x00000af4                UART_Transmit
 .text.UART_Reseive
                0x00000b30       0x32 UART/uart.o
                0x00000b30                UART_Reseive
 .text.avr-libc.fplib
                0x00000b62       0x5e c:/program files (x86)/atmel/studio/7.0/toolchain/avr8/avr8-gnu-toolchain/bin/../lib/gcc/avr/5.4.0/../../../../avr/lib/avr5\libm.a(fixunssfsi.o)
                0x00000b62                __fixunssfsi
 .text.avr-libc.fplib
                0x00000bc0       0x7a c:/program files (x86)/atmel/studio/7.0/toolchain/avr8/avr8-gnu-toolchain/bin/../lib/gcc/avr/5.4.0/../../../../avr/lib/avr5\libm.a(floatsisf.o)
                0x00000bc0                __floatunsisf
                0x00000bc4                __floatsisf
 .text.avr-libc.fplib
                0x00000c3a       0x44 c:/program files (x86)/atmel/studio/7.0/toolchain/avr8/avr8-gnu-toolchain/bin/../lib/gcc/avr/5.4.0/../../../../avr/lib/avr5\libm.a(fp_split3.o)
                0x00000c3a                __fp_split3
                0x00000c4a                __fp_splitA
 .text.avr-libc.fplib
                0x00000c7e        0xe c:/program files (x86)/atmel/studio/7.0/toolchain/avr8/avr8-gnu-toolchain/bin/../lib/gcc/avr/5.4.0/../../../../avr/lib/avr5\libm.a(fp_zero.o)
                0x00000c7e                __fp_zero
                0x00000c80                __fp_szero
 .text.avr-libc.fplib
                0x00000c8c        0x8 c:/program files (x86)/atmel/studio/7.0/toolchain/avr8/avr8-gnu-toolchain/bin/../lib/gcc/avr/5.4.0/../../../../avr/lib/avr5\libm.a(mulsf3.o)
                0x00000c8c                __mulsf3
 .text.avr-libc.fplib
                0x00000c94       0xd2 c:/program files (x86)/atmel/studio/7.0/toolchain/avr8/avr8-gnu-toolchain/bin/../lib/gcc/avr/5.4.0/../../../../avr/lib/avr5\libm.a(mulsf3x.o)
                0x00000cb2                __mulsf3x
                0x00000cb8                __mulsf3_pse
 .text.avr-libc.fplib
                0x00000d66        0xc c:/program files (x86)/atmel/studio/7.0/toolchain/avr8/avr8-gnu-toolchain/bin/../lib/gcc/avr/5.4.0/../../../../avr/lib/avr5\libm.a(fp_inf.o)
                0x00000d66                __fp_inf
 .text.avr-libc.fplib
                0x00000d72        0x6 c:/program files (x86)/atmel/studio/7.0/toolchain/avr8/avr8-gnu-toolchain/bin/../lib/gcc/avr/5.4.0/../../../../avr/lib/avr5\libm.a(fp_nan.o)
                0x00000d72                __fp_nan
 .text.avr-libc.fplib
                0x00000d78        0xe c:/program files (x86)/atmel/studio/7.0/toolchain/avr8/avr8-gnu-toolchain/bin/../lib/gcc/avr/5.4.0/../../../../avr/lib/avr5\libm.a(fp_pscA.o)
                0x00000d78                __fp_pscA
 .text.avr-libc.fplib
                0x00000d86        0xe c:/program files (x86)/atmel/studio/7.0/toolchain/avr8/avr8-gnu-toolchain/bin/../lib/gcc/avr/5.4.0/../../../../avr/lib/avr5\libm.a(fp_pscB.o)
                0x00000d86                __fp_pscB
 .text.avr-libc.fplib
                0x00000d94       0x22 c:/program files (x86)/atmel/studio/7.0/toolchain/avr8/avr8-gnu-toolchain/bin/../lib/gcc/avr/5.4.0/../../../../avr/lib/avr5\libm.a(fp_round.o)
                0x00000d94                __fp_round
                0x00000db6                . = ALIGN (0x2)
 *(.fini9)
 .fini9         0x00000db6        0x0 c:/program files (x86)/atmel/studio/7.0/toolchain/avr8/avr8-gnu-toolchain/bin/../lib/gcc/avr/5.4.0/avr5\libgcc.a(_exit.o)
                0x00000db6                _exit
                0x00000db6                exit
 *(.fini9)
 *(.fini8)
 *(.fini8)
 *(.fini7)
 *(.fini7)
 *(.fini6)
 *(.fini6)
 *(.fini5)
 *(.fini5)
 *(.fini4)
 *(.fini4)
 *(.fini3)
 *(.fini3)
 *(.fini2)
 *(.fini2)
 *(.fini1)
 *(.fini1)
 *(.fini0)
 .fini0         0x00000db6        0x4 c:/program files (x86)/atmel/studio/7.0/toolchain/avr8/avr8-gnu-toolchain/bin/../lib/gcc/avr/5.4.0/avr5\libgcc.a(_exit.o)
 *(.fini0)
                0x00000dba                _etext = .

.data           0x00800060        0x8 load address 0x00000dba
                0x00800060                PROVIDE (__data_start, .)
 *(.data)
 *(.data*)
 *(.gnu.linkonce.d*)
 *(.rodata)
 .rodata        0x00800060        0x8 UART/uart.o
 *(.rodata*)
 *(.gnu.linkonce.r*)
                0x00800068                . = ALIGN (0x2)
                0x00800068                _edata = .
                0x00800068                PROVIDE (__data_end, .)

.bss            0x00800068       0x3c
                0x00800068                PROVIDE (__bss_start, .)
 *(.bss)
 *(.bss*)
 .bss.pxCurrentTCB
                0x00800068        0x2 Free_RTOS/tasks.o
                0x00800068                pxCurrentTCB
 .bss.pxReadyTasksLists
                0x0080006a       0x2d Free_RTOS/tasks.o
 .bss.pxDelayedTaskList
                0x00800097        0x2 Free_RTOS/tasks.o
 .bss.pxOverflowDelayedTaskList
                0x00800099        0x2 Free_RTOS/tasks.o
 .bss.xTickCount
                0x0080009b        0x2 Free_RTOS/tasks.o
 .bss.uxTopReadyPriority
                0x0080009d        0x1 Free_RTOS/tasks.o
 .bss.uxPendedTicks
                0x0080009e        0x1 Free_RTOS/tasks.o
 .bss.xYieldPending
                0x0080009f        0x1 Free_RTOS/tasks.o
 .bss.xNumOfOverflows
                0x008000a0        0x1 Free_RTOS/tasks.o
 .bss.xNextTaskUnblockTime
                0x008000a1        0x2 Free_RTOS/tasks.o
 .bss.uxSchedulerSuspended
                0x008000a3        0x1 Free_RTOS/tasks.o
 *(COMMON)
                0x008000a4                PROVIDE (__bss_end, .)
                0x00000dba                __data_load_start = LOADADDR (.data)
                0x00000dc2                __data_load_end = (__data_load_start + SIZEOF (.data))

.noinit         0x008000a4        0x0
                [!provide]                PROVIDE (__noinit_start, .)
 *(.noinit*)
                [!provide]                PROVIDE (__noinit_end, .)
                0x008000a4                _end = .
                [!provide]                PROVIDE (__heap_start, .)

.eeprom         0x00810000        0x0
 *(.eeprom*)
                0x00810000                __eeprom_end = .

.fuse
 *(.fuse)
 *(.lfuse)
 *(.hfuse)
 *(.efuse)

.lock
 *(.lock*)

.signature
 *(.signature*)

.user_signatures
 *(.user_signatures*)

.stab
 *(.stab)

.stabstr
 *(.stabstr)

.stab.excl
 *(.stab.excl)

.stab.exclstr
 *(.stab.exclstr)

.stab.index
 *(.stab.index)

.stab.indexstr
 *(.stab.indexstr)

.comment        0x00000000       0x30
 *(.comment)
 .comment       0x00000000       0x30 allignment.o
                                 0x31 (size before relaxing)
 .comment       0x00000030       0x31 DIO/DIO.o
 .comment       0x00000030       0x31 Free_RTOS/list.o
 .comment       0x00000030       0x31 Free_RTOS/main.o
 .comment       0x00000030       0x31 Free_RTOS/port.o
 .comment       0x00000030       0x31 Free_RTOS/tasks.o
 .comment       0x00000030       0x31 FSM.o
 .comment       0x00000030       0x31 Manager.o
 .comment       0x00000030       0x31 spi/spi.o
 .comment       0x00000030       0x31 UART/uart.o

.note.gnu.avr.deviceinfo
                0x00000000       0x3c
 .note.gnu.avr.deviceinfo
                0x00000000       0x3c C:/Program Files (x86)/Atmel/Studio/7.0/Packs/atmel/ATmega_DFP/1.2.209/gcc/dev/atmega32/avr5/crtatmega32.o

.note.gnu.build-id
 *(.note.gnu.build-id)

.debug
 *(.debug)

.line
 *(.line)

.debug_srcinfo
 *(.debug_srcinfo)

.debug_sfnames
 *(.debug_sfnames)

.debug_aranges  0x00000000      0x318
 *(.debug_aranges)
 .debug_aranges
                0x00000000       0x20 allignment.o
 .debug_aranges
                0x00000020       0x30 DIO/DIO.o
 .debug_aranges
                0x00000050       0x40 Free_RTOS/list.o
 .debug_aranges
                0x00000090       0x20 Free_RTOS/main.o
 .debug_aranges
                0x000000b0       0x50 Free_RTOS/port.o
 .debug_aranges
                0x00000100      0x168 Free_RTOS/tasks.o
 .debug_aranges
                0x00000268       0x20 FSM.o
 .debug_aranges
                0x00000288       0x20 Manager.o
 .debug_aranges
                0x000002a8       0x38 spi/spi.o
 .debug_aranges
                0x000002e0       0x38 UART/uart.o

.debug_pubnames
 *(.debug_pubnames)

.debug_info     0x00000000     0x2229
 *(.debug_info .gnu.linkonce.wi.*)
 .debug_info    0x00000000      0x4e6 C:/Program Files (x86)/Atmel/Studio/7.0/Packs/atmel/ATmega_DFP/1.2.209/gcc/dev/atmega32/avr5/crtatmega32.o
 .debug_info    0x000004e6       0xd5 allignment.o
 .debug_info    0x000005bb      0x104 DIO/DIO.o
 .debug_info    0x000006bf      0x2c2 Free_RTOS/list.o
 .debug_info    0x00000981       0xbb Free_RTOS/main.o
 .debug_info    0x00000a3c      0x1de Free_RTOS/port.o
 .debug_info    0x00000c1a     0x11f6 Free_RTOS/tasks.o
 .debug_info    0x00001e10       0xe1 FSM.o
 .debug_info    0x00001ef1       0xb1 Manager.o
 .debug_info    0x00001fa2       0xef spi/spi.o
 .debug_info    0x00002091      0x198 UART/uart.o

.debug_abbrev   0x00000000      0xc3d
 *(.debug_abbrev)
 .debug_abbrev  0x00000000      0x4a3 C:/Program Files (x86)/Atmel/Studio/7.0/Packs/atmel/ATmega_DFP/1.2.209/gcc/dev/atmega32/avr5/crtatmega32.o
 .debug_abbrev  0x000004a3       0x60 allignment.o
 .debug_abbrev  0x00000503       0x8b DIO/DIO.o
 .debug_abbrev  0x0000058e       0xc7 Free_RTOS/list.o
 .debug_abbrev  0x00000655       0x6f Free_RTOS/main.o
 .debug_abbrev  0x000006c4      0x104 Free_RTOS/port.o
 .debug_abbrev  0x000007c8      0x212 Free_RTOS/tasks.o
 .debug_abbrev  0x000009da       0x8b FSM.o
 .debug_abbrev  0x00000a65       0x60 Manager.o
 .debug_abbrev  0x00000ac5       0x9b spi/spi.o
 .debug_abbrev  0x00000b60       0xdd UART/uart.o

.debug_line     0x00000000     0x1fc0
 *(.debug_line .debug_line.* .debug_line_end)
 .debug_line    0x00000000      0x115 C:/Program Files (x86)/Atmel/Studio/7.0/Packs/atmel/ATmega_DFP/1.2.209/gcc/dev/atmega32/avr5/crtatmega32.o
 .debug_line    0x00000115       0xc0 allignment.o
 .debug_line    0x000001d5      0x23b DIO/DIO.o
 .debug_line    0x00000410      0x1ed Free_RTOS/list.o
 .debug_line    0x000005fd       0x5f Free_RTOS/main.o
 .debug_line    0x0000065c      0x3df Free_RTOS/port.o
 .debug_line    0x00000a3b     0x11f5 Free_RTOS/tasks.o
 .debug_line    0x00001c30       0xd8 FSM.o
 .debug_line    0x00001d08       0x71 Manager.o
 .debug_line    0x00001d79      0x103 spi/spi.o
 .debug_line    0x00001e7c      0x144 UART/uart.o

.debug_frame    0x00000000      0x9f4
 *(.debug_frame)
 .debug_frame   0x00000000       0x48 allignment.o
 .debug_frame   0x00000048       0x74 DIO/DIO.o
 .debug_frame   0x000000bc       0xb4 Free_RTOS/list.o
 .debug_frame   0x00000170       0x34 Free_RTOS/main.o
 .debug_frame   0x000001a4       0xc4 Free_RTOS/port.o
 .debug_frame   0x00000268      0x5fc Free_RTOS/tasks.o
 .debug_frame   0x00000864       0x34 FSM.o
 .debug_frame   0x00000898       0x34 Manager.o
 .debug_frame   0x000008cc       0x94 spi/spi.o
 .debug_frame   0x00000960       0x94 UART/uart.o

.debug_str      0x00000000     0x105e
 *(.debug_str)
 .debug_str     0x00000000      0x196 C:/Program Files (x86)/Atmel/Studio/7.0/Packs/atmel/ATmega_DFP/1.2.209/gcc/dev/atmega32/avr5/crtatmega32.o
 .debug_str     0x00000196      0x18c allignment.o
                                0x1ce (size before relaxing)
 .debug_str     0x00000322       0x4a DIO/DIO.o
                                0x1c3 (size before relaxing)
 .debug_str     0x0000036c      0x151 Free_RTOS/list.o
                                0x2c0 (size before relaxing)
 .debug_str     0x000004bd       0x32 Free_RTOS/main.o
                                0x1b3 (size before relaxing)
 .debug_str     0x000004ef       0xf3 Free_RTOS/port.o
                                0x289 (size before relaxing)
 .debug_str     0x000005e2      0x927 Free_RTOS/tasks.o
                                0xba7 (size before relaxing)
 .debug_str     0x00000f09       0x62 FSM.o
                                0x1db (size before relaxing)
 .debug_str     0x00000f6b       0x21 Manager.o
                                0x1a3 (size before relaxing)
 .debug_str     0x00000f8c       0x3d spi/spi.o
                                0x1c5 (size before relaxing)
 .debug_str     0x00000fc9       0x95 UART/uart.o
                                0x217 (size before relaxing)

.debug_loc      0x00000000     0x13c6
 *(.debug_loc)
 .debug_loc     0x00000000       0x7c allignment.o
 .debug_loc     0x0000007c       0xd8 DIO/DIO.o
 .debug_loc     0x00000154      0x167 Free_RTOS/list.o
 .debug_loc     0x000002bb       0x3b Free_RTOS/main.o
 .debug_loc     0x000002f6      0x105 Free_RTOS/port.o
 .debug_loc     0x000003fb      0xd30 Free_RTOS/tasks.o
 .debug_loc     0x0000112b       0x48 FSM.o
 .debug_loc     0x00001173       0x48 Manager.o
 .debug_loc     0x000011bb       0xf9 spi/spi.o
 .debug_loc     0x000012b4      0x112 UART/uart.o

.debug_macinfo
 *(.debug_macinfo)

.debug_weaknames
 *(.debug_weaknames)

.debug_funcnames
 *(.debug_funcnames)

.debug_typenames
 *(.debug_typenames)

.debug_varnames
 *(.debug_varnames)

.debug_pubtypes
 *(.debug_pubtypes)

.debug_ranges   0x00000000      0x278
 *(.debug_ranges)
 .debug_ranges  0x00000000       0x10 allignment.o
 .debug_ranges  0x00000010       0x20 DIO/DIO.o
 .debug_ranges  0x00000030       0x30 Free_RTOS/list.o
 .debug_ranges  0x00000060       0x10 Free_RTOS/main.o
 .debug_ranges  0x00000070       0x40 Free_RTOS/port.o
 .debug_ranges  0x000000b0      0x158 Free_RTOS/tasks.o
 .debug_ranges  0x00000208       0x10 FSM.o
 .debug_ranges  0x00000218       0x10 Manager.o
 .debug_ranges  0x00000228       0x28 spi/spi.o
 .debug_ranges  0x00000250       0x28 UART/uart.o

.debug_macro
 *(.debug_macro)
OUTPUT(User_Story_1.elf elf32-avr)
LOAD linker stubs
