******************************************************************************
                  TI ARM Linker PC v18.1.1                     
******************************************************************************
>> Linked Tue Apr 16 17:15:29 2019

OUTPUT FILE NAME:   <Tiva_Project.out>
ENTRY POINT SYMBOL: "_c_int00_noinit_noargs"  address: 00000da9


MEMORY CONFIGURATION

         name            origin    length      used     unused   attr    fill
----------------------  --------  ---------  --------  --------  ----  --------
  FLASH                 00000000   00040000  00000fa0  0003f060  R  X
  SRAM                  20000000   00008000  00000200  00007e00  RW X


SEGMENT ALLOCATION MAP

run origin  load origin   length   init length attrs members
----------  ----------- ---------- ----------- ----- -------
00000000    00000000    00000fa0   00000fa0    r-x
  00000000    00000000    0000026c   0000026c    r-- .intvecs
  0000026c    0000026c    00000c30   00000c30    r-x .text
  00000e9c    00000e9c    00000104   00000104    r-- .const
20000000    20000000    00000200   00000000    rw-
  20000000    20000000    00000200   00000000    rw- .stack


SECTION ALLOCATION MAP

 output                                  attributes/
section   page    origin      length       input sections
--------  ----  ----------  ----------   ----------------
.intvecs   0    00000000    0000026c     
                  00000000    0000026c     tm4c123gh6pm_startup_ccs.obj (.intvecs)

.text      0    0000026c    00000c30     
                  0000026c    00000208     external_eeprom.obj (.text)
                  00000474    00000132     driverlib.lib : gpio.obj (.text:GPIOPadConfigSet)
                  000005a6    00000002     --HOLE-- [fill = 0]
                  000005a8    00000110                   : sysctl.obj (.text:SysCtlClockGet)
                  000006b8    0000010c     i2c.obj (.text)
                  000007c4    000000f4     driverlib.lib : sysctl.obj (.text:SysCtlClockSet)
                  000008b8    000000f0     eeprom_maneger.obj (.text)
                  000009a8    000000c4     driverlib.lib : eeprom.obj (.text:EEPROMProgram)
                  00000a6c    0000007a     rtsv7M4_T_le_v4SPD16_eabi.lib : memset_t2.asm.obj (.text)
                  00000ae6    00000002     --HOLE-- [fill = 0]
                  00000ae8    00000050     driverlib.lib : sysctl.obj (.text:SysCtlPeripheralReset)
                  00000b38    0000004c                   : i2c.obj (.text:I2CMasterInitExpClk)
                  00000b84    0000004c     eeprom.obj (.text)
                  00000bd0    00000048     driverlib.lib : gpio.obj (.text:GPIOPinConfigure)
                  00000c18    00000040                   : eeprom.obj (.text:EEPROMInit)
                  00000c58    0000003c                   : eeprom.obj (.text:_EEPROMSectorMaskSet)
                  00000c94    0000003c     main.obj (.text)
                  00000cd0    00000038     driverlib.lib : eeprom.obj (.text:EEPROMRead)
                  00000d08    00000038                   : sysctl.obj (.text:SysCtlPeripheralReady)
                  00000d40    00000034                   : sysctl.obj (.text:SysCtlPeripheralEnable)
                  00000d74    00000034                   : eeprom.obj (.text:_EEPROMSectorMaskClear)
                  00000da8    00000030     rtsv7M4_T_le_v4SPD16_eabi.lib : boot_cortex_m.c.obj (.text:_c_int00_noinit_noargs:_c_int00_noinit_noargs)
                  00000dd8    0000002a     driverlib.lib : gpio.obj (.text:GPIODirModeSet)
                  00000e02    00000012                   : gpio.obj (.text:GPIOPinTypeI2C)
                  00000e14    00000012                   : gpio.obj (.text:GPIOPinTypeI2CSCL)
                  00000e26    00000010                   : i2c.obj (.text:I2CSlaveEnable)
                  00000e36    00000002     --HOLE-- [fill = 0]
                  00000e38    00000010                   : eeprom.obj (.text:_EEPROMWaitForDone)
                  00000e48    0000000e                   : i2c.obj (.text:I2CSlaveInit)
                  00000e56    0000000c     tm4c123gh6pm_startup_ccs.obj (.text)
                  00000e62    0000000a     driverlib.lib : i2c.obj (.text:I2CMasterEnable)
                  00000e6c    00000008                   : i2c.obj (.text:I2CMasterBusy)
                  00000e74    00000008                   : i2c.obj (.text:I2CMasterSlaveAddrSet)
                  00000e7c    00000006                   : i2c.obj (.text:I2CSlaveDataGet)
                  00000e82    00000006                   : sysctl.obj (.text:SysCtlDelay)
                  00000e88    00000004                   : i2c.obj (.text:I2CMasterControl)
                  00000e8c    00000004                   : i2c.obj (.text:I2CMasterDataGet)
                  00000e90    00000004                   : i2c.obj (.text:I2CMasterDataPut)
                  00000e94    00000004     rtsv7M4_T_le_v4SPD16_eabi.lib : pre_init.c.obj (.text:_system_pre_init)
                  00000e98    00000004                                   : exit.c.obj (.text:abort:abort)

.const     0    00000e9c    00000104     
                  00000e9c    00000090     driverlib.lib : gpio.obj (.const:g_pui32GPIOBaseAddrs)
                  00000f2c    0000006c                   : sysctl.obj (.const:g_pui32Xtals)
                  00000f98    00000008     main.obj (.const:$P$T0$1)

.cinit     0    00000000    00000000     UNINITIALIZED

.init_array 
*          0    00000000    00000000     UNINITIALIZED

.stack     0    20000000    00000200     UNINITIALIZED
                  20000000    00000004     rtsv7M4_T_le_v4SPD16_eabi.lib : boot_cortex_m.c.obj (.stack)
                  20000004    000001fc     --HOLE--

MODULE SUMMARY

       Module                         code   ro data   rw data
       ------                         ----   -------   -------
    .\
       tm4c123gh6pm_startup_ccs.obj   12     620       0      
       main.obj                       60     8         0      
    +--+------------------------------+------+---------+---------+
       Total:                         72     628       0      
                                                              
    .\External_EEPROM\
       external_eeprom.obj            520    0         0      
    +--+------------------------------+------+---------+---------+
       Total:                         520    0         0      
                                                              
    .\I2C\
       i2c.obj                        268    0         0      
    +--+------------------------------+------+---------+---------+
       Total:                         268    0         0      
                                                              
    .\Internal_EEPROM\
       eeprom.obj                     76     0         0      
    +--+------------------------------+------+---------+---------+
       Total:                         76     0         0      
                                                              
    .\Maneger_EEPROM\
       eeprom_maneger.obj             240    0         0      
    +--+------------------------------+------+---------+---------+
       Total:                         240    0         0      
                                                              
    C:/ti/TivaWare_C_Series-2.1.4.178/driverlib/ccs/Debug/driverlib.lib
       sysctl.obj                     710    108       0      
       gpio.obj                       456    144       0      
       eeprom.obj                     444    0         0      
       i2c.obj                        150    0         0      
    +--+------------------------------+------+---------+---------+
       Total:                         1760   252       0      
                                                              
    C:\ti\ccsv8\tools\compiler\ti-cgt-arm_18.1.1.LTS\lib\rtsv7M4_T_le_v4SPD16_eabi.lib
       memset_t2.asm.obj              122    0         0      
       boot_cortex_m.c.obj            48     0         0      
       exit.c.obj                     4      0         0      
       pre_init.c.obj                 4      0         0      
    +--+------------------------------+------+---------+---------+
       Total:                         178    0         0      
                                                              
       Stack:                         0      0         512    
    +--+------------------------------+------+---------+---------+
       Grand Total:                   3114   880       512    


GLOBAL SYMBOLS: SORTED ALPHABETICALLY BY Name 

address   name                  
-------   ----                  
00000e99  C$$EXIT               
00000c19  EEPROMInit            
000009a9  EEPROMProgram         
00000cd1  EEPROMRead            
00000943  Eep_Read              
000008e1  Eep_Write             
000008b9  Eep_init              
0000035f  Eeprom_Ext_Read       
00000279  Eeprom_Ext_Write      
0000026d  Eeprom_Ext_init       
00000bb9  Eeprom_Int_Read       
00000ba5  Eeprom_Int_Write      
00000b85  Eeprom_Int_init       
00000dd9  GPIODirModeSet        
00000475  GPIOPadConfigSet      
00000bd1  GPIOPinConfigure      
00000e03  GPIOPinTypeI2C        
00000e15  GPIOPinTypeI2CSCL     
00000e6d  I2CMasterBusy         
00000e89  I2CMasterControl      
00000e8d  I2CMasterDataGet      
00000e91  I2CMasterDataPut      
00000e63  I2CMasterEnable       
00000b39  I2CMasterInitExpClk   
00000e75  I2CMasterSlaveAddrSet 
00000e7d  I2CSlaveDataGet       
00000e27  I2CSlaveEnable        
00000e49  I2CSlaveInit          
00000753  I2c_Read_Slave        
00000765  I2c_master_Write      
0000078b  I2c_master_read       
00000e57  ResetISR              
000005a9  SysCtlClockGet        
000007c5  SysCtlClockSet        
00000e83  SysCtlDelay           
00000d41  SysCtlPeripheralEnable
00000d09  SysCtlPeripheralReady 
00000ae9  SysCtlPeripheralReset 
20000200  __STACK_END           
00000200  __STACK_SIZE          
20000200  __STACK_TOP           
ffffffff  __TI_pprof_out_hndl   
ffffffff  __TI_prof_data_size   
ffffffff  __TI_prof_data_start  
00000000  __TI_static_base__    
00000a6d  __aeabi_memclr        
00000a6d  __aeabi_memclr4       
00000a6d  __aeabi_memclr8       
00000a6f  __aeabi_memset        
00000a6f  __aeabi_memset4       
00000a6f  __aeabi_memset8       
ffffffff  __binit__             
ffffffff  __c_args__            
UNDEFED   __mpu_init            
20000000  __stack               
00000da9  _c_int00_noinit_noargs
00000e95  _system_pre_init      
00000e99  abort                 
ffffffff  binit                 
00000000  g_pfnVectors          
000006b9  i2c_init              
00000719  init_master           
00000701  init_slave_i2c        
00000c95  main                  
00000a75  memset                
00000723  mode                  


GLOBAL SYMBOLS: SORTED BY Symbol Address 

address   name                  
-------   ----                  
00000000  __TI_static_base__    
00000000  g_pfnVectors          
00000200  __STACK_SIZE          
0000026d  Eeprom_Ext_init       
00000279  Eeprom_Ext_Write      
0000035f  Eeprom_Ext_Read       
00000475  GPIOPadConfigSet      
000005a9  SysCtlClockGet        
000006b9  i2c_init              
00000701  init_slave_i2c        
00000719  init_master           
00000723  mode                  
00000753  I2c_Read_Slave        
00000765  I2c_master_Write      
0000078b  I2c_master_read       
000007c5  SysCtlClockSet        
000008b9  Eep_init              
000008e1  Eep_Write             
00000943  Eep_Read              
000009a9  EEPROMProgram         
00000a6d  __aeabi_memclr        
00000a6d  __aeabi_memclr4       
00000a6d  __aeabi_memclr8       
00000a6f  __aeabi_memset        
00000a6f  __aeabi_memset4       
00000a6f  __aeabi_memset8       
00000a75  memset                
00000ae9  SysCtlPeripheralReset 
00000b39  I2CMasterInitExpClk   
00000b85  Eeprom_Int_init       
00000ba5  Eeprom_Int_Write      
00000bb9  Eeprom_Int_Read       
00000bd1  GPIOPinConfigure      
00000c19  EEPROMInit            
00000c95  main                  
00000cd1  EEPROMRead            
00000d09  SysCtlPeripheralReady 
00000d41  SysCtlPeripheralEnable
00000da9  _c_int00_noinit_noargs
00000dd9  GPIODirModeSet        
00000e03  GPIOPinTypeI2C        
00000e15  GPIOPinTypeI2CSCL     
00000e27  I2CSlaveEnable        
00000e49  I2CSlaveInit          
00000e57  ResetISR              
00000e63  I2CMasterEnable       
00000e6d  I2CMasterBusy         
00000e75  I2CMasterSlaveAddrSet 
00000e7d  I2CSlaveDataGet       
00000e83  SysCtlDelay           
00000e89  I2CMasterControl      
00000e8d  I2CMasterDataGet      
00000e91  I2CMasterDataPut      
00000e95  _system_pre_init      
00000e99  C$$EXIT               
00000e99  abort                 
20000000  __stack               
20000200  __STACK_END           
20000200  __STACK_TOP           
ffffffff  __TI_pprof_out_hndl   
ffffffff  __TI_prof_data_size   
ffffffff  __TI_prof_data_start  
ffffffff  __binit__             
ffffffff  __c_args__            
ffffffff  binit                 
UNDEFED   __mpu_init            

[66 symbols]
