******************************************************************************
                  TI ARM Linker PC v18.1.1                     
******************************************************************************
>> Linked Mon Apr  8 14:48:33 2019

OUTPUT FILE NAME:   <Free_RTOS_Porting.out>
ENTRY POINT SYMBOL: "_c_int00_noargs"  address: 00003199


MEMORY CONFIGURATION

         name            origin    length      used     unused   attr    fill
----------------------  --------  ---------  --------  --------  ----  --------
  FLASH                 00000000   00040000  0000359e  0003ca62  R  X
  SRAM                  20000000   00008000  00007930  000006d0  RW X


SEGMENT ALLOCATION MAP

run origin  load origin   length   init length attrs members
----------  ----------- ---------- ----------- ----- -------
00000000    00000000    000035a0   000035a0    r-x
  00000000    00000000    0000026c   0000026c    r-- .intvecs
  0000026c    0000026c    00003142   00003142    r-x .text
  000033b0    000033b0    000001c0   000001c0    r-- .const
  00003570    00003570    00000030   00000030    r-- .cinit
20000000    20000000    00007934   00000000    rw-
  20000000    20000000    000076dc   00000000    rw- .bss
  200076e0    200076e0    00000200   00000000    rw- .stack
  200078e0    200078e0    00000054   00000000    rw- .data


SECTION ALLOCATION MAP

 output                                  attributes/
section   page    origin      length       input sections
--------  ----  ----------  ----------   ----------------
.intvecs   0    00000000    0000026c     
                  00000000    0000026c     tm4c123gh6pm_startup_ccs.obj (.intvecs)

.text      0    0000026c    00003142     
                  0000026c    0000180c     tasks.obj (.text)
                  00001a78    0000049c     uartstdio.obj (.text)
                  00001f14    000003a8     CAN.obj (.text)
                  000022bc    0000013c     port.obj (.text)
                  000023f8    00000136     driverlib.lib : can.obj (.text:CANMessageSet)
                  0000252e    00000132                   : gpio.obj (.text:GPIOPadConfigSet)
                  00002660    0000012a     list.obj (.text)
                  0000278a    00000002     rtsv7M4_T_le_v4SPD16_eabi.lib : div0.asm.obj (.text)
                  0000278c    00000110     driverlib.lib : sysctl.obj (.text:SysCtlClockGet)
                  0000289c    0000010e                   : can.obj (.text:CANMessageGet)
                  000029aa    00000002     --HOLE-- [fill = 0]
                  000029ac    000000f4                   : sysctl.obj (.text:SysCtlClockSet)
                  00002aa0    000000da     portasm.obj (.text)
                  00002b7a    00000002     --HOLE-- [fill = 0]
                  00002b7c    0000009c     heap_1.obj (.text)
                  00002c18    0000009c     rtsv7M4_T_le_v4SPD16_eabi.lib : memcpy_t2.asm.obj (.text)
                  00002cb4    00000084     BTN.obj (.text)
                  00002d38    0000007a     rtsv7M4_T_le_v4SPD16_eabi.lib : memset_t2.asm.obj (.text)
                  00002db2    00000002     --HOLE-- [fill = 0]
                  00002db4    0000006c     driverlib.lib : can.obj (.text:CANBitRateSet)
                  00002e20    00000068                   : interrupt.obj (.text:IntEnable)
                  00002e88    00000068     rtsv7M4_T_le_v4SPD16_eabi.lib : copy_decompress_lzss.c.obj (.text:decompress:lzss:__TI_decompress_lzss)
                  00002ef0    00000064     main.obj (.text)
                  00002f54    00000048     driverlib.lib : gpio.obj (.text:GPIOPinConfigure)
                  00002f9c    00000046                   : uart.obj (.text:UARTConfigSetExpClk)
                  00002fe2    00000002     --HOLE-- [fill = 0]
                  00002fe4    00000044     LED.obj (.text)
                  00003028    00000044     rtsv7M4_T_le_v4SPD16_eabi.lib : autoinit.c.obj (.text:__TI_auto_init_nobinit_nopinit:__TI_auto_init_nobinit_nopinit)
                  0000306c    00000040     driverlib.lib : can.obj (.text:CANStatusGet)
                  000030ac    00000040     rtsv7M4_T_le_v4SPD16_eabi.lib : u_divt2.asm.obj (.text)
                  000030ec    0000003a     driverlib.lib : can.obj (.text:CANInit)
                  00003126    00000002     --HOLE-- [fill = 0]
                  00003128    00000038                   : sysctl.obj (.text:SysCtlPeripheralPresent)
                  00003160    00000038                   : sysctl.obj (.text:SysCtlPeripheralReady)
                  00003198    00000038     rtsv7M4_T_le_v4SPD16_eabi.lib : boot_cortex_m.c.obj (.text:_c_int00_noargs:_c_int00_noargs)
                  000031d0    00000034     driverlib.lib : sysctl.obj (.text:SysCtlPeripheralEnable)
                  00003204    0000002a                   : gpio.obj (.text:GPIODirModeSet)
                  0000322e    0000002a                   : can.obj (.text:_CANDataRegRead)
                  00003258    00000024                   : can.obj (.text:_CANDataRegWrite)
                  0000327c    00000022                   : can.obj (.text:CANIntClear)
                  0000329e    00000020                   : can.obj (.text:CANIntStatus)
                  000032be    00000002     --HOLE-- [fill = 0]
                  000032c0    00000020                   : uart.obj (.text:UARTDisable)
                  000032e0    00000018                   : gpio.obj (.text:GPIOPinTypeGPIOOutput)
                  000032f8    00000014                   : uart.obj (.text:UARTEnable)
                  0000330c    00000012                   : gpio.obj (.text:GPIOPinTypeCAN)
                  0000331e    00000012                   : gpio.obj (.text:GPIOPinTypeGPIOInput)
                  00003330    00000012                   : gpio.obj (.text:GPIOPinTypeUART)
                  00003342    0000000e     rtsv7M4_T_le_v4SPD16_eabi.lib : copy_decompress_none.c.obj (.text:decompress:none:__TI_decompress_none)
                  00003350    0000000c                                   : copy_zero_init.c.obj (.text:decompress:ZI:__TI_zero_init)
                  0000335c    0000000c     tm4c123gh6pm_startup_ccs.obj (.text)
                  00003368    0000000a     driverlib.lib : can.obj (.text:CANEnable)
                  00003372    0000000a                   : uart.obj (.text:UARTCharGet)
                  0000337c    0000000a                   : uart.obj (.text:UARTCharPut)
                  00003386    00000008                   : can.obj (.text:CANIntEnable)
                  0000338e    00000006                   : gpio.obj (.text:GPIOPinRead)
                  00003394    00000006                   : gpio.obj (.text:GPIOPinWrite)
                  0000339a    00000006                   : sysctl.obj (.text:SysCtlDelay)
                  000033a0    00000006                   : uart.obj (.text:UARTClockSourceSet)
                  000033a6    00000004     rtsv7M4_T_le_v4SPD16_eabi.lib : pre_init.c.obj (.text:_system_pre_init)
                  000033aa    00000004                                   : exit.c.obj (.text:abort:abort)

.const     0    000033b0    000001c0     
                  000033b0    00000090     driverlib.lib : gpio.obj (.const:g_pui32GPIOBaseAddrs)
                  00003440    00000070                   : interrupt.obj (.const)
                  000034b0    0000006c                   : sysctl.obj (.const:g_pui32Xtals)
                  0000351c    00000020                   : can.obj (.const)
                  0000353c    00000012     uartstdio.obj (.const:.string)
                  0000354e    00000002     --HOLE-- [fill = 0]
                  00003550    0000000c     uartstdio.obj (.const:g_ui32UARTBase)
                  0000355c    0000000c     uartstdio.obj (.const:g_ui32UARTPeriph)
                  00003568    00000004     port.obj (.const)
                  0000356c    00000004     uartstdio.obj (.const)

.cinit     0    00003570    00000030     
                  00003570    0000000c     (__TI_handler_table)
                  0000357c    0000000b     (.cinit..data.load) [load image, compression = lzss]
                  00003587    00000001     --HOLE-- [fill = 0]
                  00003588    00000008     (.cinit..bss.load) [load image, compression = zero_init]
                  00003590    00000010     (__TI_cinit_table)

.init_array 
*          0    00000000    00000000     UNINITIALIZED

.bss       0    20000000    000076dc     UNINITIALIZED
                  20000000    00007530     heap_1.obj (.bss:ucHeap)
                  20007530    00000140     tasks.obj (.bss:pxReadyTasksLists)
                  20007670    00000014     tasks.obj (.bss:xDelayedTaskList1)
                  20007684    00000014     tasks.obj (.bss:xDelayedTaskList2)
                  20007698    00000014     tasks.obj (.bss:xPendingReadyList)
                  200076ac    00000014     tasks.obj (.bss:xSuspendedTaskList)
                  200076c0    00000014     tasks.obj (.bss:xTasksWaitingTermination)
                  200076d4    00000008     tasks.obj (.bss)

.data      0    200078e0    00000054     UNINITIALIZED
                  200078e0    00000034     tasks.obj (.data)
                  20007914    00000009     CAN.obj (.data)
                  2000791d    00000003     --HOLE--
                  20007920    00000008     heap_1.obj (.data)
                  20007928    00000005     uartstdio.obj (.data)
                  2000792d    00000003     --HOLE--
                  20007930    00000004     port.obj (.data)

.stack     0    200076e0    00000200     UNINITIALIZED
                  200076e0    00000004     rtsv7M4_T_le_v4SPD16_eabi.lib : boot_cortex_m.c.obj (.stack)
                  200076e4    000001fc     --HOLE--

MODULE SUMMARY

       Module                         code    ro data   rw data
       ------                         ----    -------   -------
    .\
       tasks.obj                      6156    0         480    
       uartstdio.obj                  1180    46        5      
       CAN.obj                        936     0         9      
       tm4c123gh6pm_startup_ccs.obj   12      620       0      
       list.obj                       298     0         0      
       BTN.obj                        132     0         0      
       main.obj                       100     0         0      
       LED.obj                        68      0         0      
    +--+------------------------------+-------+---------+---------+
       Total:                         8882    666       494    
                                                               
    .\ARM_CM4F\
       port.obj                       316     4         4      
       portasm.obj                    218     0         0      
    +--+------------------------------+-------+---------+---------+
       Total:                         534     4         4      
                                                               
    .\MemMang\
       heap_1.obj                     156     0         30008  
    +--+------------------------------+-------+---------+---------+
       Total:                         156     0         30008  
                                                               
    C:/ti/TivaWare_C_Series-2.1.4.178/driverlib/ccs/Debug/driverlib.lib
       can.obj                        972     32        0      
       sysctl.obj                     686     108       0      
       gpio.obj                       510     144       0      
       interrupt.obj                  104     112       0      
       uart.obj                       148     0         0      
    +--+------------------------------+-------+---------+---------+
       Total:                         2420    396       0      
                                                               
    C:\ti\ccsv8\tools\compiler\ti-cgt-arm_18.1.1.LTS\lib\rtsv7M4_T_le_v4SPD16_eabi.lib
       memcpy_t2.asm.obj              156     0         0      
       memset_t2.asm.obj              122     0         0      
       copy_decompress_lzss.c.obj     104     0         0      
       autoinit.c.obj                 68      0         0      
       u_divt2.asm.obj                64      0         0      
       boot_cortex_m.c.obj            56      0         0      
       copy_decompress_none.c.obj     14      0         0      
       copy_zero_init.c.obj           12      0         0      
       exit.c.obj                     4       0         0      
       pre_init.c.obj                 4       0         0      
       div0.asm.obj                   2       0         0      
    +--+------------------------------+-------+---------+---------+
       Total:                         606     0         0      
                                                               
       Stack:                         0       0         512    
       Linker Generated:              0       47        0      
    +--+------------------------------+-------+---------+---------+
       Grand Total:                   12598   1113      31018  


LINKER GENERATED COPY TABLES

__TI_cinit_table @ 00003590 records: 2, size/record: 8, table size: 16
	.data: load addr=0000357c, load size=0000000b bytes, run addr=200078e0, run size=00000054 bytes, compression=lzss
	.bss: load addr=00003588, load size=00000008 bytes, run addr=20000000, run size=000076dc bytes, compression=zero_init


LINKER GENERATED HANDLER TABLE

__TI_handler_table @ 00003570 records: 3, size/record: 4, table size: 12
	index: 0, handler: __TI_decompress_lzss
	index: 1, handler: __TI_decompress_none
	index: 2, handler: __TI_zero_init


GLOBAL SYMBOLS: SORTED ALPHABETICALLY BY Name 

address   name                               
-------   ----                               
00002ce5  Btn1_Read                          
00002d0b  Btn2_Read                          
00002cb5  Btns_Init                          
000033ab  C$$EXIT                            
00002db5  CANBitRateSet                      
00003369  CANEnable                          
000030ed  CANInit                            
0000327d  CANIntClear                        
00003387  CANIntEnable                       
00001faf  CANIntHandler                      
0000329f  CANIntStatus                       
0000289d  CANMessageGet                      
000023f9  CANMessageSet                      
0000306d  CANStatusGet                       
00003205  GPIODirModeSet                     
0000252f  GPIOPadConfigSet                   
00002f55  GPIOPinConfigure                   
0000338f  GPIOPinRead                        
0000330d  GPIOPinTypeCAN                     
0000331f  GPIOPinTypeGPIOInput               
000032e1  GPIOPinTypeGPIOOutput              
00003331  GPIOPinTypeUART                    
00003395  GPIOPinWrite                       
00002e21  IntEnable                          
00002fe5  LEDTaskInit                        
00003011  OFF_LED1                           
00003003  ON_LED1                            
20007916  REVERS_FLAG                        
0000335d  ResetISR                           
0000278d  SysCtlClockGet                     
000029ad  SysCtlClockSet                     
0000339b  SysCtlDelay                        
000031d1  SysCtlPeripheralEnable             
00003129  SysCtlPeripheralPresent            
00003161  SysCtlPeripheralReady              
20007914  TOKIN                              
20007915  TX_FLAG                            
00003373  UARTCharGet                        
0000337d  UARTCharPut                        
000033a1  UARTClockSourceSet                 
00002f9d  UARTConfigSetExpClk                
000032c1  UARTDisable                        
000032f9  UARTEnable                         
00001a79  UARTStdioConfig                    
00001bbf  UARTgetc                           
00001b05  UARTgets                           
00001edf  UARTprintf                         
00001be5  UARTvprintf                        
00001abf  UARTwrite                          
200078e0  __STACK_END                        
00000200  __STACK_SIZE                       
200078e0  __STACK_TOP                        
00003590  __TI_CINIT_Base                    
000035a0  __TI_CINIT_Limit                   
00003570  __TI_Handler_Table_Base            
0000357c  __TI_Handler_Table_Limit           
00003029  __TI_auto_init_nobinit_nopinit     
00002e89  __TI_decompress_lzss               
00003343  __TI_decompress_none               
ffffffff  __TI_pprof_out_hndl                
ffffffff  __TI_prof_data_size                
ffffffff  __TI_prof_data_start               
00000000  __TI_static_base__                 
00003351  __TI_zero_init                     
0000278b  __aeabi_idiv0                      
0000278b  __aeabi_ldiv0                      
00002d39  __aeabi_memclr                     
00002d39  __aeabi_memclr4                    
00002d39  __aeabi_memclr8                    
00002c19  __aeabi_memcpy                     
00002c19  __aeabi_memcpy4                    
00002c19  __aeabi_memcpy8                    
00002d3b  __aeabi_memset                     
00002d3b  __aeabi_memset4                    
00002d3b  __aeabi_memset8                    
000030ad  __aeabi_uidiv                      
000030ad  __aeabi_uidivmod                   
ffffffff  __binit__                          
ffffffff  __c_args__                         
UNDEFED   __mpu_init                         
200076e0  __stack                            
00003199  _c_int00_noargs                    
UNDEFED   _system_post_cinit                 
000033a7  _system_pre_init                   
000033ab  abort                              
ffffffff  binit                              
000005dd  eTaskGetState                      
2000791b  g_bErrFlag                         
20007917  g_bRXFlag                          
20007918  g_bRXFlag1                         
20007919  g_bRXFlag2                         
2000791a  g_bRXFlag3                         
00000000  g_pfnVectors                       
00002ef1  main                               
00002c19  memcpy                             
00002d41  memset                             
00000b99  pcTaskGetName                      
00002b7d  pvPortMalloc                       
000015ab  pvTaskIncrementMutexHeldCount      
200078e0  pxCurrentTCB                       
000022bd  pxPortInitialiseStack              
00003568  ulMaxSyscallInterruptPriority      
00002ab1  ulPortGetIPSR                      
000015c9  ulTaskNotifyTake                   
00002743  uxListRemove                       
00000b8d  uxTaskGetNumberOfTasks             
00001285  uxTaskGetStackHighWaterMark        
00000bbd  uxTaskGetSystemState               
00000ffb  uxTaskGetTaskNumber                
0000068d  uxTaskPriorityGet                  
000006b9  uxTaskPriorityGetFromISR           
00001589  uxTaskResetEventItemValue          
00002661  vListInitialise                    
00002691  vListInitialiseItem                
000026dd  vListInsert                        
000026a1  vListInsertEnd                     
00002b6d  vPortEnableVFP                     
0000235d  vPortEndScheduler                  
0000235f  vPortEnterCritical                 
0000237f  vPortExitCritical                  
00002bed  vPortFree                          
00002bf7  vPortInitialiseBlocks              
00002b29  vPortSVCHandler                    
000023bb  vPortSetupTimerInterrupt           
00002b49  vPortStartFirstTask                
00002231  vTaskCode_BTN1_GET                 
00001f15  vTaskCode_INIT_CAN_ZERO            
0000206d  vTaskCode_NODE_RX                  
0000218d  vTaskCode_NODE_TX                  
00002029  vTaskCode_NODE_ZERO_START          
000005a3  vTaskDelay                         
00000513  vTaskDelayUntil                    
00000465  vTaskDelete                        
00000a65  vTaskEndScheduler                  
000010f9  vTaskGetInfo                       
00000f4f  vTaskInternalSetTimeOutState       
00000ff3  vTaskMissedYield                   
000018d1  vTaskNotifyGiveFromISR             
00000df9  vTaskPlaceOnEventList              
00000e15  vTaskPlaceOnUnorderedEventList     
000014b3  vTaskPriorityDisinheritAfterTimeout
00000705  vTaskPrioritySet                   
00000ec9  vTaskRemoveFromUnorderedEventList  
00000925  vTaskResume                        
0000101b  vTaskSetTaskNumber                 
00000f31  vTaskSetTimeOutState               
00000a15  vTaskStartScheduler                
00000811  vTaskSuspend                       
00000a81  vTaskSuspendAll                    
00000d91  vTaskSwitchContext                 
00002bff  xPortGetFreeHeapSize               
00002ac9  xPortPendSVHandler                 
00002327  xPortStartScheduler                
00002395  xPortSysTickHandler                
00000f75  xTaskCheckForTimeOut               
0000026d  xTaskCreate                        
000016eb  xTaskGenericNotify                 
000017c5  xTaskGenericNotifyFromISR          
00001301  xTaskGetCurrentTaskHandle          
00000b69  xTaskGetTickCount                  
00000b79  xTaskGetTickCountFromISR           
00000ca5  xTaskIncrementTick                 
0000197d  xTaskNotifyStateClear              
00001649  xTaskNotifyWait                    
00001415  xTaskPriorityDisinherit            
00001335  xTaskPriorityInherit               
00000e45  xTaskRemoveFromEventList           
00000a99  xTaskResumeAll                     
0000098b  xTaskResumeFromISR                 


GLOBAL SYMBOLS: SORTED BY Symbol Address 

address   name                               
-------   ----                               
00000000  __TI_static_base__                 
00000000  g_pfnVectors                       
00000200  __STACK_SIZE                       
0000026d  xTaskCreate                        
00000465  vTaskDelete                        
00000513  vTaskDelayUntil                    
000005a3  vTaskDelay                         
000005dd  eTaskGetState                      
0000068d  uxTaskPriorityGet                  
000006b9  uxTaskPriorityGetFromISR           
00000705  vTaskPrioritySet                   
00000811  vTaskSuspend                       
00000925  vTaskResume                        
0000098b  xTaskResumeFromISR                 
00000a15  vTaskStartScheduler                
00000a65  vTaskEndScheduler                  
00000a81  vTaskSuspendAll                    
00000a99  xTaskResumeAll                     
00000b69  xTaskGetTickCount                  
00000b79  xTaskGetTickCountFromISR           
00000b8d  uxTaskGetNumberOfTasks             
00000b99  pcTaskGetName                      
00000bbd  uxTaskGetSystemState               
00000ca5  xTaskIncrementTick                 
00000d91  vTaskSwitchContext                 
00000df9  vTaskPlaceOnEventList              
00000e15  vTaskPlaceOnUnorderedEventList     
00000e45  xTaskRemoveFromEventList           
00000ec9  vTaskRemoveFromUnorderedEventList  
00000f31  vTaskSetTimeOutState               
00000f4f  vTaskInternalSetTimeOutState       
00000f75  xTaskCheckForTimeOut               
00000ff3  vTaskMissedYield                   
00000ffb  uxTaskGetTaskNumber                
0000101b  vTaskSetTaskNumber                 
000010f9  vTaskGetInfo                       
00001285  uxTaskGetStackHighWaterMark        
00001301  xTaskGetCurrentTaskHandle          
00001335  xTaskPriorityInherit               
00001415  xTaskPriorityDisinherit            
000014b3  vTaskPriorityDisinheritAfterTimeout
00001589  uxTaskResetEventItemValue          
000015ab  pvTaskIncrementMutexHeldCount      
000015c9  ulTaskNotifyTake                   
00001649  xTaskNotifyWait                    
000016eb  xTaskGenericNotify                 
000017c5  xTaskGenericNotifyFromISR          
000018d1  vTaskNotifyGiveFromISR             
0000197d  xTaskNotifyStateClear              
00001a79  UARTStdioConfig                    
00001abf  UARTwrite                          
00001b05  UARTgets                           
00001bbf  UARTgetc                           
00001be5  UARTvprintf                        
00001edf  UARTprintf                         
00001f15  vTaskCode_INIT_CAN_ZERO            
00001faf  CANIntHandler                      
00002029  vTaskCode_NODE_ZERO_START          
0000206d  vTaskCode_NODE_RX                  
0000218d  vTaskCode_NODE_TX                  
00002231  vTaskCode_BTN1_GET                 
000022bd  pxPortInitialiseStack              
00002327  xPortStartScheduler                
0000235d  vPortEndScheduler                  
0000235f  vPortEnterCritical                 
0000237f  vPortExitCritical                  
00002395  xPortSysTickHandler                
000023bb  vPortSetupTimerInterrupt           
000023f9  CANMessageSet                      
0000252f  GPIOPadConfigSet                   
00002661  vListInitialise                    
00002691  vListInitialiseItem                
000026a1  vListInsertEnd                     
000026dd  vListInsert                        
00002743  uxListRemove                       
0000278b  __aeabi_idiv0                      
0000278b  __aeabi_ldiv0                      
0000278d  SysCtlClockGet                     
0000289d  CANMessageGet                      
000029ad  SysCtlClockSet                     
00002ab1  ulPortGetIPSR                      
00002ac9  xPortPendSVHandler                 
00002b29  vPortSVCHandler                    
00002b49  vPortStartFirstTask                
00002b6d  vPortEnableVFP                     
00002b7d  pvPortMalloc                       
00002bed  vPortFree                          
00002bf7  vPortInitialiseBlocks              
00002bff  xPortGetFreeHeapSize               
00002c19  __aeabi_memcpy                     
00002c19  __aeabi_memcpy4                    
00002c19  __aeabi_memcpy8                    
00002c19  memcpy                             
00002cb5  Btns_Init                          
00002ce5  Btn1_Read                          
00002d0b  Btn2_Read                          
00002d39  __aeabi_memclr                     
00002d39  __aeabi_memclr4                    
00002d39  __aeabi_memclr8                    
00002d3b  __aeabi_memset                     
00002d3b  __aeabi_memset4                    
00002d3b  __aeabi_memset8                    
00002d41  memset                             
00002db5  CANBitRateSet                      
00002e21  IntEnable                          
00002e89  __TI_decompress_lzss               
00002ef1  main                               
00002f55  GPIOPinConfigure                   
00002f9d  UARTConfigSetExpClk                
00002fe5  LEDTaskInit                        
00003003  ON_LED1                            
00003011  OFF_LED1                           
00003029  __TI_auto_init_nobinit_nopinit     
0000306d  CANStatusGet                       
000030ad  __aeabi_uidiv                      
000030ad  __aeabi_uidivmod                   
000030ed  CANInit                            
00003129  SysCtlPeripheralPresent            
00003161  SysCtlPeripheralReady              
00003199  _c_int00_noargs                    
000031d1  SysCtlPeripheralEnable             
00003205  GPIODirModeSet                     
0000327d  CANIntClear                        
0000329f  CANIntStatus                       
000032c1  UARTDisable                        
000032e1  GPIOPinTypeGPIOOutput              
000032f9  UARTEnable                         
0000330d  GPIOPinTypeCAN                     
0000331f  GPIOPinTypeGPIOInput               
00003331  GPIOPinTypeUART                    
00003343  __TI_decompress_none               
00003351  __TI_zero_init                     
0000335d  ResetISR                           
00003369  CANEnable                          
00003373  UARTCharGet                        
0000337d  UARTCharPut                        
00003387  CANIntEnable                       
0000338f  GPIOPinRead                        
00003395  GPIOPinWrite                       
0000339b  SysCtlDelay                        
000033a1  UARTClockSourceSet                 
000033a7  _system_pre_init                   
000033ab  C$$EXIT                            
000033ab  abort                              
00003568  ulMaxSyscallInterruptPriority      
00003570  __TI_Handler_Table_Base            
0000357c  __TI_Handler_Table_Limit           
00003590  __TI_CINIT_Base                    
000035a0  __TI_CINIT_Limit                   
200076e0  __stack                            
200078e0  __STACK_END                        
200078e0  __STACK_TOP                        
200078e0  pxCurrentTCB                       
20007914  TOKIN                              
20007915  TX_FLAG                            
20007916  REVERS_FLAG                        
20007917  g_bRXFlag                          
20007918  g_bRXFlag1                         
20007919  g_bRXFlag2                         
2000791a  g_bRXFlag3                         
2000791b  g_bErrFlag                         
ffffffff  __TI_pprof_out_hndl                
ffffffff  __TI_prof_data_size                
ffffffff  __TI_prof_data_start               
ffffffff  __binit__                          
ffffffff  __c_args__                         
ffffffff  binit                              
UNDEFED   __mpu_init                         
UNDEFED   _system_post_cinit                 

[169 symbols]
