******************************************************************************
                  TI ARM Linker PC v18.1.1                     
******************************************************************************
>> Linked Tue Mar 19 20:30:43 2019

OUTPUT FILE NAME:   <Tiva_comm.out>
ENTRY POINT SYMBOL: "_c_int00_noargs"  address: 000009dd


MEMORY CONFIGURATION

         name            origin    length      used     unused   attr    fill
----------------------  --------  ---------  --------  --------  ----  --------
  FLASH                 00000000   00040000  00000c7c  0003f384  R  X
  SRAM                  20000000   00008000  00000209  00007df7  RW X


SEGMENT ALLOCATION MAP

run origin  load origin   length   init length attrs members
----------  ----------- ---------- ----------- ----- -------
00000000    00000000    00000c80   00000c80    r-x
  00000000    00000000    0000026c   0000026c    r-- .intvecs
  0000026c    0000026c    000008f4   000008f4    r-x .text
  00000b60    00000b60    000000fc   000000fc    r-- .const
  00000c60    00000c60    00000020   00000020    r-- .cinit
20000000    20000000    00000209   00000000    rw-
  20000000    20000000    00000200   00000000    rw- .stack
  20000200    20000200    00000009   00000000    rw- .data


SECTION ALLOCATION MAP

 output                                  attributes/
section   page    origin      length       input sections
--------  ----  ----------  ----------   ----------------
.intvecs   0    00000000    0000026c     
                  00000000    0000026c     tm4c123gh6pm_startup_ccs.obj (.intvecs)

.text      0    0000026c    000008f4     
                  0000026c    00000268     KeyPad.obj (.text)
                  000004d4    00000132     driverlib.lib : gpio.obj (.text:GPIOPadConfigSet)
                  00000606    00000002     --HOLE-- [fill = 0]
                  00000608    00000110                   : sysctl.obj (.text:SysCtlClockGet)
                  00000718    000000b4     uart.obj (.text)
                  000007cc    0000009c     rtsv7M4_T_le_v4SPD16_eabi.lib : memcpy_t2.asm.obj (.text)
                  00000868    00000068                                   : copy_decompress_lzss.c.obj (.text:decompress:lzss:__TI_decompress_lzss)
                  000008d0    00000048     driverlib.lib : gpio.obj (.text:GPIOPinConfigure)
                  00000918    00000046                   : uart.obj (.text:UARTConfigSetExpClk)
                  0000095e    00000002     --HOLE-- [fill = 0]
                  00000960    00000044     rtsv7M4_T_le_v4SPD16_eabi.lib : autoinit.c.obj (.text:__TI_auto_init_nobinit_nopinit:__TI_auto_init_nobinit_nopinit)
                  000009a4    00000038     driverlib.lib : sysctl.obj (.text:SysCtlPeripheralReady)
                  000009dc    00000038     rtsv7M4_T_le_v4SPD16_eabi.lib : boot_cortex_m.c.obj (.text:_c_int00_noargs:_c_int00_noargs)
                  00000a14    00000034     driverlib.lib : sysctl.obj (.text:SysCtlPeripheralEnable)
                  00000a48    0000002a                   : gpio.obj (.text:GPIODirModeSet)
                  00000a72    0000002a     main.obj (.text)
                  00000a9c    00000020     driverlib.lib : uart.obj (.text:UARTDisable)
                  00000abc    00000018                   : gpio.obj (.text:GPIOPinTypeGPIOOutput)
                  00000ad4    00000014                   : uart.obj (.text:UARTEnable)
                  00000ae8    00000012                   : gpio.obj (.text:GPIOPinTypeGPIOInput)
                  00000afa    00000012                   : gpio.obj (.text:GPIOPinTypeUART)
                  00000b0c    0000000e                   : uart.obj (.text:UARTCharGetNonBlocking)
                  00000b1a    0000000e                   : uart.obj (.text:UARTCharsAvail)
                  00000b28    0000000e     rtsv7M4_T_le_v4SPD16_eabi.lib : copy_decompress_none.c.obj (.text:decompress:none:__TI_decompress_none)
                  00000b36    0000000c     tm4c123gh6pm_startup_ccs.obj (.text)
                  00000b42    0000000a     driverlib.lib : uart.obj (.text:UARTCharPut)
                  00000b4c    00000006                   : gpio.obj (.text:GPIOPinRead)
                  00000b52    00000006                   : gpio.obj (.text:GPIOPinWrite)
                  00000b58    00000004     rtsv7M4_T_le_v4SPD16_eabi.lib : pre_init.c.obj (.text:_system_pre_init)
                  00000b5c    00000004                                   : exit.c.obj (.text:abort:abort)

.const     0    00000b60    000000fc     
                  00000b60    00000090     driverlib.lib : gpio.obj (.const:g_pui32GPIOBaseAddrs)
                  00000bf0    0000006c                   : sysctl.obj (.const:g_pui32Xtals)

.cinit     0    00000c60    00000020     
                  00000c60    0000000e     (.cinit..data.load) [load image, compression = lzss]
                  00000c6e    00000002     --HOLE-- [fill = 0]
                  00000c70    00000008     (__TI_handler_table)
                  00000c78    00000008     (__TI_cinit_table)

.init_array 
*          0    00000000    00000000     UNINITIALIZED

.data      0    20000200    00000009     UNINITIALIZED
                  20000200    00000009     KeyPad.obj (.data:keymap)

.stack     0    20000000    00000200     UNINITIALIZED
                  20000000    00000004     rtsv7M4_T_le_v4SPD16_eabi.lib : boot_cortex_m.c.obj (.stack)
                  20000004    000001fc     --HOLE--

MODULE SUMMARY

       Module                         code   ro data   rw data
       ------                         ----   -------   -------
    .\
       tm4c123gh6pm_startup_ccs.obj   12     620       0      
       main.obj                       42     0         0      
    +--+------------------------------+------+---------+---------+
       Total:                         54     620       0      
                                                              
    .\KeyPad\
       KeyPad.obj                     616    0         9      
    +--+------------------------------+------+---------+---------+
       Total:                         616    0         9      
                                                              
    .\Uart\
       uart.obj                       180    0         0      
    +--+------------------------------+------+---------+---------+
       Total:                         180    0         0      
                                                              
    C:/ti/TivaWare_C_Series-2.1.4.178/driverlib/ccs/Debug/driverlib.lib
       gpio.obj                       492    144       0      
       sysctl.obj                     380    108       0      
       uart.obj                       160    0         0      
    +--+------------------------------+------+---------+---------+
       Total:                         1032   252       0      
                                                              
    C:\ti\ccsv8\tools\compiler\ti-cgt-arm_18.1.1.LTS\lib\rtsv7M4_T_le_v4SPD16_eabi.lib
       memcpy_t2.asm.obj              156    0         0      
       copy_decompress_lzss.c.obj     104    0         0      
       autoinit.c.obj                 68     0         0      
       boot_cortex_m.c.obj            56     0         0      
       copy_decompress_none.c.obj     14     0         0      
       exit.c.obj                     4      0         0      
       pre_init.c.obj                 4      0         0      
    +--+------------------------------+------+---------+---------+
       Total:                         406    0         0      
                                                              
       Stack:                         0      0         512    
       Linker Generated:              0      30        0      
    +--+------------------------------+------+---------+---------+
       Grand Total:                   2288   902       521    


LINKER GENERATED COPY TABLES

__TI_cinit_table @ 00000c78 records: 1, size/record: 8, table size: 8
	.data: load addr=00000c60, load size=0000000e bytes, run addr=20000200, run size=00000009 bytes, compression=lzss


LINKER GENERATED HANDLER TABLE

__TI_handler_table @ 00000c70 records: 2, size/record: 4, table size: 8
	index: 0, handler: __TI_decompress_lzss
	index: 1, handler: __TI_decompress_none


GLOBAL SYMBOLS: SORTED ALPHABETICALLY BY Name 

address   name                          
-------   ----                          
00000b5d  C$$EXIT                       
00000a49  GPIODirModeSet                
000004d5  GPIOPadConfigSet              
000008d1  GPIOPinConfigure              
00000b4d  GPIOPinRead                   
00000ae9  GPIOPinTypeGPIOInput          
00000abd  GPIOPinTypeGPIOOutput         
00000afb  GPIOPinTypeUART               
00000b53  GPIOPinWrite                  
00000311  Keypad_getPressedKey          
0000026d  Keypad_init                   
00000b37  ResetISR                      
00000609  SysCtlClockGet                
00000a15  SysCtlPeripheralEnable        
000009a5  SysCtlPeripheralReady         
00000b0d  UARTCharGetNonBlocking        
00000b43  UARTCharPut                   
00000b1b  UARTCharsAvail                
00000919  UARTConfigSetExpClk           
00000a9d  UARTDisable                   
00000ad5  UARTEnable                    
00000719  UART_Init                     
00000799  UART_Recive                   
00000787  UART_Send                     
20000200  __STACK_END                   
00000200  __STACK_SIZE                  
20000200  __STACK_TOP                   
00000c78  __TI_CINIT_Base               
00000c80  __TI_CINIT_Limit              
00000c70  __TI_Handler_Table_Base       
00000c78  __TI_Handler_Table_Limit      
00000961  __TI_auto_init_nobinit_nopinit
00000869  __TI_decompress_lzss          
00000b29  __TI_decompress_none          
ffffffff  __TI_pprof_out_hndl           
ffffffff  __TI_prof_data_size           
ffffffff  __TI_prof_data_start          
00000000  __TI_static_base__            
000007cd  __aeabi_memcpy                
000007cd  __aeabi_memcpy4               
000007cd  __aeabi_memcpy8               
ffffffff  __binit__                     
ffffffff  __c_args__                    
UNDEFED   __mpu_init                    
20000000  __stack                       
000009dd  _c_int00_noargs               
UNDEFED   _system_post_cinit            
00000b59  _system_pre_init              
00000b5d  abort                         
ffffffff  binit                         
00000000  g_pfnVectors                  
20000200  keymap                        
00000a73  main                          
000007cd  memcpy                        


GLOBAL SYMBOLS: SORTED BY Symbol Address 

address   name                          
-------   ----                          
00000000  __TI_static_base__            
00000000  g_pfnVectors                  
00000200  __STACK_SIZE                  
0000026d  Keypad_init                   
00000311  Keypad_getPressedKey          
000004d5  GPIOPadConfigSet              
00000609  SysCtlClockGet                
00000719  UART_Init                     
00000787  UART_Send                     
00000799  UART_Recive                   
000007cd  __aeabi_memcpy                
000007cd  __aeabi_memcpy4               
000007cd  __aeabi_memcpy8               
000007cd  memcpy                        
00000869  __TI_decompress_lzss          
000008d1  GPIOPinConfigure              
00000919  UARTConfigSetExpClk           
00000961  __TI_auto_init_nobinit_nopinit
000009a5  SysCtlPeripheralReady         
000009dd  _c_int00_noargs               
00000a15  SysCtlPeripheralEnable        
00000a49  GPIODirModeSet                
00000a73  main                          
00000a9d  UARTDisable                   
00000abd  GPIOPinTypeGPIOOutput         
00000ad5  UARTEnable                    
00000ae9  GPIOPinTypeGPIOInput          
00000afb  GPIOPinTypeUART               
00000b0d  UARTCharGetNonBlocking        
00000b1b  UARTCharsAvail                
00000b29  __TI_decompress_none          
00000b37  ResetISR                      
00000b43  UARTCharPut                   
00000b4d  GPIOPinRead                   
00000b53  GPIOPinWrite                  
00000b59  _system_pre_init              
00000b5d  C$$EXIT                       
00000b5d  abort                         
00000c70  __TI_Handler_Table_Base       
00000c78  __TI_CINIT_Base               
00000c78  __TI_Handler_Table_Limit      
00000c80  __TI_CINIT_Limit              
20000000  __stack                       
20000200  __STACK_END                   
20000200  __STACK_TOP                   
20000200  keymap                        
ffffffff  __TI_pprof_out_hndl           
ffffffff  __TI_prof_data_size           
ffffffff  __TI_prof_data_start          
ffffffff  __binit__                     
ffffffff  __c_args__                    
ffffffff  binit                         
UNDEFED   __mpu_init                    
UNDEFED   _system_post_cinit            

[54 symbols]
