******************************************************************************
                  TI ARM Linker PC v18.1.1                     
******************************************************************************
>> Linked Sat Apr  6 23:18:08 2019

OUTPUT FILE NAME:   <Free_RTOS_Porting.out>
ENTRY POINT SYMBOL: "_c_int00_noargs"  address: 00003329


MEMORY CONFIGURATION

         name            origin    length      used     unused   attr    fill
----------------------  --------  ---------  --------  --------  ----  --------
  FLASH                 00000000   00040000  00003736  0003c8ca  R  X
  SRAM                  20000000   00008000  00007934  000006cc  RW X


SEGMENT ALLOCATION MAP

run origin  load origin   length   init length attrs members
----------  ----------- ---------- ----------- ----- -------
00000000    00000000    00003738   00003738    r-x
  00000000    00000000    0000026c   0000026c    r-- .intvecs
  0000026c    0000026c    000032d2   000032d2    r-x .text
  00003540    00003540    000001c0   000001c0    r-- .const
  00003700    00003700    00000038   00000038    r-- .cinit
20000000    20000000    00007938   00000000    rw-
  20000000    20000000    000076dc   00000000    rw- .bss
  200076e0    200076e0    00000200   00000000    rw- .stack
  200078e0    200078e0    00000058   00000000    rw- .data


SECTION ALLOCATION MAP

 output                                  attributes/
section   page    origin      length       input sections
--------  ----  ----------  ----------   ----------------
.intvecs   0    00000000    0000026c     
                  00000000    0000026c     tm4c123gh6pm_startup_ccs.obj (.intvecs)

.text      0    0000026c    000032d2     
                  0000026c    0000180c     tasks.obj (.text)
                  00001a78    000004dc     CAN.obj (.text)
                  00001f54    0000049c     uartstdio.obj (.text)
                  000023f0    0000013c     port.obj (.text)
                  0000252c    00000136     driverlib.lib : can.obj (.text:CANMessageSet)
                  00002662    00000132                   : gpio.obj (.text:GPIOPadConfigSet)
                  00002794    0000012a     list.obj (.text)
                  000028be    00000002     rtsv7M4_T_le_v4SPD16_eabi.lib : div0.asm.obj (.text)
                  000028c0    00000110     driverlib.lib : sysctl.obj (.text:SysCtlClockGet)
                  000029d0    0000010e                   : can.obj (.text:CANMessageGet)
                  00002ade    00000002     --HOLE-- [fill = 0]
                  00002ae0    000000f4                   : sysctl.obj (.text:SysCtlClockSet)
                  00002bd4    000000da     portasm.obj (.text)
                  00002cae    00000002     --HOLE-- [fill = 0]
                  00002cb0    000000c0     main.obj (.text)
                  00002d70    0000009c     heap_1.obj (.text)
                  00002e0c    0000009c     rtsv7M4_T_le_v4SPD16_eabi.lib : memcpy_t2.asm.obj (.text)
                  00002ea8    00000084     BTN.obj (.text)
                  00002f2c    0000007a     rtsv7M4_T_le_v4SPD16_eabi.lib : memset_t2.asm.obj (.text)
                  00002fa6    00000002     --HOLE-- [fill = 0]
                  00002fa8    0000006c     driverlib.lib : can.obj (.text:CANBitRateSet)
                  00003014    00000068                   : interrupt.obj (.text:IntEnable)
                  0000307c    00000068     rtsv7M4_T_le_v4SPD16_eabi.lib : copy_decompress_lzss.c.obj (.text:decompress:lzss:__TI_decompress_lzss)
                  000030e4    00000048     driverlib.lib : gpio.obj (.text:GPIOPinConfigure)
                  0000312c    00000046                   : uart.obj (.text:UARTConfigSetExpClk)
                  00003172    00000002     --HOLE-- [fill = 0]
                  00003174    00000044     LED.obj (.text)
                  000031b8    00000044     rtsv7M4_T_le_v4SPD16_eabi.lib : autoinit.c.obj (.text:__TI_auto_init_nobinit_nopinit:__TI_auto_init_nobinit_nopinit)
                  000031fc    00000040     driverlib.lib : can.obj (.text:CANStatusGet)
                  0000323c    00000040     rtsv7M4_T_le_v4SPD16_eabi.lib : u_divt2.asm.obj (.text)
                  0000327c    0000003a     driverlib.lib : can.obj (.text:CANInit)
                  000032b6    00000002     --HOLE-- [fill = 0]
                  000032b8    00000038                   : sysctl.obj (.text:SysCtlPeripheralPresent)
                  000032f0    00000038                   : sysctl.obj (.text:SysCtlPeripheralReady)
                  00003328    00000038     rtsv7M4_T_le_v4SPD16_eabi.lib : boot_cortex_m.c.obj (.text:_c_int00_noargs:_c_int00_noargs)
                  00003360    00000034     driverlib.lib : sysctl.obj (.text:SysCtlPeripheralEnable)
                  00003394    0000002a                   : gpio.obj (.text:GPIODirModeSet)
                  000033be    0000002a                   : can.obj (.text:_CANDataRegRead)
                  000033e8    00000024                   : can.obj (.text:_CANDataRegWrite)
                  0000340c    00000022                   : can.obj (.text:CANIntClear)
                  0000342e    00000020                   : can.obj (.text:CANIntStatus)
                  0000344e    00000002     --HOLE-- [fill = 0]
                  00003450    00000020                   : uart.obj (.text:UARTDisable)
                  00003470    00000018                   : gpio.obj (.text:GPIOPinTypeGPIOOutput)
                  00003488    00000014                   : uart.obj (.text:UARTEnable)
                  0000349c    00000012                   : gpio.obj (.text:GPIOPinTypeCAN)
                  000034ae    00000012                   : gpio.obj (.text:GPIOPinTypeGPIOInput)
                  000034c0    00000012                   : gpio.obj (.text:GPIOPinTypeUART)
                  000034d2    0000000e     rtsv7M4_T_le_v4SPD16_eabi.lib : copy_decompress_none.c.obj (.text:decompress:none:__TI_decompress_none)
                  000034e0    0000000c                                   : copy_zero_init.c.obj (.text:decompress:ZI:__TI_zero_init)
                  000034ec    0000000c     tm4c123gh6pm_startup_ccs.obj (.text)
                  000034f8    0000000a     driverlib.lib : can.obj (.text:CANEnable)
                  00003502    0000000a                   : uart.obj (.text:UARTCharGet)
                  0000350c    0000000a                   : uart.obj (.text:UARTCharPut)
                  00003516    00000008                   : can.obj (.text:CANIntEnable)
                  0000351e    00000006                   : gpio.obj (.text:GPIOPinRead)
                  00003524    00000006                   : gpio.obj (.text:GPIOPinWrite)
                  0000352a    00000006                   : sysctl.obj (.text:SysCtlDelay)
                  00003530    00000006                   : uart.obj (.text:UARTClockSourceSet)
                  00003536    00000004     rtsv7M4_T_le_v4SPD16_eabi.lib : pre_init.c.obj (.text:_system_pre_init)
                  0000353a    00000004                                   : exit.c.obj (.text:abort:abort)

.const     0    00003540    000001c0     
                  00003540    00000090     driverlib.lib : gpio.obj (.const:g_pui32GPIOBaseAddrs)
                  000035d0    00000070                   : interrupt.obj (.const)
                  00003640    0000006c                   : sysctl.obj (.const:g_pui32Xtals)
                  000036ac    00000020                   : can.obj (.const)
                  000036cc    00000012     uartstdio.obj (.const:.string)
                  000036de    00000002     --HOLE-- [fill = 0]
                  000036e0    0000000c     uartstdio.obj (.const:g_ui32UARTBase)
                  000036ec    0000000c     uartstdio.obj (.const:g_ui32UARTPeriph)
                  000036f8    00000004     port.obj (.const)
                  000036fc    00000004     uartstdio.obj (.const)

.cinit     0    00003700    00000038     
                  00003700    0000000f     (.cinit..data.load) [load image, compression = lzss]
                  0000370f    00000001     --HOLE-- [fill = 0]
                  00003710    0000000c     (__TI_handler_table)
                  0000371c    00000004     --HOLE-- [fill = 0]
                  00003720    00000008     (.cinit..bss.load) [load image, compression = zero_init]
                  00003728    00000010     (__TI_cinit_table)

.init_array 
*          0    00000000    00000000     UNINITIALIZED

.bss       0    20000000    000076dc     UNINITIALIZED
                  20000000    00007530     heap_1.obj (.bss:ucHeap)
                  20007530    00000140     tasks.obj (.bss:pxReadyTasksLists)
                  20007670    00000014     tasks.obj (.bss:xDelayedTaskList1)
                  20007684    00000014     tasks.obj (.bss:xDelayedTaskList2)
                  20007698    00000014     tasks.obj (.bss:xPendingReadyList)
                  200076ac    00000014     tasks.obj (.bss:xSuspendedTaskList)
                  200076c0    00000014     tasks.obj (.bss:xTasksWaitingTermination)
                  200076d4    00000008     tasks.obj (.bss)

.data      0    200078e0    00000058     UNINITIALIZED
                  200078e0    00000034     tasks.obj (.data)
                  20007914    0000000d     CAN.obj (.data)
                  20007921    00000003     --HOLE--
                  20007924    00000008     heap_1.obj (.data)
                  2000792c    00000005     uartstdio.obj (.data)
                  20007931    00000003     --HOLE--
                  20007934    00000004     port.obj (.data)

.stack     0    200076e0    00000200     UNINITIALIZED
                  200076e0    00000004     rtsv7M4_T_le_v4SPD16_eabi.lib : boot_cortex_m.c.obj (.stack)
                  200076e4    000001fc     --HOLE--

MODULE SUMMARY

       Module                         code    ro data   rw data
       ------                         ----    -------   -------
    .\
       tasks.obj                      6156    0         480    
       CAN.obj                        1244    0         13     
       uartstdio.obj                  1180    46        5      
       tm4c123gh6pm_startup_ccs.obj   12      620       0      
       list.obj                       298     0         0      
       main.obj                       192     0         0      
       BTN.obj                        132     0         0      
       LED.obj                        68      0         0      
    +--+------------------------------+-------+---------+---------+
       Total:                         9282    666       498    
                                                               
    .\ARM_CM4F\
       port.obj                       316     4         4      
       portasm.obj                    218     0         0      
    +--+------------------------------+-------+---------+---------+
       Total:                         534     4         4      
                                                               
    .\MemMang\
       heap_1.obj                     156     0         30008  
    +--+------------------------------+-------+---------+---------+
       Total:                         156     0         30008  
                                                               
    C:/ti/TivaWare_C_Series-2.1.4.178/driverlib/ccs/Debug/driverlib.lib
       can.obj                        972     32        0      
       sysctl.obj                     686     108       0      
       gpio.obj                       510     144       0      
       interrupt.obj                  104     112       0      
       uart.obj                       148     0         0      
    +--+------------------------------+-------+---------+---------+
       Total:                         2420    396       0      
                                                               
    C:\ti\ccsv8\tools\compiler\ti-cgt-arm_18.1.1.LTS\lib\rtsv7M4_T_le_v4SPD16_eabi.lib
       memcpy_t2.asm.obj              156     0         0      
       memset_t2.asm.obj              122     0         0      
       copy_decompress_lzss.c.obj     104     0         0      
       autoinit.c.obj                 68      0         0      
       u_divt2.asm.obj                64      0         0      
       boot_cortex_m.c.obj            56      0         0      
       copy_decompress_none.c.obj     14      0         0      
       copy_zero_init.c.obj           12      0         0      
       exit.c.obj                     4       0         0      
       pre_init.c.obj                 4       0         0      
       div0.asm.obj                   2       0         0      
    +--+------------------------------+-------+---------+---------+
       Total:                         606     0         0      
                                                               
       Stack:                         0       0         512    
       Linker Generated:              0       51        0      
    +--+------------------------------+-------+---------+---------+
       Grand Total:                   12998   1117      31022  


LINKER GENERATED COPY TABLES

__TI_cinit_table @ 00003728 records: 2, size/record: 8, table size: 16
	.data: load addr=00003700, load size=0000000f bytes, run addr=200078e0, run size=00000058 bytes, compression=lzss
	.bss: load addr=00003720, load size=00000008 bytes, run addr=20000000, run size=000076dc bytes, compression=zero_init


LINKER GENERATED HANDLER TABLE

__TI_handler_table @ 00003710 records: 3, size/record: 4, table size: 12
	index: 0, handler: __TI_decompress_lzss
	index: 1, handler: __TI_decompress_none
	index: 2, handler: __TI_zero_init


GLOBAL SYMBOLS: SORTED ALPHABETICALLY BY Name 

address   name                               
-------   ----                               
00002ed9  Btn1_Read                          
00002eff  Btn2_Read                          
00002ea9  Btns_Init                          
0000353b  C$$EXIT                            
00002fa9  CANBitRateSet                      
000034f9  CANEnable                          
0000327d  CANInit                            
0000340d  CANIntClear                        
00003517  CANIntEnable                       
00001b1d  CANIntHandler                      
0000342f  CANIntStatus                       
000029d1  CANMessageGet                      
0000252d  CANMessageSet                      
000031fd  CANStatusGet                       
20007915  FLAG_ONE_TX                        
20007916  FLAG_TWO_TX                        
20007914  FLAG_ZERO_TX                       
00003395  GPIODirModeSet                     
00002663  GPIOPadConfigSet                   
000030e5  GPIOPinConfigure                   
0000351f  GPIOPinRead                        
0000349d  GPIOPinTypeCAN                     
000034af  GPIOPinTypeGPIOInput               
00003471  GPIOPinTypeGPIOOutput              
000034c1  GPIOPinTypeUART                    
00003525  GPIOPinWrite                       
00003015  IntEnable                          
00003175  LEDTaskInit                        
000031a1  OFF_LED1                           
00003193  ON_LED1                            
000034ed  ResetISR                           
00001b13  SimpleDelay                        
000028c1  SysCtlClockGet                     
00002ae1  SysCtlClockSet                     
0000352b  SysCtlDelay                        
00003361  SysCtlPeripheralEnable             
000032b9  SysCtlPeripheralPresent            
000032f1  SysCtlPeripheralReady              
00003503  UARTCharGet                        
0000350d  UARTCharPut                        
00003531  UARTClockSourceSet                 
0000312d  UARTConfigSetExpClk                
00003451  UARTDisable                        
00003489  UARTEnable                         
00001f55  UARTStdioConfig                    
0000209b  UARTgetc                           
00001fe1  UARTgets                           
000023bb  UARTprintf                         
000020c1  UARTvprintf                        
00001f9b  UARTwrite                          
200078e0  __STACK_END                        
00000200  __STACK_SIZE                       
200078e0  __STACK_TOP                        
00003728  __TI_CINIT_Base                    
00003738  __TI_CINIT_Limit                   
00003710  __TI_Handler_Table_Base            
0000371c  __TI_Handler_Table_Limit           
000031b9  __TI_auto_init_nobinit_nopinit     
0000307d  __TI_decompress_lzss               
000034d3  __TI_decompress_none               
ffffffff  __TI_pprof_out_hndl                
ffffffff  __TI_prof_data_size                
ffffffff  __TI_prof_data_start               
00000000  __TI_static_base__                 
000034e1  __TI_zero_init                     
000028bf  __aeabi_idiv0                      
000028bf  __aeabi_ldiv0                      
00002f2d  __aeabi_memclr                     
00002f2d  __aeabi_memclr4                    
00002f2d  __aeabi_memclr8                    
00002e0d  __aeabi_memcpy                     
00002e0d  __aeabi_memcpy4                    
00002e0d  __aeabi_memcpy8                    
00002f2f  __aeabi_memset                     
00002f2f  __aeabi_memset4                    
00002f2f  __aeabi_memset8                    
0000323d  __aeabi_uidiv                      
0000323d  __aeabi_uidivmod                   
ffffffff  __binit__                          
ffffffff  __c_args__                         
UNDEFED   __mpu_init                         
200076e0  __stack                            
00003329  _c_int00_noargs                    
UNDEFED   _system_post_cinit                 
00003537  _system_pre_init                   
0000353b  abort                              
ffffffff  binit                              
000005dd  eTaskGetState                      
20007920  g_bErrFlag                         
2000791c  g_bRXFlag                          
2000791d  g_bRXFlag1                         
2000791e  g_bRXFlag2                         
2000791f  g_bRXFlag3                         
00000000  g_pfnVectors                       
20007918  g_ui32MsgCount                     
00002cb1  main                               
00002e0d  memcpy                             
00002f35  memset                             
00000b99  pcTaskGetName                      
00002d71  pvPortMalloc                       
000015ab  pvTaskIncrementMutexHeldCount      
200078e0  pxCurrentTCB                       
000023f1  pxPortInitialiseStack              
000036f8  ulMaxSyscallInterruptPriority      
00002be5  ulPortGetIPSR                      
000015c9  ulTaskNotifyTake                   
00002877  uxListRemove                       
00000b8d  uxTaskGetNumberOfTasks             
00001285  uxTaskGetStackHighWaterMark        
00000bbd  uxTaskGetSystemState               
00000ffb  uxTaskGetTaskNumber                
0000068d  uxTaskPriorityGet                  
000006b9  uxTaskPriorityGetFromISR           
00001589  uxTaskResetEventItemValue          
00002795  vListInitialise                    
000027c5  vListInitialiseItem                
00002811  vListInsert                        
000027d5  vListInsertEnd                     
00002ca1  vPortEnableVFP                     
00002491  vPortEndScheduler                  
00002493  vPortEnterCritical                 
000024b3  vPortExitCritical                  
00002de1  vPortFree                          
00002deb  vPortInitialiseBlocks              
00002c5d  vPortSVCHandler                    
000024ef  vPortSetupTimerInterrupt           
00002c7d  vPortStartFirstTask                
00001a79  vTaskCode3                         
00001d79  vTaskCode_NODE_ONE_RX              
00001c05  vTaskCode_NODE_ONE_TX              
00001e1d  vTaskCode_NODE_TWO_RX              
00001c5b  vTaskCode_NODE_TWO_TX              
00001cb9  vTaskCode_NODE_ZERO_RX             
00001ecd  vTaskCode_NODE_ZERO_START          
00001baf  vTaskCode_NODE_ZERO_TX             
000005a3  vTaskDelay                         
00000513  vTaskDelayUntil                    
00000465  vTaskDelete                        
00000a65  vTaskEndScheduler                  
000010f9  vTaskGetInfo                       
00000f4f  vTaskInternalSetTimeOutState       
00000ff3  vTaskMissedYield                   
000018d1  vTaskNotifyGiveFromISR             
00000df9  vTaskPlaceOnEventList              
00000e15  vTaskPlaceOnUnorderedEventList     
000014b3  vTaskPriorityDisinheritAfterTimeout
00000705  vTaskPrioritySet                   
00000ec9  vTaskRemoveFromUnorderedEventList  
00000925  vTaskResume                        
0000101b  vTaskSetTaskNumber                 
00000f31  vTaskSetTimeOutState               
00000a15  vTaskStartScheduler                
00000811  vTaskSuspend                       
00000a81  vTaskSuspendAll                    
00000d91  vTaskSwitchContext                 
00002df3  xPortGetFreeHeapSize               
00002bfd  xPortPendSVHandler                 
0000245b  xPortStartScheduler                
000024c9  xPortSysTickHandler                
00000f75  xTaskCheckForTimeOut               
0000026d  xTaskCreate                        
000016eb  xTaskGenericNotify                 
000017c5  xTaskGenericNotifyFromISR          
00001301  xTaskGetCurrentTaskHandle          
00000b69  xTaskGetTickCount                  
00000b79  xTaskGetTickCountFromISR           
00000ca5  xTaskIncrementTick                 
0000197d  xTaskNotifyStateClear              
00001649  xTaskNotifyWait                    
00001415  xTaskPriorityDisinherit            
00001335  xTaskPriorityInherit               
00000e45  xTaskRemoveFromEventList           
00000a99  xTaskResumeAll                     
0000098b  xTaskResumeFromISR                 


GLOBAL SYMBOLS: SORTED BY Symbol Address 

address   name                               
-------   ----                               
00000000  __TI_static_base__                 
00000000  g_pfnVectors                       
00000200  __STACK_SIZE                       
0000026d  xTaskCreate                        
00000465  vTaskDelete                        
00000513  vTaskDelayUntil                    
000005a3  vTaskDelay                         
000005dd  eTaskGetState                      
0000068d  uxTaskPriorityGet                  
000006b9  uxTaskPriorityGetFromISR           
00000705  vTaskPrioritySet                   
00000811  vTaskSuspend                       
00000925  vTaskResume                        
0000098b  xTaskResumeFromISR                 
00000a15  vTaskStartScheduler                
00000a65  vTaskEndScheduler                  
00000a81  vTaskSuspendAll                    
00000a99  xTaskResumeAll                     
00000b69  xTaskGetTickCount                  
00000b79  xTaskGetTickCountFromISR           
00000b8d  uxTaskGetNumberOfTasks             
00000b99  pcTaskGetName                      
00000bbd  uxTaskGetSystemState               
00000ca5  xTaskIncrementTick                 
00000d91  vTaskSwitchContext                 
00000df9  vTaskPlaceOnEventList              
00000e15  vTaskPlaceOnUnorderedEventList     
00000e45  xTaskRemoveFromEventList           
00000ec9  vTaskRemoveFromUnorderedEventList  
00000f31  vTaskSetTimeOutState               
00000f4f  vTaskInternalSetTimeOutState       
00000f75  xTaskCheckForTimeOut               
00000ff3  vTaskMissedYield                   
00000ffb  uxTaskGetTaskNumber                
0000101b  vTaskSetTaskNumber                 
000010f9  vTaskGetInfo                       
00001285  uxTaskGetStackHighWaterMark        
00001301  xTaskGetCurrentTaskHandle          
00001335  xTaskPriorityInherit               
00001415  xTaskPriorityDisinherit            
000014b3  vTaskPriorityDisinheritAfterTimeout
00001589  uxTaskResetEventItemValue          
000015ab  pvTaskIncrementMutexHeldCount      
000015c9  ulTaskNotifyTake                   
00001649  xTaskNotifyWait                    
000016eb  xTaskGenericNotify                 
000017c5  xTaskGenericNotifyFromISR          
000018d1  vTaskNotifyGiveFromISR             
0000197d  xTaskNotifyStateClear              
00001a79  vTaskCode3                         
00001b13  SimpleDelay                        
00001b1d  CANIntHandler                      
00001baf  vTaskCode_NODE_ZERO_TX             
00001c05  vTaskCode_NODE_ONE_TX              
00001c5b  vTaskCode_NODE_TWO_TX              
00001cb9  vTaskCode_NODE_ZERO_RX             
00001d79  vTaskCode_NODE_ONE_RX              
00001e1d  vTaskCode_NODE_TWO_RX              
00001ecd  vTaskCode_NODE_ZERO_START          
00001f55  UARTStdioConfig                    
00001f9b  UARTwrite                          
00001fe1  UARTgets                           
0000209b  UARTgetc                           
000020c1  UARTvprintf                        
000023bb  UARTprintf                         
000023f1  pxPortInitialiseStack              
0000245b  xPortStartScheduler                
00002491  vPortEndScheduler                  
00002493  vPortEnterCritical                 
000024b3  vPortExitCritical                  
000024c9  xPortSysTickHandler                
000024ef  vPortSetupTimerInterrupt           
0000252d  CANMessageSet                      
00002663  GPIOPadConfigSet                   
00002795  vListInitialise                    
000027c5  vListInitialiseItem                
000027d5  vListInsertEnd                     
00002811  vListInsert                        
00002877  uxListRemove                       
000028bf  __aeabi_idiv0                      
000028bf  __aeabi_ldiv0                      
000028c1  SysCtlClockGet                     
000029d1  CANMessageGet                      
00002ae1  SysCtlClockSet                     
00002be5  ulPortGetIPSR                      
00002bfd  xPortPendSVHandler                 
00002c5d  vPortSVCHandler                    
00002c7d  vPortStartFirstTask                
00002ca1  vPortEnableVFP                     
00002cb1  main                               
00002d71  pvPortMalloc                       
00002de1  vPortFree                          
00002deb  vPortInitialiseBlocks              
00002df3  xPortGetFreeHeapSize               
00002e0d  __aeabi_memcpy                     
00002e0d  __aeabi_memcpy4                    
00002e0d  __aeabi_memcpy8                    
00002e0d  memcpy                             
00002ea9  Btns_Init                          
00002ed9  Btn1_Read                          
00002eff  Btn2_Read                          
00002f2d  __aeabi_memclr                     
00002f2d  __aeabi_memclr4                    
00002f2d  __aeabi_memclr8                    
00002f2f  __aeabi_memset                     
00002f2f  __aeabi_memset4                    
00002f2f  __aeabi_memset8                    
00002f35  memset                             
00002fa9  CANBitRateSet                      
00003015  IntEnable                          
0000307d  __TI_decompress_lzss               
000030e5  GPIOPinConfigure                   
0000312d  UARTConfigSetExpClk                
00003175  LEDTaskInit                        
00003193  ON_LED1                            
000031a1  OFF_LED1                           
000031b9  __TI_auto_init_nobinit_nopinit     
000031fd  CANStatusGet                       
0000323d  __aeabi_uidiv                      
0000323d  __aeabi_uidivmod                   
0000327d  CANInit                            
000032b9  SysCtlPeripheralPresent            
000032f1  SysCtlPeripheralReady              
00003329  _c_int00_noargs                    
00003361  SysCtlPeripheralEnable             
00003395  GPIODirModeSet                     
0000340d  CANIntClear                        
0000342f  CANIntStatus                       
00003451  UARTDisable                        
00003471  GPIOPinTypeGPIOOutput              
00003489  UARTEnable                         
0000349d  GPIOPinTypeCAN                     
000034af  GPIOPinTypeGPIOInput               
000034c1  GPIOPinTypeUART                    
000034d3  __TI_decompress_none               
000034e1  __TI_zero_init                     
000034ed  ResetISR                           
000034f9  CANEnable                          
00003503  UARTCharGet                        
0000350d  UARTCharPut                        
00003517  CANIntEnable                       
0000351f  GPIOPinRead                        
00003525  GPIOPinWrite                       
0000352b  SysCtlDelay                        
00003531  UARTClockSourceSet                 
00003537  _system_pre_init                   
0000353b  C$$EXIT                            
0000353b  abort                              
000036f8  ulMaxSyscallInterruptPriority      
00003710  __TI_Handler_Table_Base            
0000371c  __TI_Handler_Table_Limit           
00003728  __TI_CINIT_Base                    
00003738  __TI_CINIT_Limit                   
200076e0  __stack                            
200078e0  __STACK_END                        
200078e0  __STACK_TOP                        
200078e0  pxCurrentTCB                       
20007914  FLAG_ZERO_TX                       
20007915  FLAG_ONE_TX                        
20007916  FLAG_TWO_TX                        
20007918  g_ui32MsgCount                     
2000791c  g_bRXFlag                          
2000791d  g_bRXFlag1                         
2000791e  g_bRXFlag2                         
2000791f  g_bRXFlag3                         
20007920  g_bErrFlag                         
ffffffff  __TI_pprof_out_hndl                
ffffffff  __TI_prof_data_size                
ffffffff  __TI_prof_data_start               
ffffffff  __binit__                          
ffffffff  __c_args__                         
ffffffff  binit                              
UNDEFED   __mpu_init                         
UNDEFED   _system_post_cinit                 

[174 symbols]
