<?xml version="1.0" encoding="ISO-8859-1" ?>
<link_info>
   <banner>TI ARM Linker PC v18.1.1.LTS</banner>
   <copyright>Copyright (c) 1996-2017 Texas Instruments Incorporated</copyright>
   <link_time>0x5cbc7684</link_time>
   <link_errors>0x0</link_errors>
   <output_file>allignment.out</output_file>
   <entry_point>
      <name>_c_int00_noargs</name>
      <address>0x34e9</address>
   </entry_point>
   <input_file_list>
      <input_file id="fl-2">
         <path>.\</path>
         <kind>object</kind>
         <file>croutine.obj</file>
         <name>croutine.obj</name>
      </input_file>
      <input_file id="fl-3">
         <path>.\</path>
         <kind>object</kind>
         <file>event_groups.obj</file>
         <name>event_groups.obj</name>
      </input_file>
      <input_file id="fl-4">
         <path>.\</path>
         <kind>object</kind>
         <file>list.obj</file>
         <name>list.obj</name>
      </input_file>
      <input_file id="fl-5">
         <path>.\</path>
         <kind>object</kind>
         <file>main.obj</file>
         <name>main.obj</name>
      </input_file>
      <input_file id="fl-6">
         <path>.\</path>
         <kind>object</kind>
         <file>port.obj</file>
         <name>port.obj</name>
      </input_file>
      <input_file id="fl-7">
         <path>.\</path>
         <kind>object</kind>
         <file>portasm.obj</file>
         <name>portasm.obj</name>
      </input_file>
      <input_file id="fl-8">
         <path>.\</path>
         <kind>object</kind>
         <file>queue.obj</file>
         <name>queue.obj</name>
      </input_file>
      <input_file id="fl-9">
         <path>.\</path>
         <kind>object</kind>
         <file>tasks.obj</file>
         <name>tasks.obj</name>
      </input_file>
      <input_file id="fl-a">
         <path>.\</path>
         <kind>object</kind>
         <file>timers.obj</file>
         <name>timers.obj</name>
      </input_file>
      <input_file id="fl-b">
         <path>.\</path>
         <kind>object</kind>
         <file>tm4c123gh6pm_startup_ccs.obj</file>
         <name>tm4c123gh6pm_startup_ccs.obj</name>
      </input_file>
      <input_file id="fl-c">
         <path>.\ALIGNMENT\</path>
         <kind>object</kind>
         <file>allignment.obj</file>
         <name>allignment.obj</name>
      </input_file>
      <input_file id="fl-d">
         <path>.\BUTTON\</path>
         <kind>object</kind>
         <file>BUTTON.obj</file>
         <name>BUTTON.obj</name>
      </input_file>
      <input_file id="fl-e">
         <path>.\COM_MODULE_AUTOSAR\</path>
         <kind>object</kind>
         <file>com.obj</file>
         <name>com.obj</name>
      </input_file>
      <input_file id="fl-f">
         <path>.\COM_MODULE_AUTOSAR\</path>
         <kind>object</kind>
         <file>com_cfg.obj</file>
         <name>com_cfg.obj</name>
      </input_file>
      <input_file id="fl-10">
         <path>.\FSM\</path>
         <kind>object</kind>
         <file>FSM.obj</file>
         <name>FSM.obj</name>
      </input_file>
      <input_file id="fl-11">
         <path>.\Maneger\</path>
         <kind>object</kind>
         <file>Manager.obj</file>
         <name>Manager.obj</name>
      </input_file>
      <input_file id="fl-12">
         <path>.\MemMang\</path>
         <kind>object</kind>
         <file>heap_1.obj</file>
         <name>heap_1.obj</name>
      </input_file>
      <input_file id="fl-13">
         <path>.\ROUTER\</path>
         <kind>object</kind>
         <file>Router.obj</file>
         <name>Router.obj</name>
      </input_file>
      <input_file id="fl-14">
         <path>.\ROUTER\</path>
         <kind>object</kind>
         <file>Router_cfg.obj</file>
         <name>Router_cfg.obj</name>
      </input_file>
      <input_file id="fl-15">
         <path>.\SPI\</path>
         <kind>object</kind>
         <file>spi.obj</file>
         <name>spi.obj</name>
      </input_file>
      <input_file id="fl-16">
         <path>.\UART\</path>
         <kind>object</kind>
         <file>uart.obj</file>
         <name>uart.obj</name>
      </input_file>
      <input_file id="fl-1b">
         <kind>object</kind>
         <file>&lt;internal&gt;</file>
         <name>&lt;internal&gt;</name>
      </input_file>
      <input_file id="fl-d1">
         <path>C:\ti\ccsv8\tools\compiler\ti-cgt-arm_18.1.1.LTS\lib\</path>
         <kind>archive</kind>
         <file>rtsv7M4_T_le_v4SPD16_eabi.lib</file>
         <name>fd_mul_t2.asm.obj</name>
      </input_file>
      <input_file id="fl-d2">
         <path>C:\ti\ccsv8\tools\compiler\ti-cgt-arm_18.1.1.LTS\lib\</path>
         <kind>archive</kind>
         <file>rtsv7M4_T_le_v4SPD16_eabi.lib</file>
         <name>fd_toi_t2.asm.obj</name>
      </input_file>
      <input_file id="fl-d3">
         <path>C:\ti\ccsv8\tools\compiler\ti-cgt-arm_18.1.1.LTS\lib\</path>
         <kind>archive</kind>
         <file>rtsv7M4_T_le_v4SPD16_eabi.lib</file>
         <name>memcpy_t2.asm.obj</name>
      </input_file>
      <input_file id="fl-d4">
         <path>C:\ti\ccsv8\tools\compiler\ti-cgt-arm_18.1.1.LTS\lib\</path>
         <kind>archive</kind>
         <file>rtsv7M4_T_le_v4SPD16_eabi.lib</file>
         <name>u_tofd_t2.asm.obj</name>
      </input_file>
      <input_file id="fl-d5">
         <path>C:\ti\ccsv8\tools\compiler\ti-cgt-arm_18.1.1.LTS\lib\</path>
         <kind>archive</kind>
         <file>rtsv7M4_T_le_v4SPD16_eabi.lib</file>
         <name>memset_t2.asm.obj</name>
      </input_file>
      <input_file id="fl-d6">
         <path>C:\ti\ccsv8\tools\compiler\ti-cgt-arm_18.1.1.LTS\lib\</path>
         <kind>archive</kind>
         <file>rtsv7M4_T_le_v4SPD16_eabi.lib</file>
         <name>copy_zero_init.c.obj</name>
      </input_file>
      <input_file id="fl-d7">
         <path>C:\ti\ccsv8\tools\compiler\ti-cgt-arm_18.1.1.LTS\lib\</path>
         <kind>archive</kind>
         <file>rtsv7M4_T_le_v4SPD16_eabi.lib</file>
         <name>copy_decompress_none.c.obj</name>
      </input_file>
      <input_file id="fl-d8">
         <path>C:\ti\ccsv8\tools\compiler\ti-cgt-arm_18.1.1.LTS\lib\</path>
         <kind>archive</kind>
         <file>rtsv7M4_T_le_v4SPD16_eabi.lib</file>
         <name>copy_decompress_lzss.c.obj</name>
      </input_file>
      <input_file id="fl-d9">
         <path>C:\ti\ccsv8\tools\compiler\ti-cgt-arm_18.1.1.LTS\lib\</path>
         <kind>archive</kind>
         <file>rtsv7M4_T_le_v4SPD16_eabi.lib</file>
         <name>boot_cortex_m.c.obj</name>
      </input_file>
      <input_file id="fl-da">
         <path>C:\ti\ccsv8\tools\compiler\ti-cgt-arm_18.1.1.LTS\lib\</path>
         <kind>archive</kind>
         <file>rtsv7M4_T_le_v4SPD16_eabi.lib</file>
         <name>exit.c.obj</name>
      </input_file>
      <input_file id="fl-db">
         <path>C:\ti\ccsv8\tools\compiler\ti-cgt-arm_18.1.1.LTS\lib\</path>
         <kind>archive</kind>
         <file>rtsv7M4_T_le_v4SPD16_eabi.lib</file>
         <name>_lock.c.obj</name>
      </input_file>
      <input_file id="fl-dc">
         <path>C:\ti\ccsv8\tools\compiler\ti-cgt-arm_18.1.1.LTS\lib\</path>
         <kind>archive</kind>
         <file>rtsv7M4_T_le_v4SPD16_eabi.lib</file>
         <name>args_main.c.obj</name>
      </input_file>
      <input_file id="fl-dd">
         <path>C:\ti\ccsv8\tools\compiler\ti-cgt-arm_18.1.1.LTS\lib\</path>
         <kind>archive</kind>
         <file>rtsv7M4_T_le_v4SPD16_eabi.lib</file>
         <name>autoinit.c.obj</name>
      </input_file>
      <input_file id="fl-de">
         <path>C:\ti\ccsv8\tools\compiler\ti-cgt-arm_18.1.1.LTS\lib\</path>
         <kind>archive</kind>
         <file>rtsv7M4_T_le_v4SPD16_eabi.lib</file>
         <name>pre_init.c.obj</name>
      </input_file>
      <input_file id="fl-df">
         <path>C:\ti\ccsv8\tools\compiler\ti-cgt-arm_18.1.1.LTS\lib\</path>
         <kind>archive</kind>
         <file>rtsv7M4_T_le_v4SPD16_eabi.lib</file>
         <name>cpy_tbl.c.obj</name>
      </input_file>
      <input_file id="fl-e0">
         <path>C:\ti\TivaWare_C_Series-2.1.4.178\driverlib\ccs\Debug\</path>
         <kind>archive</kind>
         <file>driverlib.lib</file>
         <name>gpio.obj</name>
      </input_file>
      <input_file id="fl-e1">
         <path>C:\ti\TivaWare_C_Series-2.1.4.178\driverlib\ccs\Debug\</path>
         <kind>archive</kind>
         <file>driverlib.lib</file>
         <name>interrupt.obj</name>
      </input_file>
      <input_file id="fl-e2">
         <path>C:\ti\TivaWare_C_Series-2.1.4.178\driverlib\ccs\Debug\</path>
         <kind>archive</kind>
         <file>driverlib.lib</file>
         <name>ssi.obj</name>
      </input_file>
      <input_file id="fl-e3">
         <path>C:\ti\TivaWare_C_Series-2.1.4.178\driverlib\ccs\Debug\</path>
         <kind>archive</kind>
         <file>driverlib.lib</file>
         <name>sysctl.obj</name>
      </input_file>
      <input_file id="fl-e4">
         <path>C:\ti\TivaWare_C_Series-2.1.4.178\driverlib\ccs\Debug\</path>
         <kind>archive</kind>
         <file>driverlib.lib</file>
         <name>uart.obj</name>
      </input_file>
      <input_file id="fl-e5">
         <path>C:\ti\TivaWare_C_Series-2.1.4.178\driverlib\ccs\Debug\</path>
         <kind>archive</kind>
         <file>driverlib.lib</file>
         <name>cpu.obj</name>
      </input_file>
   </input_file_list>
   <object_component_list>
      <object_component id="oc-f">
         <name>.intvecs</name>
         <load_address>0x0</load_address>
         <run_address>0x0</run_address>
         <size>0x26c</size>
         <input_file_ref idref="fl-b"/>
      </object_component>
      <object_component id="oc-7c">
         <name>.text</name>
         <load_address>0x26c</load_address>
         <run_address>0x26c</run_address>
         <size>0x173c</size>
         <input_file_ref idref="fl-9"/>
      </object_component>
      <object_component id="oc-121">
         <name>.text</name>
         <load_address>0x19a8</load_address>
         <run_address>0x19a8</run_address>
         <size>0x990</size>
         <input_file_ref idref="fl-8"/>
      </object_component>
      <object_component id="oc-12b">
         <name>.text</name>
         <load_address>0x2338</load_address>
         <run_address>0x2338</run_address>
         <size>0x2b4</size>
         <input_file_ref idref="fl-e"/>
      </object_component>
      <object_component id="oc-bf">
         <name>.text</name>
         <load_address>0x25ec</load_address>
         <run_address>0x25ec</run_address>
         <size>0x148</size>
         <input_file_ref idref="fl-5"/>
      </object_component>
      <object_component id="oc-27b">
         <name>.text:GPIOPadConfigSet</name>
         <load_address>0x2734</load_address>
         <run_address>0x2734</run_address>
         <size>0x132</size>
         <input_file_ref idref="fl-e0"/>
      </object_component>
      <object_component id="oc-d6">
         <name>.text</name>
         <load_address>0x2866</load_address>
         <run_address>0x2866</run_address>
         <size>0x12a</size>
         <input_file_ref idref="fl-4"/>
      </object_component>
      <object_component id="oc-2f">
         <name>.text</name>
         <load_address>0x2990</load_address>
         <run_address>0x2990</run_address>
         <size>0x128</size>
         <input_file_ref idref="fl-6"/>
      </object_component>
      <object_component id="oc-1b1">
         <name>.text</name>
         <load_address>0x2ab8</load_address>
         <run_address>0x2ab8</run_address>
         <size>0x118</size>
         <input_file_ref idref="fl-15"/>
      </object_component>
      <object_component id="oc-22b">
         <name>.text:SysCtlClockGet</name>
         <load_address>0x2bd0</load_address>
         <run_address>0x2bd0</run_address>
         <size>0x110</size>
         <input_file_ref idref="fl-e3"/>
      </object_component>
      <object_component id="oc-290">
         <name>.text</name>
         <load_address>0x2ce0</load_address>
         <run_address>0x2ce0</run_address>
         <size>0xfc</size>
         <input_file_ref idref="fl-d1"/>
      </object_component>
      <object_component id="oc-2a">
         <name>.text</name>
         <load_address>0x2ddc</load_address>
         <run_address>0x2ddc</run_address>
         <size>0xd2</size>
         <input_file_ref idref="fl-7"/>
      </object_component>
      <object_component id="oc-1b7">
         <name>.text</name>
         <load_address>0x2eb0</load_address>
         <run_address>0x2eb0</run_address>
         <size>0xb4</size>
         <input_file_ref idref="fl-d"/>
      </object_component>
      <object_component id="oc-1ab">
         <name>.text</name>
         <load_address>0x2f64</load_address>
         <run_address>0x2f64</run_address>
         <size>0xa8</size>
         <input_file_ref idref="fl-16"/>
      </object_component>
      <object_component id="oc-eb">
         <name>.text</name>
         <load_address>0x300c</load_address>
         <run_address>0x300c</run_address>
         <size>0x9c</size>
         <input_file_ref idref="fl-12"/>
      </object_component>
      <object_component id="oc-43">
         <name>.text</name>
         <load_address>0x30a8</load_address>
         <run_address>0x30a8</run_address>
         <size>0x9c</size>
         <input_file_ref idref="fl-d3"/>
      </object_component>
      <object_component id="oc-1c3">
         <name>.text</name>
         <load_address>0x3144</load_address>
         <run_address>0x3144</run_address>
         <size>0x8a</size>
         <input_file_ref idref="fl-10"/>
      </object_component>
      <object_component id="oc-b3">
         <name>.text</name>
         <load_address>0x31ce</load_address>
         <run_address>0x31ce</run_address>
         <size>0x7a</size>
         <input_file_ref idref="fl-d5"/>
      </object_component>
      <object_component id="oc-12">
         <name>.text:decompress:lzss:__TI_decompress_lzss</name>
         <load_address>0x3248</load_address>
         <run_address>0x3248</run_address>
         <size>0x68</size>
         <input_file_ref idref="fl-d8"/>
      </object_component>
      <object_component id="oc-1bd">
         <name>.text</name>
         <load_address>0x32b0</load_address>
         <run_address>0x32b0</run_address>
         <size>0x58</size>
         <input_file_ref idref="fl-11"/>
      </object_component>
      <object_component id="oc-1cf">
         <name>.text</name>
         <load_address>0x3308</load_address>
         <run_address>0x3308</run_address>
         <size>0x50</size>
         <input_file_ref idref="fl-13"/>
      </object_component>
      <object_component id="oc-237">
         <name>.text:GPIOPinConfigure</name>
         <load_address>0x3358</load_address>
         <run_address>0x3358</run_address>
         <size>0x48</size>
         <input_file_ref idref="fl-e0"/>
      </object_component>
      <object_component id="oc-295">
         <name>.text</name>
         <load_address>0x33a0</load_address>
         <run_address>0x33a0</run_address>
         <size>0x48</size>
         <input_file_ref idref="fl-d2"/>
      </object_component>
      <object_component id="oc-231">
         <name>.text:UARTConfigSetExpClk</name>
         <load_address>0x33e8</load_address>
         <run_address>0x33e8</run_address>
         <size>0x46</size>
         <input_file_ref idref="fl-e4"/>
      </object_component>
      <object_component id="oc-13e">
         <name>.text:__TI_auto_init_nobinit_nopinit:__TI_auto_init_nobinit_nopinit</name>
         <load_address>0x3430</load_address>
         <run_address>0x3430</run_address>
         <size>0x44</size>
         <input_file_ref idref="fl-dd"/>
      </object_component>
      <object_component id="oc-255">
         <name>.text:SSIConfigSetExpClk</name>
         <load_address>0x3474</load_address>
         <run_address>0x3474</run_address>
         <size>0x3c</size>
         <input_file_ref idref="fl-e2"/>
      </object_component>
      <object_component id="oc-225">
         <name>.text:SysCtlPeripheralReady</name>
         <load_address>0x34b0</load_address>
         <run_address>0x34b0</run_address>
         <size>0x38</size>
         <input_file_ref idref="fl-e3"/>
      </object_component>
      <object_component id="oc-61">
         <name>.text:_c_int00_noargs:_c_int00_noargs</name>
         <load_address>0x34e8</load_address>
         <run_address>0x34e8</run_address>
         <size>0x38</size>
         <input_file_ref idref="fl-d9"/>
      </object_component>
      <object_component id="oc-21f">
         <name>.text:SysCtlPeripheralEnable</name>
         <load_address>0x3520</load_address>
         <run_address>0x3520</run_address>
         <size>0x34</size>
         <input_file_ref idref="fl-e3"/>
      </object_component>
      <object_component id="oc-305">
         <name>.text:GPIODirModeSet</name>
         <load_address>0x3554</load_address>
         <run_address>0x3554</run_address>
         <size>0x2a</size>
         <input_file_ref idref="fl-e0"/>
      </object_component>
      <object_component id="oc-2f4">
         <name>.text:UARTDisable</name>
         <load_address>0x3580</load_address>
         <run_address>0x3580</run_address>
         <size>0x20</size>
         <input_file_ref idref="fl-e4"/>
      </object_component>
      <object_component id="oc-28b">
         <name>.text</name>
         <load_address>0x35a0</load_address>
         <run_address>0x35a0</run_address>
         <size>0x20</size>
         <input_file_ref idref="fl-d4"/>
      </object_component>
      <object_component id="oc-275">
         <name>.text:GPIOPinTypeGPIOOutput</name>
         <load_address>0x35c0</load_address>
         <run_address>0x35c0</run_address>
         <size>0x18</size>
         <input_file_ref idref="fl-e0"/>
      </object_component>
      <object_component id="oc-2fa">
         <name>.text:UARTEnable</name>
         <load_address>0x35d8</load_address>
         <run_address>0x35d8</run_address>
         <size>0x14</size>
         <input_file_ref idref="fl-e4"/>
      </object_component>
      <object_component id="oc-26f">
         <name>.text:GPIOPinTypeGPIOInput</name>
         <load_address>0x35ec</load_address>
         <run_address>0x35ec</run_address>
         <size>0x12</size>
         <input_file_ref idref="fl-e0"/>
      </object_component>
      <object_component id="oc-24f">
         <name>.text:GPIOPinTypeSSI</name>
         <load_address>0x35fe</load_address>
         <run_address>0x35fe</run_address>
         <size>0x12</size>
         <input_file_ref idref="fl-e0"/>
      </object_component>
      <object_component id="oc-23d">
         <name>.text:GPIOPinTypeUART</name>
         <load_address>0x3610</load_address>
         <run_address>0x3610</run_address>
         <size>0x12</size>
         <input_file_ref idref="fl-e0"/>
      </object_component>
      <object_component id="oc-267">
         <name>.text:SSIDataGetNonBlocking</name>
         <load_address>0x3622</load_address>
         <run_address>0x3622</run_address>
         <size>0x12</size>
         <input_file_ref idref="fl-e2"/>
      </object_component>
      <object_component id="oc-261">
         <name>.text:SSIDataPutNonBlocking</name>
         <load_address>0x3634</load_address>
         <run_address>0x3634</run_address>
         <size>0xe</size>
         <input_file_ref idref="fl-e2"/>
      </object_component>
      <object_component id="oc-1db">
         <name>.text:UARTCharGetNonBlocking</name>
         <load_address>0x3642</load_address>
         <run_address>0x3642</run_address>
         <size>0xe</size>
         <input_file_ref idref="fl-e4"/>
      </object_component>
      <object_component id="oc-1d5">
         <name>.text:UARTCharsAvail</name>
         <load_address>0x3650</load_address>
         <run_address>0x3650</run_address>
         <size>0xe</size>
         <input_file_ref idref="fl-e4"/>
      </object_component>
      <object_component id="oc-18">
         <name>.text:decompress:none:__TI_decompress_none</name>
         <load_address>0x365e</load_address>
         <run_address>0x365e</run_address>
         <size>0xe</size>
         <input_file_ref idref="fl-d7"/>
      </object_component>
      <object_component id="oc-55">
         <name>.text:decompress:ZI:__TI_zero_init</name>
         <load_address>0x366c</load_address>
         <run_address>0x366c</run_address>
         <size>0xc</size>
         <input_file_ref idref="fl-d6"/>
      </object_component>
      <object_component id="oc-24">
         <name>.text</name>
         <load_address>0x3678</load_address>
         <run_address>0x3678</run_address>
         <size>0xc</size>
         <input_file_ref idref="fl-b"/>
      </object_component>
      <object_component id="oc-25b">
         <name>.text:SSIEnable</name>
         <load_address>0x3684</load_address>
         <run_address>0x3684</run_address>
         <size>0xa</size>
         <input_file_ref idref="fl-e2"/>
      </object_component>
      <object_component id="oc-243">
         <name>.text:UARTCharPut</name>
         <load_address>0x368e</load_address>
         <run_address>0x368e</run_address>
         <size>0xa</size>
         <input_file_ref idref="fl-e4"/>
      </object_component>
      <object_component id="oc-281">
         <name>.text:GPIOPinRead</name>
         <load_address>0x3698</load_address>
         <run_address>0x3698</run_address>
         <size>0x6</size>
         <input_file_ref idref="fl-e0"/>
      </object_component>
      <object_component id="oc-1c9">
         <name>.text:GPIOPinWrite</name>
         <load_address>0x369e</load_address>
         <run_address>0x369e</run_address>
         <size>0x6</size>
         <input_file_ref idref="fl-e0"/>
      </object_component>
      <object_component id="oc-b9">
         <name>.text:_system_pre_init</name>
         <load_address>0x36a4</load_address>
         <run_address>0x36a4</run_address>
         <size>0x4</size>
         <input_file_ref idref="fl-de"/>
      </object_component>
      <object_component id="oc-132">
         <name>.text:abort:abort</name>
         <load_address>0x36a8</load_address>
         <run_address>0x36a8</run_address>
         <size>0x4</size>
         <input_file_ref idref="fl-da"/>
      </object_component>
      <object_component id="oc-301">
         <name>.const:g_pui32GPIOBaseAddrs</name>
         <load_address>0x36ac</load_address>
         <run_address>0x36ac</run_address>
         <size>0x90</size>
         <input_file_ref idref="fl-e0"/>
      </object_component>
      <object_component id="oc-2f0">
         <name>.const:g_pui32Xtals</name>
         <load_address>0x373c</load_address>
         <run_address>0x373c</run_address>
         <size>0x6c</size>
         <input_file_ref idref="fl-e3"/>
      </object_component>
      <object_component id="oc-79">
         <name>.const</name>
         <load_address>0x37a8</load_address>
         <run_address>0x37a8</run_address>
         <size>0x4</size>
         <input_file_ref idref="fl-6"/>
      </object_component>
      <object_component id="oc-371">
         <name>.cinit..data.load</name>
         <load_address>0x37b0</load_address>
         <run_address>0x37b0</run_address>
         <size>0x23</size>
      </object_component>
      <object_component id="oc-36f">
         <name>__TI_handler_table</name>
         <load_address>0x37d4</load_address>
         <run_address>0x37d4</run_address>
         <size>0xc</size>
      </object_component>
      <object_component id="oc-372">
         <name>.cinit..bss.load</name>
         <load_address>0x37e0</load_address>
         <run_address>0x37e0</run_address>
         <size>0x8</size>
      </object_component>
      <object_component id="oc-370">
         <name>__TI_cinit_table</name>
         <load_address>0x37e8</load_address>
         <run_address>0x37e8</run_address>
         <size>0x10</size>
      </object_component>
      <object_component id="oc-83">
         <name>.data</name>
         <load_address>0x20007984</load_address>
         <run_address>0x20007984</run_address>
         <size>0x4</size>
         <input_file_ref idref="fl-6"/>
      </object_component>
      <object_component id="oc-76">
         <name>.data</name>
         <load_address>0x20007938</load_address>
         <run_address>0x20007938</run_address>
         <size>0x30</size>
         <input_file_ref idref="fl-9"/>
      </object_component>
      <object_component id="oc-287">
         <name>.data</name>
         <load_address>0x2000798c</load_address>
         <run_address>0x2000798c</run_address>
         <size>0x3</size>
         <input_file_ref idref="fl-d"/>
      </object_component>
      <object_component id="oc-1e1">
         <name>.data</name>
         <load_address>0x20007991</load_address>
         <run_address>0x20007991</run_address>
         <size>0x2</size>
         <input_file_ref idref="fl-e"/>
      </object_component>
      <object_component id="oc-1ea">
         <name>.data:signal_arr</name>
         <load_address>0x20007968</load_address>
         <run_address>0x20007968</run_address>
         <size>0xc</size>
         <input_file_ref idref="fl-f"/>
      </object_component>
      <object_component id="oc-1e7">
         <name>.data:pdu_arr</name>
         <load_address>0x2000797c</load_address>
         <run_address>0x2000797c</run_address>
         <size>0x8</size>
         <input_file_ref idref="fl-f"/>
      </object_component>
      <object_component id="oc-29a">
         <name>.data</name>
         <load_address>0x2000798f</load_address>
         <run_address>0x2000798f</run_address>
         <size>0x2</size>
         <input_file_ref idref="fl-11"/>
      </object_component>
      <object_component id="oc-188">
         <name>.data</name>
         <load_address>0x20007974</load_address>
         <run_address>0x20007974</run_address>
         <size>0x8</size>
         <input_file_ref idref="fl-12"/>
      </object_component>
      <object_component id="oc-2a4">
         <name>.data:protocal_arr</name>
         <load_address>0x20007988</load_address>
         <run_address>0x20007988</run_address>
         <size>0x4</size>
         <input_file_ref idref="fl-14"/>
      </object_component>
      <object_component id="oc-dc">
         <name>.bss:pxReadyTasksLists</name>
         <uninitialized>true</uninitialized>
         <run_address>0x20007530</run_address>
         <size>0x140</size>
         <input_file_ref idref="fl-9"/>
      </object_component>
      <object_component id="oc-f1">
         <name>.bss:xDelayedTaskList1</name>
         <uninitialized>true</uninitialized>
         <run_address>0x200076c0</run_address>
         <size>0x14</size>
         <input_file_ref idref="fl-9"/>
      </object_component>
      <object_component id="oc-f4">
         <name>.bss:xDelayedTaskList2</name>
         <uninitialized>true</uninitialized>
         <run_address>0x200076d4</run_address>
         <size>0x14</size>
         <input_file_ref idref="fl-9"/>
      </object_component>
      <object_component id="oc-e8">
         <name>.bss</name>
         <uninitialized>true</uninitialized>
         <run_address>0x20007724</run_address>
         <size>0x8</size>
         <input_file_ref idref="fl-9"/>
      </object_component>
      <object_component id="oc-e5">
         <name>.bss:xPendingReadyList</name>
         <uninitialized>true</uninitialized>
         <run_address>0x200076e8</run_address>
         <size>0x14</size>
         <input_file_ref idref="fl-9"/>
      </object_component>
      <object_component id="oc-df">
         <name>.bss:xTasksWaitingTermination</name>
         <uninitialized>true</uninitialized>
         <run_address>0x20007710</run_address>
         <size>0x14</size>
         <input_file_ref idref="fl-9"/>
      </object_component>
      <object_component id="oc-e2">
         <name>.bss:xSuspendedTaskList</name>
         <uninitialized>true</uninitialized>
         <run_address>0x200076fc</run_address>
         <size>0x14</size>
         <input_file_ref idref="fl-9"/>
      </object_component>
      <object_component id="oc-1e4">
         <name>.bss:PDU_TX</name>
         <uninitialized>true</uninitialized>
         <run_address>0x2000772c</run_address>
         <size>0x4</size>
         <input_file_ref idref="fl-e"/>
      </object_component>
      <object_component id="oc-18b">
         <name>.bss:ucHeap</name>
         <uninitialized>true</uninitialized>
         <run_address>0x20000000</run_address>
         <size>0x7530</size>
         <input_file_ref idref="fl-12"/>
      </object_component>
      <object_component id="oc-127">
         <name>.common:UART_RECEIVE_QUEE</name>
         <uninitialized>true</uninitialized>
         <run_address>0x20007734</run_address>
         <size>0x4</size>
      </object_component>
      <object_component id="oc-12a">
         <name>.common:SPI_TRANSMIT_QUEE</name>
         <uninitialized>true</uninitialized>
         <run_address>0x20007730</run_address>
         <size>0x4</size>
      </object_component>
      <object_component id="oc-19b">
         <name>.common:xQueueRegistry</name>
         <uninitialized>true</uninitialized>
         <run_address>0x20007670</run_address>
         <size>0x50</size>
      </object_component>
      <object_component id="oc-21">
         <name>.stack</name>
         <uninitialized>true</uninitialized>
         <run_address>0x20007738</run_address>
         <size>0x4</size>
         <input_file_ref idref="fl-d9"/>
      </object_component>
      <object_component id="oc-373">
         <name>.stack</name>
         <uninitialized>true</uninitialized>
         <run_address>0x20007738</run_address>
         <size>0x0</size>
      </object_component>
      <object_component id="oc-10b">
         <name>.debug_info</name>
         <load_address>0x0</load_address>
         <run_address>0x0</run_address>
         <size>0x14c</size>
         <input_file_ref idref="fl-2"/>
      </object_component>
      <object_component id="oc-f8">
         <name>.debug_info</name>
         <load_address>0x14c</load_address>
         <run_address>0x14c</run_address>
         <size>0x2ef</size>
         <input_file_ref idref="fl-2"/>
      </object_component>
      <object_component id="oc-94">
         <name>.debug_info</name>
         <load_address>0x43b</load_address>
         <run_address>0x43b</run_address>
         <size>0x26b</size>
         <input_file_ref idref="fl-2"/>
      </object_component>
      <object_component id="oc-3e">
         <name>.debug_info</name>
         <load_address>0x6a6</load_address>
         <run_address>0x6a6</run_address>
         <size>0x84</size>
         <input_file_ref idref="fl-2"/>
      </object_component>
      <object_component id="oc-196">
         <name>.debug_info</name>
         <load_address>0x72a</load_address>
         <run_address>0x72a</run_address>
         <size>0xcc</size>
         <input_file_ref idref="fl-2"/>
      </object_component>
      <object_component id="oc-88">
         <name>.debug_info</name>
         <load_address>0x7f6</load_address>
         <run_address>0x7f6</run_address>
         <size>0x2c</size>
         <input_file_ref idref="fl-2"/>
      </object_component>
      <object_component id="oc-10c">
         <name>.debug_info</name>
         <load_address>0x822</load_address>
         <run_address>0x822</run_address>
         <size>0x297</size>
         <input_file_ref idref="fl-2"/>
      </object_component>
      <object_component id="oc-99">
         <name>.debug_info</name>
         <load_address>0xab9</load_address>
         <run_address>0xab9</run_address>
         <size>0xbb</size>
         <input_file_ref idref="fl-2"/>
      </object_component>
      <object_component id="oc-8d">
         <name>.debug_info</name>
         <load_address>0xb74</load_address>
         <run_address>0xb74</run_address>
         <size>0x53</size>
         <input_file_ref idref="fl-2"/>
      </object_component>
      <object_component id="oc-106">
         <name>.debug_info</name>
         <load_address>0xbc7</load_address>
         <run_address>0xbc7</run_address>
         <size>0x14c</size>
         <input_file_ref idref="fl-2"/>
      </object_component>
      <object_component id="oc-20f">
         <name>.debug_info</name>
         <load_address>0xd13</load_address>
         <run_address>0xd13</run_address>
         <size>0x584</size>
         <input_file_ref idref="fl-3"/>
      </object_component>
      <object_component id="oc-177">
         <name>.debug_info</name>
         <load_address>0x1297</load_address>
         <run_address>0x1297</run_address>
         <size>0x110</size>
         <input_file_ref idref="fl-3"/>
      </object_component>
      <object_component id="oc-2e3">
         <name>.debug_info</name>
         <load_address>0x13a7</load_address>
         <run_address>0x13a7</run_address>
         <size>0x39</size>
         <input_file_ref idref="fl-3"/>
      </object_component>
      <object_component id="oc-172">
         <name>.debug_info</name>
         <load_address>0x13e0</load_address>
         <run_address>0x13e0</run_address>
         <size>0x46</size>
         <input_file_ref idref="fl-3"/>
      </object_component>
      <object_component id="oc-2e8">
         <name>.debug_info</name>
         <load_address>0x1426</load_address>
         <run_address>0x1426</run_address>
         <size>0x76</size>
         <input_file_ref idref="fl-3"/>
      </object_component>
      <object_component id="oc-17d">
         <name>.debug_info</name>
         <load_address>0x149c</load_address>
         <run_address>0x149c</run_address>
         <size>0x2d4</size>
         <input_file_ref idref="fl-4"/>
      </object_component>
      <object_component id="oc-d7">
         <name>.debug_info</name>
         <load_address>0x1770</load_address>
         <run_address>0x1770</run_address>
         <size>0x457</size>
         <input_file_ref idref="fl-4"/>
      </object_component>
      <object_component id="oc-128">
         <name>.debug_info</name>
         <load_address>0x1bc7</load_address>
         <run_address>0x1bc7</run_address>
         <size>0x565</size>
         <input_file_ref idref="fl-5"/>
      </object_component>
      <object_component id="oc-c0">
         <name>.debug_info</name>
         <load_address>0x212c</load_address>
         <run_address>0x212c</run_address>
         <size>0x1ec</size>
         <input_file_ref idref="fl-5"/>
      </object_component>
      <object_component id="oc-2bb">
         <name>.debug_info</name>
         <load_address>0x2318</load_address>
         <run_address>0x2318</run_address>
         <size>0xed</size>
         <input_file_ref idref="fl-5"/>
      </object_component>
      <object_component id="oc-19f">
         <name>.debug_info</name>
         <load_address>0x2405</load_address>
         <run_address>0x2405</run_address>
         <size>0x46</size>
         <input_file_ref idref="fl-5"/>
      </object_component>
      <object_component id="oc-1a6">
         <name>.debug_info</name>
         <load_address>0x244b</load_address>
         <run_address>0x244b</run_address>
         <size>0xf2</size>
         <input_file_ref idref="fl-5"/>
      </object_component>
      <object_component id="oc-87">
         <name>.debug_info</name>
         <load_address>0x253d</load_address>
         <run_address>0x253d</run_address>
         <size>0x353</size>
         <input_file_ref idref="fl-6"/>
      </object_component>
      <object_component id="oc-7a">
         <name>.debug_info</name>
         <load_address>0x2890</load_address>
         <run_address>0x2890</run_address>
         <size>0x10c</size>
         <input_file_ref idref="fl-6"/>
      </object_component>
      <object_component id="oc-84">
         <name>.debug_info</name>
         <load_address>0x299c</load_address>
         <run_address>0x299c</run_address>
         <size>0xf3</size>
         <input_file_ref idref="fl-6"/>
      </object_component>
      <object_component id="oc-30">
         <name>.debug_info</name>
         <load_address>0x2a8f</load_address>
         <run_address>0x2a8f</run_address>
         <size>0x4b6</size>
         <input_file_ref idref="fl-6"/>
      </object_component>
      <object_component id="oc-2b">
         <name>.debug_info</name>
         <load_address>0x2f45</load_address>
         <run_address>0x2f45</run_address>
         <size>0x244</size>
         <input_file_ref idref="fl-7"/>
      </object_component>
      <object_component id="oc-19c">
         <name>.debug_info</name>
         <load_address>0x3189</load_address>
         <run_address>0x3189</run_address>
         <size>0x71f</size>
         <input_file_ref idref="fl-8"/>
      </object_component>
      <object_component id="oc-122">
         <name>.debug_info</name>
         <load_address>0x38a8</load_address>
         <run_address>0x38a8</run_address>
         <size>0x2321</size>
         <input_file_ref idref="fl-8"/>
      </object_component>
      <object_component id="oc-21a">
         <name>.debug_info</name>
         <load_address>0x5bc9</load_address>
         <run_address>0x5bc9</run_address>
         <size>0x1cd</size>
         <input_file_ref idref="fl-8"/>
      </object_component>
      <object_component id="oc-d3">
         <name>.debug_info</name>
         <load_address>0x5d96</load_address>
         <run_address>0x5d96</run_address>
         <size>0x69f</size>
         <input_file_ref idref="fl-9"/>
      </object_component>
      <object_component id="oc-77">
         <name>.debug_info</name>
         <load_address>0x6435</load_address>
         <run_address>0x6435</run_address>
         <size>0x2f8</size>
         <input_file_ref idref="fl-9"/>
      </object_component>
      <object_component id="oc-dd">
         <name>.debug_info</name>
         <load_address>0x672d</load_address>
         <run_address>0x672d</run_address>
         <size>0xf4</size>
         <input_file_ref idref="fl-9"/>
      </object_component>
      <object_component id="oc-f2">
         <name>.debug_info</name>
         <load_address>0x6821</load_address>
         <run_address>0x6821</run_address>
         <size>0xf4</size>
         <input_file_ref idref="fl-9"/>
      </object_component>
      <object_component id="oc-f5">
         <name>.debug_info</name>
         <load_address>0x6915</load_address>
         <run_address>0x6915</run_address>
         <size>0xf4</size>
         <input_file_ref idref="fl-9"/>
      </object_component>
      <object_component id="oc-e9">
         <name>.debug_info</name>
         <load_address>0x6a09</load_address>
         <run_address>0x6a09</run_address>
         <size>0x136</size>
         <input_file_ref idref="fl-9"/>
      </object_component>
      <object_component id="oc-e6">
         <name>.debug_info</name>
         <load_address>0x6b3f</load_address>
         <run_address>0x6b3f</run_address>
         <size>0xf4</size>
         <input_file_ref idref="fl-9"/>
      </object_component>
      <object_component id="oc-e0">
         <name>.debug_info</name>
         <load_address>0x6c33</load_address>
         <run_address>0x6c33</run_address>
         <size>0x102</size>
         <input_file_ref idref="fl-9"/>
      </object_component>
      <object_component id="oc-e3">
         <name>.debug_info</name>
         <load_address>0x6d35</load_address>
         <run_address>0x6d35</run_address>
         <size>0xf6</size>
         <input_file_ref idref="fl-9"/>
      </object_component>
      <object_component id="oc-7d">
         <name>.debug_info</name>
         <load_address>0x6e2b</load_address>
         <run_address>0x6e2b</run_address>
         <size>0x3eab</size>
         <input_file_ref idref="fl-9"/>
      </object_component>
      <object_component id="oc-fd">
         <name>.debug_info</name>
         <load_address>0xacd6</load_address>
         <run_address>0xacd6</run_address>
         <size>0x169</size>
         <input_file_ref idref="fl-9"/>
      </object_component>
      <object_component id="oc-37">
         <name>.debug_info</name>
         <load_address>0xae3f</load_address>
         <run_address>0xae3f</run_address>
         <size>0x33f</size>
         <input_file_ref idref="fl-b"/>
      </object_component>
      <object_component id="oc-10">
         <name>.debug_info</name>
         <load_address>0xb17e</load_address>
         <run_address>0xb17e</run_address>
         <size>0xfe</size>
         <input_file_ref idref="fl-b"/>
      </object_component>
      <object_component id="oc-25">
         <name>.debug_info</name>
         <load_address>0xb27c</load_address>
         <run_address>0xb27c</run_address>
         <size>0x27a</size>
         <input_file_ref idref="fl-b"/>
      </object_component>
      <object_component id="oc-288">
         <name>.debug_info</name>
         <load_address>0xb4f6</load_address>
         <run_address>0xb4f6</run_address>
         <size>0x126</size>
         <input_file_ref idref="fl-d"/>
      </object_component>
      <object_component id="oc-1b8">
         <name>.debug_info</name>
         <load_address>0xb61c</load_address>
         <run_address>0xb61c</run_address>
         <size>0x2b4</size>
         <input_file_ref idref="fl-d"/>
      </object_component>
      <object_component id="oc-2a9">
         <name>.debug_info</name>
         <load_address>0xb8d0</load_address>
         <run_address>0xb8d0</run_address>
         <size>0x8b</size>
         <input_file_ref idref="fl-d"/>
      </object_component>
      <object_component id="oc-1ee">
         <name>.debug_info</name>
         <load_address>0xb95b</load_address>
         <run_address>0xb95b</run_address>
         <size>0x6e2</size>
         <input_file_ref idref="fl-e"/>
      </object_component>
      <object_component id="oc-1e5">
         <name>.debug_info</name>
         <load_address>0xc03d</load_address>
         <run_address>0xc03d</run_address>
         <size>0xf0</size>
         <input_file_ref idref="fl-e"/>
      </object_component>
      <object_component id="oc-1e2">
         <name>.debug_info</name>
         <load_address>0xc12d</load_address>
         <run_address>0xc12d</run_address>
         <size>0x117</size>
         <input_file_ref idref="fl-e"/>
      </object_component>
      <object_component id="oc-12c">
         <name>.debug_info</name>
         <load_address>0xc244</load_address>
         <run_address>0xc244</run_address>
         <size>0xa44</size>
         <input_file_ref idref="fl-e"/>
      </object_component>
      <object_component id="oc-24a">
         <name>.debug_info</name>
         <load_address>0xcc88</load_address>
         <run_address>0xcc88</run_address>
         <size>0x9a</size>
         <input_file_ref idref="fl-e"/>
      </object_component>
      <object_component id="oc-2b6">
         <name>.debug_info</name>
         <load_address>0xcd22</load_address>
         <run_address>0xcd22</run_address>
         <size>0x106</size>
         <input_file_ref idref="fl-f"/>
      </object_component>
      <object_component id="oc-1eb">
         <name>.debug_info</name>
         <load_address>0xce28</load_address>
         <run_address>0xce28</run_address>
         <size>0xfc</size>
         <input_file_ref idref="fl-f"/>
      </object_component>
      <object_component id="oc-1e8">
         <name>.debug_info</name>
         <load_address>0xcf24</load_address>
         <run_address>0xcf24</run_address>
         <size>0xf6</size>
         <input_file_ref idref="fl-f"/>
      </object_component>
      <object_component id="oc-1c4">
         <name>.debug_info</name>
         <load_address>0xd01a</load_address>
         <run_address>0xd01a</run_address>
         <size>0x156</size>
         <input_file_ref idref="fl-10"/>
      </object_component>
      <object_component id="oc-1be">
         <name>.debug_info</name>
         <load_address>0xd170</load_address>
         <run_address>0xd170</run_address>
         <size>0x1e0</size>
         <input_file_ref idref="fl-11"/>
      </object_component>
      <object_component id="oc-18f">
         <name>.debug_info</name>
         <load_address>0xd350</load_address>
         <run_address>0xd350</run_address>
         <size>0x363</size>
         <input_file_ref idref="fl-12"/>
      </object_component>
      <object_component id="oc-18c">
         <name>.debug_info</name>
         <load_address>0xd6b3</load_address>
         <run_address>0xd6b3</run_address>
         <size>0xe7</size>
         <input_file_ref idref="fl-12"/>
      </object_component>
      <object_component id="oc-189">
         <name>.debug_info</name>
         <load_address>0xd79a</load_address>
         <run_address>0xd79a</run_address>
         <size>0xf5</size>
         <input_file_ref idref="fl-12"/>
      </object_component>
      <object_component id="oc-ec">
         <name>.debug_info</name>
         <load_address>0xd88f</load_address>
         <run_address>0xd88f</run_address>
         <size>0x33d</size>
         <input_file_ref idref="fl-12"/>
      </object_component>
      <object_component id="oc-1d0">
         <name>.debug_info</name>
         <load_address>0xdbcc</load_address>
         <run_address>0xdbcc</run_address>
         <size>0x1e1</size>
         <input_file_ref idref="fl-13"/>
      </object_component>
      <object_component id="oc-322">
         <name>.debug_info</name>
         <load_address>0xddad</load_address>
         <run_address>0xddad</run_address>
         <size>0xea</size>
         <input_file_ref idref="fl-14"/>
      </object_component>
      <object_component id="oc-2a5">
         <name>.debug_info</name>
         <load_address>0xde97</load_address>
         <run_address>0xde97</run_address>
         <size>0xf7</size>
         <input_file_ref idref="fl-14"/>
      </object_component>
      <object_component id="oc-26e">
         <name>.debug_info</name>
         <load_address>0xdf8e</load_address>
         <run_address>0xdf8e</run_address>
         <size>0x44e</size>
         <input_file_ref idref="fl-15"/>
      </object_component>
      <object_component id="oc-1b2">
         <name>.debug_info</name>
         <load_address>0xe3dc</load_address>
         <run_address>0xe3dc</run_address>
         <size>0x488</size>
         <input_file_ref idref="fl-15"/>
      </object_component>
      <object_component id="oc-1ac">
         <name>.debug_info</name>
         <load_address>0xe864</load_address>
         <run_address>0xe864</run_address>
         <size>0x322</size>
         <input_file_ref idref="fl-16"/>
      </object_component>
      <object_component id="oc-291">
         <name>.debug_info</name>
         <load_address>0xeb86</load_address>
         <run_address>0xeb86</run_address>
         <size>0x132</size>
         <input_file_ref idref="fl-d1"/>
      </object_component>
      <object_component id="oc-297">
         <name>.debug_info</name>
         <load_address>0xecb8</load_address>
         <run_address>0xecb8</run_address>
         <size>0x126</size>
         <input_file_ref idref="fl-d2"/>
      </object_component>
      <object_component id="oc-46">
         <name>.debug_info</name>
         <load_address>0xedde</load_address>
         <run_address>0xedde</run_address>
         <size>0x111</size>
         <input_file_ref idref="fl-d3"/>
      </object_component>
      <object_component id="oc-28c">
         <name>.debug_info</name>
         <load_address>0xeeef</load_address>
         <run_address>0xeeef</run_address>
         <size>0x126</size>
         <input_file_ref idref="fl-d4"/>
      </object_component>
      <object_component id="oc-b4">
         <name>.debug_info</name>
         <load_address>0xf015</load_address>
         <run_address>0xf015</run_address>
         <size>0x13f</size>
         <input_file_ref idref="fl-d5"/>
      </object_component>
      <object_component id="oc-b2">
         <name>.debug_info</name>
         <load_address>0xf154</load_address>
         <run_address>0xf154</run_address>
         <size>0x313</size>
         <input_file_ref idref="fl-d6"/>
      </object_component>
      <object_component id="oc-56">
         <name>.debug_info</name>
         <load_address>0xf467</load_address>
         <run_address>0xf467</run_address>
         <size>0x1aa</size>
         <input_file_ref idref="fl-d6"/>
      </object_component>
      <object_component id="oc-ad">
         <name>.debug_info</name>
         <load_address>0xf611</load_address>
         <run_address>0xf611</run_address>
         <size>0x46</size>
         <input_file_ref idref="fl-d6"/>
      </object_component>
      <object_component id="oc-118">
         <name>.debug_info</name>
         <load_address>0xf657</load_address>
         <run_address>0xf657</run_address>
         <size>0x2c</size>
         <input_file_ref idref="fl-d6"/>
      </object_component>
      <object_component id="oc-4e">
         <name>.debug_info</name>
         <load_address>0xf683</load_address>
         <run_address>0xf683</run_address>
         <size>0x29d</size>
         <input_file_ref idref="fl-d7"/>
      </object_component>
      <object_component id="oc-1c">
         <name>.debug_info</name>
         <load_address>0xf920</load_address>
         <run_address>0xf920</run_address>
         <size>0x1df</size>
         <input_file_ref idref="fl-d7"/>
      </object_component>
      <object_component id="oc-49">
         <name>.debug_info</name>
         <load_address>0xfaff</load_address>
         <run_address>0xfaff</run_address>
         <size>0x46</size>
         <input_file_ref idref="fl-d7"/>
      </object_component>
      <object_component id="oc-a5">
         <name>.debug_info</name>
         <load_address>0xfb45</load_address>
         <run_address>0xfb45</run_address>
         <size>0x2c</size>
         <input_file_ref idref="fl-d7"/>
      </object_component>
      <object_component id="oc-a3">
         <name>.debug_info</name>
         <load_address>0xfb71</load_address>
         <run_address>0xfb71</run_address>
         <size>0x293</size>
         <input_file_ref idref="fl-d8"/>
      </object_component>
      <object_component id="oc-13">
         <name>.debug_info</name>
         <load_address>0xfe04</load_address>
         <run_address>0xfe04</run_address>
         <size>0x245</size>
         <input_file_ref idref="fl-d8"/>
      </object_component>
      <object_component id="oc-39">
         <name>.debug_info</name>
         <load_address>0x10049</load_address>
         <run_address>0x10049</run_address>
         <size>0x60</size>
         <input_file_ref idref="fl-d8"/>
      </object_component>
      <object_component id="oc-111">
         <name>.debug_info</name>
         <load_address>0x100a9</load_address>
         <run_address>0x100a9</run_address>
         <size>0x46</size>
         <input_file_ref idref="fl-d8"/>
      </object_component>
      <object_component id="oc-9e">
         <name>.debug_info</name>
         <load_address>0x100ef</load_address>
         <run_address>0x100ef</run_address>
         <size>0x39</size>
         <input_file_ref idref="fl-d8"/>
      </object_component>
      <object_component id="oc-22">
         <name>.debug_info</name>
         <load_address>0x10128</load_address>
         <run_address>0x10128</run_address>
         <size>0x100</size>
         <input_file_ref idref="fl-d9"/>
      </object_component>
      <object_component id="oc-64">
         <name>.debug_info</name>
         <load_address>0x10228</load_address>
         <run_address>0x10228</run_address>
         <size>0x1a4</size>
         <input_file_ref idref="fl-d9"/>
      </object_component>
      <object_component id="oc-135">
         <name>.debug_info</name>
         <load_address>0x103cc</load_address>
         <run_address>0x103cc</run_address>
         <size>0x117</size>
         <input_file_ref idref="fl-da"/>
      </object_component>
      <object_component id="oc-1fa">
         <name>.debug_info</name>
         <load_address>0x104e3</load_address>
         <run_address>0x104e3</run_address>
         <size>0x547</size>
         <input_file_ref idref="fl-dd"/>
      </object_component>
      <object_component id="oc-141">
         <name>.debug_info</name>
         <load_address>0x10a2a</load_address>
         <run_address>0x10a2a</run_address>
         <size>0x19b</size>
         <input_file_ref idref="fl-dd"/>
      </object_component>
      <object_component id="oc-2d0">
         <name>.debug_info</name>
         <load_address>0x10bc5</load_address>
         <run_address>0x10bc5</run_address>
         <size>0x39</size>
         <input_file_ref idref="fl-dd"/>
      </object_component>
      <object_component id="oc-32a">
         <name>.debug_info</name>
         <load_address>0x10bfe</load_address>
         <run_address>0x10bfe</run_address>
         <size>0x39</size>
         <input_file_ref idref="fl-dd"/>
      </object_component>
      <object_component id="oc-2d5">
         <name>.debug_info</name>
         <load_address>0x10c37</load_address>
         <run_address>0x10c37</run_address>
         <size>0x39</size>
         <input_file_ref idref="fl-dd"/>
      </object_component>
      <object_component id="oc-2da">
         <name>.debug_info</name>
         <load_address>0x10c70</load_address>
         <run_address>0x10c70</run_address>
         <size>0xcd</size>
         <input_file_ref idref="fl-dd"/>
      </object_component>
      <object_component id="oc-bc">
         <name>.debug_info</name>
         <load_address>0x10d3d</load_address>
         <run_address>0x10d3d</run_address>
         <size>0x148</size>
         <input_file_ref idref="fl-de"/>
      </object_component>
      <object_component id="oc-2a3">
         <name>.debug_info</name>
         <load_address>0x10e85</load_address>
         <run_address>0x10e85</run_address>
         <size>0x240</size>
         <input_file_ref idref="fl-e0"/>
      </object_component>
      <object_component id="oc-302">
         <name>.debug_info</name>
         <load_address>0x110c5</load_address>
         <run_address>0x110c5</run_address>
         <size>0x15b</size>
         <input_file_ref idref="fl-e0"/>
      </object_component>
      <object_component id="oc-1ca">
         <name>.debug_info</name>
         <load_address>0x11220</load_address>
         <run_address>0x11220</run_address>
         <size>0x2a3</size>
         <input_file_ref idref="fl-e0"/>
      </object_component>
      <object_component id="oc-306">
         <name>.debug_info</name>
         <load_address>0x114c3</load_address>
         <run_address>0x114c3</run_address>
         <size>0x2b3</size>
         <input_file_ref idref="fl-e0"/>
      </object_component>
      <object_component id="oc-27c">
         <name>.debug_info</name>
         <load_address>0x11776</load_address>
         <run_address>0x11776</run_address>
         <size>0x316</size>
         <input_file_ref idref="fl-e0"/>
      </object_component>
      <object_component id="oc-23e">
         <name>.debug_info</name>
         <load_address>0x11a8c</load_address>
         <run_address>0x11a8c</run_address>
         <size>0x27b</size>
         <input_file_ref idref="fl-e0"/>
      </object_component>
      <object_component id="oc-250">
         <name>.debug_info</name>
         <load_address>0x11d07</load_address>
         <run_address>0x11d07</run_address>
         <size>0x279</size>
         <input_file_ref idref="fl-e0"/>
      </object_component>
      <object_component id="oc-276">
         <name>.debug_info</name>
         <load_address>0x11f80</load_address>
         <run_address>0x11f80</run_address>
         <size>0x2b7</size>
         <input_file_ref idref="fl-e0"/>
      </object_component>
      <object_component id="oc-270">
         <name>.debug_info</name>
         <load_address>0x12237</load_address>
         <run_address>0x12237</run_address>
         <size>0x285</size>
         <input_file_ref idref="fl-e0"/>
      </object_component>
      <object_component id="oc-282">
         <name>.debug_info</name>
         <load_address>0x124bc</load_address>
         <run_address>0x124bc</run_address>
         <size>0x27b</size>
         <input_file_ref idref="fl-e0"/>
      </object_component>
      <object_component id="oc-238">
         <name>.debug_info</name>
         <load_address>0x12737</load_address>
         <run_address>0x12737</run_address>
         <size>0x280</size>
         <input_file_ref idref="fl-e0"/>
      </object_component>
      <object_component id="oc-29e">
         <name>.debug_info</name>
         <load_address>0x129b7</load_address>
         <run_address>0x129b7</run_address>
         <size>0x18b</size>
         <input_file_ref idref="fl-e0"/>
      </object_component>
      <object_component id="oc-30f">
         <name>.debug_info</name>
         <load_address>0x12b42</load_address>
         <run_address>0x12b42</run_address>
         <size>0x21c</size>
         <input_file_ref idref="fl-e2"/>
      </object_component>
      <object_component id="oc-25c">
         <name>.debug_info</name>
         <load_address>0x12d5e</load_address>
         <run_address>0x12d5e</run_address>
         <size>0x242</size>
         <input_file_ref idref="fl-e2"/>
      </object_component>
      <object_component id="oc-262">
         <name>.debug_info</name>
         <load_address>0x12fa0</load_address>
         <run_address>0x12fa0</run_address>
         <size>0x290</size>
         <input_file_ref idref="fl-e2"/>
      </object_component>
      <object_component id="oc-268">
         <name>.debug_info</name>
         <load_address>0x13230</load_address>
         <run_address>0x13230</run_address>
         <size>0x29a</size>
         <input_file_ref idref="fl-e2"/>
      </object_component>
      <object_component id="oc-256">
         <name>.debug_info</name>
         <load_address>0x134ca</load_address>
         <run_address>0x134ca</run_address>
         <size>0x3d9</size>
         <input_file_ref idref="fl-e2"/>
      </object_component>
      <object_component id="oc-2ee">
         <name>.debug_info</name>
         <load_address>0x138a3</load_address>
         <run_address>0x138a3</run_address>
         <size>0x298</size>
         <input_file_ref idref="fl-e3"/>
      </object_component>
      <object_component id="oc-2f1">
         <name>.debug_info</name>
         <load_address>0x13b3b</load_address>
         <run_address>0x13b3b</run_address>
         <size>0x14d</size>
         <input_file_ref idref="fl-e3"/>
      </object_component>
      <object_component id="oc-227">
         <name>.debug_info</name>
         <load_address>0x13c88</load_address>
         <run_address>0x13c88</run_address>
         <size>0x27f</size>
         <input_file_ref idref="fl-e3"/>
      </object_component>
      <object_component id="oc-221">
         <name>.debug_info</name>
         <load_address>0x13f07</load_address>
         <run_address>0x13f07</run_address>
         <size>0x27d</size>
         <input_file_ref idref="fl-e3"/>
      </object_component>
      <object_component id="oc-22c">
         <name>.debug_info</name>
         <load_address>0x14184</load_address>
         <run_address>0x14184</run_address>
         <size>0x2b5</size>
         <input_file_ref idref="fl-e3"/>
      </object_component>
      <object_component id="oc-338">
         <name>.debug_info</name>
         <load_address>0x14439</load_address>
         <run_address>0x14439</run_address>
         <size>0x5f</size>
         <input_file_ref idref="fl-e3"/>
      </object_component>
      <object_component id="oc-2ae">
         <name>.debug_info</name>
         <load_address>0x14498</load_address>
         <run_address>0x14498</run_address>
         <size>0x227</size>
         <input_file_ref idref="fl-e4"/>
      </object_component>
      <object_component id="oc-2fb">
         <name>.debug_info</name>
         <load_address>0x146bf</load_address>
         <run_address>0x146bf</run_address>
         <size>0x247</size>
         <input_file_ref idref="fl-e4"/>
      </object_component>
      <object_component id="oc-2f5">
         <name>.debug_info</name>
         <load_address>0x14906</load_address>
         <run_address>0x14906</run_address>
         <size>0x249</size>
         <input_file_ref idref="fl-e4"/>
      </object_component>
      <object_component id="oc-232">
         <name>.debug_info</name>
         <load_address>0x14b4f</load_address>
         <run_address>0x14b4f</run_address>
         <size>0x326</size>
         <input_file_ref idref="fl-e4"/>
      </object_component>
      <object_component id="oc-1d6">
         <name>.debug_info</name>
         <load_address>0x14e75</load_address>
         <run_address>0x14e75</run_address>
         <size>0x253</size>
         <input_file_ref idref="fl-e4"/>
      </object_component>
      <object_component id="oc-244">
         <name>.debug_info</name>
         <load_address>0x150c8</load_address>
         <run_address>0x150c8</run_address>
         <size>0x273</size>
         <input_file_ref idref="fl-e4"/>
      </object_component>
      <object_component id="oc-1dc">
         <name>.debug_info</name>
         <load_address>0x1533b</load_address>
         <run_address>0x1533b</run_address>
         <size>0x263</size>
         <input_file_ref idref="fl-e4"/>
      </object_component>
      <object_component id="oc-374">
         <name>.debug_info</name>
         <load_address>0x1559e</load_address>
         <run_address>0x1559e</run_address>
         <size>0xb4</size>
      </object_component>
      <object_component id="oc-195">
         <name>.debug_line</name>
         <load_address>0x0</load_address>
         <run_address>0x0</run_address>
         <size>0x20</size>
         <input_file_ref idref="fl-2"/>
      </object_component>
      <object_component id="oc-fb">
         <name>.debug_line</name>
         <load_address>0x20</load_address>
         <run_address>0x20</run_address>
         <size>0x35</size>
         <input_file_ref idref="fl-2"/>
      </object_component>
      <object_component id="oc-97">
         <name>.debug_line</name>
         <load_address>0x55</load_address>
         <run_address>0x55</run_address>
         <size>0x69</size>
         <input_file_ref idref="fl-2"/>
      </object_component>
      <object_component id="oc-41">
         <name>.debug_line</name>
         <load_address>0xbe</load_address>
         <run_address>0xbe</run_address>
         <size>0x20</size>
         <input_file_ref idref="fl-2"/>
      </object_component>
      <object_component id="oc-199">
         <name>.debug_line</name>
         <load_address>0xde</load_address>
         <run_address>0xde</run_address>
         <size>0x39</size>
         <input_file_ref idref="fl-2"/>
      </object_component>
      <object_component id="oc-8b">
         <name>.debug_line</name>
         <load_address>0x117</load_address>
         <run_address>0x117</run_address>
         <size>0x39</size>
         <input_file_ref idref="fl-2"/>
      </object_component>
      <object_component id="oc-10f">
         <name>.debug_line</name>
         <load_address>0x150</load_address>
         <run_address>0x150</run_address>
         <size>0x6d</size>
         <input_file_ref idref="fl-2"/>
      </object_component>
      <object_component id="oc-9c">
         <name>.debug_line</name>
         <load_address>0x1bd</load_address>
         <run_address>0x1bd</run_address>
         <size>0x6a</size>
         <input_file_ref idref="fl-2"/>
      </object_component>
      <object_component id="oc-90">
         <name>.debug_line</name>
         <load_address>0x227</load_address>
         <run_address>0x227</run_address>
         <size>0x6f</size>
         <input_file_ref idref="fl-2"/>
      </object_component>
      <object_component id="oc-109">
         <name>.debug_line</name>
         <load_address>0x296</load_address>
         <run_address>0x296</run_address>
         <size>0x35</size>
         <input_file_ref idref="fl-2"/>
      </object_component>
      <object_component id="oc-2e2">
         <name>.debug_line</name>
         <load_address>0x2cb</load_address>
         <run_address>0x2cb</run_address>
         <size>0xb2</size>
         <input_file_ref idref="fl-3"/>
      </object_component>
      <object_component id="oc-17a">
         <name>.debug_line</name>
         <load_address>0x37d</load_address>
         <run_address>0x37d</run_address>
         <size>0x65</size>
         <input_file_ref idref="fl-3"/>
      </object_component>
      <object_component id="oc-2e6">
         <name>.debug_line</name>
         <load_address>0x3e2</load_address>
         <run_address>0x3e2</run_address>
         <size>0x3d</size>
         <input_file_ref idref="fl-3"/>
      </object_component>
      <object_component id="oc-175">
         <name>.debug_line</name>
         <load_address>0x41f</load_address>
         <run_address>0x41f</run_address>
         <size>0x37</size>
         <input_file_ref idref="fl-3"/>
      </object_component>
      <object_component id="oc-2eb">
         <name>.debug_line</name>
         <load_address>0x456</load_address>
         <run_address>0x456</run_address>
         <size>0x35</size>
         <input_file_ref idref="fl-3"/>
      </object_component>
      <object_component id="oc-211">
         <name>.debug_line</name>
         <load_address>0x48b</load_address>
         <run_address>0x48b</run_address>
         <size>0x20</size>
         <input_file_ref idref="fl-4"/>
      </object_component>
      <object_component id="oc-da">
         <name>.debug_line</name>
         <load_address>0x4ab</load_address>
         <run_address>0x4ab</run_address>
         <size>0xe5</size>
         <input_file_ref idref="fl-4"/>
      </object_component>
      <object_component id="oc-1a5">
         <name>.debug_line</name>
         <load_address>0x590</load_address>
         <run_address>0x590</run_address>
         <size>0x77</size>
         <input_file_ref idref="fl-5"/>
      </object_component>
      <object_component id="oc-c3">
         <name>.debug_line</name>
         <load_address>0x607</load_address>
         <run_address>0x607</run_address>
         <size>0x4d</size>
         <input_file_ref idref="fl-5"/>
      </object_component>
      <object_component id="oc-2be">
         <name>.debug_line</name>
         <load_address>0x654</load_address>
         <run_address>0x654</run_address>
         <size>0x43</size>
         <input_file_ref idref="fl-5"/>
      </object_component>
      <object_component id="oc-1a2">
         <name>.debug_line</name>
         <load_address>0x697</load_address>
         <run_address>0x697</run_address>
         <size>0x36</size>
         <input_file_ref idref="fl-5"/>
      </object_component>
      <object_component id="oc-1a9">
         <name>.debug_line</name>
         <load_address>0x6cd</load_address>
         <run_address>0x6cd</run_address>
         <size>0x6b</size>
         <input_file_ref idref="fl-5"/>
      </object_component>
      <object_component id="oc-105">
         <name>.debug_line</name>
         <load_address>0x738</load_address>
         <run_address>0x738</run_address>
         <size>0x42</size>
         <input_file_ref idref="fl-6"/>
      </object_component>
      <object_component id="oc-d5">
         <name>.debug_line</name>
         <load_address>0x77a</load_address>
         <run_address>0x77a</run_address>
         <size>0x2d</size>
         <input_file_ref idref="fl-6"/>
      </object_component>
      <object_component id="oc-103">
         <name>.debug_line</name>
         <load_address>0x7a7</load_address>
         <run_address>0x7a7</run_address>
         <size>0x2d</size>
         <input_file_ref idref="fl-6"/>
      </object_component>
      <object_component id="oc-33">
         <name>.debug_line</name>
         <load_address>0x7d4</load_address>
         <run_address>0x7d4</run_address>
         <size>0x126</size>
         <input_file_ref idref="fl-6"/>
      </object_component>
      <object_component id="oc-2e">
         <name>.debug_line</name>
         <load_address>0x8fa</load_address>
         <run_address>0x8fa</run_address>
         <size>0xc9</size>
         <input_file_ref idref="fl-7"/>
      </object_component>
      <object_component id="oc-219">
         <name>.debug_line</name>
         <load_address>0x9c3</load_address>
         <run_address>0x9c3</run_address>
         <size>0xc0</size>
         <input_file_ref idref="fl-8"/>
      </object_component>
      <object_component id="oc-125">
         <name>.debug_line</name>
         <load_address>0xa83</load_address>
         <run_address>0xa83</run_address>
         <size>0x6ef</size>
         <input_file_ref idref="fl-8"/>
      </object_component>
      <object_component id="oc-21d">
         <name>.debug_line</name>
         <load_address>0x1172</load_address>
         <run_address>0x1172</run_address>
         <size>0x2e</size>
         <input_file_ref idref="fl-8"/>
      </object_component>
      <object_component id="oc-171">
         <name>.debug_line</name>
         <load_address>0x11a0</load_address>
         <run_address>0x11a0</run_address>
         <size>0xe2</size>
         <input_file_ref idref="fl-9"/>
      </object_component>
      <object_component id="oc-d2">
         <name>.debug_line</name>
         <load_address>0x1282</load_address>
         <run_address>0x1282</run_address>
         <size>0x2e</size>
         <input_file_ref idref="fl-9"/>
      </object_component>
      <object_component id="oc-17f">
         <name>.debug_line</name>
         <load_address>0x12b0</load_address>
         <run_address>0x12b0</run_address>
         <size>0x2e</size>
         <input_file_ref idref="fl-9"/>
      </object_component>
      <object_component id="oc-191">
         <name>.debug_line</name>
         <load_address>0x12de</load_address>
         <run_address>0x12de</run_address>
         <size>0x2e</size>
         <input_file_ref idref="fl-9"/>
      </object_component>
      <object_component id="oc-193">
         <name>.debug_line</name>
         <load_address>0x130c</load_address>
         <run_address>0x130c</run_address>
         <size>0x2e</size>
         <input_file_ref idref="fl-9"/>
      </object_component>
      <object_component id="oc-187">
         <name>.debug_line</name>
         <load_address>0x133a</load_address>
         <run_address>0x133a</run_address>
         <size>0x2e</size>
         <input_file_ref idref="fl-9"/>
      </object_component>
      <object_component id="oc-185">
         <name>.debug_line</name>
         <load_address>0x1368</load_address>
         <run_address>0x1368</run_address>
         <size>0x2e</size>
         <input_file_ref idref="fl-9"/>
      </object_component>
      <object_component id="oc-181">
         <name>.debug_line</name>
         <load_address>0x1396</load_address>
         <run_address>0x1396</run_address>
         <size>0x2e</size>
         <input_file_ref idref="fl-9"/>
      </object_component>
      <object_component id="oc-183">
         <name>.debug_line</name>
         <load_address>0x13c4</load_address>
         <run_address>0x13c4</run_address>
         <size>0x2e</size>
         <input_file_ref idref="fl-9"/>
      </object_component>
      <object_component id="oc-80">
         <name>.debug_line</name>
         <load_address>0x13f2</load_address>
         <run_address>0x13f2</run_address>
         <size>0xd80</size>
         <input_file_ref idref="fl-9"/>
      </object_component>
      <object_component id="oc-100">
         <name>.debug_line</name>
         <load_address>0x2172</load_address>
         <run_address>0x2172</run_address>
         <size>0x2e</size>
         <input_file_ref idref="fl-9"/>
      </object_component>
      <object_component id="oc-93">
         <name>.debug_line</name>
         <load_address>0x21a0</load_address>
         <run_address>0x21a0</run_address>
         <size>0x41</size>
         <input_file_ref idref="fl-b"/>
      </object_component>
      <object_component id="oc-36">
         <name>.debug_line</name>
         <load_address>0x21e1</load_address>
         <run_address>0x21e1</run_address>
         <size>0x41</size>
         <input_file_ref idref="fl-b"/>
      </object_component>
      <object_component id="oc-28">
         <name>.debug_line</name>
         <load_address>0x2222</load_address>
         <run_address>0x2222</run_address>
         <size>0xa1</size>
         <input_file_ref idref="fl-b"/>
      </object_component>
      <object_component id="oc-31a">
         <name>.debug_line</name>
         <load_address>0x22c3</load_address>
         <run_address>0x22c3</run_address>
         <size>0x36</size>
         <input_file_ref idref="fl-d"/>
      </object_component>
      <object_component id="oc-1bb">
         <name>.debug_line</name>
         <load_address>0x22f9</load_address>
         <run_address>0x22f9</run_address>
         <size>0xa1</size>
         <input_file_ref idref="fl-d"/>
      </object_component>
      <object_component id="oc-2ac">
         <name>.debug_line</name>
         <load_address>0x239a</load_address>
         <run_address>0x239a</run_address>
         <size>0x20</size>
         <input_file_ref idref="fl-d"/>
      </object_component>
      <object_component id="oc-2ba">
         <name>.debug_line</name>
         <load_address>0x23ba</load_address>
         <run_address>0x23ba</run_address>
         <size>0x327</size>
         <input_file_ref idref="fl-e"/>
      </object_component>
      <object_component id="oc-2b3">
         <name>.debug_line</name>
         <load_address>0x26e1</load_address>
         <run_address>0x26e1</run_address>
         <size>0x3f</size>
         <input_file_ref idref="fl-e"/>
      </object_component>
      <object_component id="oc-2b1">
         <name>.debug_line</name>
         <load_address>0x2720</load_address>
         <run_address>0x2720</run_address>
         <size>0x3f</size>
         <input_file_ref idref="fl-e"/>
      </object_component>
      <object_component id="oc-12f">
         <name>.debug_line</name>
         <load_address>0x275f</load_address>
         <run_address>0x275f</run_address>
         <size>0x20d</size>
         <input_file_ref idref="fl-e"/>
      </object_component>
      <object_component id="oc-24d">
         <name>.debug_line</name>
         <load_address>0x296c</load_address>
         <run_address>0x296c</run_address>
         <size>0x73</size>
         <input_file_ref idref="fl-e"/>
      </object_component>
      <object_component id="oc-326">
         <name>.debug_line</name>
         <load_address>0x29df</load_address>
         <run_address>0x29df</run_address>
         <size>0x20</size>
         <input_file_ref idref="fl-f"/>
      </object_component>
      <object_component id="oc-2b8">
         <name>.debug_line</name>
         <load_address>0x29ff</load_address>
         <run_address>0x29ff</run_address>
         <size>0x43</size>
         <input_file_ref idref="fl-f"/>
      </object_component>
      <object_component id="oc-2b5">
         <name>.debug_line</name>
         <load_address>0x2a42</load_address>
         <run_address>0x2a42</run_address>
         <size>0x43</size>
         <input_file_ref idref="fl-f"/>
      </object_component>
      <object_component id="oc-1c7">
         <name>.debug_line</name>
         <load_address>0x2a85</load_address>
         <run_address>0x2a85</run_address>
         <size>0x70</size>
         <input_file_ref idref="fl-10"/>
      </object_component>
      <object_component id="oc-1c1">
         <name>.debug_line</name>
         <load_address>0x2af5</load_address>
         <run_address>0x2af5</run_address>
         <size>0x5c</size>
         <input_file_ref idref="fl-11"/>
      </object_component>
      <object_component id="oc-217">
         <name>.debug_line</name>
         <load_address>0x2b51</load_address>
         <run_address>0x2b51</run_address>
         <size>0x72</size>
         <input_file_ref idref="fl-12"/>
      </object_component>
      <object_component id="oc-215">
         <name>.debug_line</name>
         <load_address>0x2bc3</load_address>
         <run_address>0x2bc3</run_address>
         <size>0x37</size>
         <input_file_ref idref="fl-12"/>
      </object_component>
      <object_component id="oc-213">
         <name>.debug_line</name>
         <load_address>0x2bfa</load_address>
         <run_address>0x2bfa</run_address>
         <size>0x37</size>
         <input_file_ref idref="fl-12"/>
      </object_component>
      <object_component id="oc-ef">
         <name>.debug_line</name>
         <load_address>0x2c31</load_address>
         <run_address>0x2c31</run_address>
         <size>0xba</size>
         <input_file_ref idref="fl-12"/>
      </object_component>
      <object_component id="oc-1d3">
         <name>.debug_line</name>
         <load_address>0x2ceb</load_address>
         <run_address>0x2ceb</run_address>
         <size>0x6d</size>
         <input_file_ref idref="fl-13"/>
      </object_component>
      <object_component id="oc-347">
         <name>.debug_line</name>
         <load_address>0x2d58</load_address>
         <run_address>0x2d58</run_address>
         <size>0x20</size>
         <input_file_ref idref="fl-14"/>
      </object_component>
      <object_component id="oc-321">
         <name>.debug_line</name>
         <load_address>0x2d78</load_address>
         <run_address>0x2d78</run_address>
         <size>0x3a</size>
         <input_file_ref idref="fl-14"/>
      </object_component>
      <object_component id="oc-314">
         <name>.debug_line</name>
         <load_address>0x2db2</load_address>
         <run_address>0x2db2</run_address>
         <size>0xc3</size>
         <input_file_ref idref="fl-15"/>
      </object_component>
      <object_component id="oc-1b5">
         <name>.debug_line</name>
         <load_address>0x2e75</load_address>
         <run_address>0x2e75</run_address>
         <size>0xa2</size>
         <input_file_ref idref="fl-15"/>
      </object_component>
      <object_component id="oc-1af">
         <name>.debug_line</name>
         <load_address>0x2f17</load_address>
         <run_address>0x2f17</run_address>
         <size>0x94</size>
         <input_file_ref idref="fl-16"/>
      </object_component>
      <object_component id="oc-294">
         <name>.debug_line</name>
         <load_address>0x2fab</load_address>
         <run_address>0x2fab</run_address>
         <size>0x8e</size>
         <input_file_ref idref="fl-d1"/>
      </object_component>
      <object_component id="oc-299">
         <name>.debug_line</name>
         <load_address>0x3039</load_address>
         <run_address>0x3039</run_address>
         <size>0x5a</size>
         <input_file_ref idref="fl-d2"/>
      </object_component>
      <object_component id="oc-45">
         <name>.debug_line</name>
         <load_address>0x3093</load_address>
         <run_address>0x3093</run_address>
         <size>0x88</size>
         <input_file_ref idref="fl-d3"/>
      </object_component>
      <object_component id="oc-28f">
         <name>.debug_line</name>
         <load_address>0x311b</load_address>
         <run_address>0x311b</run_address>
         <size>0x4c</size>
         <input_file_ref idref="fl-d4"/>
      </object_component>
      <object_component id="oc-b7">
         <name>.debug_line</name>
         <load_address>0x3167</load_address>
         <run_address>0x3167</run_address>
         <size>0x79</size>
         <input_file_ref idref="fl-d5"/>
      </object_component>
      <object_component id="oc-11e">
         <name>.debug_line</name>
         <load_address>0x31e0</load_address>
         <run_address>0x31e0</run_address>
         <size>0x9e</size>
         <input_file_ref idref="fl-d6"/>
      </object_component>
[...]
         <value>0x2069</value>
         <object_component_ref idref="oc-121"/>
      </symbol>
      <symbol id="sm-1a6">
         <name>ucQueueGetQueueType</name>
         <value>0x209f</value>
         <object_component_ref idref="oc-121"/>
      </symbol>
      <symbol id="sm-360">
         <name>vTaskDelay</name>
         <value>0x4cb</value>
         <object_component_ref idref="oc-7c"/>
      </symbol>
      <symbol id="sm-361">
         <name>vTaskSuspendAll</name>
         <value>0x93d</value>
         <object_component_ref idref="oc-7c"/>
      </symbol>
      <symbol id="sm-362">
         <name>vTaskPriorityInherit</name>
         <value>0x1375</value>
         <object_component_ref idref="oc-7c"/>
      </symbol>
      <symbol id="sm-363">
         <name>vTaskPlaceOnEventList</name>
         <value>0xcc5</value>
         <object_component_ref idref="oc-7c"/>
      </symbol>
      <symbol id="sm-364">
         <name>vTaskSetTaskNumber</name>
         <value>0xf5d</value>
         <object_component_ref idref="oc-7c"/>
      </symbol>
      <symbol id="sm-365">
         <name>uxTaskPriorityGetFromISR</name>
         <value>0x559</value>
         <object_component_ref idref="oc-7c"/>
      </symbol>
      <symbol id="sm-366">
         <name>ulTaskNotifyTake</name>
         <value>0x1507</value>
         <object_component_ref idref="oc-7c"/>
      </symbol>
      <symbol id="sm-367">
         <name>xTaskCheckForTimeOut</name>
         <value>0xead</value>
         <object_component_ref idref="oc-7c"/>
      </symbol>
      <symbol id="sm-368">
         <name>xTaskRemoveFromUnorderedEventList</name>
         <value>0xe21</value>
         <object_component_ref idref="oc-7c"/>
      </symbol>
      <symbol id="sm-369">
         <name>vTaskPrioritySet</name>
         <value>0x5ad</value>
         <object_component_ref idref="oc-7c"/>
      </symbol>
      <symbol id="sm-36a">
         <name>xTaskPriorityDisinherit</name>
         <value>0x142f</value>
         <object_component_ref idref="oc-7c"/>
      </symbol>
      <symbol id="sm-36b">
         <name>vTaskStartScheduler</name>
         <value>0x8c9</value>
         <object_component_ref idref="oc-7c"/>
      </symbol>
      <symbol id="sm-36c">
         <name>xTaskNotifyStateClear</name>
         <value>0x1957</value>
         <object_component_ref idref="oc-7c"/>
      </symbol>
      <symbol id="sm-36d">
         <name>pvTaskIncrementMutexHeldCount</name>
         <value>0x14ef</value>
         <object_component_ref idref="oc-7c"/>
      </symbol>
      <symbol id="sm-36e">
         <name>uxTaskGetStackHighWaterMark</name>
         <value>0x12c9</value>
         <object_component_ref idref="oc-7c"/>
      </symbol>
      <symbol id="sm-36f">
         <name>xTaskGenericNotify</name>
         <value>0x16b7</value>
         <object_component_ref idref="oc-7c"/>
      </symbol>
      <symbol id="sm-370">
         <name>vTaskDelayUntil</name>
         <value>0x423</value>
         <object_component_ref idref="oc-7c"/>
      </symbol>
      <symbol id="sm-371">
         <name>uxTaskGetTaskNumber</name>
         <value>0xf3d</value>
         <object_component_ref idref="oc-7c"/>
      </symbol>
      <symbol id="sm-372">
         <name>vTaskEndScheduler</name>
         <value>0x921</value>
         <object_component_ref idref="oc-7c"/>
      </symbol>
      <symbol id="sm-373">
         <name>xTaskNotifyWait</name>
         <value>0x15cd</value>
         <object_component_ref idref="oc-7c"/>
      </symbol>
      <symbol id="sm-374">
         <name>vTaskMissedYield</name>
         <value>0xf27</value>
         <object_component_ref idref="oc-7c"/>
      </symbol>
      <symbol id="sm-375">
         <name>uxTaskGetNumberOfTasks</name>
         <value>0xa55</value>
         <object_component_ref idref="oc-7c"/>
      </symbol>
      <symbol id="sm-376">
         <name>xTaskGenericNotifyFromISR</name>
         <value>0x17a9</value>
         <object_component_ref idref="oc-7c"/>
      </symbol>
      <symbol id="sm-377">
         <name>uxTaskPriorityGet</name>
         <value>0x527</value>
         <object_component_ref idref="oc-7c"/>
      </symbol>
      <symbol id="sm-378">
         <name>xTaskResumeAll</name>
         <value>0x955</value>
         <object_component_ref idref="oc-7c"/>
      </symbol>
      <symbol id="sm-379">
         <name>xTaskGetTickCount</name>
         <value>0xa2b</value>
         <object_component_ref idref="oc-7c"/>
      </symbol>
      <symbol id="sm-37a">
         <name>xTaskGenericCreate</name>
         <value>0x26d</value>
         <object_component_ref idref="oc-7c"/>
      </symbol>
      <symbol id="sm-37b">
         <name>uxTaskGetSystemState</name>
         <value>0xa61</value>
         <object_component_ref idref="oc-7c"/>
      </symbol>
      <symbol id="sm-37c">
         <name>vTaskDelete</name>
         <value>0x387</value>
         <object_component_ref idref="oc-7c"/>
      </symbol>
      <symbol id="sm-37d">
         <name>pxCurrentTCB</name>
         <value>0x20007938</value>
         <object_component_ref idref="oc-76"/>
      </symbol>
      <symbol id="sm-37e">
         <name>vTaskNotifyGiveFromISR</name>
         <value>0x18b1</value>
         <object_component_ref idref="oc-7c"/>
      </symbol>
      <symbol id="sm-37f">
         <name>vTaskSuspend</name>
         <value>0x6c1</value>
         <object_component_ref idref="oc-7c"/>
      </symbol>
      <symbol id="sm-380">
         <name>xTaskGetTickCountFromISR</name>
         <value>0xa41</value>
         <object_component_ref idref="oc-7c"/>
      </symbol>
      <symbol id="sm-381">
         <name>vTaskResume</name>
         <value>0x7b5</value>
         <object_component_ref idref="oc-7c"/>
      </symbol>
      <symbol id="sm-382">
         <name>vTaskSetTimeOutState</name>
         <value>0xe8f</value>
         <object_component_ref idref="oc-7c"/>
      </symbol>
      <symbol id="sm-383">
         <name>xTaskIncrementTick</name>
         <value>0xb35</value>
         <object_component_ref idref="oc-7c"/>
      </symbol>
      <symbol id="sm-384">
         <name>vTaskSwitchContext</name>
         <value>0xc59</value>
         <object_component_ref idref="oc-7c"/>
      </symbol>
      <symbol id="sm-385">
         <name>uxTaskResetEventItemValue</name>
         <value>0x14cd</value>
         <object_component_ref idref="oc-7c"/>
      </symbol>
      <symbol id="sm-386">
         <name>xTaskResumeFromISR</name>
         <value>0x837</value>
         <object_component_ref idref="oc-7c"/>
      </symbol>
      <symbol id="sm-387">
         <name>xTaskGetCurrentTaskHandle</name>
         <value>0x1357</value>
         <object_component_ref idref="oc-7c"/>
      </symbol>
      <symbol id="sm-388">
         <name>vTaskPlaceOnUnorderedEventList</name>
         <value>0xd25</value>
         <object_component_ref idref="oc-7c"/>
      </symbol>
      <symbol id="sm-389">
         <name>xTaskRemoveFromEventList</name>
         <value>0xd99</value>
         <object_component_ref idref="oc-7c"/>
      </symbol>
      <symbol id="sm-3a6">
         <name>ResetISR</name>
         <value>0x3679</value>
         <object_component_ref idref="oc-24"/>
      </symbol>
      <symbol id="sm-3a7">
         <name>g_pfnVectors</name>
         <value>0x0</value>
         <object_component_ref idref="oc-f"/>
      </symbol>
      <symbol id="sm-3cf">
         <name>Debouncing</name>
         <value>0x2f01</value>
         <object_component_ref idref="oc-1b7"/>
      </symbol>
      <symbol id="sm-3d0">
         <name>Get_BUTTON</name>
         <value>0x2ee1</value>
         <object_component_ref idref="oc-1b7"/>
      </symbol>
      <symbol id="sm-3d1">
         <name>BUTTON_Init</name>
         <value>0x2eb1</value>
         <object_component_ref idref="oc-1b7"/>
      </symbol>
      <symbol id="sm-420">
         <name>ComMAIN_TX</name>
         <value>0x24a5</value>
         <object_component_ref idref="oc-12b"/>
      </symbol>
      <symbol id="sm-421">
         <name>Button_Task</name>
         <value>0x23a7</value>
         <object_component_ref idref="oc-12b"/>
      </symbol>
      <symbol id="sm-422">
         <name>UART0_Recv</name>
         <value>0x2569</value>
         <object_component_ref idref="oc-12b"/>
      </symbol>
      <symbol id="sm-423">
         <name>SPI_Task</name>
         <value>0x2531</value>
         <object_component_ref idref="oc-12b"/>
      </symbol>
      <symbol id="sm-424">
         <name>com_receive_signal</name>
         <value>0x2497</value>
         <object_component_ref idref="oc-12b"/>
      </symbol>
      <symbol id="sm-425">
         <name>com_send_signal</name>
         <value>0x2479</value>
         <object_component_ref idref="oc-12b"/>
      </symbol>
      <symbol id="sm-426">
         <name>com_init</name>
         <value>0x23ed</value>
         <object_component_ref idref="oc-12b"/>
      </symbol>
      <symbol id="sm-427">
         <name>count</name>
         <value>0x20007992</value>
         <object_component_ref idref="oc-1e1"/>
      </symbol>
      <symbol id="sm-428">
         <name>UartRecv_Task</name>
         <value>0x2589</value>
         <object_component_ref idref="oc-12b"/>
      </symbol>
      <symbol id="sm-429">
         <name>Allignment_Task</name>
         <value>0x2353</value>
         <object_component_ref idref="oc-12b"/>
      </symbol>
      <symbol id="sm-42a">
         <name>Init_Task</name>
         <value>0x2339</value>
         <object_component_ref idref="oc-12b"/>
      </symbol>
      <symbol id="sm-42b">
         <name>Ignition_on</name>
         <value>0x20007991</value>
         <object_component_ref idref="oc-1e1"/>
      </symbol>
      <symbol id="sm-43c">
         <name>signal_arr</name>
         <value>0x20007968</value>
         <object_component_ref idref="oc-1ea"/>
      </symbol>
      <symbol id="sm-43d">
         <name>pdu_arr</name>
         <value>0x2000797c</value>
         <object_component_ref idref="oc-1e7"/>
      </symbol>
      <symbol id="sm-44c">
         <name>FSM</name>
         <value>0x3145</value>
         <object_component_ref idref="oc-1c3"/>
      </symbol>
      <symbol id="sm-463">
         <name>Get_Distance</name>
         <value>0x32b1</value>
         <object_component_ref idref="oc-1bd"/>
      </symbol>
      <symbol id="sm-489">
         <name>vPortInitialiseBlocks</name>
         <value>0x3087</value>
         <object_component_ref idref="oc-eb"/>
      </symbol>
      <symbol id="sm-48a">
         <name>xPortGetFreeHeapSize</name>
         <value>0x308f</value>
         <object_component_ref idref="oc-eb"/>
      </symbol>
      <symbol id="sm-48b">
         <name>pvPortMalloc</name>
         <value>0x300d</value>
         <object_component_ref idref="oc-eb"/>
      </symbol>
      <symbol id="sm-48c">
         <name>vPortFree</name>
         <value>0x307d</value>
         <object_component_ref idref="oc-eb"/>
      </symbol>
      <symbol id="sm-49f">
         <name>router_send</name>
         <value>0x3309</value>
         <object_component_ref idref="oc-1cf"/>
      </symbol>
      <symbol id="sm-4a0">
         <name>router_receive</name>
         <value>0x3347</value>
         <object_component_ref idref="oc-1cf"/>
      </symbol>
      <symbol id="sm-4ab">
         <name>protocal_arr</name>
         <value>0x20007988</value>
         <object_component_ref idref="oc-2a4"/>
      </symbol>
      <symbol id="sm-4cb">
         <name>SPI_Recieve</name>
         <value>0x2b89</value>
         <object_component_ref idref="oc-1b1"/>
      </symbol>
      <symbol id="sm-4cc">
         <name>SPI_Transmit</name>
         <value>0x2b73</value>
         <object_component_ref idref="oc-1b1"/>
      </symbol>
      <symbol id="sm-4cd">
         <name>SPI_Init</name>
         <value>0x2ab9</value>
         <object_component_ref idref="oc-1b1"/>
      </symbol>
      <symbol id="sm-4df">
         <name>UART_Recive</name>
         <value>0x2fe9</value>
         <object_component_ref idref="oc-1ab"/>
      </symbol>
      <symbol id="sm-4e0">
         <name>UART_Init</name>
         <value>0x2f65</value>
         <object_component_ref idref="oc-1ab"/>
      </symbol>
      <symbol id="sm-4e1">
         <name>UART_Send</name>
         <value>0x2fd7</value>
         <object_component_ref idref="oc-1ab"/>
      </symbol>
      <symbol id="sm-4ec">
         <name>__aeabi_dmul</name>
         <value>0x2ce1</value>
         <object_component_ref idref="oc-290"/>
      </symbol>
      <symbol id="sm-4f6">
         <name>__aeabi_d2iz</name>
         <value>0x33a1</value>
         <object_component_ref idref="oc-295"/>
      </symbol>
      <symbol id="sm-511">
         <name>memcpy</name>
         <value>0x30a9</value>
         <object_component_ref idref="oc-43"/>
      </symbol>
      <symbol id="sm-512">
         <name>__aeabi_memcpy</name>
         <value>0x30a9</value>
         <object_component_ref idref="oc-43"/>
      </symbol>
      <symbol id="sm-513">
         <name>__aeabi_memcpy8</name>
         <value>0x30a9</value>
         <object_component_ref idref="oc-43"/>
      </symbol>
      <symbol id="sm-514">
         <name>__aeabi_memcpy4</name>
         <value>0x30a9</value>
         <object_component_ref idref="oc-43"/>
      </symbol>
      <symbol id="sm-51e">
         <name>__aeabi_ui2d</name>
         <value>0x35a1</value>
         <object_component_ref idref="oc-28b"/>
      </symbol>
      <symbol id="sm-52d">
         <name>__aeabi_memset</name>
         <value>0x31d1</value>
         <object_component_ref idref="oc-b3"/>
      </symbol>
      <symbol id="sm-52e">
         <name>memset</name>
         <value>0x31d7</value>
         <object_component_ref idref="oc-b3"/>
      </symbol>
      <symbol id="sm-52f">
         <name>__aeabi_memset8</name>
         <value>0x31d1</value>
         <object_component_ref idref="oc-b3"/>
      </symbol>
      <symbol id="sm-530">
         <name>__aeabi_memset4</name>
         <value>0x31d1</value>
         <object_component_ref idref="oc-b3"/>
      </symbol>
      <symbol id="sm-531">
         <name>__aeabi_memclr8</name>
         <value>0x31cf</value>
         <object_component_ref idref="oc-b3"/>
      </symbol>
      <symbol id="sm-532">
         <name>__aeabi_memclr4</name>
         <value>0x31cf</value>
         <object_component_ref idref="oc-b3"/>
      </symbol>
      <symbol id="sm-533">
         <name>__aeabi_memclr</name>
         <value>0x31cf</value>
         <object_component_ref idref="oc-b3"/>
      </symbol>
      <symbol id="sm-54a">
         <name>__TI_zero_init</name>
         <value>0x366d</value>
         <object_component_ref idref="oc-55"/>
      </symbol>
      <symbol id="sm-561">
         <name>__TI_decompress_none</name>
         <value>0x365f</value>
         <object_component_ref idref="oc-18"/>
      </symbol>
      <symbol id="sm-584">
         <name>__TI_decompress_lzss</name>
         <value>0x3249</value>
         <object_component_ref idref="oc-12"/>
      </symbol>
      <symbol id="sm-597">
         <name>__stack</name>
         <value>0x20007738</value>
         <object_component_ref idref="oc-21"/>
      </symbol>
      <symbol id="sm-598">
         <name>_c_int00_noargs</name>
         <value>0x34e9</value>
         <object_component_ref idref="oc-61"/>
      </symbol>
      <symbol id="sm-5a3">
         <name>C$$EXIT</name>
         <value>0x36a9</value>
         <object_component_ref idref="oc-132"/>
      </symbol>
      <symbol id="sm-5a4">
         <name>abort</name>
         <value>0x36a9</value>
         <object_component_ref idref="oc-132"/>
      </symbol>
      <symbol id="sm-5ce">
         <name>__TI_auto_init_nobinit_nopinit</name>
         <value>0x3431</value>
         <object_component_ref idref="oc-13e"/>
      </symbol>
      <symbol id="sm-5d8">
         <name>_system_pre_init</name>
         <value>0x36a5</value>
         <object_component_ref idref="oc-b9"/>
      </symbol>
      <symbol id="sm-638">
         <name>GPIOPinConfigure</name>
         <value>0x3359</value>
         <object_component_ref idref="oc-237"/>
      </symbol>
      <symbol id="sm-639">
         <name>GPIOPinTypeGPIOInput</name>
         <value>0x35ed</value>
         <object_component_ref idref="oc-26f"/>
      </symbol>
      <symbol id="sm-63a">
         <name>GPIOPinTypeUART</name>
         <value>0x3611</value>
         <object_component_ref idref="oc-23d"/>
      </symbol>
      <symbol id="sm-63b">
         <name>GPIOPinTypeGPIOOutput</name>
         <value>0x35c1</value>
         <object_component_ref idref="oc-275"/>
      </symbol>
      <symbol id="sm-63c">
         <name>GPIOPinRead</name>
         <value>0x3699</value>
         <object_component_ref idref="oc-281"/>
      </symbol>
      <symbol id="sm-63d">
         <name>GPIODirModeSet</name>
         <value>0x3555</value>
         <object_component_ref idref="oc-305"/>
      </symbol>
      <symbol id="sm-63e">
         <name>GPIOPinWrite</name>
         <value>0x369f</value>
         <object_component_ref idref="oc-1c9"/>
      </symbol>
      <symbol id="sm-63f">
         <name>GPIOPadConfigSet</name>
         <value>0x2735</value>
         <object_component_ref idref="oc-27b"/>
      </symbol>
      <symbol id="sm-640">
         <name>GPIOPinTypeSSI</name>
         <value>0x35ff</value>
         <object_component_ref idref="oc-24f"/>
      </symbol>
      <symbol id="sm-668">
         <name>SSIDataGetNonBlocking</name>
         <value>0x3623</value>
         <object_component_ref idref="oc-267"/>
      </symbol>
      <symbol id="sm-669">
         <name>SSIDataPutNonBlocking</name>
         <value>0x3635</value>
         <object_component_ref idref="oc-261"/>
      </symbol>
      <symbol id="sm-66a">
         <name>SSIConfigSetExpClk</name>
         <value>0x3475</value>
         <object_component_ref idref="oc-255"/>
      </symbol>
      <symbol id="sm-66b">
         <name>SSIEnable</name>
         <value>0x3685</value>
         <object_component_ref idref="oc-25b"/>
      </symbol>
      <symbol id="sm-6b0">
         <name>SysCtlPeripheralEnable</name>
         <value>0x3521</value>
         <object_component_ref idref="oc-21f"/>
      </symbol>
      <symbol id="sm-6b1">
         <name>SysCtlClockGet</name>
         <value>0x2bd1</value>
         <object_component_ref idref="oc-22b"/>
      </symbol>
      <symbol id="sm-6b2">
         <name>SysCtlPeripheralReady</name>
         <value>0x34b1</value>
         <object_component_ref idref="oc-225"/>
      </symbol>
      <symbol id="sm-6ec">
         <name>UARTConfigSetExpClk</name>
         <value>0x33e9</value>
         <object_component_ref idref="oc-231"/>
      </symbol>
      <symbol id="sm-6ed">
         <name>UARTDisable</name>
         <value>0x3581</value>
         <object_component_ref idref="oc-2f4"/>
      </symbol>
      <symbol id="sm-6ee">
         <name>UARTCharsAvail</name>
         <value>0x3651</value>
         <object_component_ref idref="oc-1d5"/>
      </symbol>
      <symbol id="sm-6ef">
         <name>UARTCharGetNonBlocking</name>
         <value>0x3643</value>
         <object_component_ref idref="oc-1db"/>
      </symbol>
      <symbol id="sm-6f0">
         <name>UARTCharPut</name>
         <value>0x368f</value>
         <object_component_ref idref="oc-243"/>
      </symbol>
      <symbol id="sm-6f1">
         <name>UARTEnable</name>
         <value>0x35d9</value>
         <object_component_ref idref="oc-2fa"/>
      </symbol>
      <symbol id="sm-6f3">
         <name>__TI_static_base__</name>
         <value>0x0</value>
      </symbol>
      <symbol id="sm-6f6">
         <name>__mpu_init</name>
         <value>0x0</value>
      </symbol>
      <symbol id="sm-6f7">
         <name>_system_post_cinit</name>
         <value>0x0</value>
      </symbol>
   </symbol_table>
   <title>Link successful</title>
</link_info>
