******************************************************************************
                  TI ARM Linker PC v18.1.1                     
******************************************************************************
>> Linked Tue Mar 12 15:53:38 2019

OUTPUT FILE NAME:   <Tiva_Project.out>
ENTRY POINT SYMBOL: "_c_int00_noinit_noargs"  address: 00000659


MEMORY CONFIGURATION

         name            origin    length      used     unused   attr    fill
----------------------  --------  ---------  --------  --------  ----  --------
  FLASH                 00000000   00040000  00000858  0003f7a8  R  X
  SRAM                  20000000   00008000  00000200  00007e00  RW X


SEGMENT ALLOCATION MAP

run origin  load origin   length   init length attrs members
----------  ----------- ---------- ----------- ----- -------
00000000    00000000    00000858   00000858    r-x
  00000000    00000000    0000026c   0000026c    r-- .intvecs
  0000026c    0000026c    000004f0   000004f0    r-x .text
  0000075c    0000075c    000000fc   000000fc    r-- .const
20000000    20000000    00000200   00000000    rw-
  20000000    20000000    00000200   00000000    rw- .stack


SECTION ALLOCATION MAP

 output                                  attributes/
section   page    origin      length       input sections
--------  ----  ----------  ----------   ----------------
.intvecs   0    00000000    0000026c     
                  00000000    0000026c     tm4c123gh6pm_startup_ccs.obj (.intvecs)

.text      0    0000026c    000004f0     
                  0000026c    00000132     driverlib.lib : gpio.obj (.text:GPIOPadConfigSet)
                  0000039e    00000002     --HOLE-- [fill = 0]
                  000003a0    00000110                   : sysctl.obj (.text:SysCtlClockGet)
                  000004b0    000000ac     uart.obj (.text)
                  0000055c    00000048     driverlib.lib : gpio.obj (.text:GPIOPinConfigure)
                  000005a4    00000046                   : uart.obj (.text:UARTConfigSetExpClk)
                  000005ea    00000002     --HOLE-- [fill = 0]
                  000005ec    00000038                   : sysctl.obj (.text:SysCtlPeripheralReady)
                  00000624    00000034                   : sysctl.obj (.text:SysCtlPeripheralEnable)
                  00000658    00000030     rtsv7M4_T_le_v4SPD16_eabi.lib : boot_cortex_m.c.obj (.text:_c_int00_noinit_noargs:_c_int00_noinit_noargs)
                  00000688    0000002a     driverlib.lib : gpio.obj (.text:GPIODirModeSet)
                  000006b2    00000002     --HOLE-- [fill = 0]
                  000006b4    00000028     main.obj (.text)
                  000006dc    00000020     driverlib.lib : uart.obj (.text:UARTDisable)
                  000006fc    00000014                   : uart.obj (.text:UARTEnable)
                  00000710    00000012                   : gpio.obj (.text:GPIOPinTypeUART)
                  00000722    0000000e                   : uart.obj (.text:UARTCharGetNonBlocking)
                  00000730    0000000e                   : uart.obj (.text:UARTCharsAvail)
                  0000073e    0000000c     tm4c123gh6pm_startup_ccs.obj (.text)
                  0000074a    0000000a     driverlib.lib : uart.obj (.text:UARTCharPut)
                  00000754    00000004     rtsv7M4_T_le_v4SPD16_eabi.lib : pre_init.c.obj (.text:_system_pre_init)
                  00000758    00000004                                   : exit.c.obj (.text:abort:abort)

.const     0    0000075c    000000fc     
                  0000075c    00000090     driverlib.lib : gpio.obj (.const:g_pui32GPIOBaseAddrs)
                  000007ec    0000006c                   : sysctl.obj (.const:g_pui32Xtals)

.cinit     0    00000000    00000000     UNINITIALIZED

.init_array 
*          0    00000000    00000000     UNINITIALIZED

.stack     0    20000000    00000200     UNINITIALIZED
                  20000000    00000004     rtsv7M4_T_le_v4SPD16_eabi.lib : boot_cortex_m.c.obj (.stack)
                  20000004    000001fc     --HOLE--

MODULE SUMMARY

       Module                         code   ro data   rw data
       ------                         ----   -------   -------
    .\
       tm4c123gh6pm_startup_ccs.obj   12     620       0      
       uart.obj                       172    0         0      
       main.obj                       40     0         0      
    +--+------------------------------+------+---------+---------+
       Total:                         224    620       0      
                                                              
    C:/ti/TivaWare_C_Series-2.1.4.178/driverlib/ccs/Debug/driverlib.lib
       gpio.obj                       438    144       0      
       sysctl.obj                     380    108       0      
       uart.obj                       160    0         0      
    +--+------------------------------+------+---------+---------+
       Total:                         978    252       0      
                                                              
    C:\ti\ccsv8\tools\compiler\ti-cgt-arm_18.1.1.LTS\lib\rtsv7M4_T_le_v4SPD16_eabi.lib
       boot_cortex_m.c.obj            48     0         0      
       exit.c.obj                     4      0         0      
       pre_init.c.obj                 4      0         0      
    +--+------------------------------+------+---------+---------+
       Total:                         56     0         0      
                                                              
       Stack:                         0      0         512    
    +--+------------------------------+------+---------+---------+
       Grand Total:                   1258   872       512    


GLOBAL SYMBOLS: SORTED ALPHABETICALLY BY Name 

address   name                  
-------   ----                  
00000759  C$$EXIT               
00000689  GPIODirModeSet        
0000026d  GPIOPadConfigSet      
0000055d  GPIOPinConfigure      
00000711  GPIOPinTypeUART       
0000073f  ResetISR              
000003a1  SysCtlClockGet        
00000625  SysCtlPeripheralEnable
000005ed  SysCtlPeripheralReady 
00000723  UARTCharGetNonBlocking
0000074b  UARTCharPut           
00000731  UARTCharsAvail        
000005a5  UARTConfigSetExpClk   
000006dd  UARTDisable           
000006fd  UARTEnable            
000004b1  UART_Init             
00000535  UART_Recive           
00000523  UART_Send             
20000200  __STACK_END           
00000200  __STACK_SIZE          
20000200  __STACK_TOP           
ffffffff  __TI_pprof_out_hndl   
ffffffff  __TI_prof_data_size   
ffffffff  __TI_prof_data_start  
00000000  __TI_static_base__    
ffffffff  __binit__             
ffffffff  __c_args__            
UNDEFED   __mpu_init            
20000000  __stack               
00000659  _c_int00_noinit_noargs
00000755  _system_pre_init      
00000759  abort                 
ffffffff  binit                 
00000000  g_pfnVectors          
000006b5  main                  


GLOBAL SYMBOLS: SORTED BY Symbol Address 

address   name                  
-------   ----                  
00000000  __TI_static_base__    
00000000  g_pfnVectors          
00000200  __STACK_SIZE          
0000026d  GPIOPadConfigSet      
000003a1  SysCtlClockGet        
000004b1  UART_Init             
00000523  UART_Send             
00000535  UART_Recive           
0000055d  GPIOPinConfigure      
000005a5  UARTConfigSetExpClk   
000005ed  SysCtlPeripheralReady 
00000625  SysCtlPeripheralEnable
00000659  _c_int00_noinit_noargs
00000689  GPIODirModeSet        
000006b5  main                  
000006dd  UARTDisable           
000006fd  UARTEnable            
00000711  GPIOPinTypeUART       
00000723  UARTCharGetNonBlocking
00000731  UARTCharsAvail        
0000073f  ResetISR              
0000074b  UARTCharPut           
00000755  _system_pre_init      
00000759  C$$EXIT               
00000759  abort                 
20000000  __stack               
20000200  __STACK_END           
20000200  __STACK_TOP           
ffffffff  __TI_pprof_out_hndl   
ffffffff  __TI_prof_data_size   
ffffffff  __TI_prof_data_start  
ffffffff  __binit__             
ffffffff  __c_args__            
ffffffff  binit                 
UNDEFED   __mpu_init            

[35 symbols]
