Archive member included to satisfy reference by file (symbol)

c:/program files (x86)/atmel/studio/7.0/toolchain/avr8/avr8-gnu-toolchain/bin/../lib/gcc/avr/5.4.0/../../../../avr/lib/avr5\libm.a(fixunssfsi.o)
                              Manger/Manager.o (__fixunssfsi)
c:/program files (x86)/atmel/studio/7.0/toolchain/avr8/avr8-gnu-toolchain/bin/../lib/gcc/avr/5.4.0/../../../../avr/lib/avr5\libm.a(floatsisf.o)
                              Manger/Manager.o (__floatsisf)
c:/program files (x86)/atmel/studio/7.0/toolchain/avr8/avr8-gnu-toolchain/bin/../lib/gcc/avr/5.4.0/../../../../avr/lib/avr5\libm.a(fp_split3.o)
                              c:/program files (x86)/atmel/studio/7.0/toolchain/avr8/avr8-gnu-toolchain/bin/../lib/gcc/avr/5.4.0/../../../../avr/lib/avr5\libm.a(fixunssfsi.o) (__fp_splitA)
c:/program files (x86)/atmel/studio/7.0/toolchain/avr8/avr8-gnu-toolchain/bin/../lib/gcc/avr/5.4.0/../../../../avr/lib/avr5\libm.a(fp_zero.o)
                              c:/program files (x86)/atmel/studio/7.0/toolchain/avr8/avr8-gnu-toolchain/bin/../lib/gcc/avr/5.4.0/../../../../avr/lib/avr5\libm.a(fixunssfsi.o) (__fp_zero)
c:/program files (x86)/atmel/studio/7.0/toolchain/avr8/avr8-gnu-toolchain/bin/../lib/gcc/avr/5.4.0/../../../../avr/lib/avr5\libm.a(mulsf3.o)
                              Manger/Manager.o (__mulsf3)
c:/program files (x86)/atmel/studio/7.0/toolchain/avr8/avr8-gnu-toolchain/bin/../lib/gcc/avr/5.4.0/../../../../avr/lib/avr5\libm.a(mulsf3x.o)
                              c:/program files (x86)/atmel/studio/7.0/toolchain/avr8/avr8-gnu-toolchain/bin/../lib/gcc/avr/5.4.0/../../../../avr/lib/avr5\libm.a(mulsf3.o) (__mulsf3x)
c:/program files (x86)/atmel/studio/7.0/toolchain/avr8/avr8-gnu-toolchain/bin/../lib/gcc/avr/5.4.0/../../../../avr/lib/avr5\libm.a(fp_inf.o)
                              c:/program files (x86)/atmel/studio/7.0/toolchain/avr8/avr8-gnu-toolchain/bin/../lib/gcc/avr/5.4.0/../../../../avr/lib/avr5\libm.a(mulsf3x.o) (__fp_inf)
c:/program files (x86)/atmel/studio/7.0/toolchain/avr8/avr8-gnu-toolchain/bin/../lib/gcc/avr/5.4.0/../../../../avr/lib/avr5\libm.a(fp_nan.o)
                              c:/program files (x86)/atmel/studio/7.0/toolchain/avr8/avr8-gnu-toolchain/bin/../lib/gcc/avr/5.4.0/../../../../avr/lib/avr5\libm.a(mulsf3x.o) (__fp_nan)
c:/program files (x86)/atmel/studio/7.0/toolchain/avr8/avr8-gnu-toolchain/bin/../lib/gcc/avr/5.4.0/../../../../avr/lib/avr5\libm.a(fp_pscA.o)
                              c:/program files (x86)/atmel/studio/7.0/toolchain/avr8/avr8-gnu-toolchain/bin/../lib/gcc/avr/5.4.0/../../../../avr/lib/avr5\libm.a(mulsf3x.o) (__fp_pscA)
c:/program files (x86)/atmel/studio/7.0/toolchain/avr8/avr8-gnu-toolchain/bin/../lib/gcc/avr/5.4.0/../../../../avr/lib/avr5\libm.a(fp_pscB.o)
                              c:/program files (x86)/atmel/studio/7.0/toolchain/avr8/avr8-gnu-toolchain/bin/../lib/gcc/avr/5.4.0/../../../../avr/lib/avr5\libm.a(mulsf3x.o) (__fp_pscB)
c:/program files (x86)/atmel/studio/7.0/toolchain/avr8/avr8-gnu-toolchain/bin/../lib/gcc/avr/5.4.0/../../../../avr/lib/avr5\libm.a(fp_round.o)
                              c:/program files (x86)/atmel/studio/7.0/toolchain/avr8/avr8-gnu-toolchain/bin/../lib/gcc/avr/5.4.0/../../../../avr/lib/avr5\libm.a(mulsf3.o) (__fp_round)
c:/program files (x86)/atmel/studio/7.0/toolchain/avr8/avr8-gnu-toolchain/bin/../lib/gcc/avr/5.4.0/avr5\libgcc.a(_divmodhi4.o)
                              OS_TICK/timer.o (__divmodhi4)
c:/program files (x86)/atmel/studio/7.0/toolchain/avr8/avr8-gnu-toolchain/bin/../lib/gcc/avr/5.4.0/avr5\libgcc.a(_exit.o)
                              C:/Program Files (x86)/Atmel/Studio/7.0/Packs/atmel/ATmega_DFP/1.2.209/gcc/dev/atmega32a/avr5/crtatmega32a.o (exit)
c:/program files (x86)/atmel/studio/7.0/toolchain/avr8/avr8-gnu-toolchain/bin/../lib/gcc/avr/5.4.0/avr5\libgcc.a(_copy_data.o)
                              Dealingment/De-Alignment.o (__do_copy_data)
c:/program files (x86)/atmel/studio/7.0/toolchain/avr8/avr8-gnu-toolchain/bin/../lib/gcc/avr/5.4.0/avr5\libgcc.a(_clear_bss.o)
                              Dealingment/De-Alignment.o (__do_clear_bss)
c:/program files (x86)/atmel/studio/7.0/toolchain/avr8/avr8-gnu-toolchain/bin/../lib/gcc/avr/5.4.0/avr5\libgcc.a(_udivmodhi4.o)
                              c:/program files (x86)/atmel/studio/7.0/toolchain/avr8/avr8-gnu-toolchain/bin/../lib/gcc/avr/5.4.0/avr5\libgcc.a(_divmodhi4.o) (__udivmodhi4)
c:/program files (x86)/atmel/studio/7.0/toolchain/avr8/avr8-gnu-toolchain/bin/../lib/gcc/avr/5.4.0/../../../../avr/lib/avr5\libc.a(memcpy.o)
                              Free_RTOS/queue.o (memcpy)
c:/program files (x86)/atmel/studio/7.0/toolchain/avr8/avr8-gnu-toolchain/bin/../lib/gcc/avr/5.4.0/../../../../avr/lib/avr5\libc.a(memset.o)
                              Free_RTOS/tasks.o (memset)
c:/program files (x86)/atmel/studio/7.0/toolchain/avr8/avr8-gnu-toolchain/bin/../lib/gcc/avr/5.4.0/../../../../avr/lib/avr5\libc.a(strncpy.o)
                              Free_RTOS/tasks.o (strncpy)

Allocating common symbols
Common symbol       size              file

Data_to_recieve     0x1               Dealingment/De-Alignment.o

Discarded input sections

 .data          0x00000000        0x0 C:/Program Files (x86)/Atmel/Studio/7.0/Packs/atmel/ATmega_DFP/1.2.209/gcc/dev/atmega32a/avr5/crtatmega32a.o
 .bss           0x00000000        0x0 C:/Program Files (x86)/Atmel/Studio/7.0/Packs/atmel/ATmega_DFP/1.2.209/gcc/dev/atmega32a/avr5/crtatmega32a.o
 .text          0x00000000        0x0 Dealingment/De-Alignment.o
 .data          0x00000000        0x0 Dealingment/De-Alignment.o
 .bss           0x00000000        0x0 Dealingment/De-Alignment.o
 .bss.InitFlag  0x00000000        0x1 Dealingment/De-Alignment.o
 .text.Init_Task
                0x00000000       0x46 Dealingment/De-Alignment.o
 .text.SPI_Task
                0x00000000       0x12 Dealingment/De-Alignment.o
 .text          0x00000000        0x0 DIO.o
 .data          0x00000000        0x0 DIO.o
 .bss           0x00000000        0x0 DIO.o
 .text.DIO_ReadPin
                0x00000000       0xc4 DIO.o
 .text          0x00000000        0x0 FSM/FSM.o
 .data          0x00000000        0x0 FSM/FSM.o
 .bss           0x00000000        0x0 FSM/FSM.o
 .text.FSM      0x00000000       0x6c FSM/FSM.o
 .debug_info    0x00000000       0xe1 FSM/FSM.o
 .debug_abbrev  0x00000000       0x80 FSM/FSM.o
 .debug_loc     0x00000000       0x48 FSM/FSM.o
 .debug_aranges
                0x00000000       0x20 FSM/FSM.o
 .debug_ranges  0x00000000       0x10 FSM/FSM.o
 .debug_line    0x00000000       0xe8 FSM/FSM.o
 .debug_str     0x00000000      0x1e4 FSM/FSM.o
 .comment       0x00000000       0x31 FSM/FSM.o
 .debug_frame   0x00000000       0x34 FSM/FSM.o
 .text          0x00000000        0x0 main.o
 .data          0x00000000        0x0 main.o
 .bss           0x00000000        0x0 main.o
 .text          0x00000000        0x0 Manger/Manager.o
 .data          0x00000000        0x0 Manger/Manager.o
 .bss           0x00000000        0x0 Manger/Manager.o
 .text.Get_Distance
                0x00000000       0x60 Manger/Manager.o
 .debug_info    0x00000000       0xb1 Manger/Manager.o
 .debug_abbrev  0x00000000       0x55 Manger/Manager.o
 .debug_loc     0x00000000       0x48 Manger/Manager.o
 .debug_aranges
                0x00000000       0x20 Manger/Manager.o
 .debug_ranges  0x00000000       0x10 Manger/Manager.o
 .debug_line    0x00000000       0x8f Manger/Manager.o
 .debug_str     0x00000000      0x1af Manger/Manager.o
 .comment       0x00000000       0x31 Manger/Manager.o
 .debug_frame   0x00000000       0x34 Manger/Manager.o
 .text          0x00000000        0x0 Free_RTOS/croutine.o
 .data          0x00000000        0x0 Free_RTOS/croutine.o
 .bss           0x00000000        0x0 Free_RTOS/croutine.o
 .bss.pxReadyCoRoutineLists
                0x00000000       0x12 Free_RTOS/croutine.o
 .bss.xDelayedCoRoutineList1
                0x00000000        0x9 Free_RTOS/croutine.o
 .bss.xDelayedCoRoutineList2
                0x00000000        0x9 Free_RTOS/croutine.o
 .bss.pxDelayedCoRoutineList
                0x00000000        0x2 Free_RTOS/croutine.o
 .bss.pxOverflowDelayedCoRoutineList
                0x00000000        0x2 Free_RTOS/croutine.o
 .bss.xPendingReadyCoRoutineList
                0x00000000        0x9 Free_RTOS/croutine.o
 .bss.pxCurrentCoRoutine
                0x00000000        0x2 Free_RTOS/croutine.o
 .bss.uxTopCoRoutineReadyPriority
                0x00000000        0x1 Free_RTOS/croutine.o
 .bss.xCoRoutineTickCount
                0x00000000        0x2 Free_RTOS/croutine.o
 .bss.xLastTickCount
                0x00000000        0x2 Free_RTOS/croutine.o
 .bss.xPassedTicks
                0x00000000        0x2 Free_RTOS/croutine.o
 .text.xCoRoutineCreate
                0x00000000      0x138 Free_RTOS/croutine.o
 .text.vCoRoutineAddToDelayedList
                0x00000000       0xca Free_RTOS/croutine.o
 .text.prvCheckPendingReadyList
                0x00000000       0x9a Free_RTOS/croutine.o
 .text.prvCheckDelayedList
                0x00000000      0x16e Free_RTOS/croutine.o
 .text.vCoRoutineSchedule
                0x00000000      0x10a Free_RTOS/croutine.o
 .text.prvInitialiseCoRoutineLists
                0x00000000       0x74 Free_RTOS/croutine.o
 .text.xCoRoutineRemoveFromEventList
                0x00000000       0x72 Free_RTOS/croutine.o
 .debug_info    0x00000000      0x4d0 Free_RTOS/croutine.o
 .debug_abbrev  0x00000000      0x189 Free_RTOS/croutine.o
 .debug_loc     0x00000000      0x1f7 Free_RTOS/croutine.o
 .debug_aranges
                0x00000000       0x50 Free_RTOS/croutine.o
 .debug_ranges  0x00000000       0x40 Free_RTOS/croutine.o
 .debug_line    0x00000000      0x361 Free_RTOS/croutine.o
 .debug_str     0x00000000      0x4d4 Free_RTOS/croutine.o
 .comment       0x00000000       0x31 Free_RTOS/croutine.o
 .debug_frame   0x00000000       0xf4 Free_RTOS/croutine.o
 .text          0x00000000        0x0 Free_RTOS/heap_1.o
 .data          0x00000000        0x0 Free_RTOS/heap_1.o
 .bss           0x00000000        0x0 Free_RTOS/heap_1.o
 .bss.xHeap     0x00000000      0x578 Free_RTOS/heap_1.o
 .bss.xNextFreeByte
                0x00000000        0x2 Free_RTOS/heap_1.o
 .text.pvPortMalloc
                0x00000000       0x8a Free_RTOS/heap_1.o
 .text.vPortFree
                0x00000000       0x1a Free_RTOS/heap_1.o
 .text.vPortInitialiseBlocks
                0x00000000       0x18 Free_RTOS/heap_1.o
 .text.xPortGetFreeHeapSize
                0x00000000       0x22 Free_RTOS/heap_1.o
 .debug_info    0x00000000      0x173 Free_RTOS/heap_1.o
 .debug_abbrev  0x00000000      0x10a Free_RTOS/heap_1.o
 .debug_loc     0x00000000      0x106 Free_RTOS/heap_1.o
 .debug_aranges
                0x00000000       0x38 Free_RTOS/heap_1.o
 .debug_ranges  0x00000000       0x28 Free_RTOS/heap_1.o
 .debug_line    0x00000000      0x149 Free_RTOS/heap_1.o
 .debug_str     0x00000000      0x220 Free_RTOS/heap_1.o
 .comment       0x00000000       0x31 Free_RTOS/heap_1.o
 .debug_frame   0x00000000       0x94 Free_RTOS/heap_1.o
 .text          0x00000000        0x0 Free_RTOS/list.o
 .data          0x00000000        0x0 Free_RTOS/list.o
 .bss           0x00000000        0x0 Free_RTOS/list.o
 .text.vListInitialise
                0x00000000       0x6c Free_RTOS/list.o
 .text.vListInitialiseItem
                0x00000000       0x24 Free_RTOS/list.o
 .text.vListInsert
                0x00000000       0xf0 Free_RTOS/list.o
 .text          0x00000000        0x0 Free_RTOS/port.o
 .data          0x00000000        0x0 Free_RTOS/port.o
 .bss           0x00000000        0x0 Free_RTOS/port.o
 .text.pxPortInitialiseStack
                0x00000000      0x352 Free_RTOS/port.o
 .text.xPortStartScheduler
                0x00000000       0x6a Free_RTOS/port.o
 .text.vPortEndScheduler
                0x00000000       0x10 Free_RTOS/port.o
 .text.vPortYield
                0x00000000       0xb4 Free_RTOS/port.o
 .text.prvSetupTimerInterrupt
                0x00000000       0xc4 Free_RTOS/port.o
 .text          0x00000000        0x0 Free_RTOS/queue.o
 .data          0x00000000        0x0 Free_RTOS/queue.o
 .bss           0x00000000        0x0 Free_RTOS/queue.o
 .text.xQueueCreate
                0x00000000      0x16e Free_RTOS/queue.o
 .text.xQueueGenericSend
                0x00000000      0x146 Free_RTOS/queue.o
 .text.xQueueGenericSendFromISR
                0x00000000       0xaa Free_RTOS/queue.o
 .text.xQueueGenericReceive
                0x00000000      0x194 Free_RTOS/queue.o
 .text.xQueueReceiveFromISR
                0x00000000       0xb2 Free_RTOS/queue.o
 .text.uxQueueMessagesWaiting
                0x00000000       0x32 Free_RTOS/queue.o
 .text.uxQueueMessagesWaitingFromISR
                0x00000000       0x28 Free_RTOS/queue.o
 .text.vQueueDelete
                0x00000000       0x30 Free_RTOS/queue.o
 .text.prvCopyDataToQueue
                0x00000000      0x156 Free_RTOS/queue.o
 .text.prvCopyDataFromQueue
                0x00000000       0xa4 Free_RTOS/queue.o
 .text.prvUnlockQueue
                0x00000000       0xca Free_RTOS/queue.o
 .text.prvIsQueueEmpty
                0x00000000       0x3a Free_RTOS/queue.o
 .text.xQueueIsQueueEmptyFromISR
                0x00000000       0x30 Free_RTOS/queue.o
 .text.prvIsQueueFull
                0x00000000       0x42 Free_RTOS/queue.o
 .text.xQueueIsQueueFullFromISR
                0x00000000       0x38 Free_RTOS/queue.o
 .debug_info    0x00000000      0x73a Free_RTOS/queue.o
 .debug_abbrev  0x00000000      0x170 Free_RTOS/queue.o
 .debug_loc     0x00000000      0x433 Free_RTOS/queue.o
 .debug_aranges
                0x00000000       0x90 Free_RTOS/queue.o
 .debug_ranges  0x00000000       0x80 Free_RTOS/queue.o
 .debug_line    0x00000000      0x65a Free_RTOS/queue.o
 .debug_str     0x00000000      0x53b Free_RTOS/queue.o
 .comment       0x00000000       0x31 Free_RTOS/queue.o
 .debug_frame   0x00000000      0x1f4 Free_RTOS/queue.o
 .text          0x00000000        0x0 Free_RTOS/tasks.o
 .data          0x00000000        0x0 Free_RTOS/tasks.o
 .bss           0x00000000        0x0 Free_RTOS/tasks.o
 .bss.xDelayedTaskList1
                0x00000000        0x9 Free_RTOS/tasks.o
 .bss.xDelayedTaskList2
                0x00000000        0x9 Free_RTOS/tasks.o
 .bss.xPendingReadyList
                0x00000000        0x9 Free_RTOS/tasks.o
 .bss.xSuspendedTaskList
                0x00000000        0x9 Free_RTOS/tasks.o
 .bss.uxCurrentNumberOfTasks
                0x00000000        0x1 Free_RTOS/tasks.o
 .bss.uxTopUsedPriority
                0x00000000        0x1 Free_RTOS/tasks.o
 .bss.xSchedulerRunning
                0x00000000        0x1 Free_RTOS/tasks.o
 .bss.uxTaskNumber
                0x00000000        0x1 Free_RTOS/tasks.o
 .text.xTaskGenericCreate
                0x00000000      0x1e8 Free_RTOS/tasks.o
 .text.vTaskDelay
                0x00000000       0x6c Free_RTOS/tasks.o
 .text.vTaskSuspend
                0x00000000       0xbc Free_RTOS/tasks.o
 .text.xTaskIsTaskSuspended
                0x00000000       0x60 Free_RTOS/tasks.o
 .text.vTaskResume
                0x00000000       0xd0 Free_RTOS/tasks.o
 .text.xTaskResumeFromISR
                0x00000000       0xcc Free_RTOS/tasks.o
 .rodata        0x00000000        0x5 Free_RTOS/tasks.o
 .text.vTaskStartScheduler
                0x00000000       0x6e Free_RTOS/tasks.o
 .text.vTaskEndScheduler
                0x00000000       0x1a Free_RTOS/tasks.o
 .text.vTaskSuspendAll
                0x00000000       0x1a Free_RTOS/tasks.o
 .text.xTaskResumeAll
                0x00000000      0x106 Free_RTOS/tasks.o
 .text.xTaskGetTickCount
                0x00000000       0x2e Free_RTOS/tasks.o
 .text.xTaskGetTickCountFromISR
                0x00000000       0x2a Free_RTOS/tasks.o
 .text.uxTaskGetNumberOfTasks
                0x00000000       0x12 Free_RTOS/tasks.o
 .text.vTaskPlaceOnEventList
                0x00000000       0x8a Free_RTOS/tasks.o
 .text.xTaskRemoveFromEventList
                0x00000000       0xd4 Free_RTOS/tasks.o
 .text.vTaskSetTimeOutState
                0x00000000       0x38 Free_RTOS/tasks.o
 .text.xTaskCheckForTimeOut
                0x00000000       0xda Free_RTOS/tasks.o
 .text.vTaskMissedYield
                0x00000000       0x16 Free_RTOS/tasks.o
 .text.prvIdleTask
                0x00000000       0x14 Free_RTOS/tasks.o
 .text.prvInitialiseTCBVariables
                0x00000000       0xba Free_RTOS/tasks.o
 .text.prvInitialiseTaskLists
                0x00000000       0x7c Free_RTOS/tasks.o
 .text.prvCheckTasksWaitingTermination
                0x00000000       0x10 Free_RTOS/tasks.o
 .text.prvAddCurrentTaskToDelayedList
                0x00000000       0x96 Free_RTOS/tasks.o
 .text.prvAllocateTCBAndStack
                0x00000000       0x94 Free_RTOS/tasks.o
 .text          0x00000000        0x0 Free_RTOS/timers.o
 .data          0x00000000        0x0 Free_RTOS/timers.o
 .bss           0x00000000        0x0 Free_RTOS/timers.o
 .debug_info    0x00000000       0x6b Free_RTOS/timers.o
 .debug_abbrev  0x00000000       0x26 Free_RTOS/timers.o
 .debug_aranges
                0x00000000       0x18 Free_RTOS/timers.o
 .debug_line    0x00000000       0x1a Free_RTOS/timers.o
 .debug_str     0x00000000      0x194 Free_RTOS/timers.o
 .comment       0x00000000       0x31 Free_RTOS/timers.o
 .text          0x00000000        0x0 SPI/spi.o
 .data          0x00000000        0x0 SPI/spi.o
 .bss           0x00000000        0x0 SPI/spi.o
 .text.SPI_MasterInit
                0x00000000       0x3a SPI/spi.o
 .text.SPI_Send
                0x00000000       0x3c SPI/spi.o
 .text          0x00000000        0x0 OS_TICK/timer.o
 .data          0x00000000        0x0 OS_TICK/timer.o
 .bss           0x00000000        0x0 OS_TICK/timer.o
 .text.timer0_setcallback
                0x00000000       0x26 OS_TICK/timer.o
 .text.timer0_os_init
                0x00000000       0xc4 OS_TICK/timer.o
 .text.PWM_timer1A
                0x00000000       0x76 OS_TICK/timer.o
 .text.PWM_timer1B
                0x00000000       0x76 OS_TICK/timer.o
 .text.PWM_init
                0x00000000      0x12e OS_TICK/timer.o
 .text          0x00000000        0x0 _LCD/Lcd.o
 .data          0x00000000        0x0 _LCD/Lcd.o
 .bss           0x00000000        0x0 _LCD/Lcd.o
 .text.LCD_displayStringRowColumn
                0x00000000       0x3c _LCD/Lcd.o
 .text.LCD_smile_init
                0x00000000       0x54 _LCD/Lcd.o
 .text.LCD_smile_display
                0x00000000       0x16 _LCD/Lcd.o
 .text          0x00000000        0x0 c:/program files (x86)/atmel/studio/7.0/toolchain/avr8/avr8-gnu-toolchain/bin/../lib/gcc/avr/5.4.0/../../../../avr/lib/avr5\libm.a(fixunssfsi.o)
 .data          0x00000000        0x0 c:/program files (x86)/atmel/studio/7.0/toolchain/avr8/avr8-gnu-toolchain/bin/../lib/gcc/avr/5.4.0/../../../../avr/lib/avr5\libm.a(fixunssfsi.o)
 .bss           0x00000000        0x0 c:/program files (x86)/atmel/studio/7.0/toolchain/avr8/avr8-gnu-toolchain/bin/../lib/gcc/avr/5.4.0/../../../../avr/lib/avr5\libm.a(fixunssfsi.o)
 .text.avr-libc.fplib
                0x00000000       0x5e c:/program files (x86)/atmel/studio/7.0/toolchain/avr8/avr8-gnu-toolchain/bin/../lib/gcc/avr/5.4.0/../../../../avr/lib/avr5\libm.a(fixunssfsi.o)
 .text          0x00000000        0x0 c:/program files (x86)/atmel/studio/7.0/toolchain/avr8/avr8-gnu-toolchain/bin/../lib/gcc/avr/5.4.0/../../../../avr/lib/avr5\libm.a(floatsisf.o)
 .data          0x00000000        0x0 c:/program files (x86)/atmel/studio/7.0/toolchain/avr8/avr8-gnu-toolchain/bin/../lib/gcc/avr/5.4.0/../../../../avr/lib/avr5\libm.a(floatsisf.o)
 .bss           0x00000000        0x0 c:/program files (x86)/atmel/studio/7.0/toolchain/avr8/avr8-gnu-toolchain/bin/../lib/gcc/avr/5.4.0/../../../../avr/lib/avr5\libm.a(floatsisf.o)
 .text.avr-libc.fplib
                0x00000000       0x7a c:/program files (x86)/atmel/studio/7.0/toolchain/avr8/avr8-gnu-toolchain/bin/../lib/gcc/avr/5.4.0/../../../../avr/lib/avr5\libm.a(floatsisf.o)
 .text          0x00000000        0x0 c:/program files (x86)/atmel/studio/7.0/toolchain/avr8/avr8-gnu-toolchain/bin/../lib/gcc/avr/5.4.0/../../../../avr/lib/avr5\libm.a(fp_split3.o)
 .data          0x00000000        0x0 c:/program files (x86)/atmel/studio/7.0/toolchain/avr8/avr8-gnu-toolchain/bin/../lib/gcc/avr/5.4.0/../../../../avr/lib/avr5\libm.a(fp_split3.o)
 .bss           0x00000000        0x0 c:/program files (x86)/atmel/studio/7.0/toolchain/avr8/avr8-gnu-toolchain/bin/../lib/gcc/avr/5.4.0/../../../../avr/lib/avr5\libm.a(fp_split3.o)
 .text.avr-libc.fplib
                0x00000000       0x44 c:/program files (x86)/atmel/studio/7.0/toolchain/avr8/avr8-gnu-toolchain/bin/../lib/gcc/avr/5.4.0/../../../../avr/lib/avr5\libm.a(fp_split3.o)
 .text          0x00000000        0x0 c:/program files (x86)/atmel/studio/7.0/toolchain/avr8/avr8-gnu-toolchain/bin/../lib/gcc/avr/5.4.0/../../../../avr/lib/avr5\libm.a(fp_zero.o)
 .data          0x00000000        0x0 c:/program files (x86)/atmel/studio/7.0/toolchain/avr8/avr8-gnu-toolchain/bin/../lib/gcc/avr/5.4.0/../../../../avr/lib/avr5\libm.a(fp_zero.o)
 .bss           0x00000000        0x0 c:/program files (x86)/atmel/studio/7.0/toolchain/avr8/avr8-gnu-toolchain/bin/../lib/gcc/avr/5.4.0/../../../../avr/lib/avr5\libm.a(fp_zero.o)
 .text.avr-libc.fplib
                0x00000000        0xe c:/program files (x86)/atmel/studio/7.0/toolchain/avr8/avr8-gnu-toolchain/bin/../lib/gcc/avr/5.4.0/../../../../avr/lib/avr5\libm.a(fp_zero.o)
 .text          0x00000000        0x0 c:/program files (x86)/atmel/studio/7.0/toolchain/avr8/avr8-gnu-toolchain/bin/../lib/gcc/avr/5.4.0/../../../../avr/lib/avr5\libm.a(mulsf3.o)
 .data          0x00000000        0x0 c:/program files (x86)/atmel/studio/7.0/toolchain/avr8/avr8-gnu-toolchain/bin/../lib/gcc/avr/5.4.0/../../../../avr/lib/avr5\libm.a(mulsf3.o)
 .bss           0x00000000        0x0 c:/program files (x86)/atmel/studio/7.0/toolchain/avr8/avr8-gnu-toolchain/bin/../lib/gcc/avr/5.4.0/../../../../avr/lib/avr5\libm.a(mulsf3.o)
 .text.avr-libc.fplib
                0x00000000        0x8 c:/program files (x86)/atmel/studio/7.0/toolchain/avr8/avr8-gnu-toolchain/bin/../lib/gcc/avr/5.4.0/../../../../avr/lib/avr5\libm.a(mulsf3.o)
 .text          0x00000000        0x0 c:/program files (x86)/atmel/studio/7.0/toolchain/avr8/avr8-gnu-toolchain/bin/../lib/gcc/avr/5.4.0/../../../../avr/lib/avr5\libm.a(mulsf3x.o)
 .data          0x00000000        0x0 c:/program files (x86)/atmel/studio/7.0/toolchain/avr8/avr8-gnu-toolchain/bin/../lib/gcc/avr/5.4.0/../../../../avr/lib/avr5\libm.a(mulsf3x.o)
 .bss           0x00000000        0x0 c:/program files (x86)/atmel/studio/7.0/toolchain/avr8/avr8-gnu-toolchain/bin/../lib/gcc/avr/5.4.0/../../../../avr/lib/avr5\libm.a(mulsf3x.o)
 .text.avr-libc.fplib
                0x00000000       0xd2 c:/program files (x86)/atmel/studio/7.0/toolchain/avr8/avr8-gnu-toolchain/bin/../lib/gcc/avr/5.4.0/../../../../avr/lib/avr5\libm.a(mulsf3x.o)
 .text          0x00000000        0x0 c:/program files (x86)/atmel/studio/7.0/toolchain/avr8/avr8-gnu-toolchain/bin/../lib/gcc/avr/5.4.0/../../../../avr/lib/avr5\libm.a(fp_inf.o)
 .data          0x00000000        0x0 c:/program files (x86)/atmel/studio/7.0/toolchain/avr8/avr8-gnu-toolchain/bin/../lib/gcc/avr/5.4.0/../../../../avr/lib/avr5\libm.a(fp_inf.o)
 .bss           0x00000000        0x0 c:/program files (x86)/atmel/studio/7.0/toolchain/avr8/avr8-gnu-toolchain/bin/../lib/gcc/avr/5.4.0/../../../../avr/lib/avr5\libm.a(fp_inf.o)
 .text.avr-libc.fplib
                0x00000000        0xc c:/program files (x86)/atmel/studio/7.0/toolchain/avr8/avr8-gnu-toolchain/bin/../lib/gcc/avr/5.4.0/../../../../avr/lib/avr5\libm.a(fp_inf.o)
 .text          0x00000000        0x0 c:/program files (x86)/atmel/studio/7.0/toolchain/avr8/avr8-gnu-toolchain/bin/../lib/gcc/avr/5.4.0/../../../../avr/lib/avr5\libm.a(fp_nan.o)
 .data          0x00000000        0x0 c:/program files (x86)/atmel/studio/7.0/toolchain/avr8/avr8-gnu-toolchain/bin/../lib/gcc/avr/5.4.0/../../../../avr/lib/avr5\libm.a(fp_nan.o)
 .bss           0x00000000        0x0 c:/program files (x86)/atmel/studio/7.0/toolchain/avr8/avr8-gnu-toolchain/bin/../lib/gcc/avr/5.4.0/../../../../avr/lib/avr5\libm.a(fp_nan.o)
 .text.avr-libc.fplib
                0x00000000        0x6 c:/program files (x86)/atmel/studio/7.0/toolchain/avr8/avr8-gnu-toolchain/bin/../lib/gcc/avr/5.4.0/../../../../avr/lib/avr5\libm.a(fp_nan.o)
 .text          0x00000000        0x0 c:/program files (x86)/atmel/studio/7.0/toolchain/avr8/avr8-gnu-toolchain/bin/../lib/gcc/avr/5.4.0/../../../../avr/lib/avr5\libm.a(fp_pscA.o)
 .data          0x00000000        0x0 c:/program files (x86)/atmel/studio/7.0/toolchain/avr8/avr8-gnu-toolchain/bin/../lib/gcc/avr/5.4.0/../../../../avr/lib/avr5\libm.a(fp_pscA.o)
 .bss           0x00000000        0x0 c:/program files (x86)/atmel/studio/7.0/toolchain/avr8/avr8-gnu-toolchain/bin/../lib/gcc/avr/5.4.0/../../../../avr/lib/avr5\libm.a(fp_pscA.o)
 .text.avr-libc.fplib
                0x00000000        0xe c:/program files (x86)/atmel/studio/7.0/toolchain/avr8/avr8-gnu-toolchain/bin/../lib/gcc/avr/5.4.0/../../../../avr/lib/avr5\libm.a(fp_pscA.o)
 .text          0x00000000        0x0 c:/program files (x86)/atmel/studio/7.0/toolchain/avr8/avr8-gnu-toolchain/bin/../lib/gcc/avr/5.4.0/../../../../avr/lib/avr5\libm.a(fp_pscB.o)
 .data          0x00000000        0x0 c:/program files (x86)/atmel/studio/7.0/toolchain/avr8/avr8-gnu-toolchain/bin/../lib/gcc/avr/5.4.0/../../../../avr/lib/avr5\libm.a(fp_pscB.o)
 .bss           0x00000000        0x0 c:/program files (x86)/atmel/studio/7.0/toolchain/avr8/avr8-gnu-toolchain/bin/../lib/gcc/avr/5.4.0/../../../../avr/lib/avr5\libm.a(fp_pscB.o)
 .text.avr-libc.fplib
                0x00000000        0xe c:/program files (x86)/atmel/studio/7.0/toolchain/avr8/avr8-gnu-toolchain/bin/../lib/gcc/avr/5.4.0/../../../../avr/lib/avr5\libm.a(fp_pscB.o)
 .text          0x00000000        0x0 c:/program files (x86)/atmel/studio/7.0/toolchain/avr8/avr8-gnu-toolchain/bin/../lib/gcc/avr/5.4.0/../../../../avr/lib/avr5\libm.a(fp_round.o)
 .data          0x00000000        0x0 c:/program files (x86)/atmel/studio/7.0/toolchain/avr8/avr8-gnu-toolchain/bin/../lib/gcc/avr/5.4.0/../../../../avr/lib/avr5\libm.a(fp_round.o)
 .bss           0x00000000        0x0 c:/program files (x86)/atmel/studio/7.0/toolchain/avr8/avr8-gnu-toolchain/bin/../lib/gcc/avr/5.4.0/../../../../avr/lib/avr5\libm.a(fp_round.o)
 .text.avr-libc.fplib
                0x00000000       0x22 c:/program files (x86)/atmel/studio/7.0/toolchain/avr8/avr8-gnu-toolchain/bin/../lib/gcc/avr/5.4.0/../../../../avr/lib/avr5\libm.a(fp_round.o)
 .text          0x00000000        0x0 c:/program files (x86)/atmel/studio/7.0/toolchain/avr8/avr8-gnu-toolchain/bin/../lib/gcc/avr/5.4.0/avr5\libgcc.a(_divmodhi4.o)
 .data          0x00000000        0x0 c:/program files (x86)/atmel/studio/7.0/toolchain/avr8/avr8-gnu-toolchain/bin/../lib/gcc/avr/5.4.0/avr5\libgcc.a(_divmodhi4.o)
 .bss           0x00000000        0x0 c:/program files (x86)/atmel/studio/7.0/toolchain/avr8/avr8-gnu-toolchain/bin/../lib/gcc/avr/5.4.0/avr5\libgcc.a(_divmodhi4.o)
 .text.libgcc.mul
                0x00000000        0x0 c:/program files (x86)/atmel/studio/7.0/toolchain/avr8/avr8-gnu-toolchain/bin/../lib/gcc/avr/5.4.0/avr5\libgcc.a(_divmodhi4.o)
 .text.libgcc.div
                0x00000000       0x28 c:/program files (x86)/atmel/studio/7.0/toolchain/avr8/avr8-gnu-toolchain/bin/../lib/gcc/avr/5.4.0/avr5\libgcc.a(_divmodhi4.o)
 .text.libgcc   0x00000000        0x0 c:/program files (x86)/atmel/studio/7.0/toolchain/avr8/avr8-gnu-toolchain/bin/../lib/gcc/avr/5.4.0/avr5\libgcc.a(_divmodhi4.o)
 .text.libgcc.prologue
                0x00000000        0x0 c:/program files (x86)/atmel/studio/7.0/toolchain/avr8/avr8-gnu-toolchain/bin/../lib/gcc/avr/5.4.0/avr5\libgcc.a(_divmodhi4.o)
 .text.libgcc.builtins
                0x00000000        0x0 c:/program files (x86)/atmel/studio/7.0/toolchain/avr8/avr8-gnu-toolchain/bin/../lib/gcc/avr/5.4.0/avr5\libgcc.a(_divmodhi4.o)
 .text.libgcc.fmul
                0x00000000        0x0 c:/program files (x86)/atmel/studio/7.0/toolchain/avr8/avr8-gnu-toolchain/bin/../lib/gcc/avr/5.4.0/avr5\libgcc.a(_divmodhi4.o)
 .text.libgcc.fixed
                0x00000000        0x0 c:/program files (x86)/atmel/studio/7.0/toolchain/avr8/avr8-gnu-toolchain/bin/../lib/gcc/avr/5.4.0/avr5\libgcc.a(_divmodhi4.o)
 .text          0x00000000        0x0 c:/program files (x86)/atmel/studio/7.0/toolchain/avr8/avr8-gnu-toolchain/bin/../lib/gcc/avr/5.4.0/avr5\libgcc.a(_exit.o)
 .data          0x00000000        0x0 c:/program files (x86)/atmel/studio/7.0/toolchain/avr8/avr8-gnu-toolchain/bin/../lib/gcc/avr/5.4.0/avr5\libgcc.a(_exit.o)
 .bss           0x00000000        0x0 c:/program files (x86)/atmel/studio/7.0/toolchain/avr8/avr8-gnu-toolchain/bin/../lib/gcc/avr/5.4.0/avr5\libgcc.a(_exit.o)
 .text.libgcc.mul
                0x00000000        0x0 c:/program files (x86)/atmel/studio/7.0/toolchain/avr8/avr8-gnu-toolchain/bin/../lib/gcc/avr/5.4.0/avr5\libgcc.a(_exit.o)
 .text.libgcc.div
                0x00000000        0x0 c:/program files (x86)/atmel/studio/7.0/toolchain/avr8/avr8-gnu-toolchain/bin/../lib/gcc/avr/5.4.0/avr5\libgcc.a(_exit.o)
 .text.libgcc   0x00000000        0x0 c:/program files (x86)/atmel/studio/7.0/toolchain/avr8/avr8-gnu-toolchain/bin/../lib/gcc/avr/5.4.0/avr5\libgcc.a(_exit.o)
 .text.libgcc.prologue
                0x00000000        0x0 c:/program files (x86)/atmel/studio/7.0/toolchain/avr8/avr8-gnu-toolchain/bin/../lib/gcc/avr/5.4.0/avr5\libgcc.a(_exit.o)
 .text.libgcc.builtins
                0x00000000        0x0 c:/program files (x86)/atmel/studio/7.0/toolchain/avr8/avr8-gnu-toolchain/bin/../lib/gcc/avr/5.4.0/avr5\libgcc.a(_exit.o)
 .text.libgcc.fmul
                0x00000000        0x0 c:/program files (x86)/atmel/studio/7.0/toolchain/avr8/avr8-gnu-toolchain/bin/../lib/gcc/avr/5.4.0/avr5\libgcc.a(_exit.o)
 .text.libgcc.fixed
                0x00000000        0x0 c:/program files (x86)/atmel/studio/7.0/toolchain/avr8/avr8-gnu-toolchain/bin/../lib/gcc/avr/5.4.0/avr5\libgcc.a(_exit.o)
 .text          0x00000000        0x0 c:/program files (x86)/atmel/studio/7.0/toolchain/avr8/avr8-gnu-toolchain/bin/../lib/gcc/avr/5.4.0/avr5\libgcc.a(_copy_data.o)
 .data          0x00000000        0x0 c:/program files (x86)/atmel/studio/7.0/toolchain/avr8/avr8-gnu-toolchain/bin/../lib/gcc/avr/5.4.0/avr5\libgcc.a(_copy_data.o)
 .bss           0x00000000        0x0 c:/program files (x86)/atmel/studio/7.0/toolchain/avr8/avr8-gnu-toolchain/bin/../lib/gcc/avr/5.4.0/avr5\libgcc.a(_copy_data.o)
 .text.libgcc.mul
                0x00000000        0x0 c:/program files (x86)/atmel/studio/7.0/toolchain/avr8/avr8-gnu-toolchain/bin/../lib/gcc/avr/5.4.0/avr5\libgcc.a(_copy_data.o)
 .text.libgcc.div
                0x00000000        0x0 c:/program files (x86)/atmel/studio/7.0/toolchain/avr8/avr8-gnu-toolchain/bin/../lib/gcc/avr/5.4.0/avr5\libgcc.a(_copy_data.o)
 .text.libgcc   0x00000000        0x0 c:/program files (x86)/atmel/studio/7.0/toolchain/avr8/avr8-gnu-toolchain/bin/../lib/gcc/avr/5.4.0/avr5\libgcc.a(_copy_data.o)
 .text.libgcc.prologue
                0x00000000        0x0 c:/program files (x86)/atmel/studio/7.0/toolchain/avr8/avr8-gnu-toolchain/bin/../lib/gcc/avr/5.4.0/avr5\libgcc.a(_copy_data.o)
 .text.libgcc.builtins
                0x00000000        0x0 c:/program files (x86)/atmel/studio/7.0/toolchain/avr8/avr8-gnu-toolchain/bin/../lib/gcc/avr/5.4.0/avr5\libgcc.a(_copy_data.o)
 .text.libgcc.fmul
                0x00000000        0x0 c:/program files (x86)/atmel/studio/7.0/toolchain/avr8/avr8-gnu-toolchain/bin/../lib/gcc/avr/5.4.0/avr5\libgcc.a(_copy_data.o)
 .text.libgcc.fixed
                0x00000000        0x0 c:/program files (x86)/atmel/studio/7.0/toolchain/avr8/avr8-gnu-toolchain/bin/../lib/gcc/avr/5.4.0/avr5\libgcc.a(_copy_data.o)
 .text          0x00000000        0x0 c:/program files (x86)/atmel/studio/7.0/toolchain/avr8/avr8-gnu-toolchain/bin/../lib/gcc/avr/5.4.0/avr5\libgcc.a(_clear_bss.o)
 .data          0x00000000        0x0 c:/program files (x86)/atmel/studio/7.0/toolchain/avr8/avr8-gnu-toolchain/bin/../lib/gcc/avr/5.4.0/avr5\libgcc.a(_clear_bss.o)
 .bss           0x00000000        0x0 c:/program files (x86)/atmel/studio/7.0/toolchain/avr8/avr8-gnu-toolchain/bin/../lib/gcc/avr/5.4.0/avr5\libgcc.a(_clear_bss.o)
 .text.libgcc.mul
                0x00000000        0x0 c:/program files (x86)/atmel/studio/7.0/toolchain/avr8/avr8-gnu-toolchain/bin/../lib/gcc/avr/5.4.0/avr5\libgcc.a(_clear_bss.o)
 .text.libgcc.div
                0x00000000        0x0 c:/program files (x86)/atmel/studio/7.0/toolchain/avr8/avr8-gnu-toolchain/bin/../lib/gcc/avr/5.4.0/avr5\libgcc.a(_clear_bss.o)
 .text.libgcc   0x00000000        0x0 c:/program files (x86)/atmel/studio/7.0/toolchain/avr8/avr8-gnu-toolchain/bin/../lib/gcc/avr/5.4.0/avr5\libgcc.a(_clear_bss.o)
 .text.libgcc.prologue
                0x00000000        0x0 c:/program files (x86)/atmel/studio/7.0/toolchain/avr8/avr8-gnu-toolchain/bin/../lib/gcc/avr/5.4.0/avr5\libgcc.a(_clear_bss.o)
 .text.libgcc.builtins
                0x00000000        0x0 c:/program files (x86)/atmel/studio/7.0/toolchain/avr8/avr8-gnu-toolchain/bin/../lib/gcc/avr/5.4.0/avr5\libgcc.a(_clear_bss.o)
 .text.libgcc.fmul
                0x00000000        0x0 c:/program files (x86)/atmel/studio/7.0/toolchain/avr8/avr8-gnu-toolchain/bin/../lib/gcc/avr/5.4.0/avr5\libgcc.a(_clear_bss.o)
 .text.libgcc.fixed
                0x00000000        0x0 c:/program files (x86)/atmel/studio/7.0/toolchain/avr8/avr8-gnu-toolchain/bin/../lib/gcc/avr/5.4.0/avr5\libgcc.a(_clear_bss.o)
 .text          0x00000000        0x0 c:/program files (x86)/atmel/studio/7.0/toolchain/avr8/avr8-gnu-toolchain/bin/../lib/gcc/avr/5.4.0/avr5\libgcc.a(_udivmodhi4.o)
 .data          0x00000000        0x0 c:/program files (x86)/atmel/studio/7.0/toolchain/avr8/avr8-gnu-toolchain/bin/../lib/gcc/avr/5.4.0/avr5\libgcc.a(_udivmodhi4.o)
 .bss           0x00000000        0x0 c:/program files (x86)/atmel/studio/7.0/toolchain/avr8/avr8-gnu-toolchain/bin/../lib/gcc/avr/5.4.0/avr5\libgcc.a(_udivmodhi4.o)
 .text.libgcc.mul
                0x00000000        0x0 c:/program files (x86)/atmel/studio/7.0/toolchain/avr8/avr8-gnu-toolchain/bin/../lib/gcc/avr/5.4.0/avr5\libgcc.a(_udivmodhi4.o)
 .text.libgcc.div
                0x00000000       0x28 c:/program files (x86)/atmel/studio/7.0/toolchain/avr8/avr8-gnu-toolchain/bin/../lib/gcc/avr/5.4.0/avr5\libgcc.a(_udivmodhi4.o)
 .text.libgcc   0x00000000        0x0 c:/program files (x86)/atmel/studio/7.0/toolchain/avr8/avr8-gnu-toolchain/bin/../lib/gcc/avr/5.4.0/avr5\libgcc.a(_udivmodhi4.o)
 .text.libgcc.prologue
                0x00000000        0x0 c:/program files (x86)/atmel/studio/7.0/toolchain/avr8/avr8-gnu-toolchain/bin/../lib/gcc/avr/5.4.0/avr5\libgcc.a(_udivmodhi4.o)
 .text.libgcc.builtins
                0x00000000        0x0 c:/program files (x86)/atmel/studio/7.0/toolchain/avr8/avr8-gnu-toolchain/bin/../lib/gcc/avr/5.4.0/avr5\libgcc.a(_udivmodhi4.o)
 .text.libgcc.fmul
                0x00000000        0x0 c:/program files (x86)/atmel/studio/7.0/toolchain/avr8/avr8-gnu-toolchain/bin/../lib/gcc/avr/5.4.0/avr5\libgcc.a(_udivmodhi4.o)
 .text.libgcc.fixed
                0x00000000        0x0 c:/program files (x86)/atmel/studio/7.0/toolchain/avr8/avr8-gnu-toolchain/bin/../lib/gcc/avr/5.4.0/avr5\libgcc.a(_udivmodhi4.o)
 .text          0x00000000        0x0 c:/program files (x86)/atmel/studio/7.0/toolchain/avr8/avr8-gnu-toolchain/bin/../lib/gcc/avr/5.4.0/../../../../avr/lib/avr5\libc.a(memcpy.o)
 .data          0x00000000        0x0 c:/program files (x86)/atmel/studio/7.0/toolchain/avr8/avr8-gnu-toolchain/bin/../lib/gcc/avr/5.4.0/../../../../avr/lib/avr5\libc.a(memcpy.o)
 .bss           0x00000000        0x0 c:/program files (x86)/atmel/studio/7.0/toolchain/avr8/avr8-gnu-toolchain/bin/../lib/gcc/avr/5.4.0/../../../../avr/lib/avr5\libc.a(memcpy.o)
 .text.avr-libc
                0x00000000       0x12 c:/program files (x86)/atmel/studio/7.0/toolchain/avr8/avr8-gnu-toolchain/bin/../lib/gcc/avr/5.4.0/../../../../avr/lib/avr5\libc.a(memcpy.o)
 .text          0x00000000        0x0 c:/program files (x86)/atmel/studio/7.0/toolchain/avr8/avr8-gnu-toolchain/bin/../lib/gcc/avr/5.4.0/../../../../avr/lib/avr5\libc.a(memset.o)
 .data          0x00000000        0x0 c:/program files (x86)/atmel/studio/7.0/toolchain/avr8/avr8-gnu-toolchain/bin/../lib/gcc/avr/5.4.0/../../../../avr/lib/avr5\libc.a(memset.o)
 .bss           0x00000000        0x0 c:/program files (x86)/atmel/studio/7.0/toolchain/avr8/avr8-gnu-toolchain/bin/../lib/gcc/avr/5.4.0/../../../../avr/lib/avr5\libc.a(memset.o)
 .text.avr-libc
                0x00000000        0xe c:/program files (x86)/atmel/studio/7.0/toolchain/avr8/avr8-gnu-toolchain/bin/../lib/gcc/avr/5.4.0/../../../../avr/lib/avr5\libc.a(memset.o)
 .text          0x00000000        0x0 c:/program files (x86)/atmel/studio/7.0/toolchain/avr8/avr8-gnu-toolchain/bin/../lib/gcc/avr/5.4.0/../../../../avr/lib/avr5\libc.a(strncpy.o)
 .data          0x00000000        0x0 c:/program files (x86)/atmel/studio/7.0/toolchain/avr8/avr8-gnu-toolchain/bin/../lib/gcc/avr/5.4.0/../../../../avr/lib/avr5\libc.a(strncpy.o)
 .bss           0x00000000        0x0 c:/program files (x86)/atmel/studio/7.0/toolchain/avr8/avr8-gnu-toolchain/bin/../lib/gcc/avr/5.4.0/../../../../avr/lib/avr5\libc.a(strncpy.o)
 .text.avr-libc
                0x00000000       0x1e c:/program files (x86)/atmel/studio/7.0/toolchain/avr8/avr8-gnu-toolchain/bin/../lib/gcc/avr/5.4.0/../../../../avr/lib/avr5\libc.a(strncpy.o)

Memory Configuration

Name             Origin             Length             Attributes
text             0x00000000         0x00020000         xr
data             0x00800060         0x0000ffa0         rw !x
eeprom           0x00810000         0x00010000         rw !x
fuse             0x00820000         0x00000002         rw !x
lock             0x00830000         0x00000400         rw !x
signature        0x00840000         0x00000400         rw !x
user_signatures  0x00850000         0x00000400         rw !x
*default*        0x00000000         0xffffffff

Linker script and memory map

LOAD C:/Program Files (x86)/Atmel/Studio/7.0/Packs/atmel/ATmega_DFP/1.2.209/gcc/dev/atmega32a/avr5/crtatmega32a.o
LOAD Dealingment/De-Alignment.o
LOAD DIO.o
LOAD FSM/FSM.o
LOAD main.o
LOAD Manger/Manager.o
LOAD Free_RTOS/croutine.o
LOAD Free_RTOS/heap_1.o
LOAD Free_RTOS/list.o
LOAD Free_RTOS/port.o
LOAD Free_RTOS/queue.o
LOAD Free_RTOS/tasks.o
LOAD Free_RTOS/timers.o
LOAD SPI/spi.o
LOAD OS_TICK/timer.o
LOAD _LCD/Lcd.o
START GROUP
LOAD c:/program files (x86)/atmel/studio/7.0/toolchain/avr8/avr8-gnu-toolchain/bin/../lib/gcc/avr/5.4.0/../../../../avr/lib/avr5\libm.a
END GROUP
START GROUP
LOAD c:/program files (x86)/atmel/studio/7.0/toolchain/avr8/avr8-gnu-toolchain/bin/../lib/gcc/avr/5.4.0/avr5\libgcc.a
LOAD c:/program files (x86)/atmel/studio/7.0/toolchain/avr8/avr8-gnu-toolchain/bin/../lib/gcc/avr/5.4.0/../../../../avr/lib/avr5\libm.a
LOAD c:/program files (x86)/atmel/studio/7.0/toolchain/avr8/avr8-gnu-toolchain/bin/../lib/gcc/avr/5.4.0/../../../../avr/lib/avr5\libc.a
LOAD C:/Program Files (x86)/Atmel/Studio/7.0/Packs/atmel/ATmega_DFP/1.2.209/gcc/dev/atmega32a/avr5\libatmega32a.a
END GROUP
                0x00020000                __TEXT_REGION_LENGTH__ = DEFINED (__TEXT_REGION_LENGTH__)?__TEXT_REGION_LENGTH__:0x20000
                0x0000ffa0                __DATA_REGION_LENGTH__ = DEFINED (__DATA_REGION_LENGTH__)?__DATA_REGION_LENGTH__:0xffa0
                0x00010000                __EEPROM_REGION_LENGTH__ = DEFINED (__EEPROM_REGION_LENGTH__)?__EEPROM_REGION_LENGTH__:0x10000
                [0x00000002]                __FUSE_REGION_LENGTH__ = DEFINED (__FUSE_REGION_LENGTH__)?__FUSE_REGION_LENGTH__:0x400
                0x00000400                __LOCK_REGION_LENGTH__ = DEFINED (__LOCK_REGION_LENGTH__)?__LOCK_REGION_LENGTH__:0x400
                0x00000400                __SIGNATURE_REGION_LENGTH__ = DEFINED (__SIGNATURE_REGION_LENGTH__)?__SIGNATURE_REGION_LENGTH__:0x400
                0x00000400                __USER_SIGNATURE_REGION_LENGTH__ = DEFINED (__USER_SIGNATURE_REGION_LENGTH__)?__USER_SIGNATURE_REGION_LENGTH__:0x400

.hash
 *(.hash)

.dynsym
 *(.dynsym)

.dynstr
 *(.dynstr)

.gnu.version
 *(.gnu.version)

.gnu.version_d
 *(.gnu.version_d)

.gnu.version_r
 *(.gnu.version_r)

.rel.init
 *(.rel.init)

.rela.init
 *(.rela.init)

.rel.text
 *(.rel.text)
 *(.rel.text.*)
 *(.rel.gnu.linkonce.t*)

.rela.text
 *(.rela.text)
 *(.rela.text.*)
 *(.rela.gnu.linkonce.t*)

.rel.fini
 *(.rel.fini)

.rela.fini
 *(.rela.fini)

.rel.rodata
 *(.rel.rodata)
 *(.rel.rodata.*)
 *(.rel.gnu.linkonce.r*)

.rela.rodata
 *(.rela.rodata)
 *(.rela.rodata.*)
 *(.rela.gnu.linkonce.r*)

.rel.data
 *(.rel.data)
 *(.rel.data.*)
 *(.rel.gnu.linkonce.d*)

.rela.data
 *(.rela.data)
 *(.rela.data.*)
 *(.rela.gnu.linkonce.d*)

.rel.ctors
 *(.rel.ctors)

.rela.ctors
 *(.rela.ctors)

.rel.dtors
 *(.rel.dtors)

.rela.dtors
 *(.rela.dtors)

.rel.got
 *(.rel.got)

.rela.got
 *(.rela.got)

.rel.bss
 *(.rel.bss)

.rela.bss
 *(.rela.bss)

.rel.plt
 *(.rel.plt)

.rela.plt
 *(.rela.plt)

.text           0x00000000      0xf6c
 *(.vectors)
 .vectors       0x00000000       0x54 C:/Program Files (x86)/Atmel/Studio/7.0/Packs/atmel/ATmega_DFP/1.2.209/gcc/dev/atmega32a/avr5/crtatmega32a.o
                0x00000000                __vector_default
                0x00000000                __vectors
 *(.vectors)
 *(.progmem.gcc*)
                0x00000054                . = ALIGN (0x2)
                0x00000054                __trampolines_start = .
 *(.trampolines)
 .trampolines   0x00000054        0x0 linker stubs
 *(.trampolines*)
                0x00000054                __trampolines_end = .
 *libprintf_flt.a:*(.progmem.data)
 *libc.a:*(.progmem.data)
 *(.progmem*)
                0x00000054                . = ALIGN (0x2)
 *(.jumptables)
 *(.jumptables*)
 *(.lowtext)
 *(.lowtext*)
                0x00000054                __ctors_start = .
 *(.ctors)
                0x00000054                __ctors_end = .
                0x00000054                __dtors_start = .
 *(.dtors)
                0x00000054                __dtors_end = .
 SORT(*)(.ctors)
 SORT(*)(.dtors)
 *(.init0)
 .init0         0x00000054        0x0 C:/Program Files (x86)/Atmel/Studio/7.0/Packs/atmel/ATmega_DFP/1.2.209/gcc/dev/atmega32a/avr5/crtatmega32a.o
                0x00000054                __init
 *(.init0)
 *(.init1)
 *(.init1)
 *(.init2)
 .init2         0x00000054        0xc C:/Program Files (x86)/Atmel/Studio/7.0/Packs/atmel/ATmega_DFP/1.2.209/gcc/dev/atmega32a/avr5/crtatmega32a.o
 *(.init2)
 *(.init3)
 *(.init3)
 *(.init4)
 .init4         0x00000060       0x16 c:/program files (x86)/atmel/studio/7.0/toolchain/avr8/avr8-gnu-toolchain/bin/../lib/gcc/avr/5.4.0/avr5\libgcc.a(_copy_data.o)
                0x00000060                __do_copy_data
 .init4         0x00000076       0x10 c:/program files (x86)/atmel/studio/7.0/toolchain/avr8/avr8-gnu-toolchain/bin/../lib/gcc/avr/5.4.0/avr5\libgcc.a(_clear_bss.o)
                0x00000076                __do_clear_bss
 *(.init4)
 *(.init5)
 *(.init5)
 *(.init6)
 *(.init6)
 *(.init7)
 *(.init7)
 *(.init8)
 *(.init8)
 *(.init9)
 .init9         0x00000086        0x8 C:/Program Files (x86)/Atmel/Studio/7.0/Packs/atmel/ATmega_DFP/1.2.209/gcc/dev/atmega32a/avr5/crtatmega32a.o
 *(.init9)
 *(.text)
 .text          0x0000008e        0x4 C:/Program Files (x86)/Atmel/Studio/7.0/Packs/atmel/ATmega_DFP/1.2.209/gcc/dev/atmega32a/avr5/crtatmega32a.o
                0x0000008e                __vector_1
                0x0000008e                __vector_12
                0x0000008e                __bad_interrupt
                0x0000008e                __vector_6
                0x0000008e                __vector_3
                0x0000008e                __vector_11
                0x0000008e                __vector_13
                0x0000008e                __vector_17
                0x0000008e                __vector_19
                0x0000008e                __vector_5
                0x0000008e                __vector_9
                0x0000008e                __vector_2
                0x0000008e                __vector_15
                0x0000008e                __vector_8
                0x0000008e                __vector_14
                0x0000008e                __vector_16
                0x0000008e                __vector_18
                0x0000008e                __vector_20
                0x00000092                . = ALIGN (0x2)
 *(.text.*)
 .text.LCD_displayData
                0x00000092       0x82 Dealingment/De-Alignment.o
                0x00000092                LCD_displayData
 .text.De_allignment_Task
                0x00000114       0xd4 Dealingment/De-Alignment.o
                0x00000114                De_allignment_Task
 .text.DIO_WritePin
                0x000001e8      0x1b0 DIO.o
                0x000001e8                DIO_WritePin
 .text.DIO_SetPinDirection
                0x00000398      0x1b0 DIO.o
                0x00000398                DIO_SetPinDirection
 .text.main     0x00000548       0x20 main.o
                0x00000548                main
 .text.vListInsertEnd
                0x00000568       0xb2 Free_RTOS/list.o
                0x00000568                vListInsertEnd
 .text.vListRemove
                0x0000061a       0xa8 Free_RTOS/list.o
                0x0000061a                vListRemove
 .text.vPortYieldFromTick
                0x000006c2       0xb8 Free_RTOS/port.o
                0x000006c2                vPortYieldFromTick
 .text.__vector_7
                0x0000077a        0x8 Free_RTOS/port.o
                0x0000077a                __vector_7
 .text.vTaskIncrementTick
                0x00000782      0x1be Free_RTOS/tasks.o
                0x00000782                vTaskIncrementTick
 .text.vTaskSwitchContext
                0x00000940       0xda Free_RTOS/tasks.o
                0x00000940                vTaskSwitchContext
 .text.SPI_SlaveInit
                0x00000a1a       0x3a SPI/spi.o
                0x00000a1a                SPI_SlaveInit
 .text.SPI_Recieve
                0x00000a54       0x32 SPI/spi.o
                0x00000a54                SPI_Recieve
 .text.timer_mdelay
                0x00000a86       0xf2 OS_TICK/timer.o
                0x00000a86                timer_mdelay
 .text.__vector_10
                0x00000b78       0x6e OS_TICK/timer.o
                0x00000b78                __vector_10
 .text.__vector_4
                0x00000be6       0x40 OS_TICK/timer.o
                0x00000be6                __vector_4
 .text.LCD_init
                0x00000c26       0x8a _LCD/Lcd.o
                0x00000c26                LCD_init
 .text.LCD_sendCommand
                0x00000cb0       0xfc _LCD/Lcd.o
                0x00000cb0                LCD_sendCommand
 .text.LCD_displayChar
                0x00000dac       0xfc _LCD/Lcd.o
                0x00000dac                LCD_displayChar
 .text.LCD_displayString
                0x00000ea8       0x4e _LCD/Lcd.o
                0x00000ea8                LCD_displayString
 .text.LCD_gotoRowColumn
                0x00000ef6       0x5c _LCD/Lcd.o
                0x00000ef6                LCD_gotoRowColumn
 .text.LCD_clear
                0x00000f52       0x16 _LCD/Lcd.o
                0x00000f52                LCD_clear
                0x00000f68                . = ALIGN (0x2)
 *(.fini9)
 .fini9         0x00000f68        0x0 c:/program files (x86)/atmel/studio/7.0/toolchain/avr8/avr8-gnu-toolchain/bin/../lib/gcc/avr/5.4.0/avr5\libgcc.a(_exit.o)
                0x00000f68                _exit
                0x00000f68                exit
 *(.fini9)
 *(.fini8)
 *(.fini8)
 *(.fini7)
 *(.fini7)
 *(.fini6)
 *(.fini6)
 *(.fini5)
 *(.fini5)
 *(.fini4)
 *(.fini4)
 *(.fini3)
 *(.fini3)
 *(.fini2)
 *(.fini2)
 *(.fini1)
 *(.fini1)
 *(.fini0)
 .fini0         0x00000f68        0x4 c:/program files (x86)/atmel/studio/7.0/toolchain/avr8/avr8-gnu-toolchain/bin/../lib/gcc/avr/5.4.0/avr5\libgcc.a(_exit.o)
 *(.fini0)
                0x00000f6c                _etext = .

.data           0x00800060       0x4e load address 0x00000f6c
                0x00800060                PROVIDE (__data_start, .)
 *(.data)
 *(.data*)
 .data.xNextTaskUnblockTime
                0x00800060        0x2 Free_RTOS/tasks.o
 *(.gnu.linkonce.d*)
 *(.rodata)
 .rodata        0x00800062       0x4b Dealingment/De-Alignment.o
 *(.rodata*)
 *(.gnu.linkonce.r*)
                0x008000ae                . = ALIGN (0x2)
 *fill*         0x008000ad        0x1 
                0x008000ae                _edata = .
                0x008000ae                PROVIDE (__data_end, .)

.bss            0x008000ae       0x2d
                0x008000ae                PROVIDE (__bss_start, .)
 *(.bss)
 *(.bss*)
 .bss.pxCurrentTCB
                0x008000ae        0x2 Free_RTOS/tasks.o
                0x008000ae                pxCurrentTCB
 .bss.pxReadyTasksLists
                0x008000b0       0x1b Free_RTOS/tasks.o
 .bss.pxDelayedTaskList
                0x008000cb        0x2 Free_RTOS/tasks.o
 .bss.pxOverflowDelayedTaskList
                0x008000cd        0x2 Free_RTOS/tasks.o
 .bss.xTickCount
                0x008000cf        0x2 Free_RTOS/tasks.o
 .bss.uxTopReadyPriority
                0x008000d1        0x1 Free_RTOS/tasks.o
 .bss.uxSchedulerSuspended
                0x008000d2        0x1 Free_RTOS/tasks.o
 .bss.uxMissedTicks
                0x008000d3        0x1 Free_RTOS/tasks.o
 .bss.xMissedYield
                0x008000d4        0x1 Free_RTOS/tasks.o
 .bss.xNumOfOverflows
                0x008000d5        0x1 Free_RTOS/tasks.o
 .bss.timer0_callbackptr
                0x008000d6        0x2 OS_TICK/timer.o
 .bss.timer2_counter
                0x008000d8        0x2 OS_TICK/timer.o
 *(COMMON)
 COMMON         0x008000da        0x1 Dealingment/De-Alignment.o
                0x008000da                Data_to_recieve
                0x008000db                PROVIDE (__bss_end, .)
                0x00000f6c                __data_load_start = LOADADDR (.data)
                0x00000fba                __data_load_end = (__data_load_start + SIZEOF (.data))

.noinit         0x008000db        0x0
                [!provide]                PROVIDE (__noinit_start, .)
 *(.noinit*)
                [!provide]                PROVIDE (__noinit_end, .)
                0x008000db                _end = .
                [!provide]                PROVIDE (__heap_start, .)

.eeprom         0x00810000        0x0
 *(.eeprom*)
                0x00810000                __eeprom_end = .

.fuse
 *(.fuse)
 *(.lfuse)
 *(.hfuse)
 *(.efuse)

.lock
 *(.lock*)

.signature
 *(.signature*)

.user_signatures
 *(.user_signatures*)

.stab
 *(.stab)

.stabstr
 *(.stabstr)

.stab.excl
 *(.stab.excl)

.stab.exclstr
 *(.stab.exclstr)

.stab.index
 *(.stab.index)

.stab.indexstr
 *(.stab.indexstr)

.comment        0x00000000       0x30
 *(.comment)
 .comment       0x00000000       0x30 Dealingment/De-Alignment.o
                                 0x31 (size before relaxing)
 .comment       0x00000030       0x31 DIO.o
 .comment       0x00000030       0x31 main.o
 .comment       0x00000030       0x31 Free_RTOS/list.o
 .comment       0x00000030       0x31 Free_RTOS/port.o
 .comment       0x00000030       0x31 Free_RTOS/tasks.o
 .comment       0x00000030       0x31 SPI/spi.o
 .comment       0x00000030       0x31 OS_TICK/timer.o
 .comment       0x00000030       0x31 _LCD/Lcd.o

.note.gnu.avr.deviceinfo
                0x00000000       0x3c
 .note.gnu.avr.deviceinfo
                0x00000000       0x3c C:/Program Files (x86)/Atmel/Studio/7.0/Packs/atmel/ATmega_DFP/1.2.209/gcc/dev/atmega32a/avr5/crtatmega32a.o

.note.gnu.build-id
 *(.note.gnu.build-id)

.debug
 *(.debug)

.line
 *(.line)

.debug_srcinfo
 *(.debug_srcinfo)

.debug_sfnames
 *(.debug_sfnames)

.debug_aranges  0x00000000      0x2f0
 *(.debug_aranges)
 .debug_aranges
                0x00000000       0x38 Dealingment/De-Alignment.o
 .debug_aranges
                0x00000038       0x30 DIO.o
 .debug_aranges
                0x00000068       0x20 main.o
 .debug_aranges
                0x00000088       0x40 Free_RTOS/list.o
 .debug_aranges
                0x000000c8       0x50 Free_RTOS/port.o
 .debug_aranges
                0x00000118       0xe8 Free_RTOS/tasks.o
 .debug_aranges
                0x00000200       0x38 SPI/spi.o
 .debug_aranges
                0x00000238       0x58 OS_TICK/timer.o
 .debug_aranges
                0x00000290       0x60 _LCD/Lcd.o

.debug_pubnames
 *(.debug_pubnames)

.debug_info     0x00000000     0x1d08
 *(.debug_info .gnu.linkonce.wi.*)
 .debug_info    0x00000000      0x4e6 C:/Program Files (x86)/Atmel/Studio/7.0/Packs/atmel/ATmega_DFP/1.2.209/gcc/dev/atmega32a/avr5/crtatmega32a.o
 .debug_info    0x000004e6      0x18f Dealingment/De-Alignment.o
 .debug_info    0x00000675      0x104 DIO.o
 .debug_info    0x00000779       0xb4 main.o
 .debug_info    0x0000082d      0x2a1 Free_RTOS/list.o
 .debug_info    0x00000ace      0x1c8 Free_RTOS/port.o
 .debug_info    0x00000c96      0xaf4 Free_RTOS/tasks.o
 .debug_info    0x0000178a       0xf8 SPI/spi.o
 .debug_info    0x00001882      0x1f8 OS_TICK/timer.o
 .debug_info    0x00001a7a      0x28e _LCD/Lcd.o

.debug_abbrev   0x00000000      0xc58
 *(.debug_abbrev)
 .debug_abbrev  0x00000000      0x4a3 C:/Program Files (x86)/Atmel/Studio/7.0/Packs/atmel/ATmega_DFP/1.2.209/gcc/dev/atmega32a/avr5/crtatmega32a.o
 .debug_abbrev  0x000004a3       0xb6 Dealingment/De-Alignment.o
 .debug_abbrev  0x00000559       0x8b DIO.o
 .debug_abbrev  0x000005e4       0x6f main.o
 .debug_abbrev  0x00000653       0xbe Free_RTOS/list.o
 .debug_abbrev  0x00000711      0x104 Free_RTOS/port.o
 .debug_abbrev  0x00000815      0x1e7 Free_RTOS/tasks.o
 .debug_abbrev  0x000009fc       0x94 SPI/spi.o
 .debug_abbrev  0x00000a90       0xd7 OS_TICK/timer.o
 .debug_abbrev  0x00000b67       0xf1 _LCD/Lcd.o

.debug_line     0x00000000     0x1c52
 *(.debug_line .debug_line.* .debug_line_end)
 .debug_line    0x00000000      0x115 C:/Program Files (x86)/Atmel/Studio/7.0/Packs/atmel/ATmega_DFP/1.2.209/gcc/dev/atmega32a/avr5/crtatmega32a.o
 .debug_line    0x00000115      0x25b Dealingment/De-Alignment.o
 .debug_line    0x00000370      0x234 DIO.o
 .debug_line    0x000005a4       0x5b main.o
 .debug_line    0x000005ff      0x18c Free_RTOS/list.o
 .debug_line    0x0000078b      0x3df Free_RTOS/port.o
 .debug_line    0x00000b6a      0x98b Free_RTOS/tasks.o
 .debug_line    0x000014f5      0x115 SPI/spi.o
 .debug_line    0x0000160a      0x2db OS_TICK/timer.o
 .debug_line    0x000018e5      0x36d _LCD/Lcd.o

.debug_frame    0x00000000      0x9a0
 *(.debug_frame)
 .debug_frame   0x00000000       0x94 Dealingment/De-Alignment.o
 .debug_frame   0x00000094       0x74 DIO.o
 .debug_frame   0x00000108       0x34 main.o
 .debug_frame   0x0000013c       0xb4 Free_RTOS/list.o
 .debug_frame   0x000001f0       0xc4 Free_RTOS/port.o
 .debug_frame   0x000002b4      0x3b8 Free_RTOS/tasks.o
 .debug_frame   0x0000066c       0x94 SPI/spi.o
 .debug_frame   0x00000700      0x16c OS_TICK/timer.o
 .debug_frame   0x0000086c      0x134 _LCD/Lcd.o

.debug_str      0x00000000      0xd9c
 *(.debug_str)
 .debug_str     0x00000000      0x196 C:/Program Files (x86)/Atmel/Studio/7.0/Packs/atmel/ATmega_DFP/1.2.209/gcc/dev/atmega32a/avr5/crtatmega32a.o
 .debug_str     0x00000196      0x20f Dealingment/De-Alignment.o
                                0x250 (size before relaxing)
 .debug_str     0x000003a5       0x48 DIO.o
                                0x1c8 (size before relaxing)
 .debug_str     0x000003ed       0x28 main.o
                                0x1a6 (size before relaxing)
 .debug_str     0x00000415      0x132 Free_RTOS/list.o
                                0x2a7 (size before relaxing)
 .debug_str     0x00000547       0xeb Free_RTOS/port.o
                                0x27e (size before relaxing)
 .debug_str     0x00000632      0x575 Free_RTOS/tasks.o
                                0x7c4 (size before relaxing)
 .debug_str     0x00000ba7       0x31 SPI/spi.o
                                0x1d1 (size before relaxing)
 .debug_str     0x00000bd8       0xc5 OS_TICK/timer.o
                                0x260 (size before relaxing)
 .debug_str     0x00000c9d       0xff _LCD/Lcd.o
                                0x2a8 (size before relaxing)

.debug_loc      0x00000000     0x12cc
 *(.debug_loc)
 .debug_loc     0x00000000      0x106 Dealingment/De-Alignment.o
 .debug_loc     0x00000106       0xd8 DIO.o
 .debug_loc     0x000001de       0x3b main.o
 .debug_loc     0x00000219      0x167 Free_RTOS/list.o
 .debug_loc     0x00000380      0x105 Free_RTOS/port.o
 .debug_loc     0x00000485      0x804 Free_RTOS/tasks.o
 .debug_loc     0x00000c89       0xf9 SPI/spi.o
 .debug_loc     0x00000d82      0x2f6 OS_TICK/timer.o
 .debug_loc     0x00001078      0x254 _LCD/Lcd.o

.debug_macinfo
 *(.debug_macinfo)

.debug_weaknames
 *(.debug_weaknames)

.debug_funcnames
 *(.debug_funcnames)

.debug_typenames
 *(.debug_typenames)

.debug_varnames
 *(.debug_varnames)

.debug_pubtypes
 *(.debug_pubtypes)

.debug_ranges   0x00000000      0x260
 *(.debug_ranges)
 .debug_ranges  0x00000000       0x28 Dealingment/De-Alignment.o
 .debug_ranges  0x00000028       0x20 DIO.o
 .debug_ranges  0x00000048       0x10 main.o
 .debug_ranges  0x00000058       0x30 Free_RTOS/list.o
 .debug_ranges  0x00000088       0x40 Free_RTOS/port.o
 .debug_ranges  0x000000c8       0xd8 Free_RTOS/tasks.o
 .debug_ranges  0x000001a0       0x28 SPI/spi.o
 .debug_ranges  0x000001c8       0x48 OS_TICK/timer.o
 .debug_ranges  0x00000210       0x50 _LCD/Lcd.o

.debug_macro
 *(.debug_macro)
OUTPUT(Ignation_System.elf elf32-avr)
LOAD linker stubs
