******************************************************************************
                  TI ARM Linker PC v18.1.1                     
******************************************************************************
>> Linked Tue Apr 16 17:21:44 2019

OUTPUT FILE NAME:   <Tiva_Project.out>
ENTRY POINT SYMBOL: "_c_int00_noinit_noargs"  address: 00000a35


MEMORY CONFIGURATION

         name            origin    length      used     unused   attr    fill
----------------------  --------  ---------  --------  --------  ----  --------
  FLASH                 00000000   00040000  00000c1a  0003f3e6  R  X
  SRAM                  20000000   00008000  00000200  00007e00  RW X


SEGMENT ALLOCATION MAP

run origin  load origin   length   init length attrs members
----------  ----------- ---------- ----------- ----- -------
00000000    00000000    00000c1c   00000c1c    r-x
  00000000    00000000    0000026c   0000026c    r-- .intvecs
  0000026c    0000026c    000008aa   000008aa    r-x .text
  00000b18    00000b18    00000104   00000104    r-- .const
20000000    20000000    00000200   00000000    rw-
  20000000    20000000    00000200   00000000    rw- .stack


SECTION ALLOCATION MAP

 output                                  attributes/
section   page    origin      length       input sections
--------  ----  ----------  ----------   ----------------
.intvecs   0    00000000    0000026c     
                  00000000    0000026c     tm4c123gh6pm_startup_ccs.obj (.intvecs)

.text      0    0000026c    000008aa     
                  0000026c    00000208     external_eeprom.obj (.text)
                  00000474    00000132     driverlib.lib : gpio.obj (.text:GPIOPadConfigSet)
                  000005a6    00000002     --HOLE-- [fill = 0]
                  000005a8    00000110                   : sysctl.obj (.text:SysCtlClockGet)
                  000006b8    0000010c     i2c.obj (.text)
                  000007c4    000000f4     driverlib.lib : sysctl.obj (.text:SysCtlClockSet)
                  000008b8    0000007a     rtsv7M4_T_le_v4SPD16_eabi.lib : memset_t2.asm.obj (.text)
                  00000932    00000002     --HOLE-- [fill = 0]
                  00000934    0000004c     driverlib.lib : i2c.obj (.text:I2CMasterInitExpClk)
                  00000980    00000048                   : gpio.obj (.text:GPIOPinConfigure)
                  000009c8    00000038     main.obj (.text)
                  00000a00    00000034     driverlib.lib : sysctl.obj (.text:SysCtlPeripheralEnable)
                  00000a34    00000030     rtsv7M4_T_le_v4SPD16_eabi.lib : boot_cortex_m.c.obj (.text:_c_int00_noinit_noargs:_c_int00_noinit_noargs)
                  00000a64    0000002a     driverlib.lib : gpio.obj (.text:GPIODirModeSet)
                  00000a8e    00000012                   : gpio.obj (.text:GPIOPinTypeI2C)
                  00000aa0    00000012                   : gpio.obj (.text:GPIOPinTypeI2CSCL)
                  00000ab2    00000010                   : i2c.obj (.text:I2CSlaveEnable)
                  00000ac2    0000000e                   : i2c.obj (.text:I2CSlaveInit)
                  00000ad0    0000000c     tm4c123gh6pm_startup_ccs.obj (.text)
                  00000adc    0000000a     driverlib.lib : i2c.obj (.text:I2CMasterEnable)
                  00000ae6    00000008                   : i2c.obj (.text:I2CMasterBusy)
                  00000aee    00000008                   : i2c.obj (.text:I2CMasterSlaveAddrSet)
                  00000af6    00000006                   : i2c.obj (.text:I2CSlaveDataGet)
                  00000afc    00000006                   : sysctl.obj (.text:SysCtlDelay)
                  00000b02    00000004                   : i2c.obj (.text:I2CMasterControl)
                  00000b06    00000004                   : i2c.obj (.text:I2CMasterDataGet)
                  00000b0a    00000004                   : i2c.obj (.text:I2CMasterDataPut)
                  00000b0e    00000004     rtsv7M4_T_le_v4SPD16_eabi.lib : pre_init.c.obj (.text:_system_pre_init)
                  00000b12    00000004                                   : exit.c.obj (.text:abort:abort)

.const     0    00000b18    00000104     
                  00000b18    00000090     driverlib.lib : gpio.obj (.const:g_pui32GPIOBaseAddrs)
                  00000ba8    0000006c                   : sysctl.obj (.const:g_pui32Xtals)
                  00000c14    00000008     main.obj (.const:$P$T0$1)

.cinit     0    00000000    00000000     UNINITIALIZED

.init_array 
*          0    00000000    00000000     UNINITIALIZED

.stack     0    20000000    00000200     UNINITIALIZED
                  20000000    00000004     rtsv7M4_T_le_v4SPD16_eabi.lib : boot_cortex_m.c.obj (.stack)
                  20000004    000001fc     --HOLE--

MODULE SUMMARY

       Module                         code   ro data   rw data
       ------                         ----   -------   -------
    .\
       tm4c123gh6pm_startup_ccs.obj   12     620       0      
       main.obj                       56     8         0      
    +--+------------------------------+------+---------+---------+
       Total:                         68     628       0      
                                                              
    .\External_EEPROM\
       external_eeprom.obj            520    0         0      
    +--+------------------------------+------+---------+---------+
       Total:                         520    0         0      
                                                              
    .\I2C\
       i2c.obj                        268    0         0      
    +--+------------------------------+------+---------+---------+
       Total:                         268    0         0      
                                                              
    C:/ti/TivaWare_C_Series-2.1.4.178/driverlib/ccs/Debug/driverlib.lib
       sysctl.obj                     574    108       0      
       gpio.obj                       456    144       0      
       i2c.obj                        150    0         0      
    +--+------------------------------+------+---------+---------+
       Total:                         1180   252       0      
                                                              
    C:\ti\ccsv8\tools\compiler\ti-cgt-arm_18.1.1.LTS\lib\rtsv7M4_T_le_v4SPD16_eabi.lib
       memset_t2.asm.obj              122    0         0      
       boot_cortex_m.c.obj            48     0         0      
       exit.c.obj                     4      0         0      
       pre_init.c.obj                 4      0         0      
    +--+------------------------------+------+---------+---------+
       Total:                         178    0         0      
                                                              
       Stack:                         0      0         512    
    +--+------------------------------+------+---------+---------+
       Grand Total:                   2214   880       512    


GLOBAL SYMBOLS: SORTED ALPHABETICALLY BY Name 

address   name                  
-------   ----                  
00000b13  C$$EXIT               
0000035f  Eeprom_Ext_Read       
00000279  Eeprom_Ext_Write      
0000026d  Eeprom_Ext_init       
00000a65  GPIODirModeSet        
00000475  GPIOPadConfigSet      
00000981  GPIOPinConfigure      
00000a8f  GPIOPinTypeI2C        
00000aa1  GPIOPinTypeI2CSCL     
00000ae7  I2CMasterBusy         
00000b03  I2CMasterControl      
00000b07  I2CMasterDataGet      
00000b0b  I2CMasterDataPut      
00000add  I2CMasterEnable       
00000935  I2CMasterInitExpClk   
00000aef  I2CMasterSlaveAddrSet 
00000af7  I2CSlaveDataGet       
00000ab3  I2CSlaveEnable        
00000ac3  I2CSlaveInit          
00000753  I2c_Read_Slave        
00000765  I2c_master_Write      
0000078b  I2c_master_read       
00000ad1  ResetISR              
000005a9  SysCtlClockGet        
000007c5  SysCtlClockSet        
00000afd  SysCtlDelay           
00000a01  SysCtlPeripheralEnable
20000200  __STACK_END           
00000200  __STACK_SIZE          
20000200  __STACK_TOP           
ffffffff  __TI_pprof_out_hndl   
ffffffff  __TI_prof_data_size   
ffffffff  __TI_prof_data_start  
00000000  __TI_static_base__    
000008b9  __aeabi_memclr        
000008b9  __aeabi_memclr4       
000008b9  __aeabi_memclr8       
000008bb  __aeabi_memset        
000008bb  __aeabi_memset4       
000008bb  __aeabi_memset8       
ffffffff  __binit__             
ffffffff  __c_args__            
UNDEFED   __mpu_init            
20000000  __stack               
00000a35  _c_int00_noinit_noargs
00000b0f  _system_pre_init      
00000b13  abort                 
ffffffff  binit                 
00000000  g_pfnVectors          
000006b9  i2c_init              
00000719  init_master           
00000701  init_slave_i2c        
000009c9  main                  
000008c1  memset                
00000723  mode                  


GLOBAL SYMBOLS: SORTED BY Symbol Address 

address   name                  
-------   ----                  
00000000  __TI_static_base__    
00000000  g_pfnVectors          
00000200  __STACK_SIZE          
0000026d  Eeprom_Ext_init       
00000279  Eeprom_Ext_Write      
0000035f  Eeprom_Ext_Read       
00000475  GPIOPadConfigSet      
000005a9  SysCtlClockGet        
000006b9  i2c_init              
00000701  init_slave_i2c        
00000719  init_master           
00000723  mode                  
00000753  I2c_Read_Slave        
00000765  I2c_master_Write      
0000078b  I2c_master_read       
000007c5  SysCtlClockSet        
000008b9  __aeabi_memclr        
000008b9  __aeabi_memclr4       
000008b9  __aeabi_memclr8       
000008bb  __aeabi_memset        
000008bb  __aeabi_memset4       
000008bb  __aeabi_memset8       
000008c1  memset                
00000935  I2CMasterInitExpClk   
00000981  GPIOPinConfigure      
000009c9  main                  
00000a01  SysCtlPeripheralEnable
00000a35  _c_int00_noinit_noargs
00000a65  GPIODirModeSet        
00000a8f  GPIOPinTypeI2C        
00000aa1  GPIOPinTypeI2CSCL     
00000ab3  I2CSlaveEnable        
00000ac3  I2CSlaveInit          
00000ad1  ResetISR              
00000add  I2CMasterEnable       
00000ae7  I2CMasterBusy         
00000aef  I2CMasterSlaveAddrSet 
00000af7  I2CSlaveDataGet       
00000afd  SysCtlDelay           
00000b03  I2CMasterControl      
00000b07  I2CMasterDataGet      
00000b0b  I2CMasterDataPut      
00000b0f  _system_pre_init      
00000b13  C$$EXIT               
00000b13  abort                 
20000000  __stack               
20000200  __STACK_END           
20000200  __STACK_TOP           
ffffffff  __TI_pprof_out_hndl   
ffffffff  __TI_prof_data_size   
ffffffff  __TI_prof_data_start  
ffffffff  __binit__             
ffffffff  __c_args__            
ffffffff  binit                 
UNDEFED   __mpu_init            

[55 symbols]
