******************************************************************************
                  TI ARM Linker PC v18.1.1                     
******************************************************************************
>> Linked Sun Apr 21 15:56:20 2019

OUTPUT FILE NAME:   <allignment.out>
ENTRY POINT SYMBOL: "_c_int00_noargs"  address: 000034e9


MEMORY CONFIGURATION

         name            origin    length      used     unused   attr    fill
----------------------  --------  ---------  --------  --------  ----  --------
  FLASH                 00000000   00040000  000037f4  0003c80c  R  X
  SRAM                  20000000   00008000  00007993  0000066d  RW X


SEGMENT ALLOCATION MAP

run origin  load origin   length   init length attrs members
----------  ----------- ---------- ----------- ----- -------
00000000    00000000    000037f8   000037f8    r-x
  00000000    00000000    0000026c   0000026c    r-- .intvecs
  0000026c    0000026c    00003440   00003440    r-x .text
  000036ac    000036ac    00000100   00000100    r-- .const
  000037b0    000037b0    00000048   00000048    r-- .cinit
20000000    20000000    00007993   00000000    rw-
  20000000    20000000    00007738   00000000    rw- .bss
  20007738    20007738    00000200   00000000    rw- .stack
  20007938    20007938    0000005b   00000000    rw- .data


SECTION ALLOCATION MAP

 output                                  attributes/
section   page    origin      length       input sections
--------  ----  ----------  ----------   ----------------
.intvecs   0    00000000    0000026c     
                  00000000    0000026c     tm4c123gh6pm_startup_ccs.obj (.intvecs)

.text      0    0000026c    00003440     
                  0000026c    0000173c     tasks.obj (.text)
                  000019a8    00000990     queue.obj (.text)
                  00002338    000002b4     com.obj (.text)
                  000025ec    00000148     main.obj (.text)
                  00002734    00000132     driverlib.lib : gpio.obj (.text:GPIOPadConfigSet)
                  00002866    0000012a     list.obj (.text)
                  00002990    00000128     port.obj (.text)
                  00002ab8    00000118     spi.obj (.text)
                  00002bd0    00000110     driverlib.lib : sysctl.obj (.text:SysCtlClockGet)
                  00002ce0    000000fc     rtsv7M4_T_le_v4SPD16_eabi.lib : fd_mul_t2.asm.obj (.text)
                  00002ddc    000000d2     portasm.obj (.text)
                  00002eae    00000002     --HOLE-- [fill = 0]
                  00002eb0    000000b4     BUTTON.obj (.text)
                  00002f64    000000a8     uart.obj (.text)
                  0000300c    0000009c     heap_1.obj (.text)
                  000030a8    0000009c     rtsv7M4_T_le_v4SPD16_eabi.lib : memcpy_t2.asm.obj (.text)
                  00003144    0000008a     FSM.obj (.text)
                  000031ce    0000007a     rtsv7M4_T_le_v4SPD16_eabi.lib : memset_t2.asm.obj (.text)
                  00003248    00000068                                   : copy_decompress_lzss.c.obj (.text:decompress:lzss:__TI_decompress_lzss)
                  000032b0    00000058     Manager.obj (.text)
                  00003308    00000050     Router.obj (.text)
                  00003358    00000048     driverlib.lib : gpio.obj (.text:GPIOPinConfigure)
                  000033a0    00000048     rtsv7M4_T_le_v4SPD16_eabi.lib : fd_toi_t2.asm.obj (.text)
                  000033e8    00000046     driverlib.lib : uart.obj (.text:UARTConfigSetExpClk)
                  0000342e    00000002     --HOLE-- [fill = 0]
                  00003430    00000044     rtsv7M4_T_le_v4SPD16_eabi.lib : autoinit.c.obj (.text:__TI_auto_init_nobinit_nopinit:__TI_auto_init_nobinit_nopinit)
                  00003474    0000003c     driverlib.lib : ssi.obj (.text:SSIConfigSetExpClk)
                  000034b0    00000038                   : sysctl.obj (.text:SysCtlPeripheralReady)
                  000034e8    00000038     rtsv7M4_T_le_v4SPD16_eabi.lib : boot_cortex_m.c.obj (.text:_c_int00_noargs:_c_int00_noargs)
                  00003520    00000034     driverlib.lib : sysctl.obj (.text:SysCtlPeripheralEnable)
                  00003554    0000002a                   : gpio.obj (.text:GPIODirModeSet)
                  0000357e    00000002     --HOLE-- [fill = 0]
                  00003580    00000020                   : uart.obj (.text:UARTDisable)
                  000035a0    00000020     rtsv7M4_T_le_v4SPD16_eabi.lib : u_tofd_t2.asm.obj (.text)
                  000035c0    00000018     driverlib.lib : gpio.obj (.text:GPIOPinTypeGPIOOutput)
                  000035d8    00000014                   : uart.obj (.text:UARTEnable)
                  000035ec    00000012                   : gpio.obj (.text:GPIOPinTypeGPIOInput)
                  000035fe    00000012                   : gpio.obj (.text:GPIOPinTypeSSI)
                  00003610    00000012                   : gpio.obj (.text:GPIOPinTypeUART)
                  00003622    00000012                   : ssi.obj (.text:SSIDataGetNonBlocking)
                  00003634    0000000e                   : ssi.obj (.text:SSIDataPutNonBlocking)
                  00003642    0000000e                   : uart.obj (.text:UARTCharGetNonBlocking)
                  00003650    0000000e                   : uart.obj (.text:UARTCharsAvail)
                  0000365e    0000000e     rtsv7M4_T_le_v4SPD16_eabi.lib : copy_decompress_none.c.obj (.text:decompress:none:__TI_decompress_none)
                  0000366c    0000000c                                   : copy_zero_init.c.obj (.text:decompress:ZI:__TI_zero_init)
                  00003678    0000000c     tm4c123gh6pm_startup_ccs.obj (.text)
                  00003684    0000000a     driverlib.lib : ssi.obj (.text:SSIEnable)
                  0000368e    0000000a                   : uart.obj (.text:UARTCharPut)
                  00003698    00000006                   : gpio.obj (.text:GPIOPinRead)
                  0000369e    00000006                   : gpio.obj (.text:GPIOPinWrite)
                  000036a4    00000004     rtsv7M4_T_le_v4SPD16_eabi.lib : pre_init.c.obj (.text:_system_pre_init)
                  000036a8    00000004                                   : exit.c.obj (.text:abort:abort)

.const     0    000036ac    00000100     
                  000036ac    00000090     driverlib.lib : gpio.obj (.const:g_pui32GPIOBaseAddrs)
                  0000373c    0000006c                   : sysctl.obj (.const:g_pui32Xtals)
                  000037a8    00000004     port.obj (.const)

.cinit     0    000037b0    00000048     
                  000037b0    00000023     (.cinit..data.load) [load image, compression = lzss]
                  000037d3    00000001     --HOLE-- [fill = 0]
                  000037d4    0000000c     (__TI_handler_table)
                  000037e0    00000008     (.cinit..bss.load) [load image, compression = zero_init]
                  000037e8    00000010     (__TI_cinit_table)

.init_array 
*          0    00000000    00000000     UNINITIALIZED

.bss       0    20000000    00007738     UNINITIALIZED
                  20000000    00007530     heap_1.obj (.bss:ucHeap)
                  20007530    00000140     tasks.obj (.bss:pxReadyTasksLists)
                  20007670    00000050     (.common:xQueueRegistry)
                  200076c0    00000014     tasks.obj (.bss:xDelayedTaskList1)
                  200076d4    00000014     tasks.obj (.bss:xDelayedTaskList2)
                  200076e8    00000014     tasks.obj (.bss:xPendingReadyList)
                  200076fc    00000014     tasks.obj (.bss:xSuspendedTaskList)
                  20007710    00000014     tasks.obj (.bss:xTasksWaitingTermination)
                  20007724    00000008     tasks.obj (.bss)
                  2000772c    00000004     com.obj (.bss:PDU_TX)
                  20007730    00000004     (.common:SPI_TRANSMIT_QUEE)
                  20007734    00000004     (.common:UART_RECEIVE_QUEE)

.data      0    20007938    0000005b     UNINITIALIZED
                  20007938    00000030     tasks.obj (.data)
                  20007968    0000000c     com_cfg.obj (.data:signal_arr)
                  20007974    00000008     heap_1.obj (.data)
                  2000797c    00000008     com_cfg.obj (.data:pdu_arr)
                  20007984    00000004     port.obj (.data)
                  20007988    00000004     Router_cfg.obj (.data:protocal_arr)
                  2000798c    00000003     BUTTON.obj (.data)
                  2000798f    00000002     Manager.obj (.data)
                  20007991    00000002     com.obj (.data)

.stack     0    20007738    00000200     UNINITIALIZED
                  20007738    00000004     rtsv7M4_T_le_v4SPD16_eabi.lib : boot_cortex_m.c.obj (.stack)
                  2000773c    000001fc     --HOLE--

MODULE SUMMARY

       Module                         code    ro data   rw data
       ------                         ----    -------   -------
    .\
       tasks.obj                      5948    0         476    
       queue.obj                      2448    0         80     
       tm4c123gh6pm_startup_ccs.obj   12      620       0      
       main.obj                       328     0         8      
       port.obj                       296     4         4      
       list.obj                       298     0         0      
       portasm.obj                    210     0         0      
    +--+------------------------------+-------+---------+---------+
       Total:                         9540    624       568    
                                                               
    .\BUTTON\
       BUTTON.obj                     180     0         3      
    +--+------------------------------+-------+---------+---------+
       Total:                         180     0         3      
                                                               
    .\COM_MODULE_AUTOSAR\
       com.obj                        692     0         6      
       com_cfg.obj                    0       0         20     
    +--+------------------------------+-------+---------+---------+
       Total:                         692     0         26     
                                                               
    .\FSM\
       FSM.obj                        138     0         0      
    +--+------------------------------+-------+---------+---------+
       Total:                         138     0         0      
                                                               
    .\Maneger\
       Manager.obj                    88      0         2      
    +--+------------------------------+-------+---------+---------+
       Total:                         88      0         2      
                                                               
    .\MemMang\
       heap_1.obj                     156     0         30008  
    +--+------------------------------+-------+---------+---------+
       Total:                         156     0         30008  
                                                               
    .\ROUTER\
       Router.obj                     80      0         0      
       Router_cfg.obj                 0       0         4      
    +--+------------------------------+-------+---------+---------+
       Total:                         80      0         4      
                                                               
    .\SPI\
       spi.obj                        280     0         0      
    +--+------------------------------+-------+---------+---------+
       Total:                         280     0         0      
                                                               
    .\UART\
       uart.obj                       168     0         0      
    +--+------------------------------+-------+---------+---------+
       Total:                         168     0         0      
                                                               
    C:/ti/TivaWare_C_Series-2.1.4.178/driverlib/ccs/Debug/driverlib.lib
       gpio.obj                       510     144       0      
       sysctl.obj                     380     108       0      
       uart.obj                       160     0         0      
       ssi.obj                        102     0         0      
    +--+------------------------------+-------+---------+---------+
       Total:                         1152    252       0      
                                                               
    C:\ti\ccsv8\tools\compiler\ti-cgt-arm_18.1.1.LTS\lib\rtsv7M4_T_le_v4SPD16_eabi.lib
       fd_mul_t2.asm.obj              252     0         0      
       memcpy_t2.asm.obj              156     0         0      
       memset_t2.asm.obj              122     0         0      
       copy_decompress_lzss.c.obj     104     0         0      
       fd_toi_t2.asm.obj              72      0         0      
       autoinit.c.obj                 68      0         0      
       boot_cortex_m.c.obj            56      0         0      
       u_tofd_t2.asm.obj              32      0         0      
       copy_decompress_none.c.obj     14      0         0      
       copy_zero_init.c.obj           12      0         0      
       exit.c.obj                     4       0         0      
       pre_init.c.obj                 4       0         0      
    +--+------------------------------+-------+---------+---------+
       Total:                         896     0         0      
                                                               
       Stack:                         0       0         512    
       Linker Generated:              0       71        0      
    +--+------------------------------+-------+---------+---------+
       Grand Total:                   13370   947       31123  


LINKER GENERATED COPY TABLES

__TI_cinit_table @ 000037e8 records: 2, size/record: 8, table size: 16
	.data: load addr=000037b0, load size=00000023 bytes, run addr=20007938, run size=0000005b bytes, compression=lzss
	.bss: load addr=000037e0, load size=00000008 bytes, run addr=20000000, run size=00007738 bytes, compression=zero_init


LINKER GENERATED HANDLER TABLE

__TI_handler_table @ 000037d4 records: 3, size/record: 4, table size: 12
	index: 0, handler: __TI_decompress_lzss
	index: 1, handler: __TI_decompress_none
	index: 2, handler: __TI_zero_init


GLOBAL SYMBOLS: SORTED ALPHABETICALLY BY Name 

address   name                             
-------   ----                             
00002353  Allignment_Task                  
00002eb1  BUTTON_Init                      
000023a7  Button_Task                      
000036a9  C$$EXIT                          
000024a5  ComMAIN_TX                       
00002f01  Debouncing                       
00003145  FSM                              
00003555  GPIODirModeSet                   
00002735  GPIOPadConfigSet                 
00003359  GPIOPinConfigure                 
00003699  GPIOPinRead                      
000035ed  GPIOPinTypeGPIOInput             
000035c1  GPIOPinTypeGPIOOutput            
000035ff  GPIOPinTypeSSI                   
00003611  GPIOPinTypeUART                  
0000369f  GPIOPinWrite                     
00002ee1  Get_BUTTON                       
000032b1  Get_Distance                     
20007991  Ignition_on                      
00002339  Init_Task                        
00003679  ResetISR                         
00002ab9  SPI_Init                         
00002b89  SPI_Recieve                      
20007730  SPI_TRANSMIT_QUEE                
00002531  SPI_Task                         
00002b73  SPI_Transmit                     
00003475  SSIConfigSetExpClk               
00003623  SSIDataGetNonBlocking            
00003635  SSIDataPutNonBlocking            
00003685  SSIEnable                        
00002bd1  SysCtlClockGet                   
00003521  SysCtlPeripheralEnable           
000034b1  SysCtlPeripheralReady            
00002569  UART0_Recv                       
00003643  UARTCharGetNonBlocking           
0000368f  UARTCharPut                      
00003651  UARTCharsAvail                   
000033e9  UARTConfigSetExpClk              
00003581  UARTDisable                      
000035d9  UARTEnable                       
00002f65  UART_Init                        
20007734  UART_RECEIVE_QUEE                
00002fe9  UART_Recive                      
00002fd7  UART_Send                        
00002589  UartRecv_Task                    
20007938  __STACK_END                      
00000200  __STACK_SIZE                     
20007938  __STACK_TOP                      
000037e8  __TI_CINIT_Base                  
000037f8  __TI_CINIT_Limit                 
000037d4  __TI_Handler_Table_Base          
000037e0  __TI_Handler_Table_Limit         
00003431  __TI_auto_init_nobinit_nopinit   
00003249  __TI_decompress_lzss             
0000365f  __TI_decompress_none             
ffffffff  __TI_pprof_out_hndl              
ffffffff  __TI_prof_data_size              
ffffffff  __TI_prof_data_start             
00000000  __TI_static_base__               
0000366d  __TI_zero_init                   
000033a1  __aeabi_d2iz                     
00002ce1  __aeabi_dmul                     
000031cf  __aeabi_memclr                   
000031cf  __aeabi_memclr4                  
000031cf  __aeabi_memclr8                  
000030a9  __aeabi_memcpy                   
000030a9  __aeabi_memcpy4                  
000030a9  __aeabi_memcpy8                  
000031d1  __aeabi_memset                   
000031d1  __aeabi_memset4                  
000031d1  __aeabi_memset8                  
000035a1  __aeabi_ui2d                     
ffffffff  __binit__                        
ffffffff  __c_args__                       
UNDEFED   __mpu_init                       
20007738  __stack                          
000034e9  _c_int00_noargs                  
UNDEFED   _system_post_cinit               
000036a5  _system_pre_init                 
000036a9  abort                            
ffffffff  binit                            
000023ed  com_init                         
00002497  com_receive_signal               
00002479  com_send_signal                  
20007992  count                            
00000000  g_pfnVectors                     
000025ed  main                             
000030a9  memcpy                           
000031d7  memset                           
2000797c  pdu_arr                          
20007988  protocal_arr                     
0000300d  pvPortMalloc                     
000014ef  pvTaskIncrementMutexHeldCount    
20007938  pxCurrentTCB                     
00002991  pxPortInitialiseStack            
00003347  router_receive                   
00003309  router_send                      
20007968  signal_arr                       
0000209f  ucQueueGetQueueType              
000037a8  ulMaxSyscallInterruptPriority    
00002ded  ulPortGetIPSR                    
00001507  ulTaskNotifyTake                 
00002949  uxListRemove                     
0000207f  uxQueueGetQueueNumber            
00002021  uxQueueMessagesWaiting           
00002057  uxQueueMessagesWaitingFromISR    
00002037  uxQueueSpacesAvailable           
00000a55  uxTaskGetNumberOfTasks           
000012c9  uxTaskGetStackHighWaterMark      
00000a61  uxTaskGetSystemState             
00000f3d  uxTaskGetTaskNumber              
00000527  uxTaskPriorityGet                
00000559  uxTaskPriorityGetFromISR         
000014cd  uxTaskResetEventItemValue        
00002867  vListInitialise                  
00002897  vListInitialiseItem              
000028e3  vListInsert                      
000028a7  vListInsertEnd                   
00002ea1  vPortEnableVFP                   
00002a2d  vPortEndScheduler                
00002a2f  vPortEnterCritical               
00002a4f  vPortExitCritical                
0000307d  vPortFree                        
00003087  vPortInitialiseBlocks            
00002e65  vPortSVCHandler                  
00002a8b  vPortSetupTimerInterrupt         
00002e85  vPortStartFirstTask              
000022b3  vQueueAddToRegistry              
00002069  vQueueDelete                     
0000208d  vQueueSetQueueNumber             
000022f5  vQueueUnregisterQueue            
000004cb  vTaskDelay                       
00000423  vTaskDelayUntil                  
00000387  vTaskDelete                      
00000921  vTaskEndScheduler                
00000f27  vTaskMissedYield                 
000018b1  vTaskNotifyGiveFromISR           
00000cc5  vTaskPlaceOnEventList            
00000d25  vTaskPlaceOnUnorderedEventList   
00001375  vTaskPriorityInherit             
000005ad  vTaskPrioritySet                 
000007b5  vTaskResume                      
00000f5d  vTaskSetTaskNumber               
00000e8f  vTaskSetTimeOutState             
000008c9  vTaskStartScheduler              
000006c1  vTaskSuspend                     
0000093d  vTaskSuspendAll                  
00000c59  vTaskSwitchContext               
0000308f  xPortGetFreeHeapSize             
00002e05  xPortPendSVHandler               
000029f7  xPortStartScheduler              
00002a65  xPortSysTickHandler              
00001ab5  xQueueCreateMutex                
00001a45  xQueueGenericCreate              
00001de3  xQueueGenericReceive             
000019a9  xQueueGenericReset               
00001bb1  xQueueGenericSend                
00001cd7  xQueueGenericSendFromISR         
00001d63  xQueueGiveFromISR                
00001b2b  xQueueGiveMutexRecursive         
0000224f  xQueueIsQueueEmptyFromISR        
00002291  xQueueIsQueueFullFromISR         
00001fcf  xQueuePeekFromISR                
00001f49  xQueueReceiveFromISR             
20007670  xQueueRegistry                   
00001b67  xQueueTakeMutexRecursive         
00000ead  xTaskCheckForTimeOut             
0000026d  xTaskGenericCreate               
000016b7  xTaskGenericNotify               
000017a9  xTaskGenericNotifyFromISR        
00001357  xTaskGetCurrentTaskHandle        
00000a2b  xTaskGetTickCount                
00000a41  xTaskGetTickCountFromISR         
00000b35  xTaskIncrementTick               
00001957  xTaskNotifyStateClear            
000015cd  xTaskNotifyWait                  
0000142f  xTaskPriorityDisinherit          
00000d99  xTaskRemoveFromEventList         
00000e21  xTaskRemoveFromUnorderedEventList
00000955  xTaskResumeAll                   
00000837  xTaskResumeFromISR               


GLOBAL SYMBOLS: SORTED BY Symbol Address 

address   name                             
-------   ----                             
00000000  __TI_static_base__               
00000000  g_pfnVectors                     
00000200  __STACK_SIZE                     
0000026d  xTaskGenericCreate               
00000387  vTaskDelete                      
00000423  vTaskDelayUntil                  
000004cb  vTaskDelay                       
00000527  uxTaskPriorityGet                
00000559  uxTaskPriorityGetFromISR         
000005ad  vTaskPrioritySet                 
000006c1  vTaskSuspend                     
000007b5  vTaskResume                      
00000837  xTaskResumeFromISR               
000008c9  vTaskStartScheduler              
00000921  vTaskEndScheduler                
0000093d  vTaskSuspendAll                  
00000955  xTaskResumeAll                   
00000a2b  xTaskGetTickCount                
00000a41  xTaskGetTickCountFromISR         
00000a55  uxTaskGetNumberOfTasks           
00000a61  uxTaskGetSystemState             
00000b35  xTaskIncrementTick               
00000c59  vTaskSwitchContext               
00000cc5  vTaskPlaceOnEventList            
00000d25  vTaskPlaceOnUnorderedEventList   
00000d99  xTaskRemoveFromEventList         
00000e21  xTaskRemoveFromUnorderedEventList
00000e8f  vTaskSetTimeOutState             
00000ead  xTaskCheckForTimeOut             
00000f27  vTaskMissedYield                 
00000f3d  uxTaskGetTaskNumber              
00000f5d  vTaskSetTaskNumber               
000012c9  uxTaskGetStackHighWaterMark      
00001357  xTaskGetCurrentTaskHandle        
00001375  vTaskPriorityInherit             
0000142f  xTaskPriorityDisinherit          
000014cd  uxTaskResetEventItemValue        
000014ef  pvTaskIncrementMutexHeldCount    
00001507  ulTaskNotifyTake                 
000015cd  xTaskNotifyWait                  
000016b7  xTaskGenericNotify               
000017a9  xTaskGenericNotifyFromISR        
000018b1  vTaskNotifyGiveFromISR           
00001957  xTaskNotifyStateClear            
000019a9  xQueueGenericReset               
00001a45  xQueueGenericCreate              
00001ab5  xQueueCreateMutex                
00001b2b  xQueueGiveMutexRecursive         
00001b67  xQueueTakeMutexRecursive         
00001bb1  xQueueGenericSend                
00001cd7  xQueueGenericSendFromISR         
00001d63  xQueueGiveFromISR                
00001de3  xQueueGenericReceive             
00001f49  xQueueReceiveFromISR             
00001fcf  xQueuePeekFromISR                
00002021  uxQueueMessagesWaiting           
00002037  uxQueueSpacesAvailable           
00002057  uxQueueMessagesWaitingFromISR    
00002069  vQueueDelete                     
0000207f  uxQueueGetQueueNumber            
0000208d  vQueueSetQueueNumber             
0000209f  ucQueueGetQueueType              
0000224f  xQueueIsQueueEmptyFromISR        
00002291  xQueueIsQueueFullFromISR         
000022b3  vQueueAddToRegistry              
000022f5  vQueueUnregisterQueue            
00002339  Init_Task                        
00002353  Allignment_Task                  
000023a7  Button_Task                      
000023ed  com_init                         
00002479  com_send_signal                  
00002497  com_receive_signal               
000024a5  ComMAIN_TX                       
00002531  SPI_Task                         
00002569  UART0_Recv                       
00002589  UartRecv_Task                    
000025ed  main                             
00002735  GPIOPadConfigSet                 
00002867  vListInitialise                  
00002897  vListInitialiseItem              
000028a7  vListInsertEnd                   
000028e3  vListInsert                      
00002949  uxListRemove                     
00002991  pxPortInitialiseStack            
000029f7  xPortStartScheduler              
00002a2d  vPortEndScheduler                
00002a2f  vPortEnterCritical               
00002a4f  vPortExitCritical                
00002a65  xPortSysTickHandler              
00002a8b  vPortSetupTimerInterrupt         
00002ab9  SPI_Init                         
00002b73  SPI_Transmit                     
00002b89  SPI_Recieve                      
00002bd1  SysCtlClockGet                   
00002ce1  __aeabi_dmul                     
00002ded  ulPortGetIPSR                    
00002e05  xPortPendSVHandler               
00002e65  vPortSVCHandler                  
00002e85  vPortStartFirstTask              
00002ea1  vPortEnableVFP                   
00002eb1  BUTTON_Init                      
00002ee1  Get_BUTTON                       
00002f01  Debouncing                       
00002f65  UART_Init                        
00002fd7  UART_Send                        
00002fe9  UART_Recive                      
0000300d  pvPortMalloc                     
0000307d  vPortFree                        
00003087  vPortInitialiseBlocks            
0000308f  xPortGetFreeHeapSize             
000030a9  __aeabi_memcpy                   
000030a9  __aeabi_memcpy4                  
000030a9  __aeabi_memcpy8                  
000030a9  memcpy                           
00003145  FSM                              
000031cf  __aeabi_memclr                   
000031cf  __aeabi_memclr4                  
000031cf  __aeabi_memclr8                  
000031d1  __aeabi_memset                   
000031d1  __aeabi_memset4                  
000031d1  __aeabi_memset8                  
000031d7  memset                           
00003249  __TI_decompress_lzss             
000032b1  Get_Distance                     
00003309  router_send                      
00003347  router_receive                   
00003359  GPIOPinConfigure                 
000033a1  __aeabi_d2iz                     
000033e9  UARTConfigSetExpClk              
00003431  __TI_auto_init_nobinit_nopinit   
00003475  SSIConfigSetExpClk               
000034b1  SysCtlPeripheralReady            
000034e9  _c_int00_noargs                  
00003521  SysCtlPeripheralEnable           
00003555  GPIODirModeSet                   
00003581  UARTDisable                      
000035a1  __aeabi_ui2d                     
000035c1  GPIOPinTypeGPIOOutput            
000035d9  UARTEnable                       
000035ed  GPIOPinTypeGPIOInput             
000035ff  GPIOPinTypeSSI                   
00003611  GPIOPinTypeUART                  
00003623  SSIDataGetNonBlocking            
00003635  SSIDataPutNonBlocking            
00003643  UARTCharGetNonBlocking           
00003651  UARTCharsAvail                   
0000365f  __TI_decompress_none             
0000366d  __TI_zero_init                   
00003679  ResetISR                         
00003685  SSIEnable                        
0000368f  UARTCharPut                      
00003699  GPIOPinRead                      
0000369f  GPIOPinWrite                     
000036a5  _system_pre_init                 
000036a9  C$$EXIT                          
000036a9  abort                            
000037a8  ulMaxSyscallInterruptPriority    
000037d4  __TI_Handler_Table_Base          
000037e0  __TI_Handler_Table_Limit         
000037e8  __TI_CINIT_Base                  
000037f8  __TI_CINIT_Limit                 
20007670  xQueueRegistry                   
20007730  SPI_TRANSMIT_QUEE                
20007734  UART_RECEIVE_QUEE                
20007738  __stack                          
20007938  __STACK_END                      
20007938  __STACK_TOP                      
20007938  pxCurrentTCB                     
20007968  signal_arr                       
2000797c  pdu_arr                          
20007988  protocal_arr                     
20007991  Ignition_on                      
20007992  count                            
ffffffff  __TI_pprof_out_hndl              
ffffffff  __TI_prof_data_size              
ffffffff  __TI_prof_data_start             
ffffffff  __binit__                        
ffffffff  __c_args__                       
ffffffff  binit                            
UNDEFED   __mpu_init                       
UNDEFED   _system_post_cinit               

[181 symbols]
