******************************************************************************
                  TI ARM Linker PC v18.1.1                     
******************************************************************************
>> Linked Tue Apr 16 17:25:22 2019

OUTPUT FILE NAME:   <Tiva_Project.out>
ENTRY POINT SYMBOL: "_c_int00_noinit_noargs"  address: 00000aa9


MEMORY CONFIGURATION

         name            origin    length      used     unused   attr    fill
----------------------  --------  ---------  --------  --------  ----  --------
  FLASH                 00000000   00040000  00000b54  0003f4ac  R  X
  SRAM                  20000000   00008000  00000200  00007e00  RW X


SEGMENT ALLOCATION MAP

run origin  load origin   length   init length attrs members
----------  ----------- ---------- ----------- ----- -------
00000000    00000000    00000b54   00000b54    r-x
  00000000    00000000    0000026c   0000026c    r-- .intvecs
  0000026c    0000026c    000008e0   000008e0    r-x .text
  00000b4c    00000b4c    00000008   00000008    r-- .const
20000000    20000000    00000200   00000000    rw-
  20000000    20000000    00000200   00000000    rw- .stack


SECTION ALLOCATION MAP

 output                                  attributes/
section   page    origin      length       input sections
--------  ----  ----------  ----------   ----------------
.intvecs   0    00000000    0000026c     
                  00000000    0000026c     tm4c123gh6pm_startup_ccs.obj (.intvecs)

.text      0    0000026c    000008e0     
                  0000026c    00000398     LCD.obj (.text)
                  00000604    00000132     driverlib.lib : gpio.obj (.text:GPIOPadConfigSet)
                  00000736    00000002     --HOLE-- [fill = 0]
                  00000738    000000c4                   : eeprom.obj (.text:EEPROMProgram)
                  000007fc    0000007a     rtsv7M4_T_le_v4SPD16_eabi.lib : memset_t2.asm.obj (.text)
                  00000876    00000002     --HOLE-- [fill = 0]
                  00000878    00000050     driverlib.lib : sysctl.obj (.text:SysCtlPeripheralReset)
                  000008c8    0000004c     eeprom.obj (.text)
                  00000914    00000040     driverlib.lib : eeprom.obj (.text:EEPROMInit)
                  00000954    00000040     main.obj (.text)
                  00000994    0000003c     driverlib.lib : eeprom.obj (.text:_EEPROMSectorMaskSet)
                  000009d0    00000038                   : eeprom.obj (.text:EEPROMRead)
                  00000a08    00000038                   : sysctl.obj (.text:SysCtlPeripheralReady)
                  00000a40    00000034                   : sysctl.obj (.text:SysCtlPeripheralEnable)
                  00000a74    00000034                   : eeprom.obj (.text:_EEPROMSectorMaskClear)
                  00000aa8    00000030     rtsv7M4_T_le_v4SPD16_eabi.lib : boot_cortex_m.c.obj (.text:_c_int00_noinit_noargs:_c_int00_noinit_noargs)
                  00000ad8    0000002a     driverlib.lib : gpio.obj (.text:GPIODirModeSet)
                  00000b02    00000018                   : gpio.obj (.text:GPIOPinTypeGPIOOutput)
                  00000b1a    00000002     --HOLE-- [fill = 0]
                  00000b1c    00000010                   : eeprom.obj (.text:_EEPROMWaitForDone)
                  00000b2c    0000000c     tm4c123gh6pm_startup_ccs.obj (.text)
                  00000b38    00000006     driverlib.lib : gpio.obj (.text:GPIOPinWrite)
                  00000b3e    00000006                   : sysctl.obj (.text:SysCtlDelay)
                  00000b44    00000004     rtsv7M4_T_le_v4SPD16_eabi.lib : pre_init.c.obj (.text:_system_pre_init)
                  00000b48    00000004                                   : exit.c.obj (.text:abort:abort)

.const     0    00000b4c    00000008     
                  00000b4c    00000008     main.obj (.const:$P$T0$1)

.cinit     0    00000000    00000000     UNINITIALIZED

.init_array 
*          0    00000000    00000000     UNINITIALIZED

.stack     0    20000000    00000200     UNINITIALIZED
                  20000000    00000004     rtsv7M4_T_le_v4SPD16_eabi.lib : boot_cortex_m.c.obj (.stack)
                  20000004    000001fc     --HOLE--

MODULE SUMMARY

       Module                         code   ro data   rw data
       ------                         ----   -------   -------
    .\
       tm4c123gh6pm_startup_ccs.obj   12     620       0      
       main.obj                       64     8         0      
    +--+------------------------------+------+---------+---------+
       Total:                         76     628       0      
                                                              
    .\Internal_EEPROM\
       eeprom.obj                     76     0         0      
    +--+------------------------------+------+---------+---------+
       Total:                         76     0         0      
                                                              
    .\LCD\
       LCD.obj                        920    0         0      
    +--+------------------------------+------+---------+---------+
       Total:                         920    0         0      
                                                              
    C:/ti/TivaWare_C_Series-2.1.4.178/driverlib/ccs/Debug/driverlib.lib
       eeprom.obj                     444    0         0      
       gpio.obj                       378    0         0      
       sysctl.obj                     194    0         0      
    +--+------------------------------+------+---------+---------+
       Total:                         1016   0         0      
                                                              
    C:\ti\ccsv8\tools\compiler\ti-cgt-arm_18.1.1.LTS\lib\rtsv7M4_T_le_v4SPD16_eabi.lib
       memset_t2.asm.obj              122    0         0      
       boot_cortex_m.c.obj            48     0         0      
       exit.c.obj                     4      0         0      
       pre_init.c.obj                 4      0         0      
    +--+------------------------------+------+---------+---------+
       Total:                         178    0         0      
                                                              
       Stack:                         0      0         512    
    +--+------------------------------+------+---------+---------+
       Grand Total:                   2266   628       512    


GLOBAL SYMBOLS: SORTED ALPHABETICALLY BY Name 

address   name                  
-------   ----                  
00000b49  C$$EXIT               
00000915  EEPROMInit            
00000739  EEPROMProgram         
000009d1  EEPROMRead            
000008fd  Eeprom_Int_Read       
000008e9  Eeprom_Int_Write      
000008c9  Eeprom_Int_init       
00000ad9  GPIODirModeSet        
00000605  GPIOPadConfigSet      
00000b03  GPIOPinTypeGPIOOutput 
00000b39  GPIOPinWrite          
000004fb  LCD_DISPLAY           
0000026d  LCD_INIT              
000002df  LCD_Send_Command      
000003eb  LCD_Send_Data         
000004dd  LCD_displayString     
00000b2d  ResetISR              
00000b3f  SysCtlDelay           
00000a41  SysCtlPeripheralEnable
00000a09  SysCtlPeripheralReady 
00000879  SysCtlPeripheralReset 
20000200  __STACK_END           
00000200  __STACK_SIZE          
20000200  __STACK_TOP           
ffffffff  __TI_pprof_out_hndl   
ffffffff  __TI_prof_data_size   
ffffffff  __TI_prof_data_start  
00000000  __TI_static_base__    
000007fd  __aeabi_memclr        
000007fd  __aeabi_memclr4       
000007fd  __aeabi_memclr8       
000007ff  __aeabi_memset        
000007ff  __aeabi_memset4       
000007ff  __aeabi_memset8       
ffffffff  __binit__             
ffffffff  __c_args__            
UNDEFED   __mpu_init            
20000000  __stack               
00000aa9  _c_int00_noinit_noargs
00000b45  _system_pre_init      
00000b49  abort                 
ffffffff  binit                 
00000000  g_pfnVectors          
00000955  main                  
00000805  memset                


GLOBAL SYMBOLS: SORTED BY Symbol Address 

address   name                  
-------   ----                  
00000000  __TI_static_base__    
00000000  g_pfnVectors          
00000200  __STACK_SIZE          
0000026d  LCD_INIT              
000002df  LCD_Send_Command      
000003eb  LCD_Send_Data         
000004dd  LCD_displayString     
000004fb  LCD_DISPLAY           
00000605  GPIOPadConfigSet      
00000739  EEPROMProgram         
000007fd  __aeabi_memclr        
000007fd  __aeabi_memclr4       
000007fd  __aeabi_memclr8       
000007ff  __aeabi_memset        
000007ff  __aeabi_memset4       
000007ff  __aeabi_memset8       
00000805  memset                
00000879  SysCtlPeripheralReset 
000008c9  Eeprom_Int_init       
000008e9  Eeprom_Int_Write      
000008fd  Eeprom_Int_Read       
00000915  EEPROMInit            
00000955  main                  
000009d1  EEPROMRead            
00000a09  SysCtlPeripheralReady 
00000a41  SysCtlPeripheralEnable
00000aa9  _c_int00_noinit_noargs
00000ad9  GPIODirModeSet        
00000b03  GPIOPinTypeGPIOOutput 
00000b2d  ResetISR              
00000b39  GPIOPinWrite          
00000b3f  SysCtlDelay           
00000b45  _system_pre_init      
00000b49  C$$EXIT               
00000b49  abort                 
20000000  __stack               
20000200  __STACK_END           
20000200  __STACK_TOP           
ffffffff  __TI_pprof_out_hndl   
ffffffff  __TI_prof_data_size   
ffffffff  __TI_prof_data_start  
ffffffff  __binit__             
ffffffff  __c_args__            
ffffffff  binit                 
UNDEFED   __mpu_init            

[45 symbols]
