Archive member included to satisfy reference by file (symbol)

C:\Users\AVE-LAP-051\Desktop\wifi\libWifi_Driver.a(ESP_Driver.o)
                              main.o (ESP_FillResponseBuffer)
c:/program files (x86)/atmel/studio/7.0/toolchain/avr8/avr8-gnu-toolchain/bin/../lib/gcc/avr/5.4.0/avr5\libgcc.a(_udivmodsi4.o)
                              uart_driver.o (__udivmodsi4)
c:/program files (x86)/atmel/studio/7.0/toolchain/avr8/avr8-gnu-toolchain/bin/../lib/gcc/avr/5.4.0/avr5\libgcc.a(_exit.o)
                              C:/Program Files (x86)/Atmel/Studio/7.0/Packs/atmel/ATmega_DFP/1.2.209/gcc/dev/atmega32a/avr5/crtatmega32a.o (exit)
c:/program files (x86)/atmel/studio/7.0/toolchain/avr8/avr8-gnu-toolchain/bin/../lib/gcc/avr/5.4.0/avr5\libgcc.a(_copy_data.o)
                              main.o (__do_copy_data)
c:/program files (x86)/atmel/studio/7.0/toolchain/avr8/avr8-gnu-toolchain/bin/../lib/gcc/avr/5.4.0/avr5\libgcc.a(_clear_bss.o)
                              uart_driver.o (__do_clear_bss)

Allocating common symbols
Common symbol       size              file

DataBuffer          0xfa              C:\Users\AVE-LAP-051\Desktop\wifi\libWifi_Driver.a(ESP_Driver.o)

Discarded input sections

 .data          0x00000000        0x0 C:/Program Files (x86)/Atmel/Studio/7.0/Packs/atmel/ATmega_DFP/1.2.209/gcc/dev/atmega32a/avr5/crtatmega32a.o
 .bss           0x00000000        0x0 C:/Program Files (x86)/Atmel/Studio/7.0/Packs/atmel/ATmega_DFP/1.2.209/gcc/dev/atmega32a/avr5/crtatmega32a.o
 .text          0x00000000        0x0 DIO.o
 .data          0x00000000        0x0 DIO.o
 .bss           0x00000000        0x0 DIO.o
 .text.DIO_ReadPin
                0x00000000       0x80 DIO.o
 .text          0x00000000        0x0 main.o
 .data          0x00000000        0x0 main.o
 .bss           0x00000000        0x0 main.o
 .text          0x00000000        0x0 uart_driver.o
 .data          0x00000000        0x0 uart_driver.o
 .bss           0x00000000        0x0 uart_driver.o
 .text.UART_DeInit
                0x00000000        0x4 uart_driver.o
 .text.UART_Receive_Byte
                0x00000000        0x8 uart_driver.o
 .text.Wait_for_Transmission_Complete
                0x00000000        0x6 uart_driver.o
 .text          0x00000000        0x0 C:\Users\AVE-LAP-051\Desktop\wifi\libWifi_Driver.a(ESP_Driver.o)
 .data          0x00000000        0x0 C:\Users\AVE-LAP-051\Desktop\wifi\libWifi_Driver.a(ESP_Driver.o)
 .bss           0x00000000        0x0 C:\Users\AVE-LAP-051\Desktop\wifi\libWifi_Driver.a(ESP_Driver.o)
 .text.ESP_JoinAccesPoint
                0x00000000      0x16a C:\Users\AVE-LAP-051\Desktop\wifi\libWifi_Driver.a(ESP_Driver.o)
 .text.ESP_StartTCPConnection
                0x00000000      0x150 C:\Users\AVE-LAP-051\Desktop\wifi\libWifi_Driver.a(ESP_Driver.o)
 .bss.RequestSent.1904
                0x00000000        0x1 C:\Users\AVE-LAP-051\Desktop\wifi\libWifi_Driver.a(ESP_Driver.o)
 .bss.RequestSent.1879
                0x00000000        0x1 C:\Users\AVE-LAP-051\Desktop\wifi\libWifi_Driver.a(ESP_Driver.o)
 .text          0x00000000        0x0 c:/program files (x86)/atmel/studio/7.0/toolchain/avr8/avr8-gnu-toolchain/bin/../lib/gcc/avr/5.4.0/avr5\libgcc.a(_udivmodsi4.o)
 .data          0x00000000        0x0 c:/program files (x86)/atmel/studio/7.0/toolchain/avr8/avr8-gnu-toolchain/bin/../lib/gcc/avr/5.4.0/avr5\libgcc.a(_udivmodsi4.o)
 .bss           0x00000000        0x0 c:/program files (x86)/atmel/studio/7.0/toolchain/avr8/avr8-gnu-toolchain/bin/../lib/gcc/avr/5.4.0/avr5\libgcc.a(_udivmodsi4.o)
 .text.libgcc.mul
                0x00000000        0x0 c:/program files (x86)/atmel/studio/7.0/toolchain/avr8/avr8-gnu-toolchain/bin/../lib/gcc/avr/5.4.0/avr5\libgcc.a(_udivmodsi4.o)
 .text.libgcc   0x00000000        0x0 c:/program files (x86)/atmel/studio/7.0/toolchain/avr8/avr8-gnu-toolchain/bin/../lib/gcc/avr/5.4.0/avr5\libgcc.a(_udivmodsi4.o)
 .text.libgcc.prologue
                0x00000000        0x0 c:/program files (x86)/atmel/studio/7.0/toolchain/avr8/avr8-gnu-toolchain/bin/../lib/gcc/avr/5.4.0/avr5\libgcc.a(_udivmodsi4.o)
 .text.libgcc.builtins
                0x00000000        0x0 c:/program files (x86)/atmel/studio/7.0/toolchain/avr8/avr8-gnu-toolchain/bin/../lib/gcc/avr/5.4.0/avr5\libgcc.a(_udivmodsi4.o)
 .text.libgcc.fmul
                0x00000000        0x0 c:/program files (x86)/atmel/studio/7.0/toolchain/avr8/avr8-gnu-toolchain/bin/../lib/gcc/avr/5.4.0/avr5\libgcc.a(_udivmodsi4.o)
 .text.libgcc.fixed
                0x00000000        0x0 c:/program files (x86)/atmel/studio/7.0/toolchain/avr8/avr8-gnu-toolchain/bin/../lib/gcc/avr/5.4.0/avr5\libgcc.a(_udivmodsi4.o)
 .text          0x00000000        0x0 c:/program files (x86)/atmel/studio/7.0/toolchain/avr8/avr8-gnu-toolchain/bin/../lib/gcc/avr/5.4.0/avr5\libgcc.a(_exit.o)
 .data          0x00000000        0x0 c:/program files (x86)/atmel/studio/7.0/toolchain/avr8/avr8-gnu-toolchain/bin/../lib/gcc/avr/5.4.0/avr5\libgcc.a(_exit.o)
 .bss           0x00000000        0x0 c:/program files (x86)/atmel/studio/7.0/toolchain/avr8/avr8-gnu-toolchain/bin/../lib/gcc/avr/5.4.0/avr5\libgcc.a(_exit.o)
 .text.libgcc.mul
                0x00000000        0x0 c:/program files (x86)/atmel/studio/7.0/toolchain/avr8/avr8-gnu-toolchain/bin/../lib/gcc/avr/5.4.0/avr5\libgcc.a(_exit.o)
 .text.libgcc.div
                0x00000000        0x0 c:/program files (x86)/atmel/studio/7.0/toolchain/avr8/avr8-gnu-toolchain/bin/../lib/gcc/avr/5.4.0/avr5\libgcc.a(_exit.o)
 .text.libgcc   0x00000000        0x0 c:/program files (x86)/atmel/studio/7.0/toolchain/avr8/avr8-gnu-toolchain/bin/../lib/gcc/avr/5.4.0/avr5\libgcc.a(_exit.o)
 .text.libgcc.prologue
                0x00000000        0x0 c:/program files (x86)/atmel/studio/7.0/toolchain/avr8/avr8-gnu-toolchain/bin/../lib/gcc/avr/5.4.0/avr5\libgcc.a(_exit.o)
 .text.libgcc.builtins
                0x00000000        0x0 c:/program files (x86)/atmel/studio/7.0/toolchain/avr8/avr8-gnu-toolchain/bin/../lib/gcc/avr/5.4.0/avr5\libgcc.a(_exit.o)
 .text.libgcc.fmul
                0x00000000        0x0 c:/program files (x86)/atmel/studio/7.0/toolchain/avr8/avr8-gnu-toolchain/bin/../lib/gcc/avr/5.4.0/avr5\libgcc.a(_exit.o)
 .text.libgcc.fixed
                0x00000000        0x0 c:/program files (x86)/atmel/studio/7.0/toolchain/avr8/avr8-gnu-toolchain/bin/../lib/gcc/avr/5.4.0/avr5\libgcc.a(_exit.o)
 .text          0x00000000        0x0 c:/program files (x86)/atmel/studio/7.0/toolchain/avr8/avr8-gnu-toolchain/bin/../lib/gcc/avr/5.4.0/avr5\libgcc.a(_copy_data.o)
 .data          0x00000000        0x0 c:/program files (x86)/atmel/studio/7.0/toolchain/avr8/avr8-gnu-toolchain/bin/../lib/gcc/avr/5.4.0/avr5\libgcc.a(_copy_data.o)
 .bss           0x00000000        0x0 c:/program files (x86)/atmel/studio/7.0/toolchain/avr8/avr8-gnu-toolchain/bin/../lib/gcc/avr/5.4.0/avr5\libgcc.a(_copy_data.o)
 .text.libgcc.mul
                0x00000000        0x0 c:/program files (x86)/atmel/studio/7.0/toolchain/avr8/avr8-gnu-toolchain/bin/../lib/gcc/avr/5.4.0/avr5\libgcc.a(_copy_data.o)
 .text.libgcc.div
                0x00000000        0x0 c:/program files (x86)/atmel/studio/7.0/toolchain/avr8/avr8-gnu-toolchain/bin/../lib/gcc/avr/5.4.0/avr5\libgcc.a(_copy_data.o)
 .text.libgcc   0x00000000        0x0 c:/program files (x86)/atmel/studio/7.0/toolchain/avr8/avr8-gnu-toolchain/bin/../lib/gcc/avr/5.4.0/avr5\libgcc.a(_copy_data.o)
 .text.libgcc.prologue
                0x00000000        0x0 c:/program files (x86)/atmel/studio/7.0/toolchain/avr8/avr8-gnu-toolchain/bin/../lib/gcc/avr/5.4.0/avr5\libgcc.a(_copy_data.o)
 .text.libgcc.builtins
                0x00000000        0x0 c:/program files (x86)/atmel/studio/7.0/toolchain/avr8/avr8-gnu-toolchain/bin/../lib/gcc/avr/5.4.0/avr5\libgcc.a(_copy_data.o)
 .text.libgcc.fmul
                0x00000000        0x0 c:/program files (x86)/atmel/studio/7.0/toolchain/avr8/avr8-gnu-toolchain/bin/../lib/gcc/avr/5.4.0/avr5\libgcc.a(_copy_data.o)
 .text.libgcc.fixed
                0x00000000        0x0 c:/program files (x86)/atmel/studio/7.0/toolchain/avr8/avr8-gnu-toolchain/bin/../lib/gcc/avr/5.4.0/avr5\libgcc.a(_copy_data.o)
 .text          0x00000000        0x0 c:/program files (x86)/atmel/studio/7.0/toolchain/avr8/avr8-gnu-toolchain/bin/../lib/gcc/avr/5.4.0/avr5\libgcc.a(_clear_bss.o)
 .data          0x00000000        0x0 c:/program files (x86)/atmel/studio/7.0/toolchain/avr8/avr8-gnu-toolchain/bin/../lib/gcc/avr/5.4.0/avr5\libgcc.a(_clear_bss.o)
 .bss           0x00000000        0x0 c:/program files (x86)/atmel/studio/7.0/toolchain/avr8/avr8-gnu-toolchain/bin/../lib/gcc/avr/5.4.0/avr5\libgcc.a(_clear_bss.o)
 .text.libgcc.mul
                0x00000000        0x0 c:/program files (x86)/atmel/studio/7.0/toolchain/avr8/avr8-gnu-toolchain/bin/../lib/gcc/avr/5.4.0/avr5\libgcc.a(_clear_bss.o)
 .text.libgcc.div
                0x00000000        0x0 c:/program files (x86)/atmel/studio/7.0/toolchain/avr8/avr8-gnu-toolchain/bin/../lib/gcc/avr/5.4.0/avr5\libgcc.a(_clear_bss.o)
 .text.libgcc   0x00000000        0x0 c:/program files (x86)/atmel/studio/7.0/toolchain/avr8/avr8-gnu-toolchain/bin/../lib/gcc/avr/5.4.0/avr5\libgcc.a(_clear_bss.o)
 .text.libgcc.prologue
                0x00000000        0x0 c:/program files (x86)/atmel/studio/7.0/toolchain/avr8/avr8-gnu-toolchain/bin/../lib/gcc/avr/5.4.0/avr5\libgcc.a(_clear_bss.o)
 .text.libgcc.builtins
                0x00000000        0x0 c:/program files (x86)/atmel/studio/7.0/toolchain/avr8/avr8-gnu-toolchain/bin/../lib/gcc/avr/5.4.0/avr5\libgcc.a(_clear_bss.o)
 .text.libgcc.fmul
                0x00000000        0x0 c:/program files (x86)/atmel/studio/7.0/toolchain/avr8/avr8-gnu-toolchain/bin/../lib/gcc/avr/5.4.0/avr5\libgcc.a(_clear_bss.o)
 .text.libgcc.fixed
                0x00000000        0x0 c:/program files (x86)/atmel/studio/7.0/toolchain/avr8/avr8-gnu-toolchain/bin/../lib/gcc/avr/5.4.0/avr5\libgcc.a(_clear_bss.o)

Memory Configuration

Name             Origin             Length             Attributes
text             0x00000000         0x00020000         xr
data             0x00800060         0x0000ffa0         rw !x
eeprom           0x00810000         0x00010000         rw !x
fuse             0x00820000         0x00000002         rw !x
lock             0x00830000         0x00000400         rw !x
signature        0x00840000         0x00000400         rw !x
user_signatures  0x00850000         0x00000400         rw !x
*default*        0x00000000         0xffffffff

Linker script and memory map

LOAD C:/Program Files (x86)/Atmel/Studio/7.0/Packs/atmel/ATmega_DFP/1.2.209/gcc/dev/atmega32a/avr5/crtatmega32a.o
LOAD DIO.o
LOAD main.o
LOAD uart_driver.o
START GROUP
LOAD c:/program files (x86)/atmel/studio/7.0/toolchain/avr8/avr8-gnu-toolchain/bin/../lib/gcc/avr/5.4.0/../../../../avr/lib/avr5\libm.a
LOAD C:\Users\AVE-LAP-051\Desktop\wifi\libWifi_Driver.a
END GROUP
START GROUP
LOAD c:/program files (x86)/atmel/studio/7.0/toolchain/avr8/avr8-gnu-toolchain/bin/../lib/gcc/avr/5.4.0/avr5\libgcc.a
LOAD c:/program files (x86)/atmel/studio/7.0/toolchain/avr8/avr8-gnu-toolchain/bin/../lib/gcc/avr/5.4.0/../../../../avr/lib/avr5\libm.a
LOAD c:/program files (x86)/atmel/studio/7.0/toolchain/avr8/avr8-gnu-toolchain/bin/../lib/gcc/avr/5.4.0/../../../../avr/lib/avr5\libc.a
LOAD C:/Program Files (x86)/Atmel/Studio/7.0/Packs/atmel/ATmega_DFP/1.2.209/gcc/dev/atmega32a/avr5\libatmega32a.a
END GROUP
                0x00020000                __TEXT_REGION_LENGTH__ = DEFINED (__TEXT_REGION_LENGTH__)?__TEXT_REGION_LENGTH__:0x20000
                0x0000ffa0                __DATA_REGION_LENGTH__ = DEFINED (__DATA_REGION_LENGTH__)?__DATA_REGION_LENGTH__:0xffa0
                0x00010000                __EEPROM_REGION_LENGTH__ = DEFINED (__EEPROM_REGION_LENGTH__)?__EEPROM_REGION_LENGTH__:0x10000
                [0x00000002]                __FUSE_REGION_LENGTH__ = DEFINED (__FUSE_REGION_LENGTH__)?__FUSE_REGION_LENGTH__:0x400
                0x00000400                __LOCK_REGION_LENGTH__ = DEFINED (__LOCK_REGION_LENGTH__)?__LOCK_REGION_LENGTH__:0x400
                0x00000400                __SIGNATURE_REGION_LENGTH__ = DEFINED (__SIGNATURE_REGION_LENGTH__)?__SIGNATURE_REGION_LENGTH__:0x400
                0x00000400                __USER_SIGNATURE_REGION_LENGTH__ = DEFINED (__USER_SIGNATURE_REGION_LENGTH__)?__USER_SIGNATURE_REGION_LENGTH__:0x400

.hash
 *(.hash)

.dynsym
 *(.dynsym)

.dynstr
 *(.dynstr)

.gnu.version
 *(.gnu.version)

.gnu.version_d
 *(.gnu.version_d)

.gnu.version_r
 *(.gnu.version_r)

.rel.init
 *(.rel.init)

.rela.init
 *(.rela.init)

.rel.text
 *(.rel.text)
 *(.rel.text.*)
 *(.rel.gnu.linkonce.t*)

.rela.text
 *(.rela.text)
 *(.rela.text.*)
 *(.rela.gnu.linkonce.t*)

.rel.fini
 *(.rel.fini)

.rela.fini
 *(.rela.fini)

.rel.rodata
 *(.rel.rodata)
 *(.rel.rodata.*)
 *(.rel.gnu.linkonce.r*)

.rela.rodata
 *(.rela.rodata)
 *(.rela.rodata.*)
 *(.rela.gnu.linkonce.r*)

.rel.data
 *(.rel.data)
 *(.rel.data.*)
 *(.rel.gnu.linkonce.d*)

.rela.data
 *(.rela.data)
 *(.rela.data.*)
 *(.rela.gnu.linkonce.d*)

.rel.ctors
 *(.rel.ctors)

.rela.ctors
 *(.rela.ctors)

.rel.dtors
 *(.rel.dtors)

.rela.dtors
 *(.rela.dtors)

.rel.got
 *(.rel.got)

.rela.got
 *(.rela.got)

.rel.bss
 *(.rel.bss)

.rela.bss
 *(.rela.bss)

.rel.plt
 *(.rel.plt)

.rela.plt
 *(.rela.plt)

.text           0x00000000      0xeb4
 *(.vectors)
 .vectors       0x00000000       0x54 C:/Program Files (x86)/Atmel/Studio/7.0/Packs/atmel/ATmega_DFP/1.2.209/gcc/dev/atmega32a/avr5/crtatmega32a.o
                0x00000000                __vector_default
                0x00000000                __vectors
 *(.vectors)
 *(.progmem.gcc*)
                0x00000054                . = ALIGN (0x2)
                0x00000054                __trampolines_start = .
 *(.trampolines)
 .trampolines   0x00000054        0x0 linker stubs
 *(.trampolines*)
                0x00000054                __trampolines_end = .
 *libprintf_flt.a:*(.progmem.data)
 *libc.a:*(.progmem.data)
 *(.progmem*)
                0x00000054                . = ALIGN (0x2)
 *(.jumptables)
 *(.jumptables*)
 *(.lowtext)
 *(.lowtext*)
                0x00000054                __ctors_start = .
 *(.ctors)
                0x00000054                __ctors_end = .
                0x00000054                __dtors_start = .
 *(.dtors)
                0x00000054                __dtors_end = .
 SORT(*)(.ctors)
 SORT(*)(.dtors)
 *(.init0)
 .init0         0x00000054        0x0 C:/Program Files (x86)/Atmel/Studio/7.0/Packs/atmel/ATmega_DFP/1.2.209/gcc/dev/atmega32a/avr5/crtatmega32a.o
                0x00000054                __init
 *(.init0)
 *(.init1)
 *(.init1)
 *(.init2)
 .init2         0x00000054        0xc C:/Program Files (x86)/Atmel/Studio/7.0/Packs/atmel/ATmega_DFP/1.2.209/gcc/dev/atmega32a/avr5/crtatmega32a.o
 *(.init2)
 *(.init3)
 *(.init3)
 *(.init4)
 .init4         0x00000060       0x16 c:/program files (x86)/atmel/studio/7.0/toolchain/avr8/avr8-gnu-toolchain/bin/../lib/gcc/avr/5.4.0/avr5\libgcc.a(_copy_data.o)
                0x00000060                __do_copy_data
 .init4         0x00000076       0x10 c:/program files (x86)/atmel/studio/7.0/toolchain/avr8/avr8-gnu-toolchain/bin/../lib/gcc/avr/5.4.0/avr5\libgcc.a(_clear_bss.o)
                0x00000076                __do_clear_bss
 *(.init4)
 *(.init5)
 *(.init5)
 *(.init6)
 *(.init6)
 *(.init7)
 *(.init7)
 *(.init8)
 *(.init8)
 *(.init9)
 .init9         0x00000086        0x8 C:/Program Files (x86)/Atmel/Studio/7.0/Packs/atmel/ATmega_DFP/1.2.209/gcc/dev/atmega32a/avr5/crtatmega32a.o
 *(.init9)
 *(.text)
 .text          0x0000008e        0x4 C:/Program Files (x86)/Atmel/Studio/7.0/Packs/atmel/ATmega_DFP/1.2.209/gcc/dev/atmega32a/avr5/crtatmega32a.o
                0x0000008e                __vector_1
                0x0000008e                __vector_12
                0x0000008e                __bad_interrupt
                0x0000008e                __vector_6
                0x0000008e                __vector_3
                0x0000008e                __vector_11
                0x0000008e                __vector_17
                0x0000008e                __vector_19
                0x0000008e                __vector_7
                0x0000008e                __vector_5
                0x0000008e                __vector_4
                0x0000008e                __vector_9
                0x0000008e                __vector_2
                0x0000008e                __vector_15
                0x0000008e                __vector_8
                0x0000008e                __vector_14
                0x0000008e                __vector_10
                0x0000008e                __vector_16
                0x0000008e                __vector_18
                0x0000008e                __vector_20
                0x00000092                . = ALIGN (0x2)
 *(.text.*)
 .text.DIO_WritePin
                0x00000092      0x102 DIO.o
                0x00000092                DIO_WritePin
 .text.DIO_SetPinDirection
                0x00000194      0x102 DIO.o
                0x00000194                DIO_SetPinDirection
 .text.main     0x00000296       0x8a main.o
                0x00000296                main
 .text.UART_Init
                0x00000320       0x5c uart_driver.o
                0x00000320                UART_Init
 .text.UART_Write_Byte
                0x0000037c        0x8 uart_driver.o
                0x0000037c                UART_Write_Byte
 .text.UART_Write_String
                0x00000384       0x1e uart_driver.o
                0x00000384                UART_Write_String
 .text.__vector_13
                0x000003a2       0x50 uart_driver.o
                0x000003a2                __vector_13
 .text.ESP_ReadResponseLine
                0x000003f2      0x244 C:\Users\AVE-LAP-051\Desktop\wifi\libWifi_Driver.a(ESP_Driver.o)
 .text.ESP_FillResponseBuffer
                0x00000636       0x1e C:\Users\AVE-LAP-051\Desktop\wifi\libWifi_Driver.a(ESP_Driver.o)
                0x00000636                ESP_FillResponseBuffer
 .text.ESP_ClearResponseBuffer
                0x00000654       0x32 C:\Users\AVE-LAP-051\Desktop\wifi\libWifi_Driver.a(ESP_Driver.o)
                0x00000654                ESP_ClearResponseBuffer
 .text.ESP_Enable_multiple_connections
                0x00000686      0x10c C:\Users\AVE-LAP-051\Desktop\wifi\libWifi_Driver.a(ESP_Driver.o)
                0x00000686                ESP_Enable_multiple_connections
 .text.ESP_Configure_As_server
                0x00000792      0x10c C:\Users\AVE-LAP-051\Desktop\wifi\libWifi_Driver.a(ESP_Driver.o)
                0x00000792                ESP_Configure_As_server
 .text.ESP_SelectMode
                0x0000089e       0xf2 C:\Users\AVE-LAP-051\Desktop\wifi\libWifi_Driver.a(ESP_Driver.o)
                0x0000089e                ESP_SelectMode
 .text.ESP_CreateAccesPoint
                0x00000990      0x1e2 C:\Users\AVE-LAP-051\Desktop\wifi\libWifi_Driver.a(ESP_Driver.o)
                0x00000990                ESP_CreateAccesPoint
 .text.ESP_StartServer
                0x00000b72       0x22 C:\Users\AVE-LAP-051\Desktop\wifi\libWifi_Driver.a(ESP_Driver.o)
                0x00000b72                ESP_StartServer
 .text.ESP_SendData
                0x00000b94      0x112 C:\Users\AVE-LAP-051\Desktop\wifi\libWifi_Driver.a(ESP_Driver.o)
                0x00000b94                ESP_SendData
 .text.ESP_ReceiveData
                0x00000ca6       0xa8 C:\Users\AVE-LAP-051\Desktop\wifi\libWifi_Driver.a(ESP_Driver.o)
                0x00000ca6                ESP_ReceiveData
 .text.ESP_InitTest
                0x00000d4e       0xca C:\Users\AVE-LAP-051\Desktop\wifi\libWifi_Driver.a(ESP_Driver.o)
                0x00000d4e                ESP_InitTest
 .text.WIFI_Service_Start
                0x00000e18       0x54 C:\Users\AVE-LAP-051\Desktop\wifi\libWifi_Driver.a(ESP_Driver.o)
                0x00000e18                WIFI_Service_Start
 .text.libgcc.div
                0x00000e6c       0x44 c:/program files (x86)/atmel/studio/7.0/toolchain/avr8/avr8-gnu-toolchain/bin/../lib/gcc/avr/5.4.0/avr5\libgcc.a(_udivmodsi4.o)
                0x00000e6c                __udivmodsi4
                0x00000eb0                . = ALIGN (0x2)
 *(.fini9)
 .fini9         0x00000eb0        0x0 c:/program files (x86)/atmel/studio/7.0/toolchain/avr8/avr8-gnu-toolchain/bin/../lib/gcc/avr/5.4.0/avr5\libgcc.a(_exit.o)
                0x00000eb0                _exit
                0x00000eb0                exit
 *(.fini9)
 *(.fini8)
 *(.fini8)
 *(.fini7)
 *(.fini7)
 *(.fini6)
 *(.fini6)
 *(.fini5)
 *(.fini5)
 *(.fini4)
 *(.fini4)
 *(.fini3)
 *(.fini3)
 *(.fini2)
 *(.fini2)
 *(.fini1)
 *(.fini1)
 *(.fini0)
 .fini0         0x00000eb0        0x4 c:/program files (x86)/atmel/studio/7.0/toolchain/avr8/avr8-gnu-toolchain/bin/../lib/gcc/avr/5.4.0/avr5\libgcc.a(_exit.o)
 *(.fini0)
                0x00000eb4                _etext = .

.data           0x00800060       0x8c load address 0x00000eb4
                0x00800060                PROVIDE (__data_start, .)
 *(.data)
 *(.data*)
 *(.gnu.linkonce.d*)
 *(.rodata)
 *(.rodata*)
 .rodata.str1.1
                0x00800060       0x2a main.o
 .rodata.str1.1
                0x0080008a       0x62 C:\Users\AVE-LAP-051\Desktop\wifi\libWifi_Driver.a(ESP_Driver.o)
                                 0x64 (size before relaxing)
 *(.gnu.linkonce.r*)
                0x008000ec                . = ALIGN (0x2)
                0x008000ec                _edata = .
                0x008000ec                PROVIDE (__data_end, .)

.bss            0x008000ec      0x2fa
                0x008000ec                PROVIDE (__bss_start, .)
 *(.bss)
 *(.bss*)
 .bss.UART_Rx_Callback
                0x008000ec        0x2 uart_driver.o
 .bss.RequestSent.1939
                0x008000ee        0x1 C:\Users\AVE-LAP-051\Desktop\wifi\libWifi_Driver.a(ESP_Driver.o)
 .bss.RequestSent.1931
                0x008000ef        0x1 C:\Users\AVE-LAP-051\Desktop\wifi\libWifi_Driver.a(ESP_Driver.o)
 .bss.RequestSent.1920
                0x008000f0        0x1 C:\Users\AVE-LAP-051\Desktop\wifi\libWifi_Driver.a(ESP_Driver.o)
 .bss.RequestSent.1857
                0x008000f1        0x1 C:\Users\AVE-LAP-051\Desktop\wifi\libWifi_Driver.a(ESP_Driver.o)
 .bss.RequestSent.1845
                0x008000f2        0x1 C:\Users\AVE-LAP-051\Desktop\wifi\libWifi_Driver.a(ESP_Driver.o)
 .bss.RequestSent.1823
                0x008000f3        0x1 C:\Users\AVE-LAP-051\Desktop\wifi\libWifi_Driver.a(ESP_Driver.o)
 .bss.RequestSent.1811
                0x008000f4        0x1 C:\Users\AVE-LAP-051\Desktop\wifi\libWifi_Driver.a(ESP_Driver.o)
 .bss.CorrectDataReceived
                0x008000f5        0x1 C:\Users\AVE-LAP-051\Desktop\wifi\libWifi_Driver.a(ESP_Driver.o)
 .bss.ReceivedFullResponse
                0x008000f6        0x1 C:\Users\AVE-LAP-051\Desktop\wifi\libWifi_Driver.a(ESP_Driver.o)
 .bss.ResponseBufferMain_Index
                0x008000f7        0x1 C:\Users\AVE-LAP-051\Desktop\wifi\libWifi_Driver.a(ESP_Driver.o)
 .bss.TempResponseBuffer
                0x008000f8       0xfa C:\Users\AVE-LAP-051\Desktop\wifi\libWifi_Driver.a(ESP_Driver.o)
 .bss.TempCommandBuffer
                0x008001f2       0xfa C:\Users\AVE-LAP-051\Desktop\wifi\libWifi_Driver.a(ESP_Driver.o)
 *(COMMON)
 COMMON         0x008002ec       0xfa C:\Users\AVE-LAP-051\Desktop\wifi\libWifi_Driver.a(ESP_Driver.o)
                0x008002ec                DataBuffer
                0x008003e6                PROVIDE (__bss_end, .)
                0x00000eb4                __data_load_start = LOADADDR (.data)
                0x00000f40                __data_load_end = (__data_load_start + SIZEOF (.data))

.noinit         0x008003e6        0x0
                [!provide]                PROVIDE (__noinit_start, .)
 *(.noinit*)
                [!provide]                PROVIDE (__noinit_end, .)
                0x008003e6                _end = .
                [!provide]                PROVIDE (__heap_start, .)

.eeprom         0x00810000        0x0
 *(.eeprom*)
                0x00810000                __eeprom_end = .

.fuse
 *(.fuse)
 *(.lfuse)
 *(.hfuse)
 *(.efuse)

.lock
 *(.lock*)

.signature
 *(.signature*)

.user_signatures
 *(.user_signatures*)

.stab
 *(.stab)

.stabstr
 *(.stabstr)

.stab.excl
 *(.stab.excl)

.stab.exclstr
 *(.stab.exclstr)

.stab.index
 *(.stab.index)

.stab.indexstr
 *(.stab.indexstr)

.comment        0x00000000       0x30
 *(.comment)
 .comment       0x00000000       0x30 DIO.o
                                 0x31 (size before relaxing)
 .comment       0x00000030       0x31 main.o
 .comment       0x00000030       0x31 uart_driver.o
 .comment       0x00000030       0x31 C:\Users\AVE-LAP-051\Desktop\wifi\libWifi_Driver.a(ESP_Driver.o)

.note.gnu.avr.deviceinfo
                0x00000000       0x3c
 .note.gnu.avr.deviceinfo
                0x00000000       0x3c C:/Program Files (x86)/Atmel/Studio/7.0/Packs/atmel/ATmega_DFP/1.2.209/gcc/dev/atmega32a/avr5/crtatmega32a.o

.note.gnu.build-id
 *(.note.gnu.build-id)

.debug
 *(.debug)

.line
 *(.line)

.debug_srcinfo
 *(.debug_srcinfo)

.debug_sfnames
 *(.debug_sfnames)

.debug_aranges  0x00000000      0x128
 *(.debug_aranges)
 .debug_aranges
                0x00000000       0x30 DIO.o
 .debug_aranges
                0x00000030       0x20 main.o
 .debug_aranges
                0x00000050       0x50 uart_driver.o
 .debug_aranges
                0x000000a0       0x88 C:\Users\AVE-LAP-051\Desktop\wifi\libWifi_Driver.a(ESP_Driver.o)

.debug_pubnames
 *(.debug_pubnames)

.debug_info     0x00000000     0x1760
 *(.debug_info .gnu.linkonce.wi.*)
 .debug_info    0x00000000      0x4e6 C:/Program Files (x86)/Atmel/Studio/7.0/Packs/atmel/ATmega_DFP/1.2.209/gcc/dev/atmega32a/avr5/crtatmega32a.o
 .debug_info    0x000004e6      0x109 DIO.o
 .debug_info    0x000005ef      0x290 main.o
 .debug_info    0x0000087f      0x1c0 uart_driver.o
 .debug_info    0x00000a3f      0xd21 C:\Users\AVE-LAP-051\Desktop\wifi\libWifi_Driver.a(ESP_Driver.o)

.debug_abbrev   0x00000000      0xa11
 *(.debug_abbrev)
 .debug_abbrev  0x00000000      0x4a3 C:/Program Files (x86)/Atmel/Studio/7.0/Packs/atmel/ATmega_DFP/1.2.209/gcc/dev/atmega32a/avr5/crtatmega32a.o
 .debug_abbrev  0x000004a3       0x8b DIO.o
 .debug_abbrev  0x0000052e      0x131 main.o
 .debug_abbrev  0x0000065f      0x117 uart_driver.o
 .debug_abbrev  0x00000776      0x29b C:\Users\AVE-LAP-051\Desktop\wifi\libWifi_Driver.a(ESP_Driver.o)

.debug_line     0x00000000      0xfb0
 *(.debug_line .debug_line.* .debug_line_end)
 .debug_line    0x00000000      0x115 C:/Program Files (x86)/Atmel/Studio/7.0/Packs/atmel/ATmega_DFP/1.2.209/gcc/dev/atmega32a/avr5/crtatmega32a.o
 .debug_line    0x00000115      0x15a DIO.o
 .debug_line    0x0000026f      0x17d main.o
 .debug_line    0x000003ec      0x1a1 uart_driver.o
 .debug_line    0x0000058d      0xa23 C:\Users\AVE-LAP-051\Desktop\wifi\libWifi_Driver.a(ESP_Driver.o)

.debug_frame    0x00000000      0x3a8
 *(.debug_frame)
 .debug_frame   0x00000000       0x44 DIO.o
 .debug_frame   0x00000044       0x24 main.o
 .debug_frame   0x00000068       0xe4 uart_driver.o
 .debug_frame   0x0000014c      0x25c C:\Users\AVE-LAP-051\Desktop\wifi\libWifi_Driver.a(ESP_Driver.o)

.debug_str      0x00000000      0x83b
 *(.debug_str)
 .debug_str     0x00000000      0x196 C:/Program Files (x86)/Atmel/Studio/7.0/Packs/atmel/ATmega_DFP/1.2.209/gcc/dev/atmega32a/avr5/crtatmega32a.o
 .debug_str     0x00000196      0x193 DIO.o
                                0x1c7 (size before relaxing)
 .debug_str     0x00000329       0x9d main.o
                                0x24b (size before relaxing)
 .debug_str     0x000003c6       0xda uart_driver.o
                                0x24e (size before relaxing)
 .debug_str     0x000004a0      0x39b C:\Users\AVE-LAP-051\Desktop\wifi\libWifi_Driver.a(ESP_Driver.o)
                                0x581 (size before relaxing)

.debug_loc      0x00000000     0x18f8
 *(.debug_loc)
 .debug_loc     0x00000000      0x35c DIO.o
 .debug_loc     0x0000035c       0x8c main.o
 .debug_loc     0x000003e8      0x1cb uart_driver.o
 .debug_loc     0x000005b3     0x1345 C:\Users\AVE-LAP-051\Desktop\wifi\libWifi_Driver.a(ESP_Driver.o)

.debug_macinfo
 *(.debug_macinfo)

.debug_weaknames
 *(.debug_weaknames)

.debug_funcnames
 *(.debug_funcnames)

.debug_typenames
 *(.debug_typenames)

.debug_varnames
 *(.debug_varnames)

.debug_pubtypes
 *(.debug_pubtypes)

.debug_ranges   0x00000000      0x100
 *(.debug_ranges)
 .debug_ranges  0x00000000       0x20 DIO.o
 .debug_ranges  0x00000020       0x10 main.o
 .debug_ranges  0x00000030       0x40 uart_driver.o
 .debug_ranges  0x00000070       0x90 C:\Users\AVE-LAP-051\Desktop\wifi\libWifi_Driver.a(ESP_Driver.o)

.debug_macro
 *(.debug_macro)
OUTPUT(WIFI_Task.elf elf32-avr)
LOAD linker stubs
