******************************************************************************
                  TI ARM Linker PC v18.1.1                     
******************************************************************************
>> Linked Sun Apr  7 23:41:06 2019

OUTPUT FILE NAME:   <Free_RTOS_Porting.out>
ENTRY POINT SYMBOL: "_c_int00_noargs"  address: 000030b9


MEMORY CONFIGURATION

         name            origin    length      used     unused   attr    fill
----------------------  --------  ---------  --------  --------  ----  --------
  FLASH                 00000000   00040000  000034be  0003cb42  R  X
  SRAM                  20000000   00008000  0000792c  000006d4  RW X


SEGMENT ALLOCATION MAP

run origin  load origin   length   init length attrs members
----------  ----------- ---------- ----------- ----- -------
00000000    00000000    000034c0   000034c0    r-x
  00000000    00000000    0000026c   0000026c    r-- .intvecs
  0000026c    0000026c    00003062   00003062    r-x .text
  000032d0    000032d0    000001c0   000001c0    r-- .const
  00003490    00003490    00000030   00000030    r-- .cinit
20000000    20000000    00007930   00000000    rw-
  20000000    20000000    000076dc   00000000    rw- .bss
  200076e0    200076e0    00000200   00000000    rw- .stack
  200078e0    200078e0    00000050   00000000    rw- .data


SECTION ALLOCATION MAP

 output                                  attributes/
section   page    origin      length       input sections
--------  ----  ----------  ----------   ----------------
.intvecs   0    00000000    0000026c     
                  00000000    0000026c     tm4c123gh6pm_startup_ccs.obj (.intvecs)

.text      0    0000026c    00003062     
                  0000026c    0000180c     tasks.obj (.text)
                  00001a78    0000049c     uartstdio.obj (.text)
                  00001f14    000002c8     CAN.obj (.text)
                  000021dc    0000013c     port.obj (.text)
                  00002318    00000136     driverlib.lib : can.obj (.text:CANMessageSet)
                  0000244e    00000132                   : gpio.obj (.text:GPIOPadConfigSet)
                  00002580    0000012a     list.obj (.text)
                  000026aa    00000002     rtsv7M4_T_le_v4SPD16_eabi.lib : div0.asm.obj (.text)
                  000026ac    00000110     driverlib.lib : sysctl.obj (.text:SysCtlClockGet)
                  000027bc    0000010e                   : can.obj (.text:CANMessageGet)
                  000028ca    00000002     --HOLE-- [fill = 0]
                  000028cc    000000f4                   : sysctl.obj (.text:SysCtlClockSet)
                  000029c0    000000da     portasm.obj (.text)
                  00002a9a    00000002     --HOLE-- [fill = 0]
                  00002a9c    0000009c     heap_1.obj (.text)
                  00002b38    0000009c     rtsv7M4_T_le_v4SPD16_eabi.lib : memcpy_t2.asm.obj (.text)
                  00002bd4    00000084     BTN.obj (.text)
                  00002c58    0000007a     rtsv7M4_T_le_v4SPD16_eabi.lib : memset_t2.asm.obj (.text)
                  00002cd2    00000002     --HOLE-- [fill = 0]
                  00002cd4    0000006c     driverlib.lib : can.obj (.text:CANBitRateSet)
                  00002d40    00000068                   : interrupt.obj (.text:IntEnable)
                  00002da8    00000068     rtsv7M4_T_le_v4SPD16_eabi.lib : copy_decompress_lzss.c.obj (.text:decompress:lzss:__TI_decompress_lzss)
                  00002e10    00000064     main.obj (.text)
                  00002e74    00000048     driverlib.lib : gpio.obj (.text:GPIOPinConfigure)
                  00002ebc    00000046                   : uart.obj (.text:UARTConfigSetExpClk)
                  00002f02    00000002     --HOLE-- [fill = 0]
                  00002f04    00000044     LED.obj (.text)
                  00002f48    00000044     rtsv7M4_T_le_v4SPD16_eabi.lib : autoinit.c.obj (.text:__TI_auto_init_nobinit_nopinit:__TI_auto_init_nobinit_nopinit)
                  00002f8c    00000040     driverlib.lib : can.obj (.text:CANStatusGet)
                  00002fcc    00000040     rtsv7M4_T_le_v4SPD16_eabi.lib : u_divt2.asm.obj (.text)
                  0000300c    0000003a     driverlib.lib : can.obj (.text:CANInit)
                  00003046    00000002     --HOLE-- [fill = 0]
                  00003048    00000038                   : sysctl.obj (.text:SysCtlPeripheralPresent)
                  00003080    00000038                   : sysctl.obj (.text:SysCtlPeripheralReady)
                  000030b8    00000038     rtsv7M4_T_le_v4SPD16_eabi.lib : boot_cortex_m.c.obj (.text:_c_int00_noargs:_c_int00_noargs)
                  000030f0    00000034     driverlib.lib : sysctl.obj (.text:SysCtlPeripheralEnable)
                  00003124    0000002a                   : gpio.obj (.text:GPIODirModeSet)
                  0000314e    0000002a                   : can.obj (.text:_CANDataRegRead)
                  00003178    00000024                   : can.obj (.text:_CANDataRegWrite)
                  0000319c    00000022                   : can.obj (.text:CANIntClear)
                  000031be    00000020                   : can.obj (.text:CANIntStatus)
                  000031de    00000002     --HOLE-- [fill = 0]
                  000031e0    00000020                   : uart.obj (.text:UARTDisable)
                  00003200    00000018                   : gpio.obj (.text:GPIOPinTypeGPIOOutput)
                  00003218    00000014                   : uart.obj (.text:UARTEnable)
                  0000322c    00000012                   : gpio.obj (.text:GPIOPinTypeCAN)
                  0000323e    00000012                   : gpio.obj (.text:GPIOPinTypeGPIOInput)
                  00003250    00000012                   : gpio.obj (.text:GPIOPinTypeUART)
                  00003262    0000000e     rtsv7M4_T_le_v4SPD16_eabi.lib : copy_decompress_none.c.obj (.text:decompress:none:__TI_decompress_none)
                  00003270    0000000c                                   : copy_zero_init.c.obj (.text:decompress:ZI:__TI_zero_init)
                  0000327c    0000000c     tm4c123gh6pm_startup_ccs.obj (.text)
                  00003288    0000000a     driverlib.lib : can.obj (.text:CANEnable)
                  00003292    0000000a                   : uart.obj (.text:UARTCharGet)
                  0000329c    0000000a                   : uart.obj (.text:UARTCharPut)
                  000032a6    00000008                   : can.obj (.text:CANIntEnable)
                  000032ae    00000006                   : gpio.obj (.text:GPIOPinRead)
                  000032b4    00000006                   : gpio.obj (.text:GPIOPinWrite)
                  000032ba    00000006                   : sysctl.obj (.text:SysCtlDelay)
                  000032c0    00000006                   : uart.obj (.text:UARTClockSourceSet)
                  000032c6    00000004     rtsv7M4_T_le_v4SPD16_eabi.lib : pre_init.c.obj (.text:_system_pre_init)
                  000032ca    00000004                                   : exit.c.obj (.text:abort:abort)

.const     0    000032d0    000001c0     
                  000032d0    00000090     driverlib.lib : gpio.obj (.const:g_pui32GPIOBaseAddrs)
                  00003360    00000070                   : interrupt.obj (.const)
                  000033d0    0000006c                   : sysctl.obj (.const:g_pui32Xtals)
                  0000343c    00000020                   : can.obj (.const)
                  0000345c    00000012     uartstdio.obj (.const:.string)
                  0000346e    00000002     --HOLE-- [fill = 0]
                  00003470    0000000c     uartstdio.obj (.const:g_ui32UARTBase)
                  0000347c    0000000c     uartstdio.obj (.const:g_ui32UARTPeriph)
                  00003488    00000004     port.obj (.const)
                  0000348c    00000004     uartstdio.obj (.const)

.cinit     0    00003490    00000030     
                  00003490    0000000c     (__TI_handler_table)
                  0000349c    0000000b     (.cinit..data.load) [load image, compression = lzss]
                  000034a7    00000001     --HOLE-- [fill = 0]
                  000034a8    00000008     (.cinit..bss.load) [load image, compression = zero_init]
                  000034b0    00000010     (__TI_cinit_table)

.init_array 
*          0    00000000    00000000     UNINITIALIZED

.bss       0    20000000    000076dc     UNINITIALIZED
                  20000000    00007530     heap_1.obj (.bss:ucHeap)
                  20007530    00000140     tasks.obj (.bss:pxReadyTasksLists)
                  20007670    00000014     tasks.obj (.bss:xDelayedTaskList1)
                  20007684    00000014     tasks.obj (.bss:xDelayedTaskList2)
                  20007698    00000014     tasks.obj (.bss:xPendingReadyList)
                  200076ac    00000014     tasks.obj (.bss:xSuspendedTaskList)
                  200076c0    00000014     tasks.obj (.bss:xTasksWaitingTermination)
                  200076d4    00000008     tasks.obj (.bss)

.data      0    200078e0    00000050     UNINITIALIZED
                  200078e0    00000034     tasks.obj (.data)
                  20007914    00000008     heap_1.obj (.data)
                  2000791c    00000007     CAN.obj (.data)
                  20007923    00000001     --HOLE--
                  20007924    00000005     uartstdio.obj (.data)
                  20007929    00000003     --HOLE--
                  2000792c    00000004     port.obj (.data)

.stack     0    200076e0    00000200     UNINITIALIZED
                  200076e0    00000004     rtsv7M4_T_le_v4SPD16_eabi.lib : boot_cortex_m.c.obj (.stack)
                  200076e4    000001fc     --HOLE--

MODULE SUMMARY

       Module                         code    ro data   rw data
       ------                         ----    -------   -------
    .\
       tasks.obj                      6156    0         480    
       uartstdio.obj                  1180    46        5      
       CAN.obj                        712     0         7      
       tm4c123gh6pm_startup_ccs.obj   12      620       0      
       list.obj                       298     0         0      
       BTN.obj                        132     0         0      
       main.obj                       100     0         0      
       LED.obj                        68      0         0      
    +--+------------------------------+-------+---------+---------+
       Total:                         8658    666       492    
                                                               
    .\ARM_CM4F\
       port.obj                       316     4         4      
       portasm.obj                    218     0         0      
    +--+------------------------------+-------+---------+---------+
       Total:                         534     4         4      
                                                               
    .\MemMang\
       heap_1.obj                     156     0         30008  
    +--+------------------------------+-------+---------+---------+
       Total:                         156     0         30008  
                                                               
    C:/ti/TivaWare_C_Series-2.1.4.178/driverlib/ccs/Debug/driverlib.lib
       can.obj                        972     32        0      
       sysctl.obj                     686     108       0      
       gpio.obj                       510     144       0      
       interrupt.obj                  104     112       0      
       uart.obj                       148     0         0      
    +--+------------------------------+-------+---------+---------+
       Total:                         2420    396       0      
                                                               
    C:\ti\ccsv8\tools\compiler\ti-cgt-arm_18.1.1.LTS\lib\rtsv7M4_T_le_v4SPD16_eabi.lib
       memcpy_t2.asm.obj              156     0         0      
       memset_t2.asm.obj              122     0         0      
       copy_decompress_lzss.c.obj     104     0         0      
       autoinit.c.obj                 68      0         0      
       u_divt2.asm.obj                64      0         0      
       boot_cortex_m.c.obj            56      0         0      
       copy_decompress_none.c.obj     14      0         0      
       copy_zero_init.c.obj           12      0         0      
       exit.c.obj                     4       0         0      
       pre_init.c.obj                 4       0         0      
       div0.asm.obj                   2       0         0      
    +--+------------------------------+-------+---------+---------+
       Total:                         606     0         0      
                                                               
       Stack:                         0       0         512    
       Linker Generated:              0       47        0      
    +--+------------------------------+-------+---------+---------+
       Grand Total:                   12374   1113      31016  


LINKER GENERATED COPY TABLES

__TI_cinit_table @ 000034b0 records: 2, size/record: 8, table size: 16
	.data: load addr=0000349c, load size=0000000b bytes, run addr=200078e0, run size=00000050 bytes, compression=lzss
	.bss: load addr=000034a8, load size=00000008 bytes, run addr=20000000, run size=000076dc bytes, compression=zero_init


LINKER GENERATED HANDLER TABLE

__TI_handler_table @ 00003490 records: 3, size/record: 4, table size: 12
	index: 0, handler: __TI_decompress_lzss
	index: 1, handler: __TI_decompress_none
	index: 2, handler: __TI_zero_init


GLOBAL SYMBOLS: SORTED ALPHABETICALLY BY Name 

address   name                               
-------   ----                               
00002c05  Btn1_Read                          
00002c2b  Btn2_Read                          
00002bd5  Btns_Init                          
000032cb  C$$EXIT                            
00002cd5  CANBitRateSet                      
00003289  CANEnable                          
0000300d  CANInit                            
0000319d  CANIntClear                        
000032a7  CANIntEnable                       
00001faf  CANIntHandler                      
000031bf  CANIntStatus                       
000027bd  CANMessageGet                      
00002319  CANMessageSet                      
00002f8d  CANStatusGet                       
00003125  GPIODirModeSet                     
0000244f  GPIOPadConfigSet                   
00002e75  GPIOPinConfigure                   
000032af  GPIOPinRead                        
0000322d  GPIOPinTypeCAN                     
0000323f  GPIOPinTypeGPIOInput               
00003201  GPIOPinTypeGPIOOutput              
00003251  GPIOPinTypeUART                    
000032b5  GPIOPinWrite                       
00002d41  IntEnable                          
00002f05  LEDTaskInit                        
00002f31  OFF_LED1                           
00002f23  ON_LED1                            
0000327d  ResetISR                           
000026ad  SysCtlClockGet                     
000028cd  SysCtlClockSet                     
000032bb  SysCtlDelay                        
000030f1  SysCtlPeripheralEnable             
00003049  SysCtlPeripheralPresent            
00003081  SysCtlPeripheralReady              
2000791c  TOKIN                              
2000791d  TX_FLAG                            
00003293  UARTCharGet                        
0000329d  UARTCharPut                        
000032c1  UARTClockSourceSet                 
00002ebd  UARTConfigSetExpClk                
000031e1  UARTDisable                        
00003219  UARTEnable                         
00001a79  UARTStdioConfig                    
00001bbf  UARTgetc                           
00001b05  UARTgets                           
00001edf  UARTprintf                         
00001be5  UARTvprintf                        
00001abf  UARTwrite                          
200078e0  __STACK_END                        
00000200  __STACK_SIZE                       
200078e0  __STACK_TOP                        
000034b0  __TI_CINIT_Base                    
000034c0  __TI_CINIT_Limit                   
00003490  __TI_Handler_Table_Base            
0000349c  __TI_Handler_Table_Limit           
00002f49  __TI_auto_init_nobinit_nopinit     
00002da9  __TI_decompress_lzss               
00003263  __TI_decompress_none               
ffffffff  __TI_pprof_out_hndl                
ffffffff  __TI_prof_data_size                
ffffffff  __TI_prof_data_start               
00000000  __TI_static_base__                 
00003271  __TI_zero_init                     
000026ab  __aeabi_idiv0                      
000026ab  __aeabi_ldiv0                      
00002c59  __aeabi_memclr                     
00002c59  __aeabi_memclr4                    
00002c59  __aeabi_memclr8                    
00002b39  __aeabi_memcpy                     
00002b39  __aeabi_memcpy4                    
00002b39  __aeabi_memcpy8                    
00002c5b  __aeabi_memset                     
00002c5b  __aeabi_memset4                    
00002c5b  __aeabi_memset8                    
00002fcd  __aeabi_uidiv                      
00002fcd  __aeabi_uidivmod                   
ffffffff  __binit__                          
ffffffff  __c_args__                         
UNDEFED   __mpu_init                         
200076e0  __stack                            
000030b9  _c_int00_noargs                    
UNDEFED   _system_post_cinit                 
000032c7  _system_pre_init                   
000032cb  abort                              
ffffffff  binit                              
000005dd  eTaskGetState                      
20007922  g_bErrFlag                         
2000791e  g_bRXFlag                          
2000791f  g_bRXFlag1                         
20007920  g_bRXFlag2                         
20007921  g_bRXFlag3                         
00000000  g_pfnVectors                       
00002e11  main                               
00002b39  memcpy                             
00002c61  memset                             
00000b99  pcTaskGetName                      
00002a9d  pvPortMalloc                       
000015ab  pvTaskIncrementMutexHeldCount      
200078e0  pxCurrentTCB                       
000021dd  pxPortInitialiseStack              
00003488  ulMaxSyscallInterruptPriority      
000029d1  ulPortGetIPSR                      
000015c9  ulTaskNotifyTake                   
00002663  uxListRemove                       
00000b8d  uxTaskGetNumberOfTasks             
00001285  uxTaskGetStackHighWaterMark        
00000bbd  uxTaskGetSystemState               
00000ffb  uxTaskGetTaskNumber                
0000068d  uxTaskPriorityGet                  
000006b9  uxTaskPriorityGetFromISR           
00001589  uxTaskResetEventItemValue          
00002581  vListInitialise                    
000025b1  vListInitialiseItem                
000025fd  vListInsert                        
000025c1  vListInsertEnd                     
00002a8d  vPortEnableVFP                     
0000227d  vPortEndScheduler                  
0000227f  vPortEnterCritical                 
0000229f  vPortExitCritical                  
00002b0d  vPortFree                          
00002b17  vPortInitialiseBlocks              
00002a49  vPortSVCHandler                    
000022db  vPortSetupTimerInterrupt           
00002a69  vPortStartFirstTask                
00001f15  vTaskCode_INIT_CAN_ZERO            
0000206d  vTaskCode_NODE_RX                  
00002109  vTaskCode_NODE_TX                  
00002029  vTaskCode_NODE_ZERO_START          
000005a3  vTaskDelay                         
00000513  vTaskDelayUntil                    
00000465  vTaskDelete                        
00000a65  vTaskEndScheduler                  
000010f9  vTaskGetInfo                       
00000f4f  vTaskInternalSetTimeOutState       
00000ff3  vTaskMissedYield                   
000018d1  vTaskNotifyGiveFromISR             
00000df9  vTaskPlaceOnEventList              
00000e15  vTaskPlaceOnUnorderedEventList     
000014b3  vTaskPriorityDisinheritAfterTimeout
00000705  vTaskPrioritySet                   
00000ec9  vTaskRemoveFromUnorderedEventList  
00000925  vTaskResume                        
0000101b  vTaskSetTaskNumber                 
00000f31  vTaskSetTimeOutState               
00000a15  vTaskStartScheduler                
00000811  vTaskSuspend                       
00000a81  vTaskSuspendAll                    
00000d91  vTaskSwitchContext                 
00002b1f  xPortGetFreeHeapSize               
000029e9  xPortPendSVHandler                 
00002247  xPortStartScheduler                
000022b5  xPortSysTickHandler                
00000f75  xTaskCheckForTimeOut               
0000026d  xTaskCreate                        
000016eb  xTaskGenericNotify                 
000017c5  xTaskGenericNotifyFromISR          
00001301  xTaskGetCurrentTaskHandle          
00000b69  xTaskGetTickCount                  
00000b79  xTaskGetTickCountFromISR           
00000ca5  xTaskIncrementTick                 
0000197d  xTaskNotifyStateClear              
00001649  xTaskNotifyWait                    
00001415  xTaskPriorityDisinherit            
00001335  xTaskPriorityInherit               
00000e45  xTaskRemoveFromEventList           
00000a99  xTaskResumeAll                     
0000098b  xTaskResumeFromISR                 


GLOBAL SYMBOLS: SORTED BY Symbol Address 

address   name                               
-------   ----                               
00000000  __TI_static_base__                 
00000000  g_pfnVectors                       
00000200  __STACK_SIZE                       
0000026d  xTaskCreate                        
00000465  vTaskDelete                        
00000513  vTaskDelayUntil                    
000005a3  vTaskDelay                         
000005dd  eTaskGetState                      
0000068d  uxTaskPriorityGet                  
000006b9  uxTaskPriorityGetFromISR           
00000705  vTaskPrioritySet                   
00000811  vTaskSuspend                       
00000925  vTaskResume                        
0000098b  xTaskResumeFromISR                 
00000a15  vTaskStartScheduler                
00000a65  vTaskEndScheduler                  
00000a81  vTaskSuspendAll                    
00000a99  xTaskResumeAll                     
00000b69  xTaskGetTickCount                  
00000b79  xTaskGetTickCountFromISR           
00000b8d  uxTaskGetNumberOfTasks             
00000b99  pcTaskGetName                      
00000bbd  uxTaskGetSystemState               
00000ca5  xTaskIncrementTick                 
00000d91  vTaskSwitchContext                 
00000df9  vTaskPlaceOnEventList              
00000e15  vTaskPlaceOnUnorderedEventList     
00000e45  xTaskRemoveFromEventList           
00000ec9  vTaskRemoveFromUnorderedEventList  
00000f31  vTaskSetTimeOutState               
00000f4f  vTaskInternalSetTimeOutState       
00000f75  xTaskCheckForTimeOut               
00000ff3  vTaskMissedYield                   
00000ffb  uxTaskGetTaskNumber                
0000101b  vTaskSetTaskNumber                 
000010f9  vTaskGetInfo                       
00001285  uxTaskGetStackHighWaterMark        
00001301  xTaskGetCurrentTaskHandle          
00001335  xTaskPriorityInherit               
00001415  xTaskPriorityDisinherit            
000014b3  vTaskPriorityDisinheritAfterTimeout
00001589  uxTaskResetEventItemValue          
000015ab  pvTaskIncrementMutexHeldCount      
000015c9  ulTaskNotifyTake                   
00001649  xTaskNotifyWait                    
000016eb  xTaskGenericNotify                 
000017c5  xTaskGenericNotifyFromISR          
000018d1  vTaskNotifyGiveFromISR             
0000197d  xTaskNotifyStateClear              
00001a79  UARTStdioConfig                    
00001abf  UARTwrite                          
00001b05  UARTgets                           
00001bbf  UARTgetc                           
00001be5  UARTvprintf                        
00001edf  UARTprintf                         
00001f15  vTaskCode_INIT_CAN_ZERO            
00001faf  CANIntHandler                      
00002029  vTaskCode_NODE_ZERO_START          
0000206d  vTaskCode_NODE_RX                  
00002109  vTaskCode_NODE_TX                  
000021dd  pxPortInitialiseStack              
00002247  xPortStartScheduler                
0000227d  vPortEndScheduler                  
0000227f  vPortEnterCritical                 
0000229f  vPortExitCritical                  
000022b5  xPortSysTickHandler                
000022db  vPortSetupTimerInterrupt           
00002319  CANMessageSet                      
0000244f  GPIOPadConfigSet                   
00002581  vListInitialise                    
000025b1  vListInitialiseItem                
000025c1  vListInsertEnd                     
000025fd  vListInsert                        
00002663  uxListRemove                       
000026ab  __aeabi_idiv0                      
000026ab  __aeabi_ldiv0                      
000026ad  SysCtlClockGet                     
000027bd  CANMessageGet                      
000028cd  SysCtlClockSet                     
000029d1  ulPortGetIPSR                      
000029e9  xPortPendSVHandler                 
00002a49  vPortSVCHandler                    
00002a69  vPortStartFirstTask                
00002a8d  vPortEnableVFP                     
00002a9d  pvPortMalloc                       
00002b0d  vPortFree                          
00002b17  vPortInitialiseBlocks              
00002b1f  xPortGetFreeHeapSize               
00002b39  __aeabi_memcpy                     
00002b39  __aeabi_memcpy4                    
00002b39  __aeabi_memcpy8                    
00002b39  memcpy                             
00002bd5  Btns_Init                          
00002c05  Btn1_Read                          
00002c2b  Btn2_Read                          
00002c59  __aeabi_memclr                     
00002c59  __aeabi_memclr4                    
00002c59  __aeabi_memclr8                    
00002c5b  __aeabi_memset                     
00002c5b  __aeabi_memset4                    
00002c5b  __aeabi_memset8                    
00002c61  memset                             
00002cd5  CANBitRateSet                      
00002d41  IntEnable                          
00002da9  __TI_decompress_lzss               
00002e11  main                               
00002e75  GPIOPinConfigure                   
00002ebd  UARTConfigSetExpClk                
00002f05  LEDTaskInit                        
00002f23  ON_LED1                            
00002f31  OFF_LED1                           
00002f49  __TI_auto_init_nobinit_nopinit     
00002f8d  CANStatusGet                       
00002fcd  __aeabi_uidiv                      
00002fcd  __aeabi_uidivmod                   
0000300d  CANInit                            
00003049  SysCtlPeripheralPresent            
00003081  SysCtlPeripheralReady              
000030b9  _c_int00_noargs                    
000030f1  SysCtlPeripheralEnable             
00003125  GPIODirModeSet                     
0000319d  CANIntClear                        
000031bf  CANIntStatus                       
000031e1  UARTDisable                        
00003201  GPIOPinTypeGPIOOutput              
00003219  UARTEnable                         
0000322d  GPIOPinTypeCAN                     
0000323f  GPIOPinTypeGPIOInput               
00003251  GPIOPinTypeUART                    
00003263  __TI_decompress_none               
00003271  __TI_zero_init                     
0000327d  ResetISR                           
00003289  CANEnable                          
00003293  UARTCharGet                        
0000329d  UARTCharPut                        
000032a7  CANIntEnable                       
000032af  GPIOPinRead                        
000032b5  GPIOPinWrite                       
000032bb  SysCtlDelay                        
000032c1  UARTClockSourceSet                 
000032c7  _system_pre_init                   
000032cb  C$$EXIT                            
000032cb  abort                              
00003488  ulMaxSyscallInterruptPriority      
00003490  __TI_Handler_Table_Base            
0000349c  __TI_Handler_Table_Limit           
000034b0  __TI_CINIT_Base                    
000034c0  __TI_CINIT_Limit                   
200076e0  __stack                            
200078e0  __STACK_END                        
200078e0  __STACK_TOP                        
200078e0  pxCurrentTCB                       
2000791c  TOKIN                              
2000791d  TX_FLAG                            
2000791e  g_bRXFlag                          
2000791f  g_bRXFlag1                         
20007920  g_bRXFlag2                         
20007921  g_bRXFlag3                         
20007922  g_bErrFlag                         
ffffffff  __TI_pprof_out_hndl                
ffffffff  __TI_prof_data_size                
ffffffff  __TI_prof_data_start               
ffffffff  __binit__                          
ffffffff  __c_args__                         
ffffffff  binit                              
UNDEFED   __mpu_init                         
UNDEFED   _system_post_cinit                 

[167 symbols]
