<?xml version="1.0" encoding="ISO-8859-1" ?>
<link_info>
   <banner>TI ARM Linker PC v18.1.1.LTS</banner>
   <copyright>Copyright (c) 1996-2017 Texas Instruments Incorporated</copyright>
   <link_time>0x5cbc44dd</link_time>
   <link_errors>0x0</link_errors>
   <output_file>De-allignment.out</output_file>
   <entry_point>
      <name>_c_int00_noargs</name>
      <address>0x3389</address>
   </entry_point>
   <input_file_list>
      <input_file id="fl-2">
         <path>.\</path>
         <kind>object</kind>
         <file>De-Alignment.obj</file>
         <name>De-Alignment.obj</name>
      </input_file>
      <input_file id="fl-3">
         <path>.\</path>
         <kind>object</kind>
         <file>LCD.obj</file>
         <name>LCD.obj</name>
      </input_file>
      <input_file id="fl-4">
         <path>.\</path>
         <kind>object</kind>
         <file>croutine.obj</file>
         <name>croutine.obj</name>
      </input_file>
      <input_file id="fl-5">
         <path>.\</path>
         <kind>object</kind>
         <file>event_groups.obj</file>
         <name>event_groups.obj</name>
      </input_file>
      <input_file id="fl-6">
         <path>.\</path>
         <kind>object</kind>
         <file>list.obj</file>
         <name>list.obj</name>
      </input_file>
      <input_file id="fl-7">
         <path>.\</path>
         <kind>object</kind>
         <file>main.obj</file>
         <name>main.obj</name>
      </input_file>
      <input_file id="fl-8">
         <path>.\</path>
         <kind>object</kind>
         <file>port.obj</file>
         <name>port.obj</name>
      </input_file>
      <input_file id="fl-9">
         <path>.\</path>
         <kind>object</kind>
         <file>portasm.obj</file>
         <name>portasm.obj</name>
      </input_file>
      <input_file id="fl-a">
         <path>.\</path>
         <kind>object</kind>
         <file>queue.obj</file>
         <name>queue.obj</name>
      </input_file>
      <input_file id="fl-b">
         <path>.\</path>
         <kind>object</kind>
         <file>spi.obj</file>
         <name>spi.obj</name>
      </input_file>
      <input_file id="fl-c">
         <path>.\</path>
         <kind>object</kind>
         <file>tasks.obj</file>
         <name>tasks.obj</name>
      </input_file>
      <input_file id="fl-d">
         <path>.\</path>
         <kind>object</kind>
         <file>timers.obj</file>
         <name>timers.obj</name>
      </input_file>
      <input_file id="fl-e">
         <path>.\</path>
         <kind>object</kind>
         <file>tm4c123gh6pm_startup_ccs.obj</file>
         <name>tm4c123gh6pm_startup_ccs.obj</name>
      </input_file>
      <input_file id="fl-f">
         <path>.\MemMang\</path>
         <kind>object</kind>
         <file>heap_1.obj</file>
         <name>heap_1.obj</name>
      </input_file>
      <input_file id="fl-14">
         <kind>object</kind>
         <file>&lt;internal&gt;</file>
         <name>&lt;internal&gt;</name>
      </input_file>
      <input_file id="fl-ca">
         <path>C:\ti\ccsv8\tools\compiler\ti-cgt-arm_18.1.1.LTS\lib\</path>
         <kind>archive</kind>
         <file>rtsv7M4_T_le_v4SPD16_eabi.lib</file>
         <name>memcpy_t2.asm.obj</name>
      </input_file>
      <input_file id="fl-cb">
         <path>C:\ti\ccsv8\tools\compiler\ti-cgt-arm_18.1.1.LTS\lib\</path>
         <kind>archive</kind>
         <file>rtsv7M4_T_le_v4SPD16_eabi.lib</file>
         <name>memset_t2.asm.obj</name>
      </input_file>
      <input_file id="fl-cc">
         <path>C:\ti\ccsv8\tools\compiler\ti-cgt-arm_18.1.1.LTS\lib\</path>
         <kind>archive</kind>
         <file>rtsv7M4_T_le_v4SPD16_eabi.lib</file>
         <name>copy_zero_init.c.obj</name>
      </input_file>
      <input_file id="fl-cd">
         <path>C:\ti\ccsv8\tools\compiler\ti-cgt-arm_18.1.1.LTS\lib\</path>
         <kind>archive</kind>
         <file>rtsv7M4_T_le_v4SPD16_eabi.lib</file>
         <name>copy_decompress_none.c.obj</name>
      </input_file>
      <input_file id="fl-ce">
         <path>C:\ti\ccsv8\tools\compiler\ti-cgt-arm_18.1.1.LTS\lib\</path>
         <kind>archive</kind>
         <file>rtsv7M4_T_le_v4SPD16_eabi.lib</file>
         <name>copy_decompress_lzss.c.obj</name>
      </input_file>
      <input_file id="fl-cf">
         <path>C:\ti\ccsv8\tools\compiler\ti-cgt-arm_18.1.1.LTS\lib\</path>
         <kind>archive</kind>
         <file>rtsv7M4_T_le_v4SPD16_eabi.lib</file>
         <name>boot_cortex_m.c.obj</name>
      </input_file>
      <input_file id="fl-d0">
         <path>C:\ti\ccsv8\tools\compiler\ti-cgt-arm_18.1.1.LTS\lib\</path>
         <kind>archive</kind>
         <file>rtsv7M4_T_le_v4SPD16_eabi.lib</file>
         <name>exit.c.obj</name>
      </input_file>
      <input_file id="fl-d1">
         <path>C:\ti\ccsv8\tools\compiler\ti-cgt-arm_18.1.1.LTS\lib\</path>
         <kind>archive</kind>
         <file>rtsv7M4_T_le_v4SPD16_eabi.lib</file>
         <name>_lock.c.obj</name>
      </input_file>
      <input_file id="fl-d2">
         <path>C:\ti\ccsv8\tools\compiler\ti-cgt-arm_18.1.1.LTS\lib\</path>
         <kind>archive</kind>
         <file>rtsv7M4_T_le_v4SPD16_eabi.lib</file>
         <name>args_main.c.obj</name>
      </input_file>
      <input_file id="fl-d3">
         <path>C:\ti\ccsv8\tools\compiler\ti-cgt-arm_18.1.1.LTS\lib\</path>
         <kind>archive</kind>
         <file>rtsv7M4_T_le_v4SPD16_eabi.lib</file>
         <name>autoinit.c.obj</name>
      </input_file>
      <input_file id="fl-d4">
         <path>C:\ti\ccsv8\tools\compiler\ti-cgt-arm_18.1.1.LTS\lib\</path>
         <kind>archive</kind>
         <file>rtsv7M4_T_le_v4SPD16_eabi.lib</file>
         <name>pre_init.c.obj</name>
      </input_file>
      <input_file id="fl-d5">
         <path>C:\ti\ccsv8\tools\compiler\ti-cgt-arm_18.1.1.LTS\lib\</path>
         <kind>archive</kind>
         <file>rtsv7M4_T_le_v4SPD16_eabi.lib</file>
         <name>cpy_tbl.c.obj</name>
      </input_file>
      <input_file id="fl-d6">
         <path>C:\ti\TivaWare_C_Series-2.1.4.178\driverlib\ccs\Debug\</path>
         <kind>archive</kind>
         <file>driverlib.lib</file>
         <name>gpio.obj</name>
      </input_file>
      <input_file id="fl-d7">
         <path>C:\ti\TivaWare_C_Series-2.1.4.178\driverlib\ccs\Debug\</path>
         <kind>archive</kind>
         <file>driverlib.lib</file>
         <name>interrupt.obj</name>
      </input_file>
      <input_file id="fl-d8">
         <path>C:\ti\TivaWare_C_Series-2.1.4.178\driverlib\ccs\Debug\</path>
         <kind>archive</kind>
         <file>driverlib.lib</file>
         <name>ssi.obj</name>
      </input_file>
      <input_file id="fl-d9">
         <path>C:\ti\TivaWare_C_Series-2.1.4.178\driverlib\ccs\Debug\</path>
         <kind>archive</kind>
         <file>driverlib.lib</file>
         <name>sysctl.obj</name>
      </input_file>
      <input_file id="fl-da">
         <path>C:\ti\TivaWare_C_Series-2.1.4.178\driverlib\ccs\Debug\</path>
         <kind>archive</kind>
         <file>driverlib.lib</file>
         <name>cpu.obj</name>
      </input_file>
   </input_file_list>
   <object_component_list>
      <object_component id="oc-f">
         <name>.intvecs</name>
         <load_address>0x0</load_address>
         <run_address>0x0</run_address>
         <size>0x26c</size>
         <input_file_ref idref="fl-e"/>
      </object_component>
      <object_component id="oc-7c">
         <name>.text</name>
         <load_address>0x26c</load_address>
         <run_address>0x26c</run_address>
         <size>0x173c</size>
         <input_file_ref idref="fl-c"/>
      </object_component>
      <object_component id="oc-122">
         <name>.text</name>
         <load_address>0x19a8</load_address>
         <run_address>0x19a8</run_address>
         <size>0x990</size>
         <input_file_ref idref="fl-a"/>
      </object_component>
      <object_component id="oc-1a6">
         <name>.text</name>
         <load_address>0x2338</load_address>
         <run_address>0x2338</run_address>
         <size>0x43a</size>
         <input_file_ref idref="fl-3"/>
      </object_component>
      <object_component id="oc-12b">
         <name>.text</name>
         <load_address>0x2774</load_address>
         <run_address>0x2774</run_address>
         <size>0x1d8</size>
         <input_file_ref idref="fl-2"/>
      </object_component>
      <object_component id="oc-269">
         <name>.text:GPIOPadConfigSet</name>
         <load_address>0x294c</load_address>
         <run_address>0x294c</run_address>
         <size>0x132</size>
         <input_file_ref idref="fl-d6"/>
      </object_component>
      <object_component id="oc-d6">
         <name>.text</name>
         <load_address>0x2a7e</load_address>
         <run_address>0x2a7e</run_address>
         <size>0x12a</size>
         <input_file_ref idref="fl-6"/>
      </object_component>
      <object_component id="oc-2f">
         <name>.text</name>
         <load_address>0x2ba8</load_address>
         <run_address>0x2ba8</run_address>
         <size>0x128</size>
         <input_file_ref idref="fl-8"/>
      </object_component>
      <object_component id="oc-1ac">
         <name>.text</name>
         <load_address>0x2cd0</load_address>
         <run_address>0x2cd0</run_address>
         <size>0x114</size>
         <input_file_ref idref="fl-b"/>
      </object_component>
      <object_component id="oc-20d">
         <name>.text:SysCtlClockGet</name>
         <load_address>0x2de4</load_address>
         <run_address>0x2de4</run_address>
         <size>0x110</size>
         <input_file_ref idref="fl-d9"/>
      </object_component>
      <object_component id="oc-2a">
         <name>.text</name>
         <load_address>0x2ef4</load_address>
         <run_address>0x2ef4</run_address>
         <size>0xd2</size>
         <input_file_ref idref="fl-9"/>
      </object_component>
      <object_component id="oc-bf">
         <name>.text</name>
         <load_address>0x2fc8</load_address>
         <run_address>0x2fc8</run_address>
         <size>0xa4</size>
         <input_file_ref idref="fl-7"/>
      </object_component>
      <object_component id="oc-eb">
         <name>.text</name>
         <load_address>0x306c</load_address>
         <run_address>0x306c</run_address>
         <size>0x9c</size>
         <input_file_ref idref="fl-f"/>
      </object_component>
      <object_component id="oc-43">
         <name>.text</name>
         <load_address>0x3108</load_address>
         <run_address>0x3108</run_address>
         <size>0x9c</size>
         <input_file_ref idref="fl-ca"/>
      </object_component>
      <object_component id="oc-b3">
         <name>.text</name>
         <load_address>0x31a4</load_address>
         <run_address>0x31a4</run_address>
         <size>0x7a</size>
         <input_file_ref idref="fl-cb"/>
      </object_component>
      <object_component id="oc-12">
         <name>.text:decompress:lzss:__TI_decompress_lzss</name>
         <load_address>0x321e</load_address>
         <run_address>0x321e</run_address>
         <size>0x68</size>
         <input_file_ref idref="fl-ce"/>
      </object_component>
      <object_component id="oc-201">
         <name>.text:GPIOPinConfigure</name>
         <load_address>0x3288</load_address>
         <run_address>0x3288</run_address>
         <size>0x48</size>
         <input_file_ref idref="fl-d6"/>
      </object_component>
      <object_component id="oc-13e">
         <name>.text:__TI_auto_init_nobinit_nopinit:__TI_auto_init_nobinit_nopinit</name>
         <load_address>0x32d0</load_address>
         <run_address>0x32d0</run_address>
         <size>0x44</size>
         <input_file_ref idref="fl-d3"/>
      </object_component>
      <object_component id="oc-213">
         <name>.text:SSIConfigSetExpClk</name>
         <load_address>0x3314</load_address>
         <run_address>0x3314</run_address>
         <size>0x3c</size>
         <input_file_ref idref="fl-d8"/>
      </object_component>
      <object_component id="oc-1ec">
         <name>.text:SysCtlPeripheralReady</name>
         <load_address>0x3350</load_address>
         <run_address>0x3350</run_address>
         <size>0x38</size>
         <input_file_ref idref="fl-d9"/>
      </object_component>
      <object_component id="oc-61">
         <name>.text:_c_int00_noargs:_c_int00_noargs</name>
         <load_address>0x3388</load_address>
         <run_address>0x3388</run_address>
         <size>0x38</size>
         <input_file_ref idref="fl-cf"/>
      </object_component>
      <object_component id="oc-1e6">
         <name>.text:SysCtlPeripheralEnable</name>
         <load_address>0x33c0</load_address>
         <run_address>0x33c0</run_address>
         <size>0x34</size>
         <input_file_ref idref="fl-d9"/>
      </object_component>
      <object_component id="oc-26f">
         <name>.text:GPIODirModeSet</name>
         <load_address>0x33f4</load_address>
         <run_address>0x33f4</run_address>
         <size>0x2a</size>
         <input_file_ref idref="fl-d6"/>
      </object_component>
      <object_component id="oc-1f2">
         <name>.text:GPIOPinTypeGPIOOutput</name>
         <load_address>0x341e</load_address>
         <run_address>0x341e</run_address>
         <size>0x18</size>
         <input_file_ref idref="fl-d6"/>
      </object_component>
      <object_component id="oc-207">
         <name>.text:GPIOPinTypeSSI</name>
         <load_address>0x3436</load_address>
         <run_address>0x3436</run_address>
         <size>0x12</size>
         <input_file_ref idref="fl-d6"/>
      </object_component>
      <object_component id="oc-225">
         <name>.text:SSIDataGetNonBlocking</name>
         <load_address>0x3448</load_address>
         <run_address>0x3448</run_address>
         <size>0x12</size>
         <input_file_ref idref="fl-d8"/>
      </object_component>
      <object_component id="oc-21f">
         <name>.text:SSIDataPutNonBlocking</name>
         <load_address>0x345a</load_address>
         <run_address>0x345a</run_address>
         <size>0xe</size>
         <input_file_ref idref="fl-d8"/>
      </object_component>
      <object_component id="oc-18">
         <name>.text:decompress:none:__TI_decompress_none</name>
         <load_address>0x3468</load_address>
         <run_address>0x3468</run_address>
         <size>0xe</size>
         <input_file_ref idref="fl-cd"/>
      </object_component>
      <object_component id="oc-55">
         <name>.text:decompress:ZI:__TI_zero_init</name>
         <load_address>0x3476</load_address>
         <run_address>0x3476</run_address>
         <size>0xc</size>
         <input_file_ref idref="fl-cc"/>
      </object_component>
      <object_component id="oc-24">
         <name>.text</name>
         <load_address>0x3482</load_address>
         <run_address>0x3482</run_address>
         <size>0xc</size>
         <input_file_ref idref="fl-e"/>
      </object_component>
      <object_component id="oc-219">
         <name>.text:SSIEnable</name>
         <load_address>0x348e</load_address>
         <run_address>0x348e</run_address>
         <size>0xa</size>
         <input_file_ref idref="fl-d8"/>
      </object_component>
      <object_component id="oc-1f8">
         <name>.text:GPIOPinWrite</name>
         <load_address>0x3498</load_address>
         <run_address>0x3498</run_address>
         <size>0x6</size>
         <input_file_ref idref="fl-d6"/>
      </object_component>
      <object_component id="oc-1fe">
         <name>.text:SysCtlDelay</name>
         <load_address>0x349e</load_address>
         <run_address>0x349e</run_address>
         <size>0x6</size>
         <input_file_ref idref="fl-d9"/>
      </object_component>
      <object_component id="oc-b9">
         <name>.text:_system_pre_init</name>
         <load_address>0x34a4</load_address>
         <run_address>0x34a4</run_address>
         <size>0x4</size>
         <input_file_ref idref="fl-d4"/>
      </object_component>
      <object_component id="oc-132">
         <name>.text:abort:abort</name>
         <load_address>0x34a8</load_address>
         <run_address>0x34a8</run_address>
         <size>0x4</size>
         <input_file_ref idref="fl-d0"/>
      </object_component>
      <object_component id="oc-27a">
         <name>.const:g_pui32GPIOBaseAddrs</name>
         <load_address>0x34ac</load_address>
         <run_address>0x34ac</run_address>
         <size>0x90</size>
         <input_file_ref idref="fl-d6"/>
      </object_component>
      <object_component id="oc-27f">
         <name>.const:g_pui32Xtals</name>
         <load_address>0x353c</load_address>
         <run_address>0x353c</run_address>
         <size>0x6c</size>
         <input_file_ref idref="fl-d9"/>
      </object_component>
      <object_component id="oc-79">
         <name>.const</name>
         <load_address>0x35a8</load_address>
         <run_address>0x35a8</run_address>
         <size>0x4</size>
         <input_file_ref idref="fl-8"/>
      </object_component>
      <object_component id="oc-2d3">
         <name>.cinit..data.load</name>
         <load_address>0x35b0</load_address>
         <run_address>0x35b0</run_address>
         <size>0xc</size>
      </object_component>
      <object_component id="oc-2d1">
         <name>__TI_handler_table</name>
         <load_address>0x35bc</load_address>
         <run_address>0x35bc</run_address>
         <size>0xc</size>
      </object_component>
      <object_component id="oc-2d4">
         <name>.cinit..bss.load</name>
         <load_address>0x35c8</load_address>
         <run_address>0x35c8</run_address>
         <size>0x8</size>
      </object_component>
      <object_component id="oc-2d2">
         <name>__TI_cinit_table</name>
         <load_address>0x35d0</load_address>
         <run_address>0x35d0</run_address>
         <size>0x10</size>
      </object_component>
      <object_component id="oc-1b2">
         <name>.data</name>
         <load_address>0x2000796c</load_address>
         <run_address>0x2000796c</run_address>
         <size>0x1</size>
         <input_file_ref idref="fl-2"/>
      </object_component>
      <object_component id="oc-83">
         <name>.data</name>
         <load_address>0x20007968</load_address>
         <run_address>0x20007968</run_address>
         <size>0x4</size>
         <input_file_ref idref="fl-8"/>
      </object_component>
      <object_component id="oc-76">
         <name>.data</name>
         <load_address>0x20007930</load_address>
         <run_address>0x20007930</run_address>
         <size>0x30</size>
         <input_file_ref idref="fl-c"/>
      </object_component>
      <object_component id="oc-188">
         <name>.data</name>
         <load_address>0x20007960</load_address>
         <run_address>0x20007960</run_address>
         <size>0x8</size>
         <input_file_ref idref="fl-f"/>
      </object_component>
      <object_component id="oc-dc">
         <name>.bss:pxReadyTasksLists</name>
         <uninitialized>true</uninitialized>
         <run_address>0x20007530</run_address>
         <size>0x140</size>
         <input_file_ref idref="fl-c"/>
      </object_component>
      <object_component id="oc-f1">
         <name>.bss:xDelayedTaskList1</name>
         <uninitialized>true</uninitialized>
         <run_address>0x200076c0</run_address>
         <size>0x14</size>
         <input_file_ref idref="fl-c"/>
      </object_component>
      <object_component id="oc-f4">
         <name>.bss:xDelayedTaskList2</name>
         <uninitialized>true</uninitialized>
         <run_address>0x200076d4</run_address>
         <size>0x14</size>
         <input_file_ref idref="fl-c"/>
      </object_component>
      <object_component id="oc-e8">
         <name>.bss</name>
         <uninitialized>true</uninitialized>
         <run_address>0x20007724</run_address>
         <size>0x8</size>
         <input_file_ref idref="fl-c"/>
      </object_component>
      <object_component id="oc-e5">
         <name>.bss:xPendingReadyList</name>
         <uninitialized>true</uninitialized>
         <run_address>0x200076e8</run_address>
         <size>0x14</size>
         <input_file_ref idref="fl-c"/>
      </object_component>
      <object_component id="oc-df">
         <name>.bss:xTasksWaitingTermination</name>
         <uninitialized>true</uninitialized>
         <run_address>0x20007710</run_address>
         <size>0x14</size>
         <input_file_ref idref="fl-c"/>
      </object_component>
      <object_component id="oc-e2">
         <name>.bss:xSuspendedTaskList</name>
         <uninitialized>true</uninitialized>
         <run_address>0x200076fc</run_address>
         <size>0x14</size>
         <input_file_ref idref="fl-c"/>
      </object_component>
      <object_component id="oc-18b">
         <name>.bss:ucHeap</name>
         <uninitialized>true</uninitialized>
         <run_address>0x20000000</run_address>
         <size>0x7530</size>
         <input_file_ref idref="fl-f"/>
      </object_component>
      <object_component id="oc-128">
         <name>.common:SPI_Queue</name>
         <uninitialized>true</uninitialized>
         <run_address>0x2000772c</run_address>
         <size>0x4</size>
      </object_component>
      <object_component id="oc-1a0">
         <name>.common:xQueueRegistry</name>
         <uninitialized>true</uninitialized>
         <run_address>0x20007670</run_address>
         <size>0x50</size>
      </object_component>
      <object_component id="oc-21">
         <name>.stack</name>
         <uninitialized>true</uninitialized>
         <run_address>0x20007730</run_address>
         <size>0x4</size>
         <input_file_ref idref="fl-cf"/>
      </object_component>
      <object_component id="oc-2d5">
         <name>.stack</name>
         <uninitialized>true</uninitialized>
         <run_address>0x20007730</run_address>
         <size>0x0</size>
      </object_component>
      <object_component id="oc-10b">
         <name>.debug_info</name>
         <load_address>0x0</load_address>
         <run_address>0x0</run_address>
         <size>0x568</size>
         <input_file_ref idref="fl-2"/>
      </object_component>
      <object_component id="oc-1b3">
         <name>.debug_info</name>
         <load_address>0x568</load_address>
         <run_address>0x568</run_address>
         <size>0xed</size>
         <input_file_ref idref="fl-2"/>
      </object_component>
      <object_component id="oc-12c">
         <name>.debug_info</name>
         <load_address>0x655</load_address>
         <run_address>0x655</run_address>
         <size>0x480</size>
         <input_file_ref idref="fl-2"/>
      </object_component>
      <object_component id="oc-f8">
         <name>.debug_info</name>
         <load_address>0xad5</load_address>
         <run_address>0xad5</run_address>
         <size>0x2ef</size>
         <input_file_ref idref="fl-2"/>
      </object_component>
      <object_component id="oc-94">
         <name>.debug_info</name>
         <load_address>0xdc4</load_address>
         <run_address>0xdc4</run_address>
         <size>0x26b</size>
         <input_file_ref idref="fl-2"/>
      </object_component>
      <object_component id="oc-3e">
         <name>.debug_info</name>
         <load_address>0x102f</load_address>
         <run_address>0x102f</run_address>
         <size>0x84</size>
         <input_file_ref idref="fl-2"/>
      </object_component>
      <object_component id="oc-252">
         <name>.debug_info</name>
         <load_address>0x10b3</load_address>
         <run_address>0x10b3</run_address>
         <size>0x39</size>
         <input_file_ref idref="fl-2"/>
      </object_component>
      <object_component id="oc-19b">
         <name>.debug_info</name>
         <load_address>0x10ec</load_address>
         <run_address>0x10ec</run_address>
         <size>0x46</size>
         <input_file_ref idref="fl-2"/>
      </object_component>
      <object_component id="oc-172">
         <name>.debug_info</name>
         <load_address>0x1132</load_address>
         <run_address>0x1132</run_address>
         <size>0x46</size>
         <input_file_ref idref="fl-2"/>
      </object_component>
      <object_component id="oc-88">
         <name>.debug_info</name>
         <load_address>0x1178</load_address>
         <run_address>0x1178</run_address>
         <size>0x2c</size>
         <input_file_ref idref="fl-2"/>
      </object_component>
      <object_component id="oc-10d">
         <name>.debug_info</name>
         <load_address>0x11a4</load_address>
         <run_address>0x11a4</run_address>
         <size>0x297</size>
         <input_file_ref idref="fl-2"/>
      </object_component>
      <object_component id="oc-99">
         <name>.debug_info</name>
         <load_address>0x143b</load_address>
         <run_address>0x143b</run_address>
         <size>0xbb</size>
         <input_file_ref idref="fl-2"/>
      </object_component>
      <object_component id="oc-8d">
         <name>.debug_info</name>
         <load_address>0x14f6</load_address>
         <run_address>0x14f6</run_address>
         <size>0x53</size>
         <input_file_ref idref="fl-2"/>
      </object_component>
      <object_component id="oc-196">
         <name>.debug_info</name>
         <load_address>0x1549</load_address>
         <run_address>0x1549</run_address>
         <size>0x2c</size>
         <input_file_ref idref="fl-2"/>
      </object_component>
      <object_component id="oc-106">
         <name>.debug_info</name>
         <load_address>0x1575</load_address>
         <run_address>0x1575</run_address>
         <size>0x14c</size>
         <input_file_ref idref="fl-2"/>
      </object_component>
      <object_component id="oc-200">
         <name>.debug_info</name>
         <load_address>0x16c1</load_address>
         <run_address>0x16c1</run_address>
         <size>0x41d</size>
         <input_file_ref idref="fl-3"/>
      </object_component>
      <object_component id="oc-1a7">
         <name>.debug_info</name>
         <load_address>0x1ade</load_address>
         <run_address>0x1ade</run_address>
         <size>0x97c</size>
         <input_file_ref idref="fl-3"/>
      </object_component>
      <object_component id="oc-264">
         <name>.debug_info</name>
         <load_address>0x245a</load_address>
         <run_address>0x245a</run_address>
         <size>0x8b</size>
         <input_file_ref idref="fl-3"/>
      </object_component>
      <object_component id="oc-1d6">
         <name>.debug_info</name>
         <load_address>0x24e5</load_address>
         <run_address>0x24e5</run_address>
         <size>0x587</size>
         <input_file_ref idref="fl-5"/>
      </object_component>
      <object_component id="oc-177">
         <name>.debug_info</name>
         <load_address>0x2a6c</load_address>
         <run_address>0x2a6c</run_address>
         <size>0x110</size>
         <input_file_ref idref="fl-5"/>
      </object_component>
      <object_component id="oc-257">
         <name>.debug_info</name>
         <load_address>0x2b7c</load_address>
         <run_address>0x2b7c</run_address>
         <size>0x76</size>
         <input_file_ref idref="fl-5"/>
      </object_component>
      <object_component id="oc-17d">
         <name>.debug_info</name>
         <load_address>0x2bf2</load_address>
         <run_address>0x2bf2</run_address>
         <size>0x2d7</size>
         <input_file_ref idref="fl-6"/>
      </object_component>
      <object_component id="oc-d7">
         <name>.debug_info</name>
         <load_address>0x2ec9</load_address>
         <run_address>0x2ec9</run_address>
         <size>0x45a</size>
         <input_file_ref idref="fl-6"/>
      </object_component>
      <object_component id="oc-129">
         <name>.debug_info</name>
         <load_address>0x3323</load_address>
         <run_address>0x3323</run_address>
         <size>0x480</size>
         <input_file_ref idref="fl-7"/>
      </object_component>
      <object_component id="oc-c0">
         <name>.debug_info</name>
         <load_address>0x37a3</load_address>
         <run_address>0x37a3</run_address>
         <size>0x184</size>
         <input_file_ref idref="fl-7"/>
      </object_component>
      <object_component id="oc-87">
         <name>.debug_info</name>
         <load_address>0x3927</load_address>
         <run_address>0x3927</run_address>
         <size>0x356</size>
         <input_file_ref idref="fl-8"/>
      </object_component>
      <object_component id="oc-7a">
         <name>.debug_info</name>
         <load_address>0x3c7d</load_address>
         <run_address>0x3c7d</run_address>
         <size>0x10f</size>
         <input_file_ref idref="fl-8"/>
      </object_component>
      <object_component id="oc-84">
         <name>.debug_info</name>
         <load_address>0x3d8c</load_address>
         <run_address>0x3d8c</run_address>
         <size>0xf6</size>
         <input_file_ref idref="fl-8"/>
      </object_component>
      <object_component id="oc-30">
         <name>.debug_info</name>
         <load_address>0x3e82</load_address>
         <run_address>0x3e82</run_address>
         <size>0x4b9</size>
         <input_file_ref idref="fl-8"/>
      </object_component>
      <object_component id="oc-2b">
         <name>.debug_info</name>
         <load_address>0x433b</load_address>
         <run_address>0x433b</run_address>
         <size>0x247</size>
         <input_file_ref idref="fl-9"/>
      </object_component>
      <object_component id="oc-1a1">
         <name>.debug_info</name>
         <load_address>0x4582</load_address>
         <run_address>0x4582</run_address>
         <size>0x722</size>
         <input_file_ref idref="fl-a"/>
      </object_component>
      <object_component id="oc-123">
         <name>.debug_info</name>
         <load_address>0x4ca4</load_address>
         <run_address>0x4ca4</run_address>
         <size>0x2324</size>
         <input_file_ref idref="fl-a"/>
      </object_component>
      <object_component id="oc-1e1">
         <name>.debug_info</name>
         <load_address>0x6fc8</load_address>
         <run_address>0x6fc8</run_address>
         <size>0x1cd</size>
         <input_file_ref idref="fl-a"/>
      </object_component>
      <object_component id="oc-22c">
         <name>.debug_info</name>
         <load_address>0x7195</load_address>
         <run_address>0x7195</run_address>
         <size>0x44d</size>
         <input_file_ref idref="fl-b"/>
      </object_component>
      <object_component id="oc-1ad">
         <name>.debug_info</name>
         <load_address>0x75e2</load_address>
         <run_address>0x75e2</run_address>
         <size>0x46f</size>
         <input_file_ref idref="fl-b"/>
      </object_component>
      <object_component id="oc-d3">
         <name>.debug_info</name>
         <load_address>0x7a51</load_address>
         <run_address>0x7a51</run_address>
         <size>0x6a2</size>
         <input_file_ref idref="fl-c"/>
      </object_component>
      <object_component id="oc-77">
         <name>.debug_info</name>
         <load_address>0x80f3</load_address>
         <run_address>0x80f3</run_address>
         <size>0x2fb</size>
         <input_file_ref idref="fl-c"/>
      </object_component>
      <object_component id="oc-dd">
         <name>.debug_info</name>
         <load_address>0x83ee</load_address>
         <run_address>0x83ee</run_address>
         <size>0xf7</size>
         <input_file_ref idref="fl-c"/>
      </object_component>
      <object_component id="oc-f2">
         <name>.debug_info</name>
         <load_address>0x84e5</load_address>
         <run_address>0x84e5</run_address>
         <size>0xf7</size>
         <input_file_ref idref="fl-c"/>
      </object_component>
      <object_component id="oc-f5">
         <name>.debug_info</name>
         <load_address>0x85dc</load_address>
         <run_address>0x85dc</run_address>
         <size>0xf7</size>
         <input_file_ref idref="fl-c"/>
      </object_component>
      <object_component id="oc-e9">
         <name>.debug_info</name>
         <load_address>0x86d3</load_address>
         <run_address>0x86d3</run_address>
         <size>0x139</size>
         <input_file_ref idref="fl-c"/>
      </object_component>
      <object_component id="oc-e6">
         <name>.debug_info</name>
         <load_address>0x880c</load_address>
         <run_address>0x880c</run_address>
         <size>0xf7</size>
         <input_file_ref idref="fl-c"/>
      </object_component>
      <object_component id="oc-e0">
         <name>.debug_info</name>
         <load_address>0x8903</load_address>
         <run_address>0x8903</run_address>
         <size>0x105</size>
         <input_file_ref idref="fl-c"/>
      </object_component>
      <object_component id="oc-e3">
         <name>.debug_info</name>
         <load_address>0x8a08</load_address>
         <run_address>0x8a08</run_address>
         <size>0xf9</size>
         <input_file_ref idref="fl-c"/>
      </object_component>
      <object_component id="oc-7d">
         <name>.debug_info</name>
         <load_address>0x8b01</load_address>
         <run_address>0x8b01</run_address>
         <size>0x3eae</size>
         <input_file_ref idref="fl-c"/>
      </object_component>
      <object_component id="oc-fd">
         <name>.debug_info</name>
         <load_address>0xc9af</load_address>
         <run_address>0xc9af</run_address>
         <size>0x169</size>
         <input_file_ref idref="fl-c"/>
      </object_component>
      <object_component id="oc-37">
         <name>.debug_info</name>
         <load_address>0xcb18</load_address>
         <run_address>0xcb18</run_address>
         <size>0x342</size>
         <input_file_ref idref="fl-e"/>
      </object_component>
      <object_component id="oc-10">
         <name>.debug_info</name>
         <load_address>0xce5a</load_address>
         <run_address>0xce5a</run_address>
         <size>0x101</size>
         <input_file_ref idref="fl-e"/>
      </object_component>
      <object_component id="oc-25">
         <name>.debug_info</name>
         <load_address>0xcf5b</load_address>
         <run_address>0xcf5b</run_address>
         <size>0x27d</size>
         <input_file_ref idref="fl-e"/>
      </object_component>
      <object_component id="oc-18f">
         <name>.debug_info</name>
         <load_address>0xd1d8</load_address>
         <run_address>0xd1d8</run_address>
         <size>0x366</size>
         <input_file_ref idref="fl-f"/>
      </object_component>
      <object_component id="oc-18c">
         <name>.debug_info</name>
         <load_address>0xd53e</load_address>
         <run_address>0xd53e</run_address>
         <size>0xea</size>
         <input_file_ref idref="fl-f"/>
      </object_component>
      <object_component id="oc-189">
         <name>.debug_info</name>
         <load_address>0xd628</load_address>
         <run_address>0xd628</run_address>
         <size>0xf8</size>
         <input_file_ref idref="fl-f"/>
      </object_component>
      <object_component id="oc-ec">
         <name>.debug_info</name>
         <load_address>0xd720</load_address>
         <run_address>0xd720</run_address>
         <size>0x340</size>
         <input_file_ref idref="fl-f"/>
      </object_component>
      <object_component id="oc-44">
         <name>.debug_info</name>
         <load_address>0xda60</load_address>
         <run_address>0xda60</run_address>
         <size>0x111</size>
         <input_file_ref idref="fl-ca"/>
      </object_component>
      <object_component id="oc-b6">
         <name>.debug_info</name>
         <load_address>0xdb71</load_address>
         <run_address>0xdb71</run_address>
         <size>0x13f</size>
         <input_file_ref idref="fl-cb"/>
      </object_component>
      <object_component id="oc-b2">
         <name>.debug_info</name>
         <load_address>0xdcb0</load_address>
         <run_address>0xdcb0</run_address>
         <size>0x313</size>
         <input_file_ref idref="fl-cc"/>
      </object_component>
      <object_component id="oc-58">
         <name>.debug_info</name>
         <load_address>0xdfc3</load_address>
         <run_address>0xdfc3</run_address>
         <size>0x1aa</size>
         <input_file_ref idref="fl-cc"/>
      </object_component>
      <object_component id="oc-ad">
         <name>.debug_info</name>
         <load_address>0xe16d</load_address>
         <run_address>0xe16d</run_address>
         <size>0x46</size>
         <input_file_ref idref="fl-cc"/>
      </object_component>
      <object_component id="oc-119">
         <name>.debug_info</name>
         <load_address>0xe1b3</load_address>
         <run_address>0xe1b3</run_address>
         <size>0x2c</size>
         <input_file_ref idref="fl-cc"/>
      </object_component>
      <object_component id="oc-4e">
         <name>.debug_info</name>
         <load_address>0xe1df</load_address>
         <run_address>0xe1df</run_address>
         <size>0x29d</size>
         <input_file_ref idref="fl-cd"/>
      </object_component>
      <object_component id="oc-19">
         <name>.debug_info</name>
         <load_address>0xe47c</load_address>
         <run_address>0xe47c</run_address>
         <size>0x1df</size>
         <input_file_ref idref="fl-cd"/>
      </object_component>
      <object_component id="oc-49">
         <name>.debug_info</name>
         <load_address>0xe65b</load_address>
         <run_address>0xe65b</run_address>
         <size>0x46</size>
         <input_file_ref idref="fl-cd"/>
      </object_component>
      <object_component id="oc-a5">
         <name>.debug_info</name>
         <load_address>0xe6a1</load_address>
         <run_address>0xe6a1</run_address>
         <size>0x2c</size>
         <input_file_ref idref="fl-cd"/>
      </object_component>
      <object_component id="oc-a3">
         <name>.debug_info</name>
         <load_address>0xe6cd</load_address>
         <run_address>0xe6cd</run_address>
         <size>0x293</size>
         <input_file_ref idref="fl-ce"/>
      </object_component>
      <object_component id="oc-14">
         <name>.debug_info</name>
         <load_address>0xe960</load_address>
         <run_address>0xe960</run_address>
         <size>0x245</size>
         <input_file_ref idref="fl-ce"/>
      </object_component>
      <object_component id="oc-39">
         <name>.debug_info</name>
         <load_address>0xeba5</load_address>
         <run_address>0xeba5</run_address>
         <size>0x60</size>
         <input_file_ref idref="fl-ce"/>
      </object_component>
      <object_component id="oc-112">
         <name>.debug_info</name>
         <load_address>0xec05</load_address>
         <run_address>0xec05</run_address>
         <size>0x46</size>
         <input_file_ref idref="fl-ce"/>
      </object_component>
      <object_component id="oc-9e">
         <name>.debug_info</name>
         <load_address>0xec4b</load_address>
         <run_address>0xec4b</run_address>
         <size>0x39</size>
         <input_file_ref idref="fl-ce"/>
      </object_component>
      <object_component id="oc-22">
         <name>.debug_info</name>
         <load_address>0xec84</load_address>
         <run_address>0xec84</run_address>
         <size>0x100</size>
         <input_file_ref idref="fl-cf"/>
      </object_component>
      <object_component id="oc-65">
         <name>.debug_info</name>
         <load_address>0xed84</load_address>
         <run_address>0xed84</run_address>
         <size>0x1a4</size>
         <input_file_ref idref="fl-cf"/>
      </object_component>
      <object_component id="oc-135">
         <name>.debug_info</name>
         <load_address>0xef28</load_address>
         <run_address>0xef28</run_address>
         <size>0x117</size>
         <input_file_ref idref="fl-d0"/>
      </object_component>
      <object_component id="oc-1c1">
         <name>.debug_info</name>
         <load_address>0xf03f</load_address>
         <run_address>0xf03f</run_address>
         <size>0x547</size>
         <input_file_ref idref="fl-d3"/>
      </object_component>
      <object_component id="oc-13f">
         <name>.debug_info</name>
         <load_address>0xf586</load_address>
         <run_address>0xf586</run_address>
         <size>0x19b</size>
         <input_file_ref idref="fl-d3"/>
      </object_component>
      <object_component id="oc-23f">
         <name>.debug_info</name>
         <load_address>0xf721</load_address>
         <run_address>0xf721</run_address>
         <size>0x39</size>
         <input_file_ref idref="fl-d3"/>
      </object_component>
      <object_component id="oc-28d">
         <name>.debug_info</name>
         <load_address>0xf75a</load_address>
         <run_address>0xf75a</run_address>
         <size>0x39</size>
         <input_file_ref idref="fl-d3"/>
      </object_component>
      <object_component id="oc-244">
         <name>.debug_info</name>
         <load_address>0xf793</load_address>
         <run_address>0xf793</run_address>
         <size>0x39</size>
         <input_file_ref idref="fl-d3"/>
      </object_component>
      <object_component id="oc-249">
         <name>.debug_info</name>
         <load_address>0xf7cc</load_address>
         <run_address>0xf7cc</run_address>
         <size>0xcd</size>
         <input_file_ref idref="fl-d3"/>
      </object_component>
      <object_component id="oc-bd">
         <name>.debug_info</name>
         <load_address>0xf899</load_address>
         <run_address>0xf899</run_address>
         <size>0x148</size>
         <input_file_ref idref="fl-d4"/>
      </object_component>
      <object_component id="oc-276">
         <name>.debug_info</name>
         <load_address>0xf9e1</load_address>
         <run_address>0xf9e1</run_address>
         <size>0x240</size>
         <input_file_ref idref="fl-d6"/>
      </object_component>
      <object_component id="oc-27b">
         <name>.debug_info</name>
         <load_address>0xfc21</load_address>
         <run_address>0xfc21</run_address>
         <size>0x15b</size>
         <input_file_ref idref="fl-d6"/>
      </object_component>
      <object_component id="oc-1fa">
         <name>.debug_info</name>
         <load_address>0xfd7c</load_address>
         <run_address>0xfd7c</run_address>
         <size>0x2a3</size>
         <input_file_ref idref="fl-d6"/>
      </object_component>
      <object_component id="oc-271">
         <name>.debug_info</name>
         <load_address>0x1001f</load_address>
         <run_address>0x1001f</run_address>
         <size>0x2b3</size>
         <input_file_ref idref="fl-d6"/>
      </object_component>
      <object_component id="oc-26b">
         <name>.debug_info</name>
         <load_address>0x102d2</load_address>
         <run_address>0x102d2</run_address>
         <size>0x316</size>
         <input_file_ref idref="fl-d6"/>
      </object_component>
      <object_component id="oc-209">
         <name>.debug_info</name>
         <load_address>0x105e8</load_address>
         <run_address>0x105e8</run_address>
         <size>0x279</size>
         <input_file_ref idref="fl-d6"/>
      </object_component>
      <object_component id="oc-1f4">
         <name>.debug_info</name>
         <load_address>0x10861</load_address>
         <run_address>0x10861</run_address>
         <size>0x2b7</size>
         <input_file_ref idref="fl-d6"/>
      </object_component>
      <object_component id="oc-202">
         <name>.debug_info</name>
         <load_address>0x10b18</load_address>
         <run_address>0x10b18</run_address>
         <size>0x280</size>
         <input_file_ref idref="fl-d6"/>
      </object_component>
      <object_component id="oc-25d">
         <name>.debug_info</name>
         <load_address>0x10d98</load_address>
         <run_address>0x10d98</run_address>
         <size>0x18b</size>
         <input_file_ref idref="fl-d6"/>
      </object_component>
      <object_component id="oc-284">
         <name>.debug_info</name>
         <load_address>0x10f23</load_address>
         <run_address>0x10f23</run_address>
         <size>0x21c</size>
         <input_file_ref idref="fl-d8"/>
      </object_component>
      <object_component id="oc-21a">
         <name>.debug_info</name>
         <load_address>0x1113f</load_address>
         <run_address>0x1113f</run_address>
         <size>0x242</size>
         <input_file_ref idref="fl-d8"/>
      </object_component>
      <object_component id="oc-220">
         <name>.debug_info</name>
         <load_address>0x11381</load_address>
         <run_address>0x11381</run_address>
         <size>0x290</size>
         <input_file_ref idref="fl-d8"/>
      </object_component>
      <object_component id="oc-226">
         <name>.debug_info</name>
         <load_address>0x11611</load_address>
         <run_address>0x11611</run_address>
         <size>0x29a</size>
         <input_file_ref idref="fl-d8"/>
      </object_component>
      <object_component id="oc-214">
         <name>.debug_info</name>
         <load_address>0x118ab</load_address>
         <run_address>0x118ab</run_address>
         <size>0x3d9</size>
         <input_file_ref idref="fl-d8"/>
      </object_component>
      <object_component id="oc-262">
         <name>.debug_info</name>
         <load_address>0x11c84</load_address>
         <run_address>0x11c84</run_address>
         <size>0x298</size>
         <input_file_ref idref="fl-d9"/>
      </object_component>
      <object_component id="oc-280">
         <name>.debug_info</name>
         <load_address>0x11f1c</load_address>
         <run_address>0x11f1c</run_address>
         <size>0x14d</size>
         <input_file_ref idref="fl-d9"/>
      </object_component>
      <object_component id="oc-1ee">
         <name>.debug_info</name>
         <load_address>0x12069</load_address>
         <run_address>0x12069</run_address>
         <size>0x27f</size>
         <input_file_ref idref="fl-d9"/>
      </object_component>
      <object_component id="oc-1e8">
         <name>.debug_info</name>
         <load_address>0x122e8</load_address>
         <run_address>0x122e8</run_address>
         <size>0x27d</size>
         <input_file_ref idref="fl-d9"/>
      </object_component>
      <object_component id="oc-20e">
         <name>.debug_info</name>
         <load_address>0x12565</load_address>
         <run_address>0x12565</run_address>
         <size>0x2b5</size>
         <input_file_ref idref="fl-d9"/>
      </object_component>
      <object_component id="oc-29b">
         <name>.debug_info</name>
         <load_address>0x1281a</load_address>
         <run_address>0x1281a</run_address>
         <size>0x5f</size>
         <input_file_ref idref="fl-d9"/>
      </object_component>
      <object_component id="oc-2d6">
         <name>.debug_info</name>
         <load_address>0x12879</load_address>
         <run_address>0x12879</run_address>
         <size>0xb7</size>
      </object_component>
      <object_component id="oc-195">
         <name>.debug_line</name>
         <load_address>0x0</load_address>
         <run_address>0x0</run_address>
         <size>0x78</size>
         <input_file_ref idref="fl-2"/>
      </object_component>
      <object_component id="oc-22e">
         <name>.debug_line</name>
         <load_address>0x78</load_address>
         <run_address>0x78</run_address>
         <size>0x35</size>
         <input_file_ref idref="fl-2"/>
      </object_component>
      <object_component id="oc-12f">
         <name>.debug_line</name>
         <load_address>0xad</load_address>
         <run_address>0xad</run_address>
         <size>0x105</size>
         <input_file_ref idref="fl-2"/>
      </object_component>
      <object_component id="oc-fb">
         <name>.debug_line</name>
         <load_address>0x1b2</load_address>
         <run_address>0x1b2</run_address>
         <size>0x35</size>
         <input_file_ref idref="fl-2"/>
      </object_component>
      <object_component id="oc-97">
         <name>.debug_line</name>
         <load_address>0x1e7</load_address>
         <run_address>0x1e7</run_address>
         <size>0x69</size>
         <input_file_ref idref="fl-2"/>
      </object_component>
      <object_component id="oc-41">
         <name>.debug_line</name>
         <load_address>0x250</load_address>
         <run_address>0x250</run_address>
         <size>0x20</size>
         <input_file_ref idref="fl-2"/>
      </object_component>
      <object_component id="oc-255">
         <name>.debug_line</name>
         <load_address>0x270</load_address>
         <run_address>0x270</run_address>
         <size>0x3d</size>
         <input_file_ref idref="fl-2"/>
      </object_component>
      <object_component id="oc-19e">
         <name>.debug_line</name>
         <load_address>0x2ad</load_address>
         <run_address>0x2ad</run_address>
         <size>0x36</size>
         <input_file_ref idref="fl-2"/>
      </object_component>
      <object_component id="oc-175">
         <name>.debug_line</name>
         <load_address>0x2e3</load_address>
         <run_address>0x2e3</run_address>
         <size>0x37</size>
         <input_file_ref idref="fl-2"/>
      </object_component>
      <object_component id="oc-8b">
         <name>.debug_line</name>
         <load_address>0x31a</load_address>
         <run_address>0x31a</run_address>
         <size>0x39</size>
         <input_file_ref idref="fl-2"/>
      </object_component>
      <object_component id="oc-110">
         <name>.debug_line</name>
         <load_address>0x353</load_address>
         <run_address>0x353</run_address>
         <size>0x6d</size>
         <input_file_ref idref="fl-2"/>
      </object_component>
      <object_component id="oc-9c">
         <name>.debug_line</name>
         <load_address>0x3c0</load_address>
         <run_address>0x3c0</run_address>
         <size>0x6a</size>
         <input_file_ref idref="fl-2"/>
      </object_component>
      <object_component id="oc-90">
         <name>.debug_line</name>
         <load_address>0x42a</load_address>
         <run_address>0x42a</run_address>
         <size>0x72</size>
         <input_file_ref idref="fl-2"/>
      </object_component>
      <object_component id="oc-199">
         <name>.debug_line</name>
         <load_address>0x49c</load_address>
         <run_address>0x49c</run_address>
         <size>0x2c</size>
         <input_file_ref idref="fl-2"/>
      </object_component>
      <object_component id="oc-109">
         <name>.debug_line</name>
         <load_address>0x4c8</load_address>
         <run_address>0x4c8</run_address>
         <size>0x35</size>
         <input_file_ref idref="fl-2"/>
      </object_component>
      <object_component id="oc-279">
         <name>.debug_line</name>
         <load_address>0x4fd</load_address>
         <run_address>0x4fd</run_address>
         <size>0xa3</size>
         <input_file_ref idref="fl-3"/>
      </object_component>
      <object_component id="oc-1aa">
         <name>.debug_line</name>
         <load_address>0x5a0</load_address>
         <run_address>0x5a0</run_address>
         <size>0x17a</size>
         <input_file_ref idref="fl-3"/>
      </object_component>
      <object_component id="oc-267">
         <name>.debug_line</name>
         <load_address>0x71a</load_address>
         <run_address>0x71a</run_address>
         <size>0x20</size>
         <input_file_ref idref="fl-3"/>
      </object_component>
      <object_component id="oc-251">
         <name>.debug_line</name>
         <load_address>0x73a</load_address>
         <run_address>0x73a</run_address>
         <size>0xb5</size>
         <input_file_ref idref="fl-5"/>
      </object_component>
      <object_component id="oc-17a">
         <name>.debug_line</name>
         <load_address>0x7ef</load_address>
         <run_address>0x7ef</run_address>
         <size>0x65</size>
         <input_file_ref idref="fl-5"/>
      </object_component>
      <object_component id="oc-25a">
         <name>.debug_line</name>
         <load_address>0x854</load_address>
         <run_address>0x854</run_address>
         <size>0x35</size>
         <input_file_ref idref="fl-5"/>
      </object_component>
      <object_component id="oc-1d8">
         <name>.debug_line</name>
         <load_address>0x889</load_address>
         <run_address>0x889</run_address>
         <size>0x20</size>
         <input_file_ref idref="fl-6"/>
      </object_component>
      <object_component id="oc-da">
         <name>.debug_line</name>
         <load_address>0x8a9</load_address>
         <run_address>0x8a9</run_address>
         <size>0xe5</size>
         <input_file_ref idref="fl-6"/>
      </object_component>
      <object_component id="oc-1a5">
         <name>.debug_line</name>
         <load_address>0x98e</load_address>
         <run_address>0x98e</run_address>
         <size>0x6e</size>
         <input_file_ref idref="fl-7"/>
      </object_component>
      <object_component id="oc-c3">
         <name>.debug_line</name>
         <load_address>0x9fc</load_address>
         <run_address>0x9fc</run_address>
         <size>0x4a</size>
         <input_file_ref idref="fl-7"/>
      </object_component>
      <object_component id="oc-105">
         <name>.debug_line</name>
         <load_address>0xa46</load_address>
         <run_address>0xa46</run_address>
         <size>0x42</size>
         <input_file_ref idref="fl-8"/>
      </object_component>
      <object_component id="oc-d5">
         <name>.debug_line</name>
         <load_address>0xa88</load_address>
         <run_address>0xa88</run_address>
         <size>0x2d</size>
         <input_file_ref idref="fl-8"/>
      </object_component>
      <object_component id="oc-103">
         <name>.debug_line</name>
         <load_address>0xab5</load_address>
         <run_address>0xab5</run_address>
         <size>0x2d</size>
         <input_file_ref idref="fl-8"/>
      </object_component>
      <object_component id="oc-33">
         <name>.debug_line</name>
         <load_address>0xae2</load_address>
         <run_address>0xae2</run_address>
         <size>0x126</size>
         <input_file_ref idref="fl-8"/>
      </object_component>
      <object_component id="oc-2e">
         <name>.debug_line</name>
         <load_address>0xc08</load_address>
         <run_address>0xc08</run_address>
         <size>0xc9</size>
         <input_file_ref idref="fl-9"/>
      </object_component>
      <object_component id="oc-1e0">
         <name>.debug_line</name>
         <load_address>0xcd1</load_address>
         <run_address>0xcd1</run_address>
         <size>0xc3</size>
         <input_file_ref idref="fl-a"/>
      </object_component>
      <object_component id="oc-126">
         <name>.debug_line</name>
         <load_address>0xd94</load_address>
         <run_address>0xd94</run_address>
         <size>0x6ef</size>
         <input_file_ref idref="fl-a"/>
      </object_component>
      <object_component id="oc-1e4">
         <name>.debug_line</name>
         <load_address>0x1483</load_address>
         <run_address>0x1483</run_address>
         <size>0x2e</size>
         <input_file_ref idref="fl-a"/>
      </object_component>
      <object_component id="oc-289">
         <name>.debug_line</name>
         <load_address>0x14b1</load_address>
         <run_address>0x14b1</run_address>
         <size>0xc3</size>
         <input_file_ref idref="fl-b"/>
      </object_component>
      <object_component id="oc-1b0">
         <name>.debug_line</name>
         <load_address>0x1574</load_address>
         <run_address>0x1574</run_address>
         <size>0x9e</size>
         <input_file_ref idref="fl-b"/>
      </object_component>
      <object_component id="oc-171">
         <name>.debug_line</name>
         <load_address>0x1612</load_address>
         <run_address>0x1612</run_address>
         <size>0xe5</size>
         <input_file_ref idref="fl-c"/>
      </object_component>
      <object_component id="oc-d2">
         <name>.debug_line</name>
         <load_address>0x16f7</load_address>
         <run_address>0x16f7</run_address>
         <size>0x2e</size>
         <input_file_ref idref="fl-c"/>
      </object_component>
      <object_component id="oc-17f">
         <name>.debug_line</name>
         <load_address>0x1725</load_address>
         <run_address>0x1725</run_address>
         <size>0x2e</size>
         <input_file_ref idref="fl-c"/>
      </object_component>
      <object_component id="oc-191">
         <name>.debug_line</name>
         <load_address>0x1753</load_address>
         <run_address>0x1753</run_address>
         <size>0x2e</size>
         <input_file_ref idref="fl-c"/>
      </object_component>
      <object_component id="oc-193">
         <name>.debug_line</name>
         <load_address>0x1781</load_address>
         <run_address>0x1781</run_address>
         <size>0x2e</size>
         <input_file_ref idref="fl-c"/>
      </object_component>
      <object_component id="oc-187">
         <name>.debug_line</name>
         <load_address>0x17af</load_address>
         <run_address>0x17af</run_address>
         <size>0x2e</size>
         <input_file_ref idref="fl-c"/>
      </object_component>
      <object_component id="oc-185">
         <name>.debug_line</name>
         <load_address>0x17dd</load_address>
         <run_address>0x17dd</run_address>
         <size>0x2e</size>
         <input_file_ref idref="fl-c"/>
      </object_component>
      <object_component id="oc-181">
         <name>.debug_line</name>
         <load_address>0x180b</load_address>
         <run_address>0x180b</run_address>
         <size>0x2e</size>
         <input_file_ref idref="fl-c"/>
      </object_component>
      <object_component id="oc-183">
         <name>.debug_line</name>
         <load_address>0x1839</load_address>
         <run_address>0x1839</run_address>
         <size>0x2e</size>
         <input_file_ref idref="fl-c"/>
      </object_component>
      <object_component id="oc-80">
         <name>.debug_line</name>
         <load_address>0x1867</load_address>
         <run_address>0x1867</run_address>
         <size>0xd80</size>
         <input_file_ref idref="fl-c"/>
      </object_component>
      <object_component id="oc-100">
         <name>.debug_line</name>
         <load_address>0x25e7</load_address>
         <run_address>0x25e7</run_address>
         <size>0x2e</size>
         <input_file_ref idref="fl-c"/>
      </object_component>
      <object_component id="oc-93">
         <name>.debug_line</name>
         <load_address>0x2615</load_address>
         <run_address>0x2615</run_address>
         <size>0x41</size>
         <input_file_ref idref="fl-e"/>
      </object_component>
      <object_component id="oc-36">
         <name>.debug_line</name>
         <load_address>0x2656</load_address>
         <run_address>0x2656</run_address>
         <size>0x41</size>
         <input_file_ref idref="fl-e"/>
      </object_component>
      <object_component id="oc-28">
         <name>.debug_line</name>
         <load_address>0x2697</load_address>
         <run_address>0x2697</run_address>
         <size>0xa1</size>
         <input_file_ref idref="fl-e"/>
      </object_component>
      <object_component id="oc-1de">
         <name>.debug_line</name>
         <load_address>0x2738</load_address>
         <run_address>0x2738</run_address>
         <size>0x75</size>
         <input_file_ref idref="fl-f"/>
      </object_component>
      <object_component id="oc-1dc">
         <name>.debug_line</name>
         <load_address>0x27ad</load_address>
         <run_address>0x27ad</run_address>
         <size>0x37</size>
         <input_file_ref idref="fl-f"/>
      </object_component>
      <object_component id="oc-1da">
         <name>.debug_line</name>
         <load_address>0x27e4</load_address>
         <run_address>0x27e4</run_address>
         <size>0x37</size>
         <input_file_ref idref="fl-f"/>
      </object_component>
      <object_component id="oc-ef">
         <name>.debug_line</name>
         <load_address>0x281b</load_address>
         <run_address>0x281b</run_address>
         <size>0xba</size>
         <input_file_ref idref="fl-f"/>
      </object_component>
      <object_component id="oc-47">
         <name>.debug_line</name>
         <load_address>0x28d5</load_address>
         <run_address>0x28d5</run_address>
         <size>0x88</size>
         <input_file_ref idref="fl-ca"/>
      </object_component>
      <object_component id="oc-b4">
         <name>.debug_line</name>
         <load_address>0x295d</load_address>
         <run_address>0x295d</run_address>
         <size>0x79</size>
         <input_file_ref idref="fl-cb"/>
      </object_component>
      <object_component id="oc-11f">
         <name>.debug_line</name>
         <load_address>0x29d6</load_address>
         <run_address>0x29d6</run_address>
         <size>0x9e</size>
         <input_file_ref idref="fl-cc"/>
      </object_component>
      <object_component id="oc-57">
         <name>.debug_line</name>
         <load_address>0x2a74</load_address>
         <run_address>0x2a74</run_address>
         <size>0x4f</size>
         <input_file_ref idref="fl-cc"/>
      </object_component>
      <object_component id="oc-b0">
         <name>.debug_line</name>
         <load_address>0x2ac3</load_address>
         <run_address>0x2ac3</run_address>
         <size>0x34</size>
         <input_file_ref idref="fl-cc"/>
      </object_component>
      <object_component id="oc-11c">
         <name>.debug_line</name>
         <load_address>0x2af7</load_address>
         <run_address>0x2af7</run_address>
         <size>0x8a</size>
         <input_file_ref idref="fl-cc"/>
      </object_component>
      <object_component id="oc-ab">
         <name>.debug_line</name>
         <load_address>0x2b81</load_address>
         <run_address>0x2b81</run_address>
         <size>0x20</size>
         <input_file_ref idref="fl-cd"/>
      </object_component>
      <object_component id="oc-1c">
         <name>.debug_line</name>
         <load_address>0x2ba1</load_address>
         <run_address>0x2ba1</run_address>
         <size>0x55</size>
         <input_file_ref idref="fl-cd"/>
      </object_component>
      <object_component id="oc-4c">
         <name>.debug_line</name>
         <load_address>0x2bf6</load_address>
         <run_address>0x2bf6</run_address>
         <size>0x3a</size>
         <input_file_ref idref="fl-cd"/>
      </object_component>
      <object_component id="oc-a8">
         <name>.debug_line</name>
         <load_address>0x2c30</load_address>
         <run_address>0x2c30</run_address>
         <size>0x8a</size>
         <input_file_ref idref="fl-cd"/>
      </object_component>
      <object_component id="oc-118">
         <name>.debug_line</name>
         <load_address>0x2cba</load_address>
         <run_address>0x2cba</run_address>
         <size>0x20</size>
         <input_file_ref idref="fl-ce"/>
      </object_component>
      <object_component id="oc-13">
         <name>.debug_line</name>
         <load_address>0x2cda</load_address>
         <run_address>0x2cda</run_address>
         <size>0xa9</size>
         <input_file_ref idref="fl-ce"/>
      </object_component>
      <object_component id="oc-3c">
         <name>.debug_line</name>
         <load_address>0x2d83</load_address>
         <run_address>0x2d83</run_address>
         <size>0x3a</size>
         <input_file_ref idref="fl-ce"/>
      </object_component>
      <object_component id="oc-115">
         <name>.debug_line</name>
         <load_address>0x2dbd</load_address>
         <run_address>0x2dbd</run_address>
         <size>0x92</size>
         <input_file_ref idref="fl-ce"/>
      </object_component>
      <object_component id="oc-a1">
         <name>.debug_line</name>
         <load_address>0x2e4f</load_address>
         <run_address>0x2e4f</run_address>
         <size>0x8e</size>
         <input_file_ref idref="fl-ce"/>
      </object_component>
      <object_component id="oc-74">
         <name>.debug_line</name>
         <load_address>0x2edd</load_address>
         <run_address>0x2edd</run_address>
         <size>0x33</size>
         <input_file_ref idref="fl-cf"/>
      </object_component>
      <object_component id="oc-64">
         <name>.debug_line</name>
         <load_address>0x2f10</load_address>
         <run_address>0x2f10</run_address>
         <size>0x56</size>
         <input_file_ref idref="fl-cf"/>
      </object_component>
      <object_component id="oc-134">
         <name>.debug_line</name>
         <load_address>0x2f66</load_address>
         <run_address>0x2f66</run_address>
         <size>0x3c</size>
         <input_file_ref idref="fl-d0"/>
      </object_component>
      <object_component id="oc-23e">
         <name>.debug_line</name>
         <load_address>0x2fa2</load_address>
         <run_address>0x2fa2</run_address>
         <size>0xb7</size>
         <input_file_ref idref="fl-d3"/>
      </object_component>
      <object_component id="oc-142">
         <name>.debug_line</name>
         <load_address>0x3059</load_address>
         <run_address>0x3059</run_address>
         <size>0x6c</size>
         <input_file_ref idref="fl-d3"/>
      </object_component>
      <object_component id="oc-242">
         <name>.debug_line</name>
         <load_address>0x30c5</load_address>
         <run_address>0x30c5</run_address>
         <size>0x2e</size>
         <input_file_ref idref="fl-d3"/>
      </object_component>
      <object_component id="oc-290">
         <name>.debug_line</name>
         <load_address>0x30f3</load_address>
         <run_address>0x30f3</run_address>
         <size>0x92</size>
         <input_file_ref idref="fl-d3"/>
      </object_component>
      <object_component id="oc-247">
         <name>.debug_line</name>
         <load_address>0x3185</load_address>
         <run_address>0x3185</run_address>
         <size>0x8f</size>
         <input_file_ref idref="fl-d3"/>
      </object_component>
      <object_component id="oc-24c">
         <name>.debug_line</name>
         <load_address>0x3214</load_address>
         <run_address>0x3214</run_address>
         <size>0x8b</size>
         <input_file_ref idref="fl-d3"/>
      </object_component>
      <object_component id="oc-bc">
         <name>.debug_line</name>
         <load_address>0x329f</load_address>
         <run_address>0x329f</run_address>
         <size>0x40</size>
         <input_file_ref idref="fl-d4"/>
      </object_component>
      <object_component id="oc-2a3">
         <name>.debug_line</name>
         <load_address>0x32df</load_address>
         <run_address>0x32df</run_address>
         <size>0x82</size>
         <input_file_ref idref="fl-d6"/>
      </object_component>
      <object_component id="oc-2a5">
         <name>.debug_line</name>
         <load_address>0x3361</load_address>
         <run_address>0x3361</run_address>
         <size>0x7d</size>
         <input_file_ref idref="fl-d6"/>
      </object_component>
      <object_component id="oc-1f9">
         <name>.debug_line</name>
         <load_address>0x33de</load_address>
         <run_address>0x33de</run_address>
         <size>0x92</size>
         <input_file_ref idref="fl-d6"/>
      </object_component>
      <object_component id="oc-270">
         <name>.debug_line</name>
         <load_address>0x3470</load_address>
         <run_address>0x3470</run_address>
         <size>0x95</size>
         <input_file_ref idref="fl-d6"/>
      </object_component>
      <object_component id="oc-26a">
         <name>.debug_line</name>
         <load_address>0x3505</load_address>
         <run_address>0x3505</run_address>
         <size>0xd1</size>
         <input_file_ref idref="fl-d6"/>
      </object_component>
      <object_component id="oc-208">
         <name>.debug_line</name>
         <load_address>0x35d6</load_address>
         <run_address>0x35d6</run_address>
         <size>0x93</size>
         <input_file_ref idref="fl-d6"/>
      </object_component>
      <object_component id="oc-1f3">
         <name>.debug_line</name>
         <load_address>0x3669</load_address>
         <run_address>0x3669</run_address>
         <size>0x99</size>
         <input_file_ref idref="fl-d6"/>
      </object_component>
      <object_component id="oc-205">
         <name>.debug_line</name>
         <load_address>0x3702</load_address>
         <run_address>0x3702</run_address>
         <size>0xa7</size>
         <input_file_ref idref="fl-d6"/>
      </object_component>
      <object_component id="oc-260">
         <name>.debug_line</name>
         <load_address>0x37a9</load_address>
         <run_address>0x37a9</run_address>
         <size>0x69</size>
         <input_file_ref idref="fl-d6"/>
      </object_component>
      <object_component id="oc-2a9">
         <name>.debug_line</name>
         <load_address>0x3812</load_address>
         <run_address>0x3812</run_address>
         <size>0x82</size>
         <input_file_ref idref="fl-d8"/>
      </object_component>
      <object_component id="oc-21d">
         <name>.debug_line</name>
         <load_address>0x3894</load_address>
         <run_address>0x3894</run_address>
         <size>0x91</size>
         <input_file_ref idref="fl-d8"/>
      </object_component>
      <object_component id="oc-223">
         <name>.debug_line</name>
         <load_address>0x3925</load_address>
         <run_address>0x3925</run_address>
         <size>0x96</size>
         <input_file_ref idref="fl-d8"/>
      </object_component>
      <object_component id="oc-229">
         <name>.debug_line</name>
         <load_address>0x39bb</load_address>
         <run_address>0x39bb</run_address>
         <size>0x97</size>
         <input_file_ref idref="fl-d8"/>
      </object_component>
      <object_component id="oc-217">
         <name>.debug_line</name>
         <load_address>0x3a52</load_address>
         <run_address>0x3a52</run_address>
         <size>0xa3</size>
         <input_file_ref idref="fl-d8"/>
      </object_component>
      <object_component id="oc-29a">
         <name>.debug_line</name>
         <load_address>0x3af5</load_address>
         <run_address>0x3af5</run_address>
         <size>0x13d</size>
         <input_file_ref idref="fl-d9"/>
      </object_component>
      <object_component id="oc-2a7">
         <name>.debug_line</name>
         <load_address>0x3c32</load_address>
         <run_address>0x3c32</run_address>
         <size>0x7f</size>
         <input_file_ref idref="fl-d9"/>
      </object_component>
      <object_component id="oc-1ed">
         <name>.debug_line</name>
         <load_address>0x3cb1</load_address>
         <run_address>0x3cb1</run_address>
         <size>0x94</size>
         <input_file_ref idref="fl-d9"/>
      </object_component>
      <object_component id="oc-1e7">
         <name>.debug_line</name>
         <load_address>0x3d45</load_address>
         <run_address>0x3d45</run_address>
         <size>0x94</size>
         <input_file_ref idref="fl-d9"/>
      </object_component>
      <object_component id="oc-211">
         <name>.debug_line</name>
         <load_address>0x3dd9</load_address>
         <run_address>0x3dd9</run_address>
         <size>0x11a</size>
         <input_file_ref idref="fl-d9"/>
      </object_component>
      <object_component id="oc-29e">
         <name>.debug_line</name>
         <load_address>0x3ef3</load_address>
         <run_address>0x3ef3</run_address>
         <size>0x7f</size>
         <input_file_ref idref="fl-d9"/>
      </object_component>
      <object_component id="oc-130">
         <name>.debug_frame</name>
         <load_address>0x0</load_address>
         <run_address>0x0</run_address>
         <size>0x90</size>
         <input_file_ref idref="fl-2"/>
      </object_component>
      <object_component id="oc-1ab">
         <name>.debug_frame</name>
         <load_address>0x90</load_address>
         <run_address>0x90</run_address>
         <size>0x110</size>
         <input_file_ref idref="fl-3"/>
      </object_component>
      <object_component id="oc-db">
         <name>.debug_frame</name>
         <load_address>0x1a0</load_address>
         <run_address>0x1a0</run_address>
         <size>0xb8</size>
         <input_file_ref idref="fl-6"/>
      </object_component>
      <object_component id="oc-c4">
         <name>.debug_frame</name>
         <load_address>0x258</load_address>
         <run_address>0x258</run_address>
         <size>0x5c</size>
         <input_file_ref idref="fl-7"/>
      </object_component>
      <object_component id="oc-34">
         <name>.debug_frame</name>
         <load_address>0x2b4</load_address>
         <run_address>0x2b4</run_address>
         <size>0xec</size>
         <input_file_ref idref="fl-8"/>
      </object_component>
      <object_component id="oc-127">
         <name>.debug_frame</name>
         <load_address>0x3a0</load_address>
         <run_address>0x3a0</run_address>
         <size>0x328</size>
         <input_file_ref idref="fl-a"/>
      </object_component>
      <object_component id="oc-1b1">
         <name>.debug_frame</name>
         <load_address>0x6c8</load_address>
         <run_address>0x6c8</run_address>
         <size>0x98</size>
         <input_file_ref idref="fl-b"/>
      </object_component>
      <object_component id="oc-81">
         <name>.debug_frame</name>
         <load_address>0x760</load_address>
         <run_address>0x760</run_address>
         <size>0x5ec</size>
         <input_file_ref idref="fl-c"/>
      </object_component>
      <object_component id="oc-29">
         <name>.debug_frame</name>
         <load_address>0xd4c</load_address>
         <run_address>0xd4c</run_address>
         <size>0x90</size>
         <input_file_ref idref="fl-e"/>
      </object_component>
      <object_component id="oc-f0">
         <name>.debug_frame</name>
         <load_address>0xddc</load_address>
         <run_address>0xddc</run_address>
         <size>0x9c</size>
         <input_file_ref idref="fl-f"/>
      </object_component>
      <object_component id="oc-56">
         <name>.debug_frame</name>
         <load_address>0xe78</load_address>
         <run_address>0xe78</run_address>
         <size>0x54</size>
         <input_file_ref idref="fl-cc"/>
      </object_component>
      <object_component id="oc-1d">
         <name>.debug_frame</name>
         <load_address>0xecc</load_address>
         <run_address>0xecc</run_address>
         <size>0x54</size>
         <input_file_ref idref="fl-cd"/>
      </object_component>
      <object_component id="oc-17">
         <name>.debug_frame</name>
         <load_address>0xf20</load_address>
         <run_address>0xf20</run_address>
         <size>0x60</size>
         <input_file_ref idref="fl-ce"/>
      </object_component>
      <object_component id="oc-63">
         <name>.debug_frame</name>
         <load_address>0xf80</load_address>
         <run_address>0xf80</run_address>
         <size>0x58</size>
         <input_file_ref idref="fl-cf"/>
      </object_component>
      <object_component id="oc-137">
         <name>.debug_frame</name>
         <load_address>0xfd8</load_address>
         <run_address>0xfd8</run_address>
         <size>0x54</size>
         <input_file_ref idref="fl-d0"/>
      </object_component>
      <object_component id="oc-143">
         <name>.debug_frame</name>
         <load_address>0x102c</load_address>
         <run_address>0x102c</run_address>
         <size>0x5c</size>
         <input_file_ref idref="fl-d3"/>
      </object_component>
      <object_component id="oc-ba">
         <name>.debug_frame</name>
         <load_address>0x1088</load_address>
         <run_address>0x1088</run_address>
         <size>0x54</size>
         <input_file_ref idref="fl-d4"/>
      </object_component>
      <object_component id="oc-1fd">
         <name>.debug_frame</name>
         <load_address>0x10dc</load_address>
         <run_address>0x10dc</run_address>
         <size>0x7f</size>
         <input_file_ref idref="fl-d6"/>
      </object_component>
      <object_component id="oc-274">
         <name>.debug_frame</name>
         <load_address>0x115b</load_address>
         <run_address>0x115b</run_address>
         <size>0x7f</size>
         <input_file_ref idref="fl-d6"/>
      </object_component>
      <object_component id="oc-26e">
         <name>.debug_frame</name>
         <load_address>0x11da</load_address>
         <run_address>0x11da</run_address>
         <size>0x8f</size>
         <input_file_ref idref="fl-d6"/>
      </object_component>
      <object_component id="oc-20c">
         <name>.debug_frame</name>
         <load_address>0x1269</load_address>
         <run_address>0x1269</run_address>
         <size>0x86</size>
         <input_file_ref idref="fl-d6"/>
      </object_component>
      <object_component id="oc-1f7">
         <name>.debug_frame</name>
         <load_address>0x12ef</load_address>
         <run_address>0x12ef</run_address>
         <size>0x8a</size>
         <input_file_ref idref="fl-d6"/>
      </object_component>
      <object_component id="oc-206">
         <name>.debug_frame</name>
         <load_address>0x1379</load_address>
         <run_address>0x1379</run_address>
         <size>0x86</size>
         <input_file_ref idref="fl-d6"/>
      </object_component>
      <object_component id="oc-21e">
         <name>.debug_frame</name>
         <load_address>0x13ff</load_address>
         <run_address>0x13ff</run_address>
         <size>0x7f</size>
         <input_file_ref idref="fl-d8"/>
      </object_component>
      <object_component id="oc-224">
         <name>.debug_frame</name>
         <load_address>0x147e</load_address>
         <run_address>0x147e</run_address>
         <size>0x7f</size>
         <input_file_ref idref="fl-d8"/>
      </object_component>
      <object_component id="oc-22a">
         <name>.debug_frame</name>
         <load_address>0x14fd</load_address>
         <run_address>0x14fd</run_address>
         <size>0x83</size>
         <input_file_ref idref="fl-d8"/>
      </object_component>
      <object_component id="oc-218">
         <name>.debug_frame</name>
         <load_address>0x1580</load_address>
         <run_address>0x1580</run_address>
         <size>0x86</size>
         <input_file_ref idref="fl-d8"/>
      </object_component>
      <object_component id="oc-1f1">
         <name>.debug_frame</name>
         <load_address>0x1606</load_address>
         <run_address>0x1606</run_address>
         <size>0x7f</size>
         <input_file_ref idref="fl-d9"/>
      </object_component>
      <object_component id="oc-1eb">
         <name>.debug_frame</name>
         <load_address>0x1685</load_address>
         <run_address>0x1685</run_address>
         <size>0x7f</size>
         <input_file_ref idref="fl-d9"/>
      </object_component>
      <object_component id="oc-212">
         <name>.debug_frame</name>
         <load_address>0x1704</load_address>
         <run_address>0x1704</run_address>
         <size>0x8e</size>
         <input_file_ref idref="fl-d9"/>
      </object_component>
      <object_component id="oc-194">
         <name>.debug_abbrev</name>
         <load_address>0x0</load_address>
         <run_address>0x0</run_address>
         <size>0xfa</size>
         <input_file_ref idref="fl-2"/>
      </object_component>
      <object_component id="oc-22d">
         <name>.debug_abbrev</name>
         <load_address>0xfa</load_address>
         <run_address>0xfa</run_address>
         <size>0x29</size>
         <input_file_ref idref="fl-2"/>
      </object_component>
      <object_component id="oc-1b5">
         <name>.debug_abbrev</name>
         <load_address>0x123</load_address>
         <run_address>0x123</run_address>
         <size>0xa4</size>
         <input_file_ref idref="fl-2"/>
      </object_component>
      <object_component id="oc-fa">
         <name>.debug_abbrev</name>
         <load_address>0x1c7</load_address>
[...]
         <object_component_ref idref="oc-bf"/>
      </symbol>
      <symbol id="sm-132">
         <name>ulMaxSyscallInterruptPriority</name>
         <value>0x35a8</value>
         <object_component_ref idref="oc-79"/>
      </symbol>
      <symbol id="sm-133">
         <name>vPortSetupTimerInterrupt</name>
         <value>0x2ca3</value>
         <object_component_ref idref="oc-2f"/>
      </symbol>
      <symbol id="sm-134">
         <name>vPortEndScheduler</name>
         <value>0x2c45</value>
         <object_component_ref idref="oc-2f"/>
      </symbol>
      <symbol id="sm-135">
         <name>xPortSysTickHandler</name>
         <value>0x2c7d</value>
         <object_component_ref idref="oc-2f"/>
      </symbol>
      <symbol id="sm-136">
         <name>pxPortInitialiseStack</name>
         <value>0x2ba9</value>
         <object_component_ref idref="oc-2f"/>
      </symbol>
      <symbol id="sm-137">
         <name>vPortExitCritical</name>
         <value>0x2c67</value>
         <object_component_ref idref="oc-2f"/>
      </symbol>
      <symbol id="sm-138">
         <name>xPortStartScheduler</name>
         <value>0x2c0f</value>
         <object_component_ref idref="oc-2f"/>
      </symbol>
      <symbol id="sm-139">
         <name>vPortEnterCritical</name>
         <value>0x2c47</value>
         <object_component_ref idref="oc-2f"/>
      </symbol>
      <symbol id="sm-148">
         <name>vPortStartFirstTask</name>
         <value>0x2f9d</value>
         <object_component_ref idref="oc-2a"/>
      </symbol>
      <symbol id="sm-149">
         <name>ulPortGetIPSR</name>
         <value>0x2f05</value>
         <object_component_ref idref="oc-2a"/>
      </symbol>
      <symbol id="sm-14a">
         <name>vPortEnableVFP</name>
         <value>0x2fb9</value>
         <object_component_ref idref="oc-2a"/>
      </symbol>
      <symbol id="sm-14b">
         <name>xPortPendSVHandler</name>
         <value>0x2f1d</value>
         <object_component_ref idref="oc-2a"/>
      </symbol>
      <symbol id="sm-14c">
         <name>vPortSVCHandler</name>
         <value>0x2f7d</value>
         <object_component_ref idref="oc-2a"/>
      </symbol>
      <symbol id="sm-1e0">
         <name>xQueueRegistry</name>
         <value>0x20007670</value>
      </symbol>
      <symbol id="sm-1e1">
         <name>xQueuePeekFromISR</name>
         <value>0x1fcf</value>
         <object_component_ref idref="oc-122"/>
      </symbol>
      <symbol id="sm-1e2">
         <name>xQueueIsQueueEmptyFromISR</name>
         <value>0x224f</value>
         <object_component_ref idref="oc-122"/>
      </symbol>
      <symbol id="sm-1e3">
         <name>xQueueGenericSendFromISR</name>
         <value>0x1cd7</value>
         <object_component_ref idref="oc-122"/>
      </symbol>
      <symbol id="sm-1e4">
         <name>uxQueueMessagesWaiting</name>
         <value>0x2021</value>
         <object_component_ref idref="oc-122"/>
      </symbol>
      <symbol id="sm-1e5">
         <name>vQueueAddToRegistry</name>
         <value>0x22b3</value>
         <object_component_ref idref="oc-122"/>
      </symbol>
      <symbol id="sm-1e6">
         <name>xQueueIsQueueFullFromISR</name>
         <value>0x2291</value>
         <object_component_ref idref="oc-122"/>
      </symbol>
      <symbol id="sm-1e7">
         <name>xQueueGenericCreate</name>
         <value>0x1a45</value>
         <object_component_ref idref="oc-122"/>
      </symbol>
      <symbol id="sm-1e8">
         <name>xQueueCreateMutex</name>
         <value>0x1ab5</value>
         <object_component_ref idref="oc-122"/>
      </symbol>
      <symbol id="sm-1e9">
         <name>vQueueSetQueueNumber</name>
         <value>0x208d</value>
         <object_component_ref idref="oc-122"/>
      </symbol>
      <symbol id="sm-1ea">
         <name>xQueueGenericSend</name>
         <value>0x1bb1</value>
         <object_component_ref idref="oc-122"/>
      </symbol>
      <symbol id="sm-1eb">
         <name>xQueueGenericReset</name>
         <value>0x19a9</value>
         <object_component_ref idref="oc-122"/>
      </symbol>
      <symbol id="sm-1ec">
         <name>xQueueReceiveFromISR</name>
         <value>0x1f49</value>
         <object_component_ref idref="oc-122"/>
      </symbol>
      <symbol id="sm-1ed">
         <name>uxQueueSpacesAvailable</name>
         <value>0x2037</value>
         <object_component_ref idref="oc-122"/>
      </symbol>
      <symbol id="sm-1ee">
         <name>xQueueGiveMutexRecursive</name>
         <value>0x1b2b</value>
         <object_component_ref idref="oc-122"/>
      </symbol>
      <symbol id="sm-1ef">
         <name>vQueueUnregisterQueue</name>
         <value>0x22f5</value>
         <object_component_ref idref="oc-122"/>
      </symbol>
      <symbol id="sm-1f0">
         <name>xQueueGiveFromISR</name>
         <value>0x1d63</value>
         <object_component_ref idref="oc-122"/>
      </symbol>
      <symbol id="sm-1f1">
         <name>uxQueueMessagesWaitingFromISR</name>
         <value>0x2057</value>
         <object_component_ref idref="oc-122"/>
      </symbol>
      <symbol id="sm-1f2">
         <name>uxQueueGetQueueNumber</name>
         <value>0x207f</value>
         <object_component_ref idref="oc-122"/>
      </symbol>
      <symbol id="sm-1f3">
         <name>xQueueGenericReceive</name>
         <value>0x1de3</value>
         <object_component_ref idref="oc-122"/>
      </symbol>
      <symbol id="sm-1f4">
         <name>xQueueTakeMutexRecursive</name>
         <value>0x1b67</value>
         <object_component_ref idref="oc-122"/>
      </symbol>
      <symbol id="sm-1f5">
         <name>vQueueDelete</name>
         <value>0x2069</value>
         <object_component_ref idref="oc-122"/>
      </symbol>
      <symbol id="sm-1f6">
         <name>ucQueueGetQueueType</name>
         <value>0x209f</value>
         <object_component_ref idref="oc-122"/>
      </symbol>
      <symbol id="sm-216">
         <name>SPI_Recieve</name>
         <value>0x2d9f</value>
         <object_component_ref idref="oc-1ac"/>
      </symbol>
      <symbol id="sm-217">
         <name>SPI_Transmit</name>
         <value>0x2d89</value>
         <object_component_ref idref="oc-1ac"/>
      </symbol>
      <symbol id="sm-218">
         <name>SPI_Init</name>
         <value>0x2cd1</value>
         <object_component_ref idref="oc-1ac"/>
      </symbol>
      <symbol id="sm-3d2">
         <name>vTaskDelay</name>
         <value>0x4cb</value>
         <object_component_ref idref="oc-7c"/>
      </symbol>
      <symbol id="sm-3d3">
         <name>vTaskSuspendAll</name>
         <value>0x93d</value>
         <object_component_ref idref="oc-7c"/>
      </symbol>
      <symbol id="sm-3d4">
         <name>vTaskPriorityInherit</name>
         <value>0x1375</value>
         <object_component_ref idref="oc-7c"/>
      </symbol>
      <symbol id="sm-3d5">
         <name>vTaskPlaceOnEventList</name>
         <value>0xcc5</value>
         <object_component_ref idref="oc-7c"/>
      </symbol>
      <symbol id="sm-3d6">
         <name>vTaskSetTaskNumber</name>
         <value>0xf5d</value>
         <object_component_ref idref="oc-7c"/>
      </symbol>
      <symbol id="sm-3d7">
         <name>uxTaskPriorityGetFromISR</name>
         <value>0x559</value>
         <object_component_ref idref="oc-7c"/>
      </symbol>
      <symbol id="sm-3d8">
         <name>ulTaskNotifyTake</name>
         <value>0x1507</value>
         <object_component_ref idref="oc-7c"/>
      </symbol>
      <symbol id="sm-3d9">
         <name>xTaskCheckForTimeOut</name>
         <value>0xead</value>
         <object_component_ref idref="oc-7c"/>
      </symbol>
      <symbol id="sm-3da">
         <name>xTaskRemoveFromUnorderedEventList</name>
         <value>0xe21</value>
         <object_component_ref idref="oc-7c"/>
      </symbol>
      <symbol id="sm-3db">
         <name>vTaskPrioritySet</name>
         <value>0x5ad</value>
         <object_component_ref idref="oc-7c"/>
      </symbol>
      <symbol id="sm-3dc">
         <name>xTaskPriorityDisinherit</name>
         <value>0x142f</value>
         <object_component_ref idref="oc-7c"/>
      </symbol>
      <symbol id="sm-3dd">
         <name>vTaskStartScheduler</name>
         <value>0x8c9</value>
         <object_component_ref idref="oc-7c"/>
      </symbol>
      <symbol id="sm-3de">
         <name>xTaskNotifyStateClear</name>
         <value>0x1957</value>
         <object_component_ref idref="oc-7c"/>
      </symbol>
      <symbol id="sm-3df">
         <name>pvTaskIncrementMutexHeldCount</name>
         <value>0x14ef</value>
         <object_component_ref idref="oc-7c"/>
      </symbol>
      <symbol id="sm-3e0">
         <name>uxTaskGetStackHighWaterMark</name>
         <value>0x12c9</value>
         <object_component_ref idref="oc-7c"/>
      </symbol>
      <symbol id="sm-3e1">
         <name>xTaskGenericNotify</name>
         <value>0x16b7</value>
         <object_component_ref idref="oc-7c"/>
      </symbol>
      <symbol id="sm-3e2">
         <name>vTaskDelayUntil</name>
         <value>0x423</value>
         <object_component_ref idref="oc-7c"/>
      </symbol>
      <symbol id="sm-3e3">
         <name>uxTaskGetTaskNumber</name>
         <value>0xf3d</value>
         <object_component_ref idref="oc-7c"/>
      </symbol>
      <symbol id="sm-3e4">
         <name>vTaskEndScheduler</name>
         <value>0x921</value>
         <object_component_ref idref="oc-7c"/>
      </symbol>
      <symbol id="sm-3e5">
         <name>xTaskNotifyWait</name>
         <value>0x15cd</value>
         <object_component_ref idref="oc-7c"/>
      </symbol>
      <symbol id="sm-3e6">
         <name>vTaskMissedYield</name>
         <value>0xf27</value>
         <object_component_ref idref="oc-7c"/>
      </symbol>
      <symbol id="sm-3e7">
         <name>uxTaskGetNumberOfTasks</name>
         <value>0xa55</value>
         <object_component_ref idref="oc-7c"/>
      </symbol>
      <symbol id="sm-3e8">
         <name>xTaskGenericNotifyFromISR</name>
         <value>0x17a9</value>
         <object_component_ref idref="oc-7c"/>
      </symbol>
      <symbol id="sm-3e9">
         <name>uxTaskPriorityGet</name>
         <value>0x527</value>
         <object_component_ref idref="oc-7c"/>
      </symbol>
      <symbol id="sm-3ea">
         <name>xTaskResumeAll</name>
         <value>0x955</value>
         <object_component_ref idref="oc-7c"/>
      </symbol>
      <symbol id="sm-3eb">
         <name>xTaskGetTickCount</name>
         <value>0xa2b</value>
         <object_component_ref idref="oc-7c"/>
      </symbol>
      <symbol id="sm-3ec">
         <name>xTaskGenericCreate</name>
         <value>0x26d</value>
         <object_component_ref idref="oc-7c"/>
      </symbol>
      <symbol id="sm-3ed">
         <name>uxTaskGetSystemState</name>
         <value>0xa61</value>
         <object_component_ref idref="oc-7c"/>
      </symbol>
      <symbol id="sm-3ee">
         <name>vTaskDelete</name>
         <value>0x387</value>
         <object_component_ref idref="oc-7c"/>
      </symbol>
      <symbol id="sm-3ef">
         <name>pxCurrentTCB</name>
         <value>0x20007930</value>
         <object_component_ref idref="oc-76"/>
      </symbol>
      <symbol id="sm-3f0">
         <name>vTaskNotifyGiveFromISR</name>
         <value>0x18b1</value>
         <object_component_ref idref="oc-7c"/>
      </symbol>
      <symbol id="sm-3f1">
         <name>vTaskSuspend</name>
         <value>0x6c1</value>
         <object_component_ref idref="oc-7c"/>
      </symbol>
      <symbol id="sm-3f2">
         <name>xTaskGetTickCountFromISR</name>
         <value>0xa41</value>
         <object_component_ref idref="oc-7c"/>
      </symbol>
      <symbol id="sm-3f3">
         <name>vTaskResume</name>
         <value>0x7b5</value>
         <object_component_ref idref="oc-7c"/>
      </symbol>
      <symbol id="sm-3f4">
         <name>vTaskSetTimeOutState</name>
         <value>0xe8f</value>
         <object_component_ref idref="oc-7c"/>
      </symbol>
      <symbol id="sm-3f5">
         <name>xTaskIncrementTick</name>
         <value>0xb35</value>
         <object_component_ref idref="oc-7c"/>
      </symbol>
      <symbol id="sm-3f6">
         <name>vTaskSwitchContext</name>
         <value>0xc59</value>
         <object_component_ref idref="oc-7c"/>
      </symbol>
      <symbol id="sm-3f7">
         <name>uxTaskResetEventItemValue</name>
         <value>0x14cd</value>
         <object_component_ref idref="oc-7c"/>
      </symbol>
      <symbol id="sm-3f8">
         <name>xTaskResumeFromISR</name>
         <value>0x837</value>
         <object_component_ref idref="oc-7c"/>
      </symbol>
      <symbol id="sm-3f9">
         <name>xTaskGetCurrentTaskHandle</name>
         <value>0x1357</value>
         <object_component_ref idref="oc-7c"/>
      </symbol>
      <symbol id="sm-3fa">
         <name>vTaskPlaceOnUnorderedEventList</name>
         <value>0xd25</value>
         <object_component_ref idref="oc-7c"/>
      </symbol>
      <symbol id="sm-3fb">
         <name>xTaskRemoveFromEventList</name>
         <value>0xd99</value>
         <object_component_ref idref="oc-7c"/>
      </symbol>
      <symbol id="sm-418">
         <name>ResetISR</name>
         <value>0x3483</value>
         <object_component_ref idref="oc-24"/>
      </symbol>
      <symbol id="sm-419">
         <name>g_pfnVectors</name>
         <value>0x0</value>
         <object_component_ref idref="oc-f"/>
      </symbol>
      <symbol id="sm-43f">
         <name>vPortInitialiseBlocks</name>
         <value>0x30e7</value>
         <object_component_ref idref="oc-eb"/>
      </symbol>
      <symbol id="sm-440">
         <name>xPortGetFreeHeapSize</name>
         <value>0x30ef</value>
         <object_component_ref idref="oc-eb"/>
      </symbol>
      <symbol id="sm-441">
         <name>pvPortMalloc</name>
         <value>0x306d</value>
         <object_component_ref idref="oc-eb"/>
      </symbol>
      <symbol id="sm-442">
         <name>vPortFree</name>
         <value>0x30dd</value>
         <object_component_ref idref="oc-eb"/>
      </symbol>
      <symbol id="sm-45d">
         <name>memcpy</name>
         <value>0x3109</value>
         <object_component_ref idref="oc-43"/>
      </symbol>
      <symbol id="sm-45e">
         <name>__aeabi_memcpy</name>
         <value>0x3109</value>
         <object_component_ref idref="oc-43"/>
      </symbol>
      <symbol id="sm-45f">
         <name>__aeabi_memcpy8</name>
         <value>0x3109</value>
         <object_component_ref idref="oc-43"/>
      </symbol>
      <symbol id="sm-460">
         <name>__aeabi_memcpy4</name>
         <value>0x3109</value>
         <object_component_ref idref="oc-43"/>
      </symbol>
      <symbol id="sm-46f">
         <name>__aeabi_memset</name>
         <value>0x31a7</value>
         <object_component_ref idref="oc-b3"/>
      </symbol>
      <symbol id="sm-470">
         <name>memset</name>
         <value>0x31ad</value>
         <object_component_ref idref="oc-b3"/>
      </symbol>
      <symbol id="sm-471">
         <name>__aeabi_memset8</name>
         <value>0x31a7</value>
         <object_component_ref idref="oc-b3"/>
      </symbol>
      <symbol id="sm-472">
         <name>__aeabi_memset4</name>
         <value>0x31a7</value>
         <object_component_ref idref="oc-b3"/>
      </symbol>
      <symbol id="sm-473">
         <name>__aeabi_memclr8</name>
         <value>0x31a5</value>
         <object_component_ref idref="oc-b3"/>
      </symbol>
      <symbol id="sm-474">
         <name>__aeabi_memclr4</name>
         <value>0x31a5</value>
         <object_component_ref idref="oc-b3"/>
      </symbol>
      <symbol id="sm-475">
         <name>__aeabi_memclr</name>
         <value>0x31a5</value>
         <object_component_ref idref="oc-b3"/>
      </symbol>
      <symbol id="sm-48c">
         <name>__TI_zero_init</name>
         <value>0x3477</value>
         <object_component_ref idref="oc-55"/>
      </symbol>
      <symbol id="sm-4a3">
         <name>__TI_decompress_none</name>
         <value>0x3469</value>
         <object_component_ref idref="oc-18"/>
      </symbol>
      <symbol id="sm-4c6">
         <name>__TI_decompress_lzss</name>
         <value>0x321f</value>
         <object_component_ref idref="oc-12"/>
      </symbol>
      <symbol id="sm-4d9">
         <name>__stack</name>
         <value>0x20007730</value>
         <object_component_ref idref="oc-21"/>
      </symbol>
      <symbol id="sm-4da">
         <name>_c_int00_noargs</name>
         <value>0x3389</value>
         <object_component_ref idref="oc-61"/>
      </symbol>
      <symbol id="sm-4e5">
         <name>C$$EXIT</name>
         <value>0x34a9</value>
         <object_component_ref idref="oc-132"/>
      </symbol>
      <symbol id="sm-4e6">
         <name>abort</name>
         <value>0x34a9</value>
         <object_component_ref idref="oc-132"/>
      </symbol>
      <symbol id="sm-510">
         <name>__TI_auto_init_nobinit_nopinit</name>
         <value>0x32d1</value>
         <object_component_ref idref="oc-13e"/>
      </symbol>
      <symbol id="sm-51a">
         <name>_system_pre_init</name>
         <value>0x34a5</value>
         <object_component_ref idref="oc-b9"/>
      </symbol>
      <symbol id="sm-562">
         <name>GPIOPinConfigure</name>
         <value>0x3289</value>
         <object_component_ref idref="oc-201"/>
      </symbol>
      <symbol id="sm-563">
         <name>GPIOPinTypeGPIOOutput</name>
         <value>0x341f</value>
         <object_component_ref idref="oc-1f2"/>
      </symbol>
      <symbol id="sm-564">
         <name>GPIODirModeSet</name>
         <value>0x33f5</value>
         <object_component_ref idref="oc-26f"/>
      </symbol>
      <symbol id="sm-565">
         <name>GPIOPinWrite</name>
         <value>0x3499</value>
         <object_component_ref idref="oc-1f8"/>
      </symbol>
      <symbol id="sm-566">
         <name>GPIOPadConfigSet</name>
         <value>0x294d</value>
         <object_component_ref idref="oc-269"/>
      </symbol>
      <symbol id="sm-567">
         <name>GPIOPinTypeSSI</name>
         <value>0x3437</value>
         <object_component_ref idref="oc-207"/>
      </symbol>
      <symbol id="sm-58f">
         <name>SSIDataGetNonBlocking</name>
         <value>0x3449</value>
         <object_component_ref idref="oc-225"/>
      </symbol>
      <symbol id="sm-590">
         <name>SSIDataPutNonBlocking</name>
         <value>0x345b</value>
         <object_component_ref idref="oc-21f"/>
      </symbol>
      <symbol id="sm-591">
         <name>SSIConfigSetExpClk</name>
         <value>0x3315</value>
         <object_component_ref idref="oc-213"/>
      </symbol>
      <symbol id="sm-592">
         <name>SSIEnable</name>
         <value>0x348f</value>
         <object_component_ref idref="oc-219"/>
      </symbol>
      <symbol id="sm-5d9">
         <name>SysCtlDelay</name>
         <value>0x349f</value>
         <object_component_ref idref="oc-1fe"/>
      </symbol>
      <symbol id="sm-5da">
         <name>SysCtlPeripheralEnable</name>
         <value>0x33c1</value>
         <object_component_ref idref="oc-1e6"/>
      </symbol>
      <symbol id="sm-5db">
         <name>SysCtlClockGet</name>
         <value>0x2de5</value>
         <object_component_ref idref="oc-20d"/>
      </symbol>
      <symbol id="sm-5dc">
         <name>SysCtlPeripheralReady</name>
         <value>0x3351</value>
         <object_component_ref idref="oc-1ec"/>
      </symbol>
      <symbol id="sm-5de">
         <name>__TI_static_base__</name>
         <value>0x0</value>
      </symbol>
      <symbol id="sm-5e1">
         <name>__mpu_init</name>
         <value>0x0</value>
      </symbol>
      <symbol id="sm-5e2">
         <name>_system_post_cinit</name>
         <value>0x0</value>
      </symbol>
   </symbol_table>
   <title>Link successful</title>
</link_info>
